2025-03-03 14:56:04,359 - Initialized VM 1 with clock rate 4 ticks/second
2025-03-03 14:56:04,359 - Server started on 127.0.0.1:5001
2025-03-03 14:56:05,361 - Connected to VM 0
2025-03-03 14:56:05,362 - Connected to VM 2
2025-03-03 14:56:05,614 - SENT: Message to VM 2 at logical time 1
2025-03-03 14:56:05,614 - RECEIVED: Message from VM 2 with logical time 1 | Added to queue (now size: 1)
2025-03-03 14:56:05,865 - PROCESSED: Message from VM 2 | Remaining queue size: 0 | Updated logical clock: 2
2025-03-03 14:56:05,865 - RECEIVED: Message from VM 0 with logical time 2 | Added to queue (now size: 1)
2025-03-03 14:56:06,116 - PROCESSED: Message from VM 0 | Remaining queue size: 0 | Updated logical clock: 3
2025-03-03 14:56:06,116 - RECEIVED: Message from VM 0 with logical time 3 | Added to queue (now size: 1)
2025-03-03 14:56:06,367 - PROCESSED: Message from VM 0 | Remaining queue size: 0 | Updated logical clock: 4
2025-03-03 14:56:06,618 - INTERNAL EVENT: Logical clock: 5
2025-03-03 14:56:06,618 - RECEIVED: Message from VM 0 with logical time 5 | Added to queue (now size: 1)
2025-03-03 14:56:06,869 - PROCESSED: Message from VM 0 | Remaining queue size: 0 | Updated logical clock: 6
2025-03-03 14:56:06,870 - RECEIVED: Message from VM 0 with logical time 6 | Added to queue (now size: 1)
2025-03-03 14:56:07,121 - PROCESSED: Message from VM 0 | Remaining queue size: 0 | Updated logical clock: 7
2025-03-03 14:56:07,121 - RECEIVED: Message from VM 0 with logical time 7 | Added to queue (now size: 1)
2025-03-03 14:56:07,372 - PROCESSED: Message from VM 0 | Remaining queue size: 0 | Updated logical clock: 8
2025-03-03 14:56:07,372 - RECEIVED: Message from VM 2 with logical time 8 | Added to queue (now size: 1)
2025-03-03 14:56:07,623 - PROCESSED: Message from VM 2 | Remaining queue size: 0 | Updated logical clock: 9
2025-03-03 14:56:07,875 - INTERNAL EVENT: Logical clock: 10
2025-03-03 14:56:07,875 - RECEIVED: Message from VM 0 with logical time 10 | Added to queue (now size: 1)
2025-03-03 14:56:08,126 - PROCESSED: Message from VM 0 | Remaining queue size: 0 | Updated logical clock: 11
2025-03-03 14:56:08,377 - INTERNAL EVENT: Logical clock: 12
2025-03-03 14:56:08,628 - SENT: Message to VM 0 at logical time 13
2025-03-03 14:56:08,628 - SENT: Message to VM 2 at logical time 13
2025-03-03 14:56:08,880 - SENT: Message to VM 0 at logical time 14
2025-03-03 14:56:08,880 - SENT: Message to VM 2 at logical time 14
2025-03-03 14:56:09,131 - INTERNAL EVENT: Logical clock: 15
2025-03-03 14:56:09,382 - SENT: Message to VM 0 at logical time 16
2025-03-03 14:56:09,383 - RECEIVED: Message from VM 2 with logical time 16 | Added to queue (now size: 1)
2025-03-03 14:56:09,633 - PROCESSED: Message from VM 2 | Remaining queue size: 0 | Updated logical clock: 17
2025-03-03 14:56:09,884 - SENT: Message to VM 2 at logical time 18
2025-03-03 14:56:10,135 - INTERNAL EVENT: Logical clock: 19
2025-03-03 14:56:10,387 - SENT: Message to VM 0 at logical time 20
2025-03-03 14:56:10,387 - SENT: Message to VM 2 at logical time 20
2025-03-03 14:56:10,387 - RECEIVED: Message from VM 2 with logical time 20 | Added to queue (now size: 1)
2025-03-03 14:56:10,638 - PROCESSED: Message from VM 2 | Remaining queue size: 0 | Updated logical clock: 21
2025-03-03 14:56:10,889 - SENT: Message to VM 2 at logical time 22
2025-03-03 14:56:11,139 - SENT: Message to VM 0 at logical time 23
2025-03-03 14:56:11,391 - INTERNAL EVENT: Logical clock: 24
2025-03-03 14:56:11,642 - INTERNAL EVENT: Logical clock: 25
2025-03-03 14:56:11,893 - SENT: Message to VM 0 at logical time 26
2025-03-03 14:56:11,893 - RECEIVED: Message from VM 0 with logical time 26 | Added to queue (now size: 1)
2025-03-03 14:56:12,144 - PROCESSED: Message from VM 0 | Remaining queue size: 0 | Updated logical clock: 27
2025-03-03 14:56:12,396 - INTERNAL EVENT: Logical clock: 28
2025-03-03 14:56:12,647 - SENT: Message to VM 0 at logical time 29
2025-03-03 14:56:12,898 - SENT: Message to VM 0 at logical time 30
2025-03-03 14:56:12,899 - SENT: Message to VM 2 at logical time 30
2025-03-03 14:56:12,899 - RECEIVED: Message from VM 2 with logical time 30 | Added to queue (now size: 1)
2025-03-03 14:56:13,150 - PROCESSED: Message from VM 2 | Remaining queue size: 0 | Updated logical clock: 31
2025-03-03 14:56:13,401 - SENT: Message to VM 0 at logical time 32
2025-03-03 14:56:13,401 - SENT: Message to VM 2 at logical time 32
2025-03-03 14:56:13,652 - INTERNAL EVENT: Logical clock: 33
2025-03-03 14:56:13,903 - INTERNAL EVENT: Logical clock: 34
2025-03-03 14:56:13,903 - RECEIVED: Message from VM 0 with logical time 34 | Added to queue (now size: 1)
2025-03-03 14:56:13,903 - RECEIVED: Message from VM 2 with logical time 34 | Added to queue (now size: 2)
2025-03-03 14:56:14,154 - PROCESSED: Message from VM 0 | Remaining queue size: 1 | Updated logical clock: 35
2025-03-03 14:56:14,154 - RECEIVED: Message from VM 2 with logical time 35 | Added to queue (now size: 2)
2025-03-03 14:56:14,406 - PROCESSED: Message from VM 2 | Remaining queue size: 1 | Updated logical clock: 36
2025-03-03 14:56:14,406 - RECEIVED: Message from VM 0 with logical time 36 | Added to queue (now size: 2)
2025-03-03 14:56:14,657 - PROCESSED: Message from VM 2 | Remaining queue size: 1 | Updated logical clock: 37
2025-03-03 14:56:14,657 - RECEIVED: Message from VM 0 with logical time 37 | Added to queue (now size: 2)
2025-03-03 14:56:14,908 - PROCESSED: Message from VM 0 | Remaining queue size: 1 | Updated logical clock: 38
2025-03-03 14:56:15,159 - PROCESSED: Message from VM 0 | Remaining queue size: 0 | Updated logical clock: 39
2025-03-03 14:56:15,410 - SENT: Message to VM 0 at logical time 40
2025-03-03 14:56:15,661 - SENT: Message to VM 0 at logical time 41
2025-03-03 14:56:15,661 - SENT: Message to VM 2 at logical time 41
2025-03-03 14:56:15,913 - SENT: Message to VM 2 at logical time 42
2025-03-03 14:56:16,164 - SENT: Message to VM 0 at logical time 43
2025-03-03 14:56:16,415 - SENT: Message to VM 0 at logical time 44
2025-03-03 14:56:16,666 - SENT: Message to VM 0 at logical time 45
2025-03-03 14:56:16,666 - SENT: Message to VM 2 at logical time 45
2025-03-03 14:56:16,917 - INTERNAL EVENT: Logical clock: 46
2025-03-03 14:56:17,169 - SENT: Message to VM 0 at logical time 47
2025-03-03 14:56:17,169 - SENT: Message to VM 2 at logical time 47
2025-03-03 14:56:17,420 - INTERNAL EVENT: Logical clock: 48
2025-03-03 14:56:17,671 - SENT: Message to VM 0 at logical time 49
2025-03-03 14:56:17,671 - SENT: Message to VM 2 at logical time 49
2025-03-03 14:56:17,671 - RECEIVED: Message from VM 2 with logical time 49 | Added to queue (now size: 1)
2025-03-03 14:56:17,922 - PROCESSED: Message from VM 2 | Remaining queue size: 0 | Updated logical clock: 50
2025-03-03 14:56:18,173 - INTERNAL EVENT: Logical clock: 51
2025-03-03 14:56:18,425 - INTERNAL EVENT: Logical clock: 52
2025-03-03 14:56:18,675 - SENT: Message to VM 0 at logical time 53
2025-03-03 14:56:18,926 - SENT: Message to VM 0 at logical time 54
2025-03-03 14:56:18,926 - SENT: Message to VM 2 at logical time 54
2025-03-03 14:56:19,177 - SENT: Message to VM 0 at logical time 55
2025-03-03 14:56:19,177 - SENT: Message to VM 2 at logical time 55
2025-03-03 14:56:19,428 - SENT: Message to VM 2 at logical time 56
2025-03-03 14:56:19,680 - INTERNAL EVENT: Logical clock: 57
2025-03-03 14:56:19,931 - SENT: Message to VM 2 at logical time 58
2025-03-03 14:56:20,182 - SENT: Message to VM 0 at logical time 59
2025-03-03 14:56:20,433 - SENT: Message to VM 2 at logical time 60
2025-03-03 14:56:20,685 - SENT: Message to VM 0 at logical time 61
2025-03-03 14:56:20,685 - SENT: Message to VM 2 at logical time 61
2025-03-03 14:56:20,936 - INTERNAL EVENT: Logical clock: 62
2025-03-03 14:56:21,187 - SENT: Message to VM 2 at logical time 63
2025-03-03 14:56:21,187 - RECEIVED: Message from VM 0 with logical time 63 | Added to queue (now size: 1)
2025-03-03 14:56:21,188 - RECEIVED: Message from VM 2 with logical time 63 | Added to queue (now size: 2)
2025-03-03 14:56:21,438 - PROCESSED: Message from VM 0 | Remaining queue size: 1 | Updated logical clock: 64
2025-03-03 14:56:21,690 - PROCESSED: Message from VM 2 | Remaining queue size: 0 | Updated logical clock: 65
2025-03-03 14:56:21,690 - RECEIVED: Message from VM 0 with logical time 65 | Added to queue (now size: 1)
2025-03-03 14:56:21,941 - PROCESSED: Message from VM 0 | Remaining queue size: 0 | Updated logical clock: 66
2025-03-03 14:56:22,192 - SENT: Message to VM 0 at logical time 67
2025-03-03 14:56:22,192 - SENT: Message to VM 2 at logical time 67
2025-03-03 14:56:22,443 - SENT: Message to VM 2 at logical time 68
2025-03-03 14:56:22,694 - SENT: Message to VM 0 at logical time 69
2025-03-03 14:56:22,694 - SENT: Message to VM 2 at logical time 69
2025-03-03 14:56:22,945 - SENT: Message to VM 2 at logical time 70
2025-03-03 14:56:23,197 - SENT: Message to VM 0 at logical time 71
2025-03-03 14:56:23,197 - SENT: Message to VM 2 at logical time 71
2025-03-03 14:56:23,197 - RECEIVED: Message from VM 0 with logical time 71 | Added to queue (now size: 1)
2025-03-03 14:56:23,448 - PROCESSED: Message from VM 0 | Remaining queue size: 0 | Updated logical clock: 72
2025-03-03 14:56:23,699 - SENT: Message to VM 2 at logical time 73
2025-03-03 14:56:23,950 - INTERNAL EVENT: Logical clock: 74
2025-03-03 14:56:24,202 - INTERNAL EVENT: Logical clock: 75
2025-03-03 14:56:24,453 - INTERNAL EVENT: Logical clock: 76
2025-03-03 14:56:24,704 - SENT: Message to VM 0 at logical time 77
2025-03-03 14:56:24,705 - RECEIVED: Message from VM 0 with logical time 77 | Added to queue (now size: 1)
2025-03-03 14:56:24,955 - PROCESSED: Message from VM 0 | Remaining queue size: 0 | Updated logical clock: 78
2025-03-03 14:56:24,956 - RECEIVED: Message from VM 2 with logical time 78 | Added to queue (now size: 1)
2025-03-03 14:56:25,207 - PROCESSED: Message from VM 2 | Remaining queue size: 0 | Updated logical clock: 79
2025-03-03 14:56:25,207 - RECEIVED: Message from VM 2 with logical time 79 | Added to queue (now size: 1)
2025-03-03 14:56:25,457 - PROCESSED: Message from VM 2 | Remaining queue size: 0 | Updated logical clock: 80
2025-03-03 14:56:25,458 - RECEIVED: Message from VM 2 with logical time 80 | Added to queue (now size: 1)
2025-03-03 14:56:25,708 - PROCESSED: Message from VM 2 | Remaining queue size: 0 | Updated logical clock: 81
2025-03-03 14:56:25,959 - SENT: Message to VM 2 at logical time 82
2025-03-03 14:56:26,210 - INTERNAL EVENT: Logical clock: 83
2025-03-03 14:56:26,461 - SENT: Message to VM 0 at logical time 84
2025-03-03 14:56:26,462 - SENT: Message to VM 2 at logical time 84
2025-03-03 14:56:26,462 - RECEIVED: Message from VM 0 with logical time 84 | Added to queue (now size: 1)
2025-03-03 14:56:26,713 - PROCESSED: Message from VM 0 | Remaining queue size: 0 | Updated logical clock: 85
2025-03-03 14:56:26,964 - SENT: Message to VM 0 at logical time 86
2025-03-03 14:56:26,964 - SENT: Message to VM 2 at logical time 86
2025-03-03 14:56:27,215 - INTERNAL EVENT: Logical clock: 87
2025-03-03 14:56:27,466 - SENT: Message to VM 0 at logical time 88
2025-03-03 14:56:27,466 - SENT: Message to VM 2 at logical time 88
2025-03-03 14:56:27,718 - SENT: Message to VM 0 at logical time 89
2025-03-03 14:56:27,969 - INTERNAL EVENT: Logical clock: 90
2025-03-03 14:56:28,220 - INTERNAL EVENT: Logical clock: 91
2025-03-03 14:56:28,221 - RECEIVED: Message from VM 0 with logical time 91 | Added to queue (now size: 1)
2025-03-03 14:56:28,221 - RECEIVED: Message from VM 2 with logical time 91 | Added to queue (now size: 2)
2025-03-03 14:56:28,472 - PROCESSED: Message from VM 0 | Remaining queue size: 1 | Updated logical clock: 92
2025-03-03 14:56:28,723 - PROCESSED: Message from VM 2 | Remaining queue size: 0 | Updated logical clock: 93
2025-03-03 14:56:28,974 - SENT: Message to VM 0 at logical time 94
2025-03-03 14:56:28,974 - SENT: Message to VM 2 at logical time 94
2025-03-03 14:56:29,225 - SENT: Message to VM 0 at logical time 95
2025-03-03 14:56:29,477 - SENT: Message to VM 2 at logical time 96
2025-03-03 14:56:29,728 - SENT: Message to VM 0 at logical time 97
2025-03-03 14:56:29,988 - SENT: Message to VM 0 at logical time 98
2025-03-03 14:56:30,239 - SENT: Message to VM 0 at logical time 99
2025-03-03 14:56:30,490 - SENT: Message to VM 0 at logical time 100
2025-03-03 14:56:30,490 - RECEIVED: Message from VM 2 with logical time 100 | Added to queue (now size: 1)
2025-03-03 14:56:30,741 - PROCESSED: Message from VM 2 | Remaining queue size: 0 | Updated logical clock: 101
2025-03-03 14:56:30,741 - RECEIVED: Message from VM 2 with logical time 101 | Added to queue (now size: 1)
2025-03-03 14:56:30,992 - PROCESSED: Message from VM 2 | Remaining queue size: 0 | Updated logical clock: 102
2025-03-03 14:56:30,992 - RECEIVED: Message from VM 2 with logical time 102 | Added to queue (now size: 1)
2025-03-03 14:56:31,243 - PROCESSED: Message from VM 2 | Remaining queue size: 0 | Updated logical clock: 103
2025-03-03 14:56:31,494 - SENT: Message to VM 0 at logical time 104
2025-03-03 14:56:31,495 - RECEIVED: Message from VM 2 with logical time 104 | Added to queue (now size: 1)
2025-03-03 14:56:31,746 - PROCESSED: Message from VM 2 | Remaining queue size: 0 | Updated logical clock: 105
2025-03-03 14:56:31,997 - INTERNAL EVENT: Logical clock: 106
2025-03-03 14:56:32,248 - INTERNAL EVENT: Logical clock: 107
2025-03-03 14:56:32,248 - RECEIVED: Message from VM 2 with logical time 107 | Added to queue (now size: 1)
2025-03-03 14:56:32,499 - PROCESSED: Message from VM 2 | Remaining queue size: 0 | Updated logical clock: 108
2025-03-03 14:56:32,500 - RECEIVED: Message from VM 2 with logical time 108 | Added to queue (now size: 1)
2025-03-03 14:56:32,750 - PROCESSED: Message from VM 2 | Remaining queue size: 0 | Updated logical clock: 109
2025-03-03 14:56:33,002 - SENT: Message to VM 0 at logical time 110
2025-03-03 14:56:33,002 - SENT: Message to VM 2 at logical time 110
2025-03-03 14:56:33,002 - RECEIVED: Message from VM 0 with logical time 110 | Added to queue (now size: 1)
2025-03-03 14:56:33,002 - RECEIVED: Message from VM 2 with logical time 110 | Added to queue (now size: 2)
2025-03-03 14:56:33,253 - PROCESSED: Message from VM 0 | Remaining queue size: 1 | Updated logical clock: 111
2025-03-03 14:56:33,504 - PROCESSED: Message from VM 2 | Remaining queue size: 0 | Updated logical clock: 112
2025-03-03 14:56:33,756 - SENT: Message to VM 0 at logical time 113
2025-03-03 14:56:34,007 - INTERNAL EVENT: Logical clock: 114
2025-03-03 14:56:34,258 - INTERNAL EVENT: Logical clock: 115
2025-03-03 14:56:34,508 - SENT: Message to VM 2 at logical time 116
2025-03-03 14:56:34,509 - RECEIVED: Message from VM 2 with logical time 116 | Added to queue (now size: 1)
2025-03-03 14:56:34,759 - PROCESSED: Message from VM 2 | Remaining queue size: 0 | Updated logical clock: 117
2025-03-03 14:56:35,011 - INTERNAL EVENT: Logical clock: 118
2025-03-03 14:56:35,011 - RECEIVED: Message from VM 0 with logical time 118 | Added to queue (now size: 1)
2025-03-03 14:56:35,011 - RECEIVED: Message from VM 2 with logical time 118 | Added to queue (now size: 2)
2025-03-03 14:56:35,262 - PROCESSED: Message from VM 0 | Remaining queue size: 1 | Updated logical clock: 119
2025-03-03 14:56:35,513 - PROCESSED: Message from VM 2 | Remaining queue size: 0 | Updated logical clock: 120
2025-03-03 14:56:35,513 - RECEIVED: Message from VM 2 with logical time 120 | Added to queue (now size: 1)
2025-03-03 14:56:35,764 - PROCESSED: Message from VM 2 | Remaining queue size: 0 | Updated logical clock: 121
2025-03-03 14:56:36,015 - INTERNAL EVENT: Logical clock: 122
2025-03-03 14:56:36,016 - RECEIVED: Message from VM 0 with logical time 122 | Added to queue (now size: 1)
2025-03-03 14:56:36,016 - RECEIVED: Message from VM 2 with logical time 122 | Added to queue (now size: 2)
2025-03-03 14:56:36,266 - PROCESSED: Message from VM 0 | Remaining queue size: 1 | Updated logical clock: 123
2025-03-03 14:56:36,266 - RECEIVED: Message from VM 2 with logical time 123 | Added to queue (now size: 2)
2025-03-03 14:56:36,517 - PROCESSED: Message from VM 2 | Remaining queue size: 1 | Updated logical clock: 124
2025-03-03 14:56:36,517 - RECEIVED: Message from VM 2 with logical time 124 | Added to queue (now size: 2)
2025-03-03 14:56:36,768 - PROCESSED: Message from VM 2 | Remaining queue size: 1 | Updated logical clock: 125
2025-03-03 14:56:36,768 - RECEIVED: Message from VM 2 with logical time 125 | Added to queue (now size: 2)
2025-03-03 14:56:37,019 - PROCESSED: Message from VM 2 | Remaining queue size: 1 | Updated logical clock: 126
2025-03-03 14:56:37,019 - RECEIVED: Message from VM 0 with logical time 126 | Added to queue (now size: 2)
2025-03-03 14:56:37,270 - PROCESSED: Message from VM 2 | Remaining queue size: 1 | Updated logical clock: 127
2025-03-03 14:56:37,271 - RECEIVED: Message from VM 0 with logical time 127 | Added to queue (now size: 2)
2025-03-03 14:56:37,271 - RECEIVED: Message from VM 2 with logical time 128 | Added to queue (now size: 3)
2025-03-03 14:56:37,522 - PROCESSED: Message from VM 0 | Remaining queue size: 2 | Updated logical clock: 128
2025-03-03 14:56:37,522 - RECEIVED: Message from VM 0 with logical time 128 | Added to queue (now size: 3)
2025-03-03 14:56:37,773 - PROCESSED: Message from VM 0 | Remaining queue size: 2 | Updated logical clock: 129
2025-03-03 14:56:37,773 - RECEIVED: Message from VM 0 with logical time 129 | Added to queue (now size: 3)
2025-03-03 14:56:37,773 - RECEIVED: Message from VM 2 with logical time 130 | Added to queue (now size: 4)
2025-03-03 14:56:38,024 - PROCESSED: Message from VM 2 | Remaining queue size: 3 | Updated logical clock: 130
2025-03-03 14:56:38,024 - RECEIVED: Message from VM 2 with logical time 131 | Added to queue (now size: 4)
2025-03-03 14:56:38,275 - PROCESSED: Message from VM 0 | Remaining queue size: 3 | Updated logical clock: 131
2025-03-03 14:56:38,276 - RECEIVED: Message from VM 0 with logical time 132 | Added to queue (now size: 4)
2025-03-03 14:56:38,527 - PROCESSED: Message from VM 0 | Remaining queue size: 3 | Updated logical clock: 132
2025-03-03 14:56:38,778 - PROCESSED: Message from VM 2 | Remaining queue size: 2 | Updated logical clock: 133
2025-03-03 14:56:38,778 - RECEIVED: Message from VM 0 with logical time 134 | Added to queue (now size: 3)
2025-03-03 14:56:39,029 - PROCESSED: Message from VM 2 | Remaining queue size: 2 | Updated logical clock: 134
2025-03-03 14:56:39,280 - PROCESSED: Message from VM 0 | Remaining queue size: 1 | Updated logical clock: 135
2025-03-03 14:56:39,281 - RECEIVED: Message from VM 0 with logical time 136 | Added to queue (now size: 2)
2025-03-03 14:56:39,281 - RECEIVED: Message from VM 2 with logical time 136 | Added to queue (now size: 3)
2025-03-03 14:56:39,532 - PROCESSED: Message from VM 0 | Remaining queue size: 2 | Updated logical clock: 136
2025-03-03 14:56:39,783 - PROCESSED: Message from VM 0 | Remaining queue size: 1 | Updated logical clock: 137
2025-03-03 14:56:39,783 - RECEIVED: Message from VM 0 with logical time 138 | Added to queue (now size: 2)
2025-03-03 14:56:39,783 - RECEIVED: Message from VM 2 with logical time 138 | Added to queue (now size: 3)
2025-03-03 14:56:40,034 - PROCESSED: Message from VM 2 | Remaining queue size: 2 | Updated logical clock: 138
2025-03-03 14:56:40,284 - PROCESSED: Message from VM 0 | Remaining queue size: 1 | Updated logical clock: 139
2025-03-03 14:56:40,536 - PROCESSED: Message from VM 2 | Remaining queue size: 0 | Updated logical clock: 140
2025-03-03 14:56:40,536 - RECEIVED: Message from VM 2 with logical time 141 | Added to queue (now size: 1)
2025-03-03 14:56:40,787 - PROCESSED: Message from VM 2 | Remaining queue size: 0 | Updated logical clock: 142
2025-03-03 14:56:41,038 - SENT: Message to VM 0 at logical time 143
2025-03-03 14:56:41,038 - SENT: Message to VM 2 at logical time 143
2025-03-03 14:56:41,289 - SENT: Message to VM 0 at logical time 144
2025-03-03 14:56:41,540 - INTERNAL EVENT: Logical clock: 145
2025-03-03 14:56:41,791 - INTERNAL EVENT: Logical clock: 146
2025-03-03 14:56:41,791 - RECEIVED: Message from VM 0 with logical time 146 | Added to queue (now size: 1)
2025-03-03 14:56:42,043 - PROCESSED: Message from VM 0 | Remaining queue size: 0 | Updated logical clock: 147
2025-03-03 14:56:42,294 - INTERNAL EVENT: Logical clock: 148
2025-03-03 14:56:42,294 - RECEIVED: Message from VM 0 with logical time 148 | Added to queue (now size: 1)
2025-03-03 14:56:42,545 - PROCESSED: Message from VM 0 | Remaining queue size: 0 | Updated logical clock: 149
2025-03-03 14:56:42,797 - SENT: Message to VM 2 at logical time 150
2025-03-03 14:56:42,797 - RECEIVED: Message from VM 0 with logical time 150 | Added to queue (now size: 1)
2025-03-03 14:56:42,797 - RECEIVED: Message from VM 2 with logical time 150 | Added to queue (now size: 2)
2025-03-03 14:56:43,048 - PROCESSED: Message from VM 0 | Remaining queue size: 1 | Updated logical clock: 151
2025-03-03 14:56:43,299 - PROCESSED: Message from VM 2 | Remaining queue size: 0 | Updated logical clock: 152
2025-03-03 14:56:43,299 - RECEIVED: Message from VM 0 with logical time 152 | Added to queue (now size: 1)
2025-03-03 14:56:43,550 - PROCESSED: Message from VM 0 | Remaining queue size: 0 | Updated logical clock: 153
2025-03-03 14:56:43,801 - SENT: Message to VM 0 at logical time 154
2025-03-03 14:56:43,801 - SENT: Message to VM 2 at logical time 154
2025-03-03 14:56:43,802 - RECEIVED: Message from VM 0 with logical time 154 | Added to queue (now size: 1)
2025-03-03 14:56:44,053 - PROCESSED: Message from VM 0 | Remaining queue size: 0 | Updated logical clock: 155
2025-03-03 14:56:44,303 - INTERNAL EVENT: Logical clock: 156
2025-03-03 14:56:44,304 - RECEIVED: Message from VM 0 with logical time 156 | Added to queue (now size: 1)
2025-03-03 14:56:44,304 - RECEIVED: Message from VM 2 with logical time 156 | Added to queue (now size: 2)
2025-03-03 14:56:44,555 - PROCESSED: Message from VM 0 | Remaining queue size: 1 | Updated logical clock: 157
2025-03-03 14:56:44,806 - PROCESSED: Message from VM 2 | Remaining queue size: 0 | Updated logical clock: 158
2025-03-03 14:56:44,806 - RECEIVED: Message from VM 2 with logical time 158 | Added to queue (now size: 1)
2025-03-03 14:56:45,057 - PROCESSED: Message from VM 2 | Remaining queue size: 0 | Updated logical clock: 159
2025-03-03 14:56:45,308 - INTERNAL EVENT: Logical clock: 160
2025-03-03 14:56:45,308 - RECEIVED: Message from VM 0 with logical time 160 | Added to queue (now size: 1)
2025-03-03 14:56:45,559 - PROCESSED: Message from VM 0 | Remaining queue size: 0 | Updated logical clock: 161
2025-03-03 14:56:45,560 - RECEIVED: Message from VM 0 with logical time 161 | Added to queue (now size: 1)
2025-03-03 14:56:45,811 - PROCESSED: Message from VM 0 | Remaining queue size: 0 | Updated logical clock: 162
2025-03-03 14:56:45,811 - RECEIVED: Message from VM 0 with logical time 162 | Added to queue (now size: 1)
2025-03-03 14:56:46,062 - PROCESSED: Message from VM 0 | Remaining queue size: 0 | Updated logical clock: 163
2025-03-03 14:56:46,062 - RECEIVED: Message from VM 0 with logical time 163 | Added to queue (now size: 1)
2025-03-03 14:56:46,313 - PROCESSED: Message from VM 0 | Remaining queue size: 0 | Updated logical clock: 164
2025-03-03 14:56:46,565 - SENT: Message to VM 2 at logical time 165
2025-03-03 14:56:46,565 - RECEIVED: Message from VM 0 with logical time 165 | Added to queue (now size: 1)
2025-03-03 14:56:46,816 - PROCESSED: Message from VM 0 | Remaining queue size: 0 | Updated logical clock: 166
2025-03-03 14:56:47,067 - SENT: Message to VM 0 at logical time 167
2025-03-03 14:56:47,318 - SENT: Message to VM 0 at logical time 168
2025-03-03 14:56:47,568 - SENT: Message to VM 2 at logical time 169
2025-03-03 14:56:47,820 - INTERNAL EVENT: Logical clock: 170
2025-03-03 14:56:48,071 - SENT: Message to VM 0 at logical time 171
2025-03-03 14:56:48,071 - RECEIVED: Message from VM 0 with logical time 171 | Added to queue (now size: 1)
2025-03-03 14:56:48,321 - PROCESSED: Message from VM 0 | Remaining queue size: 0 | Updated logical clock: 172
2025-03-03 14:56:48,322 - RECEIVED: Message from VM 2 with logical time 172 | Added to queue (now size: 1)
2025-03-03 14:56:48,573 - PROCESSED: Message from VM 2 | Remaining queue size: 0 | Updated logical clock: 173
2025-03-03 14:56:48,573 - RECEIVED: Message from VM 2 with logical time 173 | Added to queue (now size: 1)
2025-03-03 14:56:48,824 - PROCESSED: Message from VM 2 | Remaining queue size: 0 | Updated logical clock: 174
2025-03-03 14:56:48,824 - RECEIVED: Message from VM 2 with logical time 174 | Added to queue (now size: 1)
2025-03-03 14:56:49,075 - PROCESSED: Message from VM 2 | Remaining queue size: 0 | Updated logical clock: 175
2025-03-03 14:56:49,326 - SENT: Message to VM 0 at logical time 176
2025-03-03 14:56:49,326 - SENT: Message to VM 2 at logical time 176
2025-03-03 14:56:49,327 - RECEIVED: Message from VM 0 with logical time 176 | Added to queue (now size: 1)
2025-03-03 14:56:49,327 - RECEIVED: Message from VM 2 with logical time 176 | Added to queue (now size: 2)
2025-03-03 14:56:49,578 - PROCESSED: Message from VM 0 | Remaining queue size: 1 | Updated logical clock: 177
2025-03-03 14:56:49,829 - PROCESSED: Message from VM 2 | Remaining queue size: 0 | Updated logical clock: 178
2025-03-03 14:56:50,080 - INTERNAL EVENT: Logical clock: 179
2025-03-03 14:56:50,331 - SENT: Message to VM 0 at logical time 180
2025-03-03 14:56:50,331 - SENT: Message to VM 2 at logical time 180
2025-03-03 14:56:50,331 - RECEIVED: Message from VM 2 with logical time 180 | Added to queue (now size: 1)
2025-03-03 14:56:50,581 - PROCESSED: Message from VM 2 | Remaining queue size: 0 | Updated logical clock: 181
2025-03-03 14:56:50,832 - INTERNAL EVENT: Logical clock: 182
2025-03-03 14:56:50,833 - RECEIVED: Message from VM 0 with logical time 182 | Added to queue (now size: 1)
2025-03-03 14:56:50,833 - RECEIVED: Message from VM 2 with logical time 182 | Added to queue (now size: 2)
2025-03-03 14:56:51,084 - PROCESSED: Message from VM 0 | Remaining queue size: 1 | Updated logical clock: 183
2025-03-03 14:56:51,335 - PROCESSED: Message from VM 2 | Remaining queue size: 0 | Updated logical clock: 184
2025-03-03 14:56:51,335 - RECEIVED: Message from VM 0 with logical time 184 | Added to queue (now size: 1)
2025-03-03 14:56:51,335 - RECEIVED: Message from VM 2 with logical time 184 | Added to queue (now size: 2)
2025-03-03 14:56:51,586 - PROCESSED: Message from VM 0 | Remaining queue size: 1 | Updated logical clock: 185
2025-03-03 14:56:51,837 - PROCESSED: Message from VM 2 | Remaining queue size: 0 | Updated logical clock: 186
2025-03-03 14:56:52,088 - INTERNAL EVENT: Logical clock: 187
2025-03-03 14:56:52,339 - INTERNAL EVENT: Logical clock: 188
2025-03-03 14:56:52,340 - RECEIVED: Message from VM 2 with logical time 188 | Added to queue (now size: 1)
2025-03-03 14:56:52,590 - PROCESSED: Message from VM 2 | Remaining queue size: 0 | Updated logical clock: 189
2025-03-03 14:56:52,842 - SENT: Message to VM 0 at logical time 190
2025-03-03 14:56:52,842 - SENT: Message to VM 2 at logical time 190
2025-03-03 14:56:52,842 - RECEIVED: Message from VM 0 with logical time 190 | Added to queue (now size: 1)
2025-03-03 14:56:52,842 - RECEIVED: Message from VM 2 with logical time 190 | Added to queue (now size: 2)
2025-03-03 14:56:53,093 - PROCESSED: Message from VM 0 | Remaining queue size: 1 | Updated logical clock: 191
2025-03-03 14:56:53,344 - PROCESSED: Message from VM 2 | Remaining queue size: 0 | Updated logical clock: 192
2025-03-03 14:56:53,345 - RECEIVED: Message from VM 0 with logical time 192 | Added to queue (now size: 1)
2025-03-03 14:56:53,595 - PROCESSED: Message from VM 0 | Remaining queue size: 0 | Updated logical clock: 193
2025-03-03 14:56:53,847 - INTERNAL EVENT: Logical clock: 194
2025-03-03 14:56:53,847 - RECEIVED: Message from VM 0 with logical time 194 | Added to queue (now size: 1)
2025-03-03 14:56:53,847 - RECEIVED: Message from VM 2 with logical time 194 | Added to queue (now size: 2)
2025-03-03 14:56:54,098 - PROCESSED: Message from VM 0 | Remaining queue size: 1 | Updated logical clock: 195
2025-03-03 14:56:54,349 - PROCESSED: Message from VM 2 | Remaining queue size: 0 | Updated logical clock: 196
2025-03-03 14:56:54,601 - SENT: Message to VM 0 at logical time 197
2025-03-03 14:56:54,852 - INTERNAL EVENT: Logical clock: 198
2025-03-03 14:56:55,103 - SENT: Message to VM 2 at logical time 199
2025-03-03 14:56:55,103 - RECEIVED: Message from VM 0 with logical time 199 | Added to queue (now size: 1)
2025-03-03 14:56:55,103 - RECEIVED: Message from VM 2 with logical time 199 | Added to queue (now size: 2)
2025-03-03 14:56:55,354 - PROCESSED: Message from VM 0 | Remaining queue size: 1 | Updated logical clock: 200
2025-03-03 14:56:55,606 - PROCESSED: Message from VM 2 | Remaining queue size: 0 | Updated logical clock: 201
2025-03-03 14:56:55,857 - SENT: Message to VM 2 at logical time 202
2025-03-03 14:56:56,108 - SENT: Message to VM 0 at logical time 203
2025-03-03 14:56:56,108 - SENT: Message to VM 2 at logical time 203
2025-03-03 14:56:56,108 - RECEIVED: Message from VM 0 with logical time 203 | Added to queue (now size: 1)
2025-03-03 14:56:56,359 - PROCESSED: Message from VM 0 | Remaining queue size: 0 | Updated logical clock: 204
2025-03-03 14:56:56,611 - SENT: Message to VM 2 at logical time 205
2025-03-03 14:56:56,611 - RECEIVED: Message from VM 0 with logical time 205 | Added to queue (now size: 1)
2025-03-03 14:56:56,862 - PROCESSED: Message from VM 0 | Remaining queue size: 0 | Updated logical clock: 206
2025-03-03 14:56:56,862 - RECEIVED: Message from VM 0 with logical time 206 | Added to queue (now size: 1)
2025-03-03 14:56:57,113 - PROCESSED: Message from VM 0 | Remaining queue size: 0 | Updated logical clock: 207
2025-03-03 14:56:57,365 - INTERNAL EVENT: Logical clock: 208
2025-03-03 14:56:57,365 - RECEIVED: Message from VM 0 with logical time 208 | Added to queue (now size: 1)
2025-03-03 14:56:57,616 - PROCESSED: Message from VM 0 | Remaining queue size: 0 | Updated logical clock: 209
2025-03-03 14:56:57,867 - SENT: Message to VM 0 at logical time 210
2025-03-03 14:56:58,119 - SENT: Message to VM 0 at logical time 211
2025-03-03 14:56:58,119 - SENT: Message to VM 2 at logical time 211
2025-03-03 14:56:58,370 - SENT: Message to VM 2 at logical time 212
2025-03-03 14:56:58,622 - INTERNAL EVENT: Logical clock: 213
2025-03-03 14:56:58,873 - SENT: Message to VM 2 at logical time 214
2025-03-03 14:56:58,873 - RECEIVED: Message from VM 0 with logical time 214 | Added to queue (now size: 1)
2025-03-03 14:56:58,874 - RECEIVED: Message from VM 2 with logical time 214 | Added to queue (now size: 2)
2025-03-03 14:56:59,124 - PROCESSED: Message from VM 0 | Remaining queue size: 1 | Updated logical clock: 215
2025-03-03 14:56:59,375 - PROCESSED: Message from VM 2 | Remaining queue size: 0 | Updated logical clock: 216
2025-03-03 14:56:59,376 - RECEIVED: Message from VM 0 with logical time 216 | Added to queue (now size: 1)
2025-03-03 14:56:59,627 - PROCESSED: Message from VM 0 | Remaining queue size: 0 | Updated logical clock: 217
2025-03-03 14:56:59,879 - INTERNAL EVENT: Logical clock: 218
2025-03-03 14:57:00,130 - INTERNAL EVENT: Logical clock: 219
2025-03-03 14:57:00,130 - RECEIVED: Message from VM 0 with logical time 219 | Added to queue (now size: 1)
2025-03-03 14:57:00,130 - RECEIVED: Message from VM 2 with logical time 219 | Added to queue (now size: 2)
2025-03-03 14:57:00,381 - PROCESSED: Message from VM 0 | Remaining queue size: 1 | Updated logical clock: 220
2025-03-03 14:57:00,632 - PROCESSED: Message from VM 2 | Remaining queue size: 0 | Updated logical clock: 221
2025-03-03 14:57:00,633 - RECEIVED: Message from VM 2 with logical time 221 | Added to queue (now size: 1)
2025-03-03 14:57:00,884 - PROCESSED: Message from VM 2 | Remaining queue size: 0 | Updated logical clock: 222
2025-03-03 14:57:00,884 - RECEIVED: Message from VM 0 with logical time 222 | Added to queue (now size: 1)
2025-03-03 14:57:00,884 - RECEIVED: Message from VM 2 with logical time 222 | Added to queue (now size: 2)
2025-03-03 14:57:01,135 - PROCESSED: Message from VM 0 | Remaining queue size: 1 | Updated logical clock: 223
2025-03-03 14:57:01,386 - PROCESSED: Message from VM 2 | Remaining queue size: 0 | Updated logical clock: 224
2025-03-03 14:57:01,386 - RECEIVED: Message from VM 2 with logical time 224 | Added to queue (now size: 1)
2025-03-03 14:57:01,637 - PROCESSED: Message from VM 2 | Remaining queue size: 0 | Updated logical clock: 225
2025-03-03 14:57:01,889 - SENT: Message to VM 0 at logical time 226
2025-03-03 14:57:01,889 - SENT: Message to VM 2 at logical time 226
2025-03-03 14:57:01,889 - RECEIVED: Message from VM 0 with logical time 226 | Added to queue (now size: 1)
2025-03-03 14:57:02,140 - PROCESSED: Message from VM 0 | Remaining queue size: 0 | Updated logical clock: 227
2025-03-03 14:57:02,390 - INTERNAL EVENT: Logical clock: 228
2025-03-03 14:57:02,390 - RECEIVED: Message from VM 0 with logical time 228 | Added to queue (now size: 1)
2025-03-03 14:57:02,641 - PROCESSED: Message from VM 0 | Remaining queue size: 0 | Updated logical clock: 229
2025-03-03 14:57:02,893 - SENT: Message to VM 0 at logical time 230
2025-03-03 14:57:02,893 - RECEIVED: Message from VM 0 with logical time 230 | Added to queue (now size: 1)
2025-03-03 14:57:03,144 - PROCESSED: Message from VM 0 | Remaining queue size: 0 | Updated logical clock: 231
2025-03-03 14:57:03,395 - SENT: Message to VM 0 at logical time 232
2025-03-03 14:57:03,395 - SENT: Message to VM 2 at logical time 232
2025-03-03 14:57:03,646 - INTERNAL EVENT: Logical clock: 233
2025-03-03 14:57:03,898 - SENT: Message to VM 0 at logical time 234
2025-03-03 14:57:03,898 - SENT: Message to VM 2 at logical time 234
2025-03-03 14:57:03,898 - RECEIVED: Message from VM 2 with logical time 234 | Added to queue (now size: 1)
2025-03-03 14:57:04,149 - PROCESSED: Message from VM 2 | Remaining queue size: 0 | Updated logical clock: 235
