2025-03-03 14:56:04,359 - Initialized VM 0 with clock rate 4 ticks/second
2025-03-03 14:56:04,359 - Server started on 127.0.0.1:5000
2025-03-03 14:56:05,361 - Connected to VM 1
2025-03-03 14:56:05,362 - Connected to VM 2
2025-03-03 14:56:05,613 - SENT: Message to VM 2 at logical time 1
2025-03-03 14:56:05,865 - SENT: Message to VM 1 at logical time 2
2025-03-03 14:56:05,865 - SENT: Message to VM 2 at logical time 2
2025-03-03 14:56:06,116 - SENT: Message to VM 1 at logical time 3
2025-03-03 14:56:06,116 - SENT: Message to VM 2 at logical time 3
2025-03-03 14:56:06,367 - INTERNAL EVENT: Logical clock: 4
2025-03-03 14:56:06,618 - SENT: Message to VM 1 at logical time 5
2025-03-03 14:56:06,618 - SENT: Message to VM 2 at logical time 5
2025-03-03 14:56:06,869 - SENT: Message to VM 1 at logical time 6
2025-03-03 14:56:06,869 - SENT: Message to VM 2 at logical time 6
2025-03-03 14:56:07,121 - SENT: Message to VM 1 at logical time 7
2025-03-03 14:56:07,372 - SENT: Message to VM 2 at logical time 8
2025-03-03 14:56:07,372 - RECEIVED: Message from VM 2 with logical time 8 | Added to queue (now size: 1)
2025-03-03 14:56:07,623 - PROCESSED: Message from VM 2 | Remaining queue size: 0 | Updated logical clock: 9
2025-03-03 14:56:07,875 - SENT: Message to VM 1 at logical time 10
2025-03-03 14:56:07,875 - RECEIVED: Message from VM 2 with logical time 10 | Added to queue (now size: 1)
2025-03-03 14:56:08,126 - PROCESSED: Message from VM 2 | Remaining queue size: 0 | Updated logical clock: 11
2025-03-03 14:56:08,126 - RECEIVED: Message from VM 2 with logical time 11 | Added to queue (now size: 1)
2025-03-03 14:56:08,377 - PROCESSED: Message from VM 2 | Remaining queue size: 0 | Updated logical clock: 12
2025-03-03 14:56:08,377 - RECEIVED: Message from VM 2 with logical time 12 | Added to queue (now size: 1)
2025-03-03 14:56:08,628 - PROCESSED: Message from VM 2 | Remaining queue size: 0 | Updated logical clock: 13
2025-03-03 14:56:08,629 - RECEIVED: Message from VM 1 with logical time 13 | Added to queue (now size: 1)
2025-03-03 14:56:08,879 - PROCESSED: Message from VM 1 | Remaining queue size: 0 | Updated logical clock: 14
2025-03-03 14:56:08,880 - RECEIVED: Message from VM 1 with logical time 14 | Added to queue (now size: 1)
2025-03-03 14:56:09,131 - PROCESSED: Message from VM 1 | Remaining queue size: 0 | Updated logical clock: 15
2025-03-03 14:56:09,382 - SENT: Message to VM 2 at logical time 16
2025-03-03 14:56:09,383 - RECEIVED: Message from VM 1 with logical time 16 | Added to queue (now size: 1)
2025-03-03 14:56:09,383 - RECEIVED: Message from VM 2 with logical time 16 | Added to queue (now size: 2)
2025-03-03 14:56:09,633 - PROCESSED: Message from VM 1 | Remaining queue size: 1 | Updated logical clock: 17
2025-03-03 14:56:09,884 - PROCESSED: Message from VM 2 | Remaining queue size: 0 | Updated logical clock: 18
2025-03-03 14:56:09,884 - RECEIVED: Message from VM 2 with logical time 18 | Added to queue (now size: 1)
2025-03-03 14:56:10,135 - PROCESSED: Message from VM 2 | Remaining queue size: 0 | Updated logical clock: 19
2025-03-03 14:56:10,386 - SENT: Message to VM 2 at logical time 20
2025-03-03 14:56:10,387 - RECEIVED: Message from VM 1 with logical time 20 | Added to queue (now size: 1)
2025-03-03 14:56:10,387 - RECEIVED: Message from VM 2 with logical time 20 | Added to queue (now size: 2)
2025-03-03 14:56:10,638 - PROCESSED: Message from VM 1 | Remaining queue size: 1 | Updated logical clock: 21
2025-03-03 14:56:10,889 - PROCESSED: Message from VM 2 | Remaining queue size: 0 | Updated logical clock: 22
2025-03-03 14:56:11,139 - SENT: Message to VM 2 at logical time 23
2025-03-03 14:56:11,140 - RECEIVED: Message from VM 1 with logical time 23 | Added to queue (now size: 1)
2025-03-03 14:56:11,391 - PROCESSED: Message from VM 1 | Remaining queue size: 0 | Updated logical clock: 24
2025-03-03 14:56:11,642 - SENT: Message to VM 2 at logical time 25
2025-03-03 14:56:11,893 - SENT: Message to VM 1 at logical time 26
2025-03-03 14:56:11,893 - SENT: Message to VM 2 at logical time 26
2025-03-03 14:56:11,893 - RECEIVED: Message from VM 1 with logical time 26 | Added to queue (now size: 1)
2025-03-03 14:56:12,144 - PROCESSED: Message from VM 1 | Remaining queue size: 0 | Updated logical clock: 27
2025-03-03 14:56:12,396 - SENT: Message to VM 2 at logical time 28
2025-03-03 14:56:12,396 - RECEIVED: Message from VM 2 with logical time 28 | Added to queue (now size: 1)
2025-03-03 14:56:12,647 - PROCESSED: Message from VM 2 | Remaining queue size: 0 | Updated logical clock: 29
2025-03-03 14:56:12,647 - RECEIVED: Message from VM 1 with logical time 29 | Added to queue (now size: 1)
2025-03-03 14:56:12,898 - PROCESSED: Message from VM 1 | Remaining queue size: 0 | Updated logical clock: 30
2025-03-03 14:56:12,899 - RECEIVED: Message from VM 1 with logical time 30 | Added to queue (now size: 1)
2025-03-03 14:56:12,899 - RECEIVED: Message from VM 2 with logical time 30 | Added to queue (now size: 2)
2025-03-03 14:56:13,149 - PROCESSED: Message from VM 1 | Remaining queue size: 1 | Updated logical clock: 31
2025-03-03 14:56:13,401 - PROCESSED: Message from VM 2 | Remaining queue size: 0 | Updated logical clock: 32
2025-03-03 14:56:13,401 - RECEIVED: Message from VM 1 with logical time 32 | Added to queue (now size: 1)
2025-03-03 14:56:13,652 - PROCESSED: Message from VM 1 | Remaining queue size: 0 | Updated logical clock: 33
2025-03-03 14:56:13,903 - SENT: Message to VM 1 at logical time 34
2025-03-03 14:56:14,154 - INTERNAL EVENT: Logical clock: 35
2025-03-03 14:56:14,405 - SENT: Message to VM 1 at logical time 36
2025-03-03 14:56:14,657 - SENT: Message to VM 1 at logical time 37
2025-03-03 14:56:14,657 - SENT: Message to VM 2 at logical time 37
2025-03-03 14:56:14,907 - INTERNAL EVENT: Logical clock: 38
2025-03-03 14:56:15,159 - INTERNAL EVENT: Logical clock: 39
2025-03-03 14:56:15,159 - RECEIVED: Message from VM 2 with logical time 39 | Added to queue (now size: 1)
2025-03-03 14:56:15,410 - PROCESSED: Message from VM 2 | Remaining queue size: 0 | Updated logical clock: 40
2025-03-03 14:56:15,410 - RECEIVED: Message from VM 1 with logical time 40 | Added to queue (now size: 1)
2025-03-03 14:56:15,661 - PROCESSED: Message from VM 1 | Remaining queue size: 0 | Updated logical clock: 41
2025-03-03 14:56:15,662 - RECEIVED: Message from VM 1 with logical time 41 | Added to queue (now size: 1)
2025-03-03 14:56:15,662 - RECEIVED: Message from VM 2 with logical time 41 | Added to queue (now size: 2)
2025-03-03 14:56:15,912 - PROCESSED: Message from VM 1 | Remaining queue size: 1 | Updated logical clock: 42
2025-03-03 14:56:16,164 - PROCESSED: Message from VM 2 | Remaining queue size: 0 | Updated logical clock: 43
2025-03-03 14:56:16,164 - RECEIVED: Message from VM 1 with logical time 43 | Added to queue (now size: 1)
2025-03-03 14:56:16,415 - PROCESSED: Message from VM 1 | Remaining queue size: 0 | Updated logical clock: 44
2025-03-03 14:56:16,415 - RECEIVED: Message from VM 1 with logical time 44 | Added to queue (now size: 1)
2025-03-03 14:56:16,415 - RECEIVED: Message from VM 2 with logical time 44 | Added to queue (now size: 2)
2025-03-03 14:56:16,666 - PROCESSED: Message from VM 1 | Remaining queue size: 1 | Updated logical clock: 45
2025-03-03 14:56:16,667 - RECEIVED: Message from VM 1 with logical time 45 | Added to queue (now size: 2)
2025-03-03 14:56:16,917 - PROCESSED: Message from VM 2 | Remaining queue size: 1 | Updated logical clock: 46
2025-03-03 14:56:17,168 - PROCESSED: Message from VM 1 | Remaining queue size: 0 | Updated logical clock: 47
2025-03-03 14:56:17,169 - RECEIVED: Message from VM 1 with logical time 47 | Added to queue (now size: 1)
2025-03-03 14:56:17,169 - RECEIVED: Message from VM 2 with logical time 47 | Added to queue (now size: 2)
2025-03-03 14:56:17,420 - PROCESSED: Message from VM 1 | Remaining queue size: 1 | Updated logical clock: 48
2025-03-03 14:56:17,671 - PROCESSED: Message from VM 2 | Remaining queue size: 0 | Updated logical clock: 49
2025-03-03 14:56:17,671 - RECEIVED: Message from VM 1 with logical time 49 | Added to queue (now size: 1)
2025-03-03 14:56:17,922 - PROCESSED: Message from VM 1 | Remaining queue size: 0 | Updated logical clock: 50
2025-03-03 14:56:18,173 - SENT: Message to VM 2 at logical time 51
2025-03-03 14:56:18,174 - RECEIVED: Message from VM 2 with logical time 51 | Added to queue (now size: 1)
2025-03-03 14:56:18,424 - PROCESSED: Message from VM 2 | Remaining queue size: 0 | Updated logical clock: 52
2025-03-03 14:56:18,675 - SENT: Message to VM 2 at logical time 53
2025-03-03 14:56:18,675 - RECEIVED: Message from VM 1 with logical time 53 | Added to queue (now size: 1)
2025-03-03 14:56:18,926 - PROCESSED: Message from VM 1 | Remaining queue size: 0 | Updated logical clock: 54
2025-03-03 14:56:18,926 - RECEIVED: Message from VM 1 with logical time 54 | Added to queue (now size: 1)
2025-03-03 14:56:19,177 - PROCESSED: Message from VM 1 | Remaining queue size: 0 | Updated logical clock: 55
2025-03-03 14:56:19,177 - RECEIVED: Message from VM 1 with logical time 55 | Added to queue (now size: 1)
2025-03-03 14:56:19,428 - PROCESSED: Message from VM 1 | Remaining queue size: 0 | Updated logical clock: 56
2025-03-03 14:56:19,679 - INTERNAL EVENT: Logical clock: 57
2025-03-03 14:56:19,931 - SENT: Message to VM 2 at logical time 58
2025-03-03 14:56:20,182 - INTERNAL EVENT: Logical clock: 59
2025-03-03 14:56:20,182 - RECEIVED: Message from VM 1 with logical time 59 | Added to queue (now size: 1)
2025-03-03 14:56:20,433 - PROCESSED: Message from VM 1 | Remaining queue size: 0 | Updated logical clock: 60
2025-03-03 14:56:20,684 - INTERNAL EVENT: Logical clock: 61
2025-03-03 14:56:20,685 - RECEIVED: Message from VM 1 with logical time 61 | Added to queue (now size: 1)
2025-03-03 14:56:20,936 - PROCESSED: Message from VM 1 | Remaining queue size: 0 | Updated logical clock: 62
2025-03-03 14:56:21,187 - SENT: Message to VM 1 at logical time 63
2025-03-03 14:56:21,187 - SENT: Message to VM 2 at logical time 63
2025-03-03 14:56:21,188 - RECEIVED: Message from VM 2 with logical time 63 | Added to queue (now size: 1)
2025-03-03 14:56:21,438 - PROCESSED: Message from VM 2 | Remaining queue size: 0 | Updated logical clock: 64
2025-03-03 14:56:21,689 - SENT: Message to VM 1 at logical time 65
2025-03-03 14:56:21,941 - INTERNAL EVENT: Logical clock: 66
2025-03-03 14:56:21,941 - RECEIVED: Message from VM 2 with logical time 66 | Added to queue (now size: 1)
2025-03-03 14:56:22,191 - PROCESSED: Message from VM 2 | Remaining queue size: 0 | Updated logical clock: 67
2025-03-03 14:56:22,192 - RECEIVED: Message from VM 1 with logical time 67 | Added to queue (now size: 1)
2025-03-03 14:56:22,192 - RECEIVED: Message from VM 2 with logical time 67 | Added to queue (now size: 2)
2025-03-03 14:56:22,443 - PROCESSED: Message from VM 1 | Remaining queue size: 1 | Updated logical clock: 68
2025-03-03 14:56:22,694 - PROCESSED: Message from VM 2 | Remaining queue size: 0 | Updated logical clock: 69
2025-03-03 14:56:22,694 - RECEIVED: Message from VM 1 with logical time 69 | Added to queue (now size: 1)
2025-03-03 14:56:22,945 - PROCESSED: Message from VM 1 | Remaining queue size: 0 | Updated logical clock: 70
2025-03-03 14:56:23,196 - SENT: Message to VM 1 at logical time 71
2025-03-03 14:56:23,197 - RECEIVED: Message from VM 1 with logical time 71 | Added to queue (now size: 1)
2025-03-03 14:56:23,448 - PROCESSED: Message from VM 1 | Remaining queue size: 0 | Updated logical clock: 72
2025-03-03 14:56:23,699 - INTERNAL EVENT: Logical clock: 73
2025-03-03 14:56:23,699 - RECEIVED: Message from VM 2 with logical time 73 | Added to queue (now size: 1)
2025-03-03 14:56:23,950 - PROCESSED: Message from VM 2 | Remaining queue size: 0 | Updated logical clock: 74
2025-03-03 14:56:24,201 - SENT: Message to VM 2 at logical time 75
2025-03-03 14:56:24,202 - RECEIVED: Message from VM 2 with logical time 75 | Added to queue (now size: 1)
2025-03-03 14:56:24,453 - PROCESSED: Message from VM 2 | Remaining queue size: 0 | Updated logical clock: 76
2025-03-03 14:56:24,704 - SENT: Message to VM 1 at logical time 77
2025-03-03 14:56:24,705 - RECEIVED: Message from VM 1 with logical time 77 | Added to queue (now size: 1)
2025-03-03 14:56:24,705 - RECEIVED: Message from VM 2 with logical time 77 | Added to queue (now size: 2)
2025-03-03 14:56:24,955 - PROCESSED: Message from VM 1 | Remaining queue size: 1 | Updated logical clock: 78
2025-03-03 14:56:24,956 - RECEIVED: Message from VM 2 with logical time 78 | Added to queue (now size: 2)
2025-03-03 14:56:25,207 - PROCESSED: Message from VM 2 | Remaining queue size: 1 | Updated logical clock: 79
2025-03-03 14:56:25,457 - PROCESSED: Message from VM 2 | Remaining queue size: 0 | Updated logical clock: 80
2025-03-03 14:56:25,458 - RECEIVED: Message from VM 2 with logical time 80 | Added to queue (now size: 1)
2025-03-03 14:56:25,708 - PROCESSED: Message from VM 2 | Remaining queue size: 0 | Updated logical clock: 81
2025-03-03 14:56:25,959 - SENT: Message to VM 2 at logical time 82
2025-03-03 14:56:25,959 - RECEIVED: Message from VM 2 with logical time 82 | Added to queue (now size: 1)
2025-03-03 14:56:26,210 - PROCESSED: Message from VM 2 | Remaining queue size: 0 | Updated logical clock: 83
2025-03-03 14:56:26,461 - SENT: Message to VM 1 at logical time 84
2025-03-03 14:56:26,462 - RECEIVED: Message from VM 1 with logical time 84 | Added to queue (now size: 1)
2025-03-03 14:56:26,713 - PROCESSED: Message from VM 1 | Remaining queue size: 0 | Updated logical clock: 85
2025-03-03 14:56:26,964 - SENT: Message to VM 2 at logical time 86
2025-03-03 14:56:26,964 - RECEIVED: Message from VM 1 with logical time 86 | Added to queue (now size: 1)
2025-03-03 14:56:27,215 - PROCESSED: Message from VM 1 | Remaining queue size: 0 | Updated logical clock: 87
2025-03-03 14:56:27,466 - SENT: Message to VM 2 at logical time 88
2025-03-03 14:56:27,467 - RECEIVED: Message from VM 1 with logical time 88 | Added to queue (now size: 1)
2025-03-03 14:56:27,718 - PROCESSED: Message from VM 1 | Remaining queue size: 0 | Updated logical clock: 89
2025-03-03 14:56:27,718 - RECEIVED: Message from VM 1 with logical time 89 | Added to queue (now size: 1)
2025-03-03 14:56:27,969 - PROCESSED: Message from VM 1 | Remaining queue size: 0 | Updated logical clock: 90
2025-03-03 14:56:28,220 - SENT: Message to VM 1 at logical time 91
2025-03-03 14:56:28,220 - SENT: Message to VM 2 at logical time 91
2025-03-03 14:56:28,221 - RECEIVED: Message from VM 2 with logical time 91 | Added to queue (now size: 1)
2025-03-03 14:56:28,472 - PROCESSED: Message from VM 2 | Remaining queue size: 0 | Updated logical clock: 92
2025-03-03 14:56:28,723 - SENT: Message to VM 2 at logical time 93
2025-03-03 14:56:28,723 - RECEIVED: Message from VM 2 with logical time 93 | Added to queue (now size: 1)
2025-03-03 14:56:28,974 - PROCESSED: Message from VM 2 | Remaining queue size: 0 | Updated logical clock: 94
2025-03-03 14:56:28,974 - RECEIVED: Message from VM 1 with logical time 94 | Added to queue (now size: 1)
2025-03-03 14:56:29,225 - PROCESSED: Message from VM 1 | Remaining queue size: 0 | Updated logical clock: 95
2025-03-03 14:56:29,226 - RECEIVED: Message from VM 1 with logical time 95 | Added to queue (now size: 1)
2025-03-03 14:56:29,476 - PROCESSED: Message from VM 1 | Remaining queue size: 0 | Updated logical clock: 96
2025-03-03 14:56:29,477 - RECEIVED: Message from VM 2 with logical time 96 | Added to queue (now size: 1)
2025-03-03 14:56:29,728 - PROCESSED: Message from VM 2 | Remaining queue size: 0 | Updated logical clock: 97
2025-03-03 14:56:29,728 - RECEIVED: Message from VM 1 with logical time 97 | Added to queue (now size: 1)
2025-03-03 14:56:29,987 - PROCESSED: Message from VM 1 | Remaining queue size: 0 | Updated logical clock: 98
2025-03-03 14:56:29,989 - RECEIVED: Message from VM 1 with logical time 98 | Added to queue (now size: 1)
2025-03-03 14:56:29,989 - RECEIVED: Message from VM 2 with logical time 98 | Added to queue (now size: 2)
2025-03-03 14:56:30,239 - PROCESSED: Message from VM 1 | Remaining queue size: 1 | Updated logical clock: 99
2025-03-03 14:56:30,240 - RECEIVED: Message from VM 1 with logical time 99 | Added to queue (now size: 2)
2025-03-03 14:56:30,490 - PROCESSED: Message from VM 2 | Remaining queue size: 1 | Updated logical clock: 100
2025-03-03 14:56:30,490 - RECEIVED: Message from VM 1 with logical time 100 | Added to queue (now size: 2)
2025-03-03 14:56:30,490 - RECEIVED: Message from VM 2 with logical time 100 | Added to queue (now size: 3)
2025-03-03 14:56:30,741 - PROCESSED: Message from VM 1 | Remaining queue size: 2 | Updated logical clock: 101
2025-03-03 14:56:30,992 - PROCESSED: Message from VM 1 | Remaining queue size: 1 | Updated logical clock: 102
2025-03-03 14:56:31,243 - PROCESSED: Message from VM 2 | Remaining queue size: 0 | Updated logical clock: 103
2025-03-03 14:56:31,243 - RECEIVED: Message from VM 2 with logical time 103 | Added to queue (now size: 1)
2025-03-03 14:56:31,494 - PROCESSED: Message from VM 2 | Remaining queue size: 0 | Updated logical clock: 104
2025-03-03 14:56:31,495 - RECEIVED: Message from VM 1 with logical time 104 | Added to queue (now size: 1)
2025-03-03 14:56:31,495 - RECEIVED: Message from VM 2 with logical time 104 | Added to queue (now size: 2)
2025-03-03 14:56:31,746 - PROCESSED: Message from VM 1 | Remaining queue size: 1 | Updated logical clock: 105
2025-03-03 14:56:31,997 - PROCESSED: Message from VM 2 | Remaining queue size: 0 | Updated logical clock: 106
2025-03-03 14:56:32,248 - INTERNAL EVENT: Logical clock: 107
2025-03-03 14:56:32,499 - INTERNAL EVENT: Logical clock: 108
2025-03-03 14:56:32,500 - RECEIVED: Message from VM 2 with logical time 108 | Added to queue (now size: 1)
2025-03-03 14:56:32,750 - PROCESSED: Message from VM 2 | Remaining queue size: 0 | Updated logical clock: 109
2025-03-03 14:56:33,002 - SENT: Message to VM 1 at logical time 110
2025-03-03 14:56:33,002 - RECEIVED: Message from VM 1 with logical time 110 | Added to queue (now size: 1)
2025-03-03 14:56:33,002 - RECEIVED: Message from VM 2 with logical time 110 | Added to queue (now size: 2)
2025-03-03 14:56:33,253 - PROCESSED: Message from VM 1 | Remaining queue size: 1 | Updated logical clock: 111
2025-03-03 14:56:33,504 - PROCESSED: Message from VM 2 | Remaining queue size: 0 | Updated logical clock: 112
2025-03-03 14:56:33,755 - INTERNAL EVENT: Logical clock: 113
2025-03-03 14:56:33,756 - RECEIVED: Message from VM 1 with logical time 113 | Added to queue (now size: 1)
2025-03-03 14:56:34,007 - PROCESSED: Message from VM 1 | Remaining queue size: 0 | Updated logical clock: 114
2025-03-03 14:56:34,007 - RECEIVED: Message from VM 2 with logical time 114 | Added to queue (now size: 1)
2025-03-03 14:56:34,258 - PROCESSED: Message from VM 2 | Remaining queue size: 0 | Updated logical clock: 115
2025-03-03 14:56:34,258 - RECEIVED: Message from VM 2 with logical time 115 | Added to queue (now size: 1)
2025-03-03 14:56:34,508 - PROCESSED: Message from VM 2 | Remaining queue size: 0 | Updated logical clock: 116
2025-03-03 14:56:34,509 - RECEIVED: Message from VM 2 with logical time 116 | Added to queue (now size: 1)
2025-03-03 14:56:34,759 - PROCESSED: Message from VM 2 | Remaining queue size: 0 | Updated logical clock: 117
2025-03-03 14:56:35,011 - SENT: Message to VM 1 at logical time 118
2025-03-03 14:56:35,011 - SENT: Message to VM 2 at logical time 118
2025-03-03 14:56:35,011 - RECEIVED: Message from VM 2 with logical time 118 | Added to queue (now size: 1)
2025-03-03 14:56:35,262 - PROCESSED: Message from VM 2 | Remaining queue size: 0 | Updated logical clock: 119
2025-03-03 14:56:35,513 - INTERNAL EVENT: Logical clock: 120
2025-03-03 14:56:35,513 - RECEIVED: Message from VM 2 with logical time 120 | Added to queue (now size: 1)
2025-03-03 14:56:35,764 - PROCESSED: Message from VM 2 | Remaining queue size: 0 | Updated logical clock: 121
2025-03-03 14:56:36,015 - SENT: Message to VM 1 at logical time 122
2025-03-03 14:56:36,016 - RECEIVED: Message from VM 2 with logical time 122 | Added to queue (now size: 1)
2025-03-03 14:56:36,266 - PROCESSED: Message from VM 2 | Remaining queue size: 0 | Updated logical clock: 123
2025-03-03 14:56:36,266 - RECEIVED: Message from VM 2 with logical time 123 | Added to queue (now size: 1)
2025-03-03 14:56:36,517 - PROCESSED: Message from VM 2 | Remaining queue size: 0 | Updated logical clock: 124
2025-03-03 14:56:36,768 - INTERNAL EVENT: Logical clock: 125
2025-03-03 14:56:37,018 - SENT: Message to VM 1 at logical time 126
2025-03-03 14:56:37,019 - SENT: Message to VM 2 at logical time 126
2025-03-03 14:56:37,270 - SENT: Message to VM 1 at logical time 127
2025-03-03 14:56:37,270 - SENT: Message to VM 2 at logical time 127
2025-03-03 14:56:37,521 - SENT: Message to VM 1 at logical time 128
2025-03-03 14:56:37,773 - SENT: Message to VM 1 at logical time 129
2025-03-03 14:56:37,773 - RECEIVED: Message from VM 2 with logical time 130 | Added to queue (now size: 1)
2025-03-03 14:56:38,024 - PROCESSED: Message from VM 2 | Remaining queue size: 0 | Updated logical clock: 131
2025-03-03 14:56:38,275 - SENT: Message to VM 1 at logical time 132
2025-03-03 14:56:38,276 - RECEIVED: Message from VM 2 with logical time 132 | Added to queue (now size: 1)
2025-03-03 14:56:38,526 - PROCESSED: Message from VM 2 | Remaining queue size: 0 | Updated logical clock: 133
2025-03-03 14:56:38,778 - SENT: Message to VM 1 at logical time 134
2025-03-03 14:56:38,778 - SENT: Message to VM 2 at logical time 134
2025-03-03 14:56:38,778 - RECEIVED: Message from VM 2 with logical time 134 | Added to queue (now size: 1)
2025-03-03 14:56:39,029 - PROCESSED: Message from VM 2 | Remaining queue size: 0 | Updated logical clock: 135
2025-03-03 14:56:39,280 - SENT: Message to VM 1 at logical time 136
2025-03-03 14:56:39,280 - SENT: Message to VM 2 at logical time 136
2025-03-03 14:56:39,532 - INTERNAL EVENT: Logical clock: 137
2025-03-03 14:56:39,783 - SENT: Message to VM 1 at logical time 138
2025-03-03 14:56:39,783 - SENT: Message to VM 2 at logical time 138
2025-03-03 14:56:39,783 - RECEIVED: Message from VM 2 with logical time 138 | Added to queue (now size: 1)
2025-03-03 14:56:40,033 - PROCESSED: Message from VM 2 | Remaining queue size: 0 | Updated logical clock: 139
2025-03-03 14:56:40,284 - INTERNAL EVENT: Logical clock: 140
2025-03-03 14:56:40,285 - RECEIVED: Message from VM 2 with logical time 140 | Added to queue (now size: 1)
2025-03-03 14:56:40,536 - PROCESSED: Message from VM 2 | Remaining queue size: 0 | Updated logical clock: 141
2025-03-03 14:56:40,536 - RECEIVED: Message from VM 2 with logical time 141 | Added to queue (now size: 1)
2025-03-03 14:56:40,787 - PROCESSED: Message from VM 2 | Remaining queue size: 0 | Updated logical clock: 142
2025-03-03 14:56:41,038 - INTERNAL EVENT: Logical clock: 143
2025-03-03 14:56:41,039 - RECEIVED: Message from VM 1 with logical time 143 | Added to queue (now size: 1)
2025-03-03 14:56:41,289 - PROCESSED: Message from VM 1 | Remaining queue size: 0 | Updated logical clock: 144
2025-03-03 14:56:41,290 - RECEIVED: Message from VM 1 with logical time 144 | Added to queue (now size: 1)
2025-03-03 14:56:41,540 - PROCESSED: Message from VM 1 | Remaining queue size: 0 | Updated logical clock: 145
2025-03-03 14:56:41,791 - SENT: Message to VM 1 at logical time 146
2025-03-03 14:56:42,042 - SENT: Message to VM 2 at logical time 147
2025-03-03 14:56:42,294 - SENT: Message to VM 1 at logical time 148
2025-03-03 14:56:42,294 - SENT: Message to VM 2 at logical time 148
2025-03-03 14:56:42,545 - INTERNAL EVENT: Logical clock: 149
2025-03-03 14:56:42,796 - SENT: Message to VM 1 at logical time 150
2025-03-03 14:56:42,797 - RECEIVED: Message from VM 2 with logical time 150 | Added to queue (now size: 1)
2025-03-03 14:56:43,048 - PROCESSED: Message from VM 2 | Remaining queue size: 0 | Updated logical clock: 151
2025-03-03 14:56:43,299 - SENT: Message to VM 1 at logical time 152
2025-03-03 14:56:43,299 - SENT: Message to VM 2 at logical time 152
2025-03-03 14:56:43,299 - RECEIVED: Message from VM 2 with logical time 152 | Added to queue (now size: 1)
2025-03-03 14:56:43,550 - PROCESSED: Message from VM 2 | Remaining queue size: 0 | Updated logical clock: 153
2025-03-03 14:56:43,801 - SENT: Message to VM 1 at logical time 154
2025-03-03 14:56:43,802 - RECEIVED: Message from VM 1 with logical time 154 | Added to queue (now size: 1)
2025-03-03 14:56:44,052 - PROCESSED: Message from VM 1 | Remaining queue size: 0 | Updated logical clock: 155
2025-03-03 14:56:44,303 - SENT: Message to VM 1 at logical time 156
2025-03-03 14:56:44,303 - SENT: Message to VM 2 at logical time 156
2025-03-03 14:56:44,304 - RECEIVED: Message from VM 2 with logical time 156 | Added to queue (now size: 1)
2025-03-03 14:56:44,555 - PROCESSED: Message from VM 2 | Remaining queue size: 0 | Updated logical clock: 157
2025-03-03 14:56:44,806 - SENT: Message to VM 2 at logical time 158
2025-03-03 14:56:44,806 - RECEIVED: Message from VM 2 with logical time 158 | Added to queue (now size: 1)
2025-03-03 14:56:45,057 - PROCESSED: Message from VM 2 | Remaining queue size: 0 | Updated logical clock: 159
2025-03-03 14:56:45,308 - SENT: Message to VM 1 at logical time 160
2025-03-03 14:56:45,308 - SENT: Message to VM 2 at logical time 160
2025-03-03 14:56:45,559 - SENT: Message to VM 1 at logical time 161
2025-03-03 14:56:45,559 - SENT: Message to VM 2 at logical time 161
2025-03-03 14:56:45,811 - SENT: Message to VM 1 at logical time 162
2025-03-03 14:56:45,811 - SENT: Message to VM 2 at logical time 162
2025-03-03 14:56:46,062 - SENT: Message to VM 1 at logical time 163
2025-03-03 14:56:46,062 - SENT: Message to VM 2 at logical time 163
2025-03-03 14:56:46,313 - SENT: Message to VM 2 at logical time 164
2025-03-03 14:56:46,565 - SENT: Message to VM 1 at logical time 165
2025-03-03 14:56:46,565 - SENT: Message to VM 2 at logical time 165
2025-03-03 14:56:46,816 - INTERNAL EVENT: Logical clock: 166
2025-03-03 14:56:47,067 - SENT: Message to VM 2 at logical time 167
2025-03-03 14:56:47,068 - RECEIVED: Message from VM 1 with logical time 167 | Added to queue (now size: 1)
2025-03-03 14:56:47,317 - PROCESSED: Message from VM 1 | Remaining queue size: 0 | Updated logical clock: 168
2025-03-03 14:56:47,318 - RECEIVED: Message from VM 1 with logical time 168 | Added to queue (now size: 1)
2025-03-03 14:56:47,568 - PROCESSED: Message from VM 1 | Remaining queue size: 0 | Updated logical clock: 169
2025-03-03 14:56:47,819 - INTERNAL EVENT: Logical clock: 170
2025-03-03 14:56:48,071 - SENT: Message to VM 1 at logical time 171
2025-03-03 14:56:48,071 - RECEIVED: Message from VM 1 with logical time 171 | Added to queue (now size: 1)
2025-03-03 14:56:48,071 - RECEIVED: Message from VM 2 with logical time 171 | Added to queue (now size: 2)
2025-03-03 14:56:48,321 - PROCESSED: Message from VM 1 | Remaining queue size: 1 | Updated logical clock: 172
2025-03-03 14:56:48,572 - PROCESSED: Message from VM 2 | Remaining queue size: 0 | Updated logical clock: 173
2025-03-03 14:56:48,573 - RECEIVED: Message from VM 2 with logical time 173 | Added to queue (now size: 1)
2025-03-03 14:56:48,824 - PROCESSED: Message from VM 2 | Remaining queue size: 0 | Updated logical clock: 174
2025-03-03 14:56:48,824 - RECEIVED: Message from VM 2 with logical time 174 | Added to queue (now size: 1)
2025-03-03 14:56:49,075 - PROCESSED: Message from VM 2 | Remaining queue size: 0 | Updated logical clock: 175
2025-03-03 14:56:49,326 - SENT: Message to VM 1 at logical time 176
2025-03-03 14:56:49,327 - RECEIVED: Message from VM 1 with logical time 176 | Added to queue (now size: 1)
2025-03-03 14:56:49,327 - RECEIVED: Message from VM 2 with logical time 176 | Added to queue (now size: 2)
2025-03-03 14:56:49,577 - PROCESSED: Message from VM 1 | Remaining queue size: 1 | Updated logical clock: 177
2025-03-03 14:56:49,829 - PROCESSED: Message from VM 2 | Remaining queue size: 0 | Updated logical clock: 178
2025-03-03 14:56:49,829 - RECEIVED: Message from VM 2 with logical time 178 | Added to queue (now size: 1)
2025-03-03 14:56:50,079 - PROCESSED: Message from VM 2 | Remaining queue size: 0 | Updated logical clock: 179
2025-03-03 14:56:50,080 - RECEIVED: Message from VM 2 with logical time 179 | Added to queue (now size: 1)
2025-03-03 14:56:50,331 - PROCESSED: Message from VM 2 | Remaining queue size: 0 | Updated logical clock: 180
2025-03-03 14:56:50,331 - RECEIVED: Message from VM 1 with logical time 180 | Added to queue (now size: 1)
2025-03-03 14:56:50,581 - PROCESSED: Message from VM 1 | Remaining queue size: 0 | Updated logical clock: 181
2025-03-03 14:56:50,832 - SENT: Message to VM 1 at logical time 182
2025-03-03 14:56:50,832 - SENT: Message to VM 2 at logical time 182
2025-03-03 14:56:50,833 - RECEIVED: Message from VM 2 with logical time 182 | Added to queue (now size: 1)
2025-03-03 14:56:51,083 - PROCESSED: Message from VM 2 | Remaining queue size: 0 | Updated logical clock: 183
2025-03-03 14:56:51,335 - SENT: Message to VM 1 at logical time 184
2025-03-03 14:56:51,335 - SENT: Message to VM 2 at logical time 184
2025-03-03 14:56:51,586 - INTERNAL EVENT: Logical clock: 185
2025-03-03 14:56:51,837 - INTERNAL EVENT: Logical clock: 186
2025-03-03 14:56:51,838 - RECEIVED: Message from VM 2 with logical time 186 | Added to queue (now size: 1)
2025-03-03 14:56:52,088 - PROCESSED: Message from VM 2 | Remaining queue size: 0 | Updated logical clock: 187
2025-03-03 14:56:52,339 - SENT: Message to VM 2 at logical time 188
2025-03-03 14:56:52,340 - RECEIVED: Message from VM 2 with logical time 188 | Added to queue (now size: 1)
2025-03-03 14:56:52,590 - PROCESSED: Message from VM 2 | Remaining queue size: 0 | Updated logical clock: 189
2025-03-03 14:56:52,842 - SENT: Message to VM 1 at logical time 190
2025-03-03 14:56:52,842 - SENT: Message to VM 2 at logical time 190
2025-03-03 14:56:52,842 - RECEIVED: Message from VM 1 with logical time 190 | Added to queue (now size: 1)
2025-03-03 14:56:53,093 - PROCESSED: Message from VM 1 | Remaining queue size: 0 | Updated logical clock: 191
2025-03-03 14:56:53,344 - SENT: Message to VM 1 at logical time 192
2025-03-03 14:56:53,344 - SENT: Message to VM 2 at logical time 192
2025-03-03 14:56:53,595 - INTERNAL EVENT: Logical clock: 193
2025-03-03 14:56:53,846 - SENT: Message to VM 1 at logical time 194
2025-03-03 14:56:53,847 - SENT: Message to VM 2 at logical time 194
2025-03-03 14:56:53,847 - RECEIVED: Message from VM 2 with logical time 194 | Added to queue (now size: 1)
2025-03-03 14:56:54,098 - PROCESSED: Message from VM 2 | Remaining queue size: 0 | Updated logical clock: 195
2025-03-03 14:56:54,349 - SENT: Message to VM 2 at logical time 196
2025-03-03 14:56:54,350 - RECEIVED: Message from VM 2 with logical time 196 | Added to queue (now size: 1)
2025-03-03 14:56:54,600 - PROCESSED: Message from VM 2 | Remaining queue size: 0 | Updated logical clock: 197
2025-03-03 14:56:54,601 - RECEIVED: Message from VM 1 with logical time 197 | Added to queue (now size: 1)
2025-03-03 14:56:54,852 - PROCESSED: Message from VM 1 | Remaining queue size: 0 | Updated logical clock: 198
2025-03-03 14:56:55,103 - SENT: Message to VM 1 at logical time 199
2025-03-03 14:56:55,103 - SENT: Message to VM 2 at logical time 199
2025-03-03 14:56:55,103 - RECEIVED: Message from VM 2 with logical time 199 | Added to queue (now size: 1)
2025-03-03 14:56:55,354 - PROCESSED: Message from VM 2 | Remaining queue size: 0 | Updated logical clock: 200
2025-03-03 14:56:55,605 - SENT: Message to VM 2 at logical time 201
2025-03-03 14:56:55,857 - SENT: Message to VM 2 at logical time 202
2025-03-03 14:56:56,108 - SENT: Message to VM 1 at logical time 203
2025-03-03 14:56:56,108 - SENT: Message to VM 2 at logical time 203
2025-03-03 14:56:56,109 - RECEIVED: Message from VM 1 with logical time 203 | Added to queue (now size: 1)
2025-03-03 14:56:56,359 - PROCESSED: Message from VM 1 | Remaining queue size: 0 | Updated logical clock: 204
2025-03-03 14:56:56,611 - SENT: Message to VM 1 at logical time 205
2025-03-03 14:56:56,611 - SENT: Message to VM 2 at logical time 205
2025-03-03 14:56:56,862 - SENT: Message to VM 1 at logical time 206
2025-03-03 14:56:56,862 - SENT: Message to VM 2 at logical time 206
2025-03-03 14:56:57,113 - SENT: Message to VM 2 at logical time 207
2025-03-03 14:56:57,365 - SENT: Message to VM 1 at logical time 208
2025-03-03 14:56:57,365 - SENT: Message to VM 2 at logical time 208
2025-03-03 14:56:57,616 - INTERNAL EVENT: Logical clock: 209
2025-03-03 14:56:57,867 - INTERNAL EVENT: Logical clock: 210
2025-03-03 14:56:57,868 - RECEIVED: Message from VM 1 with logical time 210 | Added to queue (now size: 1)
2025-03-03 14:56:58,118 - PROCESSED: Message from VM 1 | Remaining queue size: 0 | Updated logical clock: 211
2025-03-03 14:56:58,119 - RECEIVED: Message from VM 1 with logical time 211 | Added to queue (now size: 1)
2025-03-03 14:56:58,370 - PROCESSED: Message from VM 1 | Remaining queue size: 0 | Updated logical clock: 212
2025-03-03 14:56:58,621 - INTERNAL EVENT: Logical clock: 213
2025-03-03 14:56:58,873 - SENT: Message to VM 1 at logical time 214
2025-03-03 14:56:58,873 - SENT: Message to VM 2 at logical time 214
2025-03-03 14:56:58,874 - RECEIVED: Message from VM 2 with logical time 214 | Added to queue (now size: 1)
2025-03-03 14:56:59,124 - PROCESSED: Message from VM 2 | Remaining queue size: 0 | Updated logical clock: 215
2025-03-03 14:56:59,375 - SENT: Message to VM 1 at logical time 216
2025-03-03 14:56:59,375 - SENT: Message to VM 2 at logical time 216
2025-03-03 14:56:59,627 - SENT: Message to VM 2 at logical time 217
2025-03-03 14:56:59,878 - INTERNAL EVENT: Logical clock: 218
2025-03-03 14:57:00,130 - SENT: Message to VM 1 at logical time 219
2025-03-03 14:57:00,130 - RECEIVED: Message from VM 2 with logical time 219 | Added to queue (now size: 1)
2025-03-03 14:57:00,381 - PROCESSED: Message from VM 2 | Remaining queue size: 0 | Updated logical clock: 220
2025-03-03 14:57:00,381 - RECEIVED: Message from VM 2 with logical time 220 | Added to queue (now size: 1)
2025-03-03 14:57:00,632 - PROCESSED: Message from VM 2 | Remaining queue size: 0 | Updated logical clock: 221
2025-03-03 14:57:00,884 - SENT: Message to VM 1 at logical time 222
2025-03-03 14:57:00,884 - SENT: Message to VM 2 at logical time 222
2025-03-03 14:57:00,884 - RECEIVED: Message from VM 2 with logical time 222 | Added to queue (now size: 1)
2025-03-03 14:57:01,135 - PROCESSED: Message from VM 2 | Remaining queue size: 0 | Updated logical clock: 223
2025-03-03 14:57:01,386 - INTERNAL EVENT: Logical clock: 224
2025-03-03 14:57:01,637 - SENT: Message to VM 2 at logical time 225
2025-03-03 14:57:01,888 - SENT: Message to VM 1 at logical time 226
2025-03-03 14:57:01,889 - SENT: Message to VM 2 at logical time 226
2025-03-03 14:57:01,889 - RECEIVED: Message from VM 1 with logical time 226 | Added to queue (now size: 1)
2025-03-03 14:57:02,140 - PROCESSED: Message from VM 1 | Remaining queue size: 0 | Updated logical clock: 227
2025-03-03 14:57:02,390 - SENT: Message to VM 1 at logical time 228
2025-03-03 14:57:02,390 - SENT: Message to VM 2 at logical time 228
2025-03-03 14:57:02,641 - INTERNAL EVENT: Logical clock: 229
2025-03-03 14:57:02,892 - SENT: Message to VM 1 at logical time 230
2025-03-03 14:57:02,893 - SENT: Message to VM 2 at logical time 230
2025-03-03 14:57:02,893 - RECEIVED: Message from VM 1 with logical time 230 | Added to queue (now size: 1)
2025-03-03 14:57:02,893 - RECEIVED: Message from VM 2 with logical time 230 | Added to queue (now size: 2)
2025-03-03 14:57:03,144 - PROCESSED: Message from VM 1 | Remaining queue size: 1 | Updated logical clock: 231
2025-03-03 14:57:03,395 - PROCESSED: Message from VM 2 | Remaining queue size: 0 | Updated logical clock: 232
2025-03-03 14:57:03,395 - RECEIVED: Message from VM 1 with logical time 232 | Added to queue (now size: 1)
2025-03-03 14:57:03,396 - RECEIVED: Message from VM 2 with logical time 232 | Added to queue (now size: 2)
2025-03-03 14:57:03,646 - PROCESSED: Message from VM 1 | Remaining queue size: 1 | Updated logical clock: 233
2025-03-03 14:57:03,897 - PROCESSED: Message from VM 2 | Remaining queue size: 0 | Updated logical clock: 234
2025-03-03 14:57:03,898 - RECEIVED: Message from VM 1 with logical time 234 | Added to queue (now size: 1)
2025-03-03 14:57:03,898 - RECEIVED: Message from VM 2 with logical time 234 | Added to queue (now size: 2)
2025-03-03 14:57:04,149 - PROCESSED: Message from VM 1 | Remaining queue size: 1 | Updated logical clock: 235
