2025-02-28 15:19:08,331 - Initialized VM 2 with clock rate 5 ticks/second
2025-02-28 15:19:08,331 - Server started on 127.0.0.1:5002
2025-02-28 15:19:09,334 - Connected to VM 0
2025-02-28 15:19:09,334 - Connected to VM 1
2025-02-28 15:19:09,535 - SENT: Message to VM 0 at logical time 1
2025-02-28 15:19:09,736 - SENT: Message to VM 0 at logical time 2
2025-02-28 15:19:09,936 - INTERNAL EVENT: Logical clock: 3
2025-02-28 15:19:10,137 - INTERNAL EVENT: Logical clock: 4
2025-02-28 15:19:10,339 - INTERNAL EVENT: Logical clock: 5
2025-02-28 15:19:10,539 - SENT: Message to VM 0 at logical time 6
2025-02-28 15:19:10,539 - SENT: Message to VM 1 at logical time 6
2025-02-28 15:19:10,539 - RECEIVED: Message from VM 1 with logical time 6 | Added to queue (now size: 1)
2025-02-28 15:19:10,740 - PROCESSED: Message from VM 1 | Remaining queue size: 0 | Updated logical clock: 7
2025-02-28 15:19:10,941 - INTERNAL EVENT: Logical clock: 8
2025-02-28 15:19:10,942 - RECEIVED: Message from VM 1 with logical time 8 | Added to queue (now size: 1)
2025-02-28 15:19:11,143 - PROCESSED: Message from VM 1 | Remaining queue size: 0 | Updated logical clock: 9
2025-02-28 15:19:11,143 - RECEIVED: Message from VM 1 with logical time 9 | Added to queue (now size: 1)
2025-02-28 15:19:11,344 - PROCESSED: Message from VM 1 | Remaining queue size: 0 | Updated logical clock: 10
2025-02-28 15:19:11,545 - SENT: Message to VM 1 at logical time 11
2025-02-28 15:19:11,746 - INTERNAL EVENT: Logical clock: 12
2025-02-28 15:19:11,947 - SENT: Message to VM 0 at logical time 13
2025-02-28 15:19:11,947 - SENT: Message to VM 1 at logical time 13
2025-02-28 15:19:12,148 - SENT: Message to VM 0 at logical time 14
2025-02-28 15:19:12,149 - SENT: Message to VM 1 at logical time 14
2025-02-28 15:19:12,349 - SENT: Message to VM 1 at logical time 15
2025-02-28 15:19:12,550 - INTERNAL EVENT: Logical clock: 16
2025-02-28 15:19:12,751 - SENT: Message to VM 1 at logical time 17
2025-02-28 15:19:12,951 - INTERNAL EVENT: Logical clock: 18
2025-02-28 15:19:13,103 - RECEIVED: Message from VM 0 with logical time 19 | Added to queue (now size: 1)
2025-02-28 15:19:13,152 - PROCESSED: Message from VM 0 | Remaining queue size: 0 | Updated logical clock: 20
2025-02-28 15:19:13,354 - INTERNAL EVENT: Logical clock: 21
2025-02-28 15:19:13,555 - INTERNAL EVENT: Logical clock: 22
2025-02-28 15:19:13,555 - RECEIVED: Message from VM 1 with logical time 22 | Added to queue (now size: 1)
2025-02-28 15:19:13,756 - PROCESSED: Message from VM 1 | Remaining queue size: 0 | Updated logical clock: 23
2025-02-28 15:19:13,957 - INTERNAL EVENT: Logical clock: 24
2025-02-28 15:19:14,158 - INTERNAL EVENT: Logical clock: 25
2025-02-28 15:19:14,359 - INTERNAL EVENT: Logical clock: 26
2025-02-28 15:19:14,560 - INTERNAL EVENT: Logical clock: 27
2025-03-03 14:23:25,570 - Initialized VM 2 with clock rate 4 ticks/second
2025-03-03 14:23:25,571 - Server started on 127.0.0.1:5002
2025-03-03 14:23:26,573 - Connected to VM 0
2025-03-03 14:23:26,574 - Connected to VM 1
2025-03-03 14:23:26,776 - RECEIVED: Message from VM 0 with logical time 1 | Added to queue (now size: 1)
2025-03-03 14:23:26,825 - PROCESSED: Message from VM 0 | Remaining queue size: 0 | Updated logical clock: 2
2025-03-03 14:23:27,077 - SENT: Message to VM 1 at logical time 3
2025-03-03 14:23:27,328 - INTERNAL EVENT: Logical clock: 4
2025-03-03 14:23:27,578 - INTERNAL EVENT: Logical clock: 5
2025-03-03 14:23:27,830 - INTERNAL EVENT: Logical clock: 6
2025-03-03 14:23:27,982 - RECEIVED: Message from VM 0 with logical time 7 | Added to queue (now size: 1)
2025-03-03 14:23:28,080 - PROCESSED: Message from VM 0 | Remaining queue size: 0 | Updated logical clock: 8
2025-03-03 14:23:28,331 - INTERNAL EVENT: Logical clock: 9
2025-03-03 14:23:28,582 - SENT: Message to VM 0 at logical time 10
2025-03-03 14:23:28,835 - SENT: Message to VM 0 at logical time 11
2025-03-03 14:23:28,835 - SENT: Message to VM 1 at logical time 11
2025-03-03 14:23:29,086 - INTERNAL EVENT: Logical clock: 12
2025-03-03 14:23:29,188 - RECEIVED: Message from VM 0 with logical time 14 | Added to queue (now size: 1)
2025-03-03 14:23:29,337 - PROCESSED: Message from VM 0 | Remaining queue size: 0 | Updated logical clock: 15
2025-03-03 14:23:29,588 - INTERNAL EVENT: Logical clock: 16
2025-03-03 14:23:29,839 - INTERNAL EVENT: Logical clock: 17
2025-03-03 14:23:30,090 - INTERNAL EVENT: Logical clock: 18
2025-03-03 14:23:30,342 - INTERNAL EVENT: Logical clock: 19
2025-03-03 14:23:30,580 - RECEIVED: Message from VM 1 with logical time 13 | Added to queue (now size: 1)
2025-03-03 14:23:30,593 - PROCESSED: Message from VM 1 | Remaining queue size: 0 | Updated logical clock: 20
2025-03-03 14:23:30,844 - INTERNAL EVENT: Logical clock: 21
2025-03-03 14:23:30,997 - RECEIVED: Message from VM 0 with logical time 23 | Added to queue (now size: 1)
2025-03-03 14:23:31,095 - PROCESSED: Message from VM 0 | Remaining queue size: 0 | Updated logical clock: 24
2025-03-03 14:23:31,349 - INTERNAL EVENT: Logical clock: 25
2025-03-03 14:23:31,400 - RECEIVED: Message from VM 0 with logical time 25 | Added to queue (now size: 1)
2025-03-03 14:23:31,600 - PROCESSED: Message from VM 0 | Remaining queue size: 0 | Updated logical clock: 26
2025-03-03 14:23:31,850 - INTERNAL EVENT: Logical clock: 27
2025-03-03 14:23:32,002 - RECEIVED: Message from VM 0 with logical time 28 | Added to queue (now size: 1)
2025-03-03 14:23:32,102 - PROCESSED: Message from VM 0 | Remaining queue size: 0 | Updated logical clock: 29
2025-03-03 14:23:32,353 - INTERNAL EVENT: Logical clock: 30
2025-03-03 14:23:32,405 - RECEIVED: Message from VM 0 with logical time 30 | Added to queue (now size: 1)
2025-03-03 14:23:32,604 - PROCESSED: Message from VM 0 | Remaining queue size: 0 | Updated logical clock: 31
2025-03-03 14:23:32,855 - SENT: Message to VM 1 at logical time 32
2025-03-03 14:23:33,107 - INTERNAL EVENT: Logical clock: 33
2025-03-03 14:23:33,209 - RECEIVED: Message from VM 0 with logical time 34 | Added to queue (now size: 1)
2025-03-03 14:23:33,358 - PROCESSED: Message from VM 0 | Remaining queue size: 0 | Updated logical clock: 35
2025-03-03 14:23:33,609 - SENT: Message to VM 0 at logical time 36
2025-03-03 14:23:33,609 - SENT: Message to VM 1 at logical time 36
2025-03-03 14:23:33,860 - INTERNAL EVENT: Logical clock: 37
2025-03-03 14:23:34,112 - INTERNAL EVENT: Logical clock: 38
2025-03-03 14:23:34,363 - INTERNAL EVENT: Logical clock: 39
2025-03-03 14:23:34,614 - INTERNAL EVENT: Logical clock: 40
2025-03-03 14:23:34,865 - INTERNAL EVENT: Logical clock: 41
2025-03-03 14:23:35,116 - SENT: Message to VM 0 at logical time 42
2025-03-03 14:23:35,367 - INTERNAL EVENT: Logical clock: 43
2025-03-03 14:23:35,421 - RECEIVED: Message from VM 0 with logical time 46 | Added to queue (now size: 1)
2025-03-03 14:23:35,618 - PROCESSED: Message from VM 0 | Remaining queue size: 0 | Updated logical clock: 47
2025-03-03 14:23:35,822 - RECEIVED: Message from VM 0 with logical time 48 | Added to queue (now size: 1)
2025-03-03 14:23:35,868 - PROCESSED: Message from VM 0 | Remaining queue size: 0 | Updated logical clock: 49
2025-03-03 14:23:36,024 - RECEIVED: Message from VM 0 with logical time 49 | Added to queue (now size: 1)
2025-03-03 14:23:36,120 - PROCESSED: Message from VM 0 | Remaining queue size: 0 | Updated logical clock: 50
2025-03-03 14:23:36,371 - INTERNAL EVENT: Logical clock: 51
2025-03-03 14:23:36,622 - SENT: Message to VM 0 at logical time 52
2025-03-03 14:23:36,827 - RECEIVED: Message from VM 0 with logical time 54 | Added to queue (now size: 1)
2025-03-03 14:23:36,873 - PROCESSED: Message from VM 0 | Remaining queue size: 0 | Updated logical clock: 55
2025-03-03 14:23:37,125 - INTERNAL EVENT: Logical clock: 56
2025-03-03 14:23:37,376 - SENT: Message to VM 0 at logical time 57
2025-03-03 14:23:37,627 - SENT: Message to VM 0 at logical time 58
2025-03-03 14:23:37,879 - SENT: Message to VM 0 at logical time 59
2025-03-03 14:23:38,129 - SENT: Message to VM 0 at logical time 60
2025-03-03 14:23:38,380 - INTERNAL EVENT: Logical clock: 61
2025-03-03 14:23:38,632 - INTERNAL EVENT: Logical clock: 62
2025-03-03 14:23:38,883 - INTERNAL EVENT: Logical clock: 63
2025-03-03 14:23:39,038 - RECEIVED: Message from VM 0 with logical time 66 | Added to queue (now size: 1)
2025-03-03 14:23:39,134 - PROCESSED: Message from VM 0 | Remaining queue size: 0 | Updated logical clock: 67
2025-03-03 14:23:39,385 - INTERNAL EVENT: Logical clock: 68
2025-03-03 14:23:39,637 - INTERNAL EVENT: Logical clock: 69
2025-03-03 14:23:39,888 - SENT: Message to VM 1 at logical time 70
2025-03-03 14:23:40,139 - INTERNAL EVENT: Logical clock: 71
2025-03-03 14:23:40,390 - SENT: Message to VM 1 at logical time 72
2025-03-03 14:23:40,642 - INTERNAL EVENT: Logical clock: 73
2025-03-03 14:23:40,893 - INTERNAL EVENT: Logical clock: 74
2025-03-03 14:23:41,144 - INTERNAL EVENT: Logical clock: 75
2025-03-03 14:23:41,249 - RECEIVED: Message from VM 0 with logical time 77 | Added to queue (now size: 1)
2025-03-03 14:23:41,395 - PROCESSED: Message from VM 0 | Remaining queue size: 0 | Updated logical clock: 78
2025-03-03 14:23:41,647 - INTERNAL EVENT: Logical clock: 79
2025-03-03 14:23:41,898 - SENT: Message to VM 0 at logical time 80
2025-03-03 14:23:42,149 - INTERNAL EVENT: Logical clock: 81
2025-03-03 14:23:42,402 - INTERNAL EVENT: Logical clock: 82
2025-03-03 14:23:42,456 - RECEIVED: Message from VM 0 with logical time 83 | Added to queue (now size: 1)
2025-03-03 14:23:42,654 - PROCESSED: Message from VM 0 | Remaining queue size: 0 | Updated logical clock: 84
2025-03-03 14:23:42,858 - RECEIVED: Message from VM 0 with logical time 85 | Added to queue (now size: 1)
2025-03-03 14:23:42,905 - PROCESSED: Message from VM 0 | Remaining queue size: 0 | Updated logical clock: 86
2025-03-03 14:23:43,157 - SENT: Message to VM 1 at logical time 87
2025-03-03 14:23:43,407 - INTERNAL EVENT: Logical clock: 88
2025-03-03 14:23:43,658 - INTERNAL EVENT: Logical clock: 89
2025-03-03 14:23:43,863 - RECEIVED: Message from VM 0 with logical time 90 | Added to queue (now size: 1)
2025-03-03 14:23:43,909 - PROCESSED: Message from VM 0 | Remaining queue size: 0 | Updated logical clock: 91
2025-03-03 14:23:44,161 - INTERNAL EVENT: Logical clock: 92
2025-03-03 14:23:44,412 - INTERNAL EVENT: Logical clock: 93
2025-03-03 14:23:44,663 - INTERNAL EVENT: Logical clock: 94
2025-03-03 14:23:44,869 - RECEIVED: Message from VM 0 with logical time 95 | Added to queue (now size: 1)
2025-03-03 14:23:44,914 - PROCESSED: Message from VM 0 | Remaining queue size: 0 | Updated logical clock: 96
2025-03-03 14:23:45,165 - INTERNAL EVENT: Logical clock: 97
2025-03-03 14:23:45,416 - INTERNAL EVENT: Logical clock: 98
2025-03-03 14:23:45,473 - RECEIVED: Message from VM 0 with logical time 98 | Added to queue (now size: 1)
2025-03-03 14:23:45,666 - PROCESSED: Message from VM 0 | Remaining queue size: 0 | Updated logical clock: 99
2025-03-03 14:23:45,918 - SENT: Message to VM 0 at logical time 100
2025-03-03 14:23:46,169 - INTERNAL EVENT: Logical clock: 101
2025-03-03 14:23:46,420 - INTERNAL EVENT: Logical clock: 102
2025-03-03 14:23:59,391 - Initialized VM 2 with clock rate 4 ticks/second
2025-03-03 14:23:59,392 - Server started on 127.0.0.1:5002
2025-03-03 14:24:00,395 - Connected to VM 0
2025-03-03 14:24:00,395 - Connected to VM 1
2025-03-03 14:24:00,647 - INTERNAL EVENT: Logical clock: 1
2025-03-03 14:24:00,897 - SENT: Message to VM 0 at logical time 2
2025-03-03 14:24:00,897 - SENT: Message to VM 1 at logical time 2
2025-03-03 14:24:01,148 - INTERNAL EVENT: Logical clock: 3
2025-03-03 14:24:01,398 - INTERNAL EVENT: Logical clock: 4
2025-03-03 14:24:01,401 - RECEIVED: Message from VM 1 with logical time 6 | Added to queue (now size: 1)
2025-03-03 14:24:01,649 - PROCESSED: Message from VM 1 | Remaining queue size: 0 | Updated logical clock: 7
2025-03-03 14:24:01,899 - INTERNAL EVENT: Logical clock: 8
2025-03-03 14:24:02,150 - INTERNAL EVENT: Logical clock: 9
2025-03-03 14:24:02,399 - RECEIVED: Message from VM 0 with logical time 5 | Added to queue (now size: 1)
2025-03-03 14:24:02,400 - PROCESSED: Message from VM 0 | Remaining queue size: 0 | Updated logical clock: 10
2025-03-03 14:24:02,652 - INTERNAL EVENT: Logical clock: 11
2025-03-03 14:24:02,901 - RECEIVED: Message from VM 0 with logical time 6 | Added to queue (now size: 1)
2025-03-03 14:24:02,902 - PROCESSED: Message from VM 0 | Remaining queue size: 0 | Updated logical clock: 12
2025-03-03 14:24:03,153 - INTERNAL EVENT: Logical clock: 13
2025-03-03 14:24:03,403 - SENT: Message to VM 0 at logical time 14
2025-03-03 14:24:03,654 - INTERNAL EVENT: Logical clock: 15
2025-03-03 14:24:03,905 - INTERNAL EVENT: Logical clock: 16
2025-03-03 14:24:04,155 - INTERNAL EVENT: Logical clock: 17
2025-03-03 14:24:04,406 - INTERNAL EVENT: Logical clock: 18
2025-03-03 14:24:04,657 - INTERNAL EVENT: Logical clock: 19
2025-03-03 14:24:04,907 - SENT: Message to VM 0 at logical time 20
2025-03-03 14:24:05,158 - INTERNAL EVENT: Logical clock: 21
2025-03-03 14:24:05,409 - INTERNAL EVENT: Logical clock: 22
2025-03-03 14:24:05,423 - RECEIVED: Message from VM 1 with logical time 30 | Added to queue (now size: 1)
2025-03-03 14:24:05,660 - PROCESSED: Message from VM 1 | Remaining queue size: 0 | Updated logical clock: 31
2025-03-03 14:24:05,911 - SENT: Message to VM 0 at logical time 32
2025-03-03 14:24:05,911 - SENT: Message to VM 1 at logical time 32
2025-03-03 14:24:06,162 - INTERNAL EVENT: Logical clock: 33
2025-03-03 14:24:06,412 - INTERNAL EVENT: Logical clock: 34
2025-03-03 14:24:06,663 - INTERNAL EVENT: Logical clock: 35
2025-03-03 14:24:06,914 - INTERNAL EVENT: Logical clock: 36
2025-03-03 14:24:07,103 - RECEIVED: Message from VM 1 with logical time 40 | Added to queue (now size: 1)
2025-03-03 14:24:07,165 - PROCESSED: Message from VM 1 | Remaining queue size: 0 | Updated logical clock: 41
2025-03-03 14:24:07,416 - INTERNAL EVENT: Logical clock: 42
2025-03-03 14:24:07,666 - INTERNAL EVENT: Logical clock: 43
2025-03-03 14:24:07,916 - SENT: Message to VM 1 at logical time 44
2025-03-03 14:24:08,108 - RECEIVED: Message from VM 1 with logical time 46 | Added to queue (now size: 1)
2025-03-03 14:24:08,168 - PROCESSED: Message from VM 1 | Remaining queue size: 0 | Updated logical clock: 47
2025-03-03 14:24:08,418 - SENT: Message to VM 0 at logical time 48
2025-03-03 14:24:08,669 - INTERNAL EVENT: Logical clock: 49
2025-03-03 14:24:08,920 - INTERNAL EVENT: Logical clock: 50
2025-03-03 14:24:09,171 - SENT: Message to VM 0 at logical time 51
2025-03-03 14:24:09,283 - RECEIVED: Message from VM 1 with logical time 53 | Added to queue (now size: 1)
2025-03-03 14:24:09,422 - PROCESSED: Message from VM 1 | Remaining queue size: 0 | Updated logical clock: 54
2025-03-03 14:24:09,673 - INTERNAL EVENT: Logical clock: 55
2025-03-03 14:24:09,923 - SENT: Message to VM 0 at logical time 56
2025-03-03 14:24:09,953 - RECEIVED: Message from VM 1 with logical time 57 | Added to queue (now size: 1)
2025-03-03 14:24:10,174 - PROCESSED: Message from VM 1 | Remaining queue size: 0 | Updated logical clock: 58
2025-03-03 14:24:10,288 - RECEIVED: Message from VM 1 with logical time 59 | Added to queue (now size: 1)
2025-03-03 14:24:10,425 - PROCESSED: Message from VM 1 | Remaining queue size: 0 | Updated logical clock: 60
2025-03-03 14:24:10,456 - RECEIVED: Message from VM 1 with logical time 60 | Added to queue (now size: 1)
2025-03-03 14:24:10,676 - PROCESSED: Message from VM 1 | Remaining queue size: 0 | Updated logical clock: 61
2025-03-03 14:24:10,927 - SENT: Message to VM 0 at logical time 62
2025-03-03 14:24:10,927 - SENT: Message to VM 1 at logical time 62
2025-03-03 14:24:11,178 - SENT: Message to VM 0 at logical time 63
2025-03-03 14:24:11,428 - INTERNAL EVENT: Logical clock: 64
2025-03-03 14:24:11,680 - INTERNAL EVENT: Logical clock: 65
2025-03-03 14:24:11,798 - RECEIVED: Message from VM 1 with logical time 68 | Added to queue (now size: 1)
2025-03-03 14:24:11,931 - PROCESSED: Message from VM 1 | Remaining queue size: 0 | Updated logical clock: 69
2025-03-03 14:24:12,182 - SENT: Message to VM 1 at logical time 70
2025-03-03 14:24:12,433 - INTERNAL EVENT: Logical clock: 71
2025-03-03 14:24:12,685 - SENT: Message to VM 0 at logical time 72
2025-03-03 14:24:12,685 - SENT: Message to VM 1 at logical time 72
2025-03-03 14:24:12,935 - INTERNAL EVENT: Logical clock: 73
2025-03-03 14:24:12,973 - RECEIVED: Message from VM 1 with logical time 75 | Added to queue (now size: 1)
2025-03-03 14:24:13,186 - PROCESSED: Message from VM 1 | Remaining queue size: 0 | Updated logical clock: 76
2025-03-03 14:24:13,438 - SENT: Message to VM 0 at logical time 77
2025-03-03 14:24:13,438 - SENT: Message to VM 1 at logical time 77
2025-03-03 14:24:13,689 - INTERNAL EVENT: Logical clock: 78
2025-03-03 14:24:13,940 - SENT: Message to VM 0 at logical time 79
2025-03-03 14:24:14,149 - RECEIVED: Message from VM 1 with logical time 82 | Added to queue (now size: 1)
2025-03-03 14:24:14,190 - PROCESSED: Message from VM 1 | Remaining queue size: 0 | Updated logical clock: 83
2025-03-03 14:24:14,441 - INTERNAL EVENT: Logical clock: 84
2025-03-03 14:24:14,693 - INTERNAL EVENT: Logical clock: 85
2025-03-03 14:24:14,944 - INTERNAL EVENT: Logical clock: 86
2025-03-03 14:24:15,156 - RECEIVED: Message from VM 1 with logical time 88 | Added to queue (now size: 1)
2025-03-03 14:24:15,195 - PROCESSED: Message from VM 1 | Remaining queue size: 0 | Updated logical clock: 89
2025-03-03 14:24:15,445 - INTERNAL EVENT: Logical clock: 90
2025-03-03 14:24:15,697 - INTERNAL EVENT: Logical clock: 91
2025-03-03 14:24:15,948 - INTERNAL EVENT: Logical clock: 92
2025-03-03 14:24:16,199 - INTERNAL EVENT: Logical clock: 93
2025-03-03 14:24:16,331 - RECEIVED: Message from VM 1 with logical time 95 | Added to queue (now size: 1)
2025-03-03 14:24:16,451 - PROCESSED: Message from VM 1 | Remaining queue size: 0 | Updated logical clock: 96
2025-03-03 14:24:16,499 - RECEIVED: Message from VM 1 with logical time 96 | Added to queue (now size: 1)
2025-03-03 14:24:16,702 - PROCESSED: Message from VM 1 | Remaining queue size: 0 | Updated logical clock: 97
2025-03-03 14:24:16,953 - SENT: Message to VM 1 at logical time 98
2025-03-03 14:24:17,204 - INTERNAL EVENT: Logical clock: 99
2025-03-03 14:24:17,338 - RECEIVED: Message from VM 1 with logical time 101 | Added to queue (now size: 1)
2025-03-03 14:24:17,455 - PROCESSED: Message from VM 1 | Remaining queue size: 0 | Updated logical clock: 102
2025-03-03 14:24:17,674 - RECEIVED: Message from VM 1 with logical time 103 | Added to queue (now size: 1)
2025-03-03 14:24:17,706 - PROCESSED: Message from VM 1 | Remaining queue size: 0 | Updated logical clock: 104
2025-03-03 14:24:17,958 - SENT: Message to VM 0 at logical time 105
2025-03-03 14:24:17,958 - SENT: Message to VM 1 at logical time 105
2025-03-03 14:24:18,177 - RECEIVED: Message from VM 1 with logical time 107 | Added to queue (now size: 1)
2025-03-03 14:24:18,208 - PROCESSED: Message from VM 1 | Remaining queue size: 0 | Updated logical clock: 108
2025-03-03 14:24:18,459 - INTERNAL EVENT: Logical clock: 109
2025-03-03 14:24:18,710 - INTERNAL EVENT: Logical clock: 110
2025-03-03 14:24:18,848 - RECEIVED: Message from VM 1 with logical time 111 | Added to queue (now size: 1)
2025-03-03 14:24:18,962 - PROCESSED: Message from VM 1 | Remaining queue size: 0 | Updated logical clock: 112
2025-03-03 14:24:19,016 - RECEIVED: Message from VM 1 with logical time 112 | Added to queue (now size: 1)
2025-03-03 14:24:19,213 - PROCESSED: Message from VM 1 | Remaining queue size: 0 | Updated logical clock: 113
2025-03-03 14:24:19,463 - INTERNAL EVENT: Logical clock: 114
2025-03-03 14:24:19,715 - INTERNAL EVENT: Logical clock: 115
2025-03-03 14:24:19,966 - INTERNAL EVENT: Logical clock: 116
2025-03-03 14:24:20,216 - INTERNAL EVENT: Logical clock: 117
2025-03-03 14:24:20,468 - INTERNAL EVENT: Logical clock: 118
2025-03-03 14:24:20,718 - INTERNAL EVENT: Logical clock: 119
2025-03-03 14:24:20,970 - INTERNAL EVENT: Logical clock: 120
2025-03-03 14:24:21,199 - RECEIVED: Message from VM 1 with logical time 125 | Added to queue (now size: 1)
2025-03-03 14:24:21,221 - PROCESSED: Message from VM 1 | Remaining queue size: 0 | Updated logical clock: 126
2025-03-03 14:24:21,472 - INTERNAL EVENT: Logical clock: 127
2025-03-03 14:24:21,723 - INTERNAL EVENT: Logical clock: 128
2025-03-03 14:24:21,974 - SENT: Message to VM 1 at logical time 129
2025-03-03 14:24:22,225 - INTERNAL EVENT: Logical clock: 130
2025-03-03 14:24:22,476 - INTERNAL EVENT: Logical clock: 131
2025-03-03 14:24:22,542 - RECEIVED: Message from VM 1 with logical time 133 | Added to queue (now size: 1)
2025-03-03 14:24:22,727 - PROCESSED: Message from VM 1 | Remaining queue size: 0 | Updated logical clock: 134
2025-03-03 14:24:22,877 - RECEIVED: Message from VM 1 with logical time 135 | Added to queue (now size: 1)
2025-03-03 14:24:22,978 - PROCESSED: Message from VM 1 | Remaining queue size: 0 | Updated logical clock: 136
2025-03-03 14:24:23,229 - INTERNAL EVENT: Logical clock: 137
2025-03-03 14:24:23,381 - RECEIVED: Message from VM 1 with logical time 138 | Added to queue (now size: 1)
2025-03-03 14:24:23,480 - PROCESSED: Message from VM 1 | Remaining queue size: 0 | Updated logical clock: 139
2025-03-03 14:24:23,731 - INTERNAL EVENT: Logical clock: 140
2025-03-03 14:24:23,982 - SENT: Message to VM 0 at logical time 141
2025-03-03 14:24:24,233 - INTERNAL EVENT: Logical clock: 142
2025-03-03 14:24:24,484 - INTERNAL EVENT: Logical clock: 143
2025-03-03 14:24:24,555 - RECEIVED: Message from VM 1 with logical time 145 | Added to queue (now size: 1)
2025-03-03 14:24:24,722 - RECEIVED: Message from VM 1 with logical time 146 | Added to queue (now size: 2)
2025-03-03 14:24:24,735 - PROCESSED: Message from VM 1 | Remaining queue size: 1 | Updated logical clock: 146
2025-03-03 14:24:24,987 - PROCESSED: Message from VM 1 | Remaining queue size: 0 | Updated logical clock: 147
2025-03-03 14:24:25,238 - SENT: Message to VM 0 at logical time 148
2025-03-03 14:24:25,238 - SENT: Message to VM 1 at logical time 148
2025-03-03 14:24:25,489 - INTERNAL EVENT: Logical clock: 149
2025-03-03 14:24:25,740 - INTERNAL EVENT: Logical clock: 150
2025-03-03 14:24:25,991 - INTERNAL EVENT: Logical clock: 151
2025-03-03 14:24:26,243 - INTERNAL EVENT: Logical clock: 152
2025-03-03 14:24:26,494 - SENT: Message to VM 1 at logical time 153
2025-03-03 14:24:26,736 - RECEIVED: Message from VM 1 with logical time 158 | Added to queue (now size: 1)
2025-03-03 14:24:26,745 - PROCESSED: Message from VM 1 | Remaining queue size: 0 | Updated logical clock: 159
2025-03-03 14:24:26,996 - SENT: Message to VM 0 at logical time 160
2025-03-03 14:24:27,071 - RECEIVED: Message from VM 1 with logical time 160 | Added to queue (now size: 1)
2025-03-03 14:24:27,239 - RECEIVED: Message from VM 1 with logical time 161 | Added to queue (now size: 2)
2025-03-03 14:24:27,247 - PROCESSED: Message from VM 1 | Remaining queue size: 1 | Updated logical clock: 161
2025-03-03 14:24:27,498 - PROCESSED: Message from VM 1 | Remaining queue size: 0 | Updated logical clock: 162
2025-03-03 14:24:27,748 - INTERNAL EVENT: Logical clock: 163
2025-03-03 14:24:27,909 - RECEIVED: Message from VM 1 with logical time 165 | Added to queue (now size: 1)
2025-03-03 14:24:27,998 - PROCESSED: Message from VM 1 | Remaining queue size: 0 | Updated logical clock: 166
2025-03-03 14:24:28,249 - INTERNAL EVENT: Logical clock: 167
2025-03-03 14:24:28,413 - RECEIVED: Message from VM 1 with logical time 168 | Added to queue (now size: 1)
2025-03-03 14:24:28,500 - PROCESSED: Message from VM 1 | Remaining queue size: 0 | Updated logical clock: 169
2025-03-03 14:24:28,750 - INTERNAL EVENT: Logical clock: 170
2025-03-03 14:24:29,002 - INTERNAL EVENT: Logical clock: 171
2025-03-03 14:24:29,252 - INTERNAL EVENT: Logical clock: 172
2025-03-03 14:24:29,503 - INTERNAL EVENT: Logical clock: 173
2025-03-03 14:24:29,754 - INTERNAL EVENT: Logical clock: 174
2025-03-03 14:24:30,006 - SENT: Message to VM 0 at logical time 175
2025-03-03 14:24:30,257 - SENT: Message to VM 0 at logical time 176
2025-03-03 14:24:30,424 - RECEIVED: Message from VM 1 with logical time 180 | Added to queue (now size: 1)
2025-03-03 14:24:30,508 - PROCESSED: Message from VM 1 | Remaining queue size: 0 | Updated logical clock: 181
2025-03-03 14:24:30,759 - INTERNAL EVENT: Logical clock: 182
2025-03-03 14:24:31,011 - SENT: Message to VM 1 at logical time 183
2025-03-03 14:24:31,262 - SENT: Message to VM 1 at logical time 184
2025-03-03 14:24:31,513 - INTERNAL EVENT: Logical clock: 185
2025-03-03 14:24:31,764 - INTERNAL EVENT: Logical clock: 186
2025-03-03 14:24:31,933 - RECEIVED: Message from VM 1 with logical time 189 | Added to queue (now size: 1)
2025-03-03 14:24:32,016 - PROCESSED: Message from VM 1 | Remaining queue size: 0 | Updated logical clock: 190
2025-03-03 14:24:32,266 - SENT: Message to VM 0 at logical time 191
2025-03-03 14:24:32,518 - INTERNAL EVENT: Logical clock: 192
2025-03-03 14:24:32,768 - INTERNAL EVENT: Logical clock: 193
2025-03-03 14:24:32,937 - RECEIVED: Message from VM 1 with logical time 195 | Added to queue (now size: 1)
2025-03-03 14:24:33,020 - PROCESSED: Message from VM 1 | Remaining queue size: 0 | Updated logical clock: 196
2025-03-03 14:24:33,271 - INTERNAL EVENT: Logical clock: 197
2025-03-03 14:24:33,522 - SENT: Message to VM 0 at logical time 198
2025-03-03 14:24:33,773 - SENT: Message to VM 1 at logical time 199
2025-03-03 14:24:33,774 - RECEIVED: Message from VM 1 with logical time 200 | Added to queue (now size: 1)
2025-03-03 14:24:34,025 - PROCESSED: Message from VM 1 | Remaining queue size: 0 | Updated logical clock: 201
2025-03-03 14:24:34,276 - SENT: Message to VM 0 at logical time 202
2025-03-03 14:24:34,276 - SENT: Message to VM 1 at logical time 202
2025-03-03 14:24:34,527 - INTERNAL EVENT: Logical clock: 203
2025-03-03 14:24:34,778 - SENT: Message to VM 1 at logical time 204
2025-03-03 14:24:35,029 - SENT: Message to VM 0 at logical time 205
2025-03-03 14:24:35,280 - SENT: Message to VM 0 at logical time 206
2025-03-03 14:24:35,282 - RECEIVED: Message from VM 1 with logical time 209 | Added to queue (now size: 1)
2025-03-03 14:24:35,531 - PROCESSED: Message from VM 1 | Remaining queue size: 0 | Updated logical clock: 210
2025-03-03 14:24:35,783 - INTERNAL EVENT: Logical clock: 211
2025-03-03 14:24:36,034 - INTERNAL EVENT: Logical clock: 212
2025-03-03 14:24:36,119 - RECEIVED: Message from VM 1 with logical time 214 | Added to queue (now size: 1)
2025-03-03 14:24:36,285 - PROCESSED: Message from VM 1 | Remaining queue size: 0 | Updated logical clock: 215
2025-03-03 14:24:36,286 - RECEIVED: Message from VM 1 with logical time 215 | Added to queue (now size: 1)
2025-03-03 14:24:36,454 - RECEIVED: Message from VM 1 with logical time 216 | Added to queue (now size: 2)
2025-03-03 14:24:36,536 - PROCESSED: Message from VM 1 | Remaining queue size: 1 | Updated logical clock: 216
2025-03-03 14:24:36,621 - RECEIVED: Message from VM 1 with logical time 217 | Added to queue (now size: 2)
2025-03-03 14:24:36,787 - PROCESSED: Message from VM 1 | Remaining queue size: 1 | Updated logical clock: 217
2025-03-03 14:24:37,039 - PROCESSED: Message from VM 1 | Remaining queue size: 0 | Updated logical clock: 218
2025-03-03 14:24:37,124 - RECEIVED: Message from VM 1 with logical time 220 | Added to queue (now size: 1)
2025-03-03 14:24:37,289 - PROCESSED: Message from VM 1 | Remaining queue size: 0 | Updated logical clock: 221
2025-03-03 14:24:37,540 - INTERNAL EVENT: Logical clock: 222
2025-03-03 14:24:37,792 - SENT: Message to VM 0 at logical time 223
2025-03-03 14:24:37,792 - SENT: Message to VM 1 at logical time 223
2025-03-03 14:24:38,043 - SENT: Message to VM 1 at logical time 224
2025-03-03 14:24:38,295 - SENT: Message to VM 0 at logical time 225
2025-03-03 14:24:38,546 - INTERNAL EVENT: Logical clock: 226
2025-03-03 14:24:38,797 - INTERNAL EVENT: Logical clock: 227
2025-03-03 14:24:39,048 - INTERNAL EVENT: Logical clock: 228
2025-03-03 14:24:39,134 - RECEIVED: Message from VM 1 with logical time 232 | Added to queue (now size: 1)
2025-03-03 14:24:39,299 - PROCESSED: Message from VM 1 | Remaining queue size: 0 | Updated logical clock: 233
2025-03-03 14:24:39,550 - INTERNAL EVENT: Logical clock: 234
2025-03-03 14:24:39,802 - INTERNAL EVENT: Logical clock: 235
2025-03-03 14:24:39,804 - RECEIVED: Message from VM 1 with logical time 236 | Added to queue (now size: 1)
2025-03-03 14:24:40,053 - PROCESSED: Message from VM 1 | Remaining queue size: 0 | Updated logical clock: 237
2025-03-03 14:24:40,304 - INTERNAL EVENT: Logical clock: 238
2025-03-03 14:24:40,555 - SENT: Message to VM 0 at logical time 239
2025-03-03 14:24:40,642 - RECEIVED: Message from VM 1 with logical time 241 | Added to queue (now size: 1)
2025-03-03 14:24:40,806 - PROCESSED: Message from VM 1 | Remaining queue size: 0 | Updated logical clock: 242
2025-03-03 14:24:41,058 - SENT: Message to VM 0 at logical time 243
2025-03-03 14:24:41,309 - SENT: Message to VM 0 at logical time 244
2025-03-03 14:24:41,560 - SENT: Message to VM 0 at logical time 245
2025-03-03 14:24:41,647 - RECEIVED: Message from VM 1 with logical time 247 | Added to queue (now size: 1)
2025-03-03 14:24:41,811 - PROCESSED: Message from VM 1 | Remaining queue size: 0 | Updated logical clock: 248
2025-03-03 14:24:41,982 - RECEIVED: Message from VM 1 with logical time 249 | Added to queue (now size: 1)
2025-03-03 14:24:42,063 - PROCESSED: Message from VM 1 | Remaining queue size: 0 | Updated logical clock: 250
2025-03-03 14:24:42,314 - INTERNAL EVENT: Logical clock: 251
2025-03-03 14:24:42,317 - RECEIVED: Message from VM 1 with logical time 251 | Added to queue (now size: 1)
2025-03-03 14:24:42,565 - PROCESSED: Message from VM 1 | Remaining queue size: 0 | Updated logical clock: 252
2025-03-03 14:24:42,816 - SENT: Message to VM 0 at logical time 253
2025-03-03 14:24:42,816 - SENT: Message to VM 1 at logical time 253
2025-03-03 14:24:43,068 - SENT: Message to VM 0 at logical time 254
2025-03-03 14:24:43,319 - INTERNAL EVENT: Logical clock: 255
2025-03-03 14:24:43,490 - RECEIVED: Message from VM 1 with logical time 258 | Added to queue (now size: 1)
2025-03-03 14:24:43,570 - PROCESSED: Message from VM 1 | Remaining queue size: 0 | Updated logical clock: 259
2025-03-03 14:24:43,657 - RECEIVED: Message from VM 1 with logical time 259 | Added to queue (now size: 1)
2025-03-03 14:24:43,820 - PROCESSED: Message from VM 1 | Remaining queue size: 0 | Updated logical clock: 260
2025-03-03 14:24:43,825 - RECEIVED: Message from VM 1 with logical time 260 | Added to queue (now size: 1)
2025-03-03 14:24:44,071 - PROCESSED: Message from VM 1 | Remaining queue size: 0 | Updated logical clock: 261
2025-03-03 14:24:44,321 - SENT: Message to VM 0 at logical time 262
2025-03-03 14:24:44,321 - SENT: Message to VM 1 at logical time 262
2025-03-03 14:24:44,495 - RECEIVED: Message from VM 1 with logical time 264 | Added to queue (now size: 1)
2025-03-03 14:24:44,572 - PROCESSED: Message from VM 1 | Remaining queue size: 0 | Updated logical clock: 265
2025-03-03 14:24:44,824 - SENT: Message to VM 0 at logical time 266
2025-03-03 14:24:44,830 - RECEIVED: Message from VM 1 with logical time 266 | Added to queue (now size: 1)
2025-03-03 14:24:45,075 - PROCESSED: Message from VM 1 | Remaining queue size: 0 | Updated logical clock: 267
2025-03-03 14:24:45,326 - SENT: Message to VM 1 at logical time 268
2025-03-03 14:24:45,577 - INTERNAL EVENT: Logical clock: 269
2025-03-03 14:24:45,829 - SENT: Message to VM 0 at logical time 270
2025-03-03 14:24:46,003 - RECEIVED: Message from VM 1 with logical time 273 | Added to queue (now size: 1)
2025-03-03 14:24:46,081 - PROCESSED: Message from VM 1 | Remaining queue size: 0 | Updated logical clock: 274
2025-03-03 14:24:46,332 - SENT: Message to VM 0 at logical time 275
2025-03-03 14:24:46,584 - INTERNAL EVENT: Logical clock: 276
2025-03-03 14:24:46,835 - INTERNAL EVENT: Logical clock: 277
2025-03-03 14:24:47,086 - SENT: Message to VM 0 at logical time 278
2025-03-03 14:24:47,086 - SENT: Message to VM 1 at logical time 278
2025-03-03 14:24:47,336 - INTERNAL EVENT: Logical clock: 279
2025-03-03 14:24:47,588 - INTERNAL EVENT: Logical clock: 280
2025-03-03 14:24:47,839 - SENT: Message to VM 0 at logical time 281
2025-03-03 14:24:48,090 - SENT: Message to VM 0 at logical time 282
2025-03-03 14:24:48,090 - SENT: Message to VM 1 at logical time 282
2025-03-03 14:24:48,341 - INTERNAL EVENT: Logical clock: 283
2025-03-03 14:24:48,592 - INTERNAL EVENT: Logical clock: 284
2025-03-03 14:24:48,684 - RECEIVED: Message from VM 1 with logical time 289 | Added to queue (now size: 1)
2025-03-03 14:24:48,844 - PROCESSED: Message from VM 1 | Remaining queue size: 0 | Updated logical clock: 290
2025-03-03 14:24:49,095 - SENT: Message to VM 0 at logical time 291
2025-03-03 14:24:49,095 - SENT: Message to VM 1 at logical time 291
2025-03-03 14:24:49,345 - INTERNAL EVENT: Logical clock: 292
2025-03-03 14:24:49,597 - INTERNAL EVENT: Logical clock: 293
2025-03-03 14:24:49,692 - RECEIVED: Message from VM 1 with logical time 295 | Added to queue (now size: 1)
2025-03-03 14:24:49,848 - PROCESSED: Message from VM 1 | Remaining queue size: 0 | Updated logical clock: 296
2025-03-03 14:24:50,099 - INTERNAL EVENT: Logical clock: 297
2025-03-03 14:24:50,350 - INTERNAL EVENT: Logical clock: 298
2025-03-03 14:24:50,362 - RECEIVED: Message from VM 1 with logical time 299 | Added to queue (now size: 1)
2025-03-03 14:24:50,601 - PROCESSED: Message from VM 1 | Remaining queue size: 0 | Updated logical clock: 300
2025-03-03 14:24:50,853 - INTERNAL EVENT: Logical clock: 301
2025-03-03 14:24:51,104 - INTERNAL EVENT: Logical clock: 302
2025-03-03 14:24:51,355 - INTERNAL EVENT: Logical clock: 303
2025-03-03 14:24:51,606 - INTERNAL EVENT: Logical clock: 304
2025-03-03 14:24:51,703 - RECEIVED: Message from VM 1 with logical time 307 | Added to queue (now size: 1)
2025-03-03 14:24:51,858 - PROCESSED: Message from VM 1 | Remaining queue size: 0 | Updated logical clock: 308
2025-03-03 14:24:52,109 - INTERNAL EVENT: Logical clock: 309
2025-03-03 14:24:52,360 - INTERNAL EVENT: Logical clock: 310
2025-03-03 14:24:52,374 - RECEIVED: Message from VM 1 with logical time 311 | Added to queue (now size: 1)
2025-03-03 14:24:52,611 - PROCESSED: Message from VM 1 | Remaining queue size: 0 | Updated logical clock: 312
2025-03-03 14:24:52,862 - INTERNAL EVENT: Logical clock: 313
2025-03-03 14:24:53,046 - RECEIVED: Message from VM 1 with logical time 315 | Added to queue (now size: 1)
2025-03-03 14:24:53,113 - PROCESSED: Message from VM 1 | Remaining queue size: 0 | Updated logical clock: 316
2025-03-03 14:24:53,365 - INTERNAL EVENT: Logical clock: 317
2025-03-03 14:24:53,554 - RECEIVED: Message from VM 1 with logical time 318 | Added to queue (now size: 1)
2025-03-03 14:24:53,616 - PROCESSED: Message from VM 1 | Remaining queue size: 0 | Updated logical clock: 319
2025-03-03 14:24:53,867 - SENT: Message to VM 0 at logical time 320
2025-03-03 14:24:53,867 - SENT: Message to VM 1 at logical time 320
2025-03-03 14:24:54,056 - RECEIVED: Message from VM 1 with logical time 322 | Added to queue (now size: 1)
2025-03-03 14:24:54,118 - PROCESSED: Message from VM 1 | Remaining queue size: 0 | Updated logical clock: 323
2025-03-03 14:24:54,224 - RECEIVED: Message from VM 1 with logical time 323 | Added to queue (now size: 1)
2025-03-03 14:24:54,370 - PROCESSED: Message from VM 1 | Remaining queue size: 0 | Updated logical clock: 324
2025-03-03 14:24:54,392 - RECEIVED: Message from VM 1 with logical time 324 | Added to queue (now size: 1)
2025-03-03 14:24:54,621 - PROCESSED: Message from VM 1 | Remaining queue size: 0 | Updated logical clock: 325
2025-03-03 14:24:54,872 - INTERNAL EVENT: Logical clock: 326
2025-03-03 14:24:54,895 - RECEIVED: Message from VM 1 with logical time 327 | Added to queue (now size: 1)
2025-03-03 14:24:55,123 - PROCESSED: Message from VM 1 | Remaining queue size: 0 | Updated logical clock: 328
2025-03-03 14:24:55,375 - INTERNAL EVENT: Logical clock: 329
2025-03-03 14:24:55,567 - RECEIVED: Message from VM 1 with logical time 331 | Added to queue (now size: 1)
2025-03-03 14:24:55,626 - PROCESSED: Message from VM 1 | Remaining queue size: 0 | Updated logical clock: 332
2025-03-03 14:24:55,735 - RECEIVED: Message from VM 1 with logical time 332 | Added to queue (now size: 1)
2025-03-03 14:24:55,877 - PROCESSED: Message from VM 1 | Remaining queue size: 0 | Updated logical clock: 333
2025-03-03 14:24:56,128 - INTERNAL EVENT: Logical clock: 334
2025-03-03 14:24:56,238 - RECEIVED: Message from VM 1 with logical time 335 | Added to queue (now size: 1)
2025-03-03 14:24:56,379 - PROCESSED: Message from VM 1 | Remaining queue size: 0 | Updated logical clock: 336
2025-03-03 14:24:56,630 - SENT: Message to VM 0 at logical time 337
2025-03-03 14:24:56,882 - INTERNAL EVENT: Logical clock: 338
2025-03-03 14:24:57,133 - INTERNAL EVENT: Logical clock: 339
2025-03-03 14:24:57,384 - SENT: Message to VM 1 at logical time 340
2025-03-03 14:24:57,635 - INTERNAL EVENT: Logical clock: 341
2025-03-03 14:24:57,887 - INTERNAL EVENT: Logical clock: 342
2025-03-03 14:24:58,137 - INTERNAL EVENT: Logical clock: 343
2025-03-03 14:24:58,389 - SENT: Message to VM 0 at logical time 344
2025-03-03 14:24:58,639 - INTERNAL EVENT: Logical clock: 345
2025-03-03 14:24:58,891 - INTERNAL EVENT: Logical clock: 346
2025-03-03 14:24:59,142 - INTERNAL EVENT: Logical clock: 347
