2025-02-28 15:19:08,330 - Initialized VM 0 with clock rate 4 ticks/second
2025-02-28 15:19:08,331 - Server started on 127.0.0.1:5000
2025-02-28 15:19:09,333 - Connected to VM 1
2025-02-28 15:19:09,334 - Connected to VM 2
2025-02-28 15:19:09,536 - RECEIVED: Message from VM 2 with logical time 1 | Added to queue (now size: 1)
2025-02-28 15:19:09,585 - PROCESSED: Message from VM 2 | Remaining queue size: 0 | Updated logical clock: 2
2025-02-28 15:19:09,736 - RECEIVED: Message from VM 2 with logical time 2 | Added to queue (now size: 1)
2025-02-28 15:19:09,837 - PROCESSED: Message from VM 2 | Remaining queue size: 0 | Updated logical clock: 3
2025-02-28 15:19:10,088 - INTERNAL EVENT: Logical clock: 4
2025-02-28 15:19:10,339 - INTERNAL EVENT: Logical clock: 5
2025-02-28 15:19:10,339 - RECEIVED: Message from VM 1 with logical time 5 | Added to queue (now size: 1)
2025-02-28 15:19:10,539 - RECEIVED: Message from VM 1 with logical time 6 | Added to queue (now size: 2)
2025-02-28 15:19:10,539 - RECEIVED: Message from VM 2 with logical time 6 | Added to queue (now size: 3)
2025-02-28 15:19:10,590 - PROCESSED: Message from VM 1 | Remaining queue size: 2 | Updated logical clock: 6
2025-02-28 15:19:10,841 - PROCESSED: Message from VM 1 | Remaining queue size: 1 | Updated logical clock: 7
2025-02-28 15:19:10,942 - RECEIVED: Message from VM 1 with logical time 8 | Added to queue (now size: 2)
2025-02-28 15:19:11,092 - PROCESSED: Message from VM 2 | Remaining queue size: 1 | Updated logical clock: 8
2025-02-28 15:19:11,343 - PROCESSED: Message from VM 1 | Remaining queue size: 0 | Updated logical clock: 9
2025-02-28 15:19:11,595 - INTERNAL EVENT: Logical clock: 10
2025-02-28 15:19:11,846 - INTERNAL EVENT: Logical clock: 11
2025-02-28 15:19:11,947 - RECEIVED: Message from VM 2 with logical time 13 | Added to queue (now size: 1)
2025-02-28 15:19:12,097 - PROCESSED: Message from VM 2 | Remaining queue size: 0 | Updated logical clock: 14
2025-02-28 15:19:12,149 - RECEIVED: Message from VM 2 with logical time 14 | Added to queue (now size: 1)
2025-02-28 15:19:12,348 - PROCESSED: Message from VM 2 | Remaining queue size: 0 | Updated logical clock: 15
2025-02-28 15:19:12,600 - INTERNAL EVENT: Logical clock: 16
2025-02-28 15:19:12,751 - RECEIVED: Message from VM 1 with logical time 17 | Added to queue (now size: 1)
2025-02-28 15:19:12,851 - PROCESSED: Message from VM 1 | Remaining queue size: 0 | Updated logical clock: 18
2025-02-28 15:19:13,102 - SENT: Message to VM 1 at logical time 19
2025-02-28 15:19:13,102 - SENT: Message to VM 2 at logical time 19
2025-02-28 15:19:13,353 - INTERNAL EVENT: Logical clock: 20
2025-02-28 15:19:13,605 - INTERNAL EVENT: Logical clock: 21
2025-02-28 15:19:13,856 - INTERNAL EVENT: Logical clock: 22
2025-02-28 15:19:14,107 - INTERNAL EVENT: Logical clock: 23
2025-02-28 15:19:14,358 - INTERNAL EVENT: Logical clock: 24
2025-02-28 15:19:14,610 - INTERNAL EVENT: Logical clock: 25
2025-03-03 14:23:25,569 - Initialized VM 0 with clock rate 5 ticks/second
2025-03-03 14:23:25,571 - Server started on 127.0.0.1:5000
2025-03-03 14:23:26,572 - Connected to VM 1
2025-03-03 14:23:26,574 - Connected to VM 2
2025-03-03 14:23:26,775 - SENT: Message to VM 1 at logical time 1
2025-03-03 14:23:26,776 - SENT: Message to VM 2 at logical time 1
2025-03-03 14:23:26,977 - INTERNAL EVENT: Logical clock: 2
2025-03-03 14:23:27,178 - INTERNAL EVENT: Logical clock: 3
2025-03-03 14:23:27,379 - INTERNAL EVENT: Logical clock: 4
2025-03-03 14:23:27,579 - INTERNAL EVENT: Logical clock: 5
2025-03-03 14:23:27,780 - INTERNAL EVENT: Logical clock: 6
2025-03-03 14:23:27,981 - SENT: Message to VM 2 at logical time 7
2025-03-03 14:23:28,183 - INTERNAL EVENT: Logical clock: 8
2025-03-03 14:23:28,384 - INTERNAL EVENT: Logical clock: 9
2025-03-03 14:23:28,584 - RECEIVED: Message from VM 2 with logical time 10 | Added to queue (now size: 1)
2025-03-03 14:23:28,584 - PROCESSED: Message from VM 2 | Remaining queue size: 0 | Updated logical clock: 11
2025-03-03 14:23:28,785 - INTERNAL EVENT: Logical clock: 12
2025-03-03 14:23:28,835 - RECEIVED: Message from VM 2 with logical time 11 | Added to queue (now size: 1)
2025-03-03 14:23:28,986 - PROCESSED: Message from VM 2 | Remaining queue size: 0 | Updated logical clock: 13
2025-03-03 14:23:29,188 - SENT: Message to VM 2 at logical time 14
2025-03-03 14:23:29,389 - INTERNAL EVENT: Logical clock: 15
2025-03-03 14:23:29,589 - INTERNAL EVENT: Logical clock: 16
2025-03-03 14:23:29,791 - INTERNAL EVENT: Logical clock: 17
2025-03-03 14:23:29,992 - INTERNAL EVENT: Logical clock: 18
2025-03-03 14:23:30,193 - INTERNAL EVENT: Logical clock: 19
2025-03-03 14:23:30,395 - INTERNAL EVENT: Logical clock: 20
2025-03-03 14:23:30,579 - RECEIVED: Message from VM 1 with logical time 13 | Added to queue (now size: 1)
2025-03-03 14:23:30,595 - PROCESSED: Message from VM 1 | Remaining queue size: 0 | Updated logical clock: 21
2025-03-03 14:23:30,796 - INTERNAL EVENT: Logical clock: 22
2025-03-03 14:23:30,997 - SENT: Message to VM 1 at logical time 23
2025-03-03 14:23:30,997 - SENT: Message to VM 2 at logical time 23
2025-03-03 14:23:31,198 - INTERNAL EVENT: Logical clock: 24
2025-03-03 14:23:31,399 - SENT: Message to VM 1 at logical time 25
2025-03-03 14:23:31,399 - SENT: Message to VM 2 at logical time 25
2025-03-03 14:23:31,600 - INTERNAL EVENT: Logical clock: 26
2025-03-03 14:23:31,800 - SENT: Message to VM 1 at logical time 27
2025-03-03 14:23:32,002 - SENT: Message to VM 2 at logical time 28
2025-03-03 14:23:32,203 - INTERNAL EVENT: Logical clock: 29
2025-03-03 14:23:32,404 - SENT: Message to VM 2 at logical time 30
2025-03-03 14:23:32,605 - INTERNAL EVENT: Logical clock: 31
2025-03-03 14:23:32,806 - INTERNAL EVENT: Logical clock: 32
2025-03-03 14:23:33,007 - INTERNAL EVENT: Logical clock: 33
2025-03-03 14:23:33,208 - SENT: Message to VM 1 at logical time 34
2025-03-03 14:23:33,208 - SENT: Message to VM 2 at logical time 34
2025-03-03 14:23:33,410 - INTERNAL EVENT: Logical clock: 35
2025-03-03 14:23:33,609 - RECEIVED: Message from VM 2 with logical time 36 | Added to queue (now size: 1)
2025-03-03 14:23:33,610 - PROCESSED: Message from VM 2 | Remaining queue size: 0 | Updated logical clock: 37
2025-03-03 14:23:33,811 - INTERNAL EVENT: Logical clock: 38
2025-03-03 14:23:34,012 - INTERNAL EVENT: Logical clock: 39
2025-03-03 14:23:34,213 - INTERNAL EVENT: Logical clock: 40
2025-03-03 14:23:34,415 - SENT: Message to VM 1 at logical time 41
2025-03-03 14:23:34,615 - INTERNAL EVENT: Logical clock: 42
2025-03-03 14:23:34,816 - INTERNAL EVENT: Logical clock: 43
2025-03-03 14:23:35,018 - INTERNAL EVENT: Logical clock: 44
2025-03-03 14:23:35,116 - RECEIVED: Message from VM 2 with logical time 42 | Added to queue (now size: 1)
2025-03-03 14:23:35,219 - PROCESSED: Message from VM 2 | Remaining queue size: 0 | Updated logical clock: 45
2025-03-03 14:23:35,420 - SENT: Message to VM 1 at logical time 46
2025-03-03 14:23:35,420 - SENT: Message to VM 2 at logical time 46
2025-03-03 14:23:35,621 - INTERNAL EVENT: Logical clock: 47
2025-03-03 14:23:35,822 - SENT: Message to VM 2 at logical time 48
2025-03-03 14:23:36,023 - SENT: Message to VM 1 at logical time 49
2025-03-03 14:23:36,023 - SENT: Message to VM 2 at logical time 49
2025-03-03 14:23:36,225 - INTERNAL EVENT: Logical clock: 50
2025-03-03 14:23:36,426 - INTERNAL EVENT: Logical clock: 51
2025-03-03 14:23:36,622 - RECEIVED: Message from VM 2 with logical time 52 | Added to queue (now size: 1)
2025-03-03 14:23:36,626 - PROCESSED: Message from VM 2 | Remaining queue size: 0 | Updated logical clock: 53
2025-03-03 14:23:36,827 - SENT: Message to VM 1 at logical time 54
2025-03-03 14:23:36,827 - SENT: Message to VM 2 at logical time 54
2025-03-03 14:23:37,028 - INTERNAL EVENT: Logical clock: 55
2025-03-03 14:23:37,229 - INTERNAL EVENT: Logical clock: 56
2025-03-03 14:23:37,376 - RECEIVED: Message from VM 2 with logical time 57 | Added to queue (now size: 1)
2025-03-03 14:23:37,431 - PROCESSED: Message from VM 2 | Remaining queue size: 0 | Updated logical clock: 58
2025-03-03 14:23:37,627 - RECEIVED: Message from VM 2 with logical time 58 | Added to queue (now size: 1)
2025-03-03 14:23:37,631 - PROCESSED: Message from VM 2 | Remaining queue size: 0 | Updated logical clock: 59
2025-03-03 14:23:37,832 - INTERNAL EVENT: Logical clock: 60
2025-03-03 14:23:37,879 - RECEIVED: Message from VM 2 with logical time 59 | Added to queue (now size: 1)
2025-03-03 14:23:38,034 - PROCESSED: Message from VM 2 | Remaining queue size: 0 | Updated logical clock: 61
2025-03-03 14:23:38,129 - RECEIVED: Message from VM 2 with logical time 60 | Added to queue (now size: 1)
2025-03-03 14:23:38,235 - PROCESSED: Message from VM 2 | Remaining queue size: 0 | Updated logical clock: 62
2025-03-03 14:23:38,435 - INTERNAL EVENT: Logical clock: 63
2025-03-03 14:23:38,635 - INTERNAL EVENT: Logical clock: 64
2025-03-03 14:23:38,837 - INTERNAL EVENT: Logical clock: 65
2025-03-03 14:23:39,038 - SENT: Message to VM 2 at logical time 66
2025-03-03 14:23:39,239 - INTERNAL EVENT: Logical clock: 67
2025-03-03 14:23:39,440 - INTERNAL EVENT: Logical clock: 68
2025-03-03 14:23:39,641 - INTERNAL EVENT: Logical clock: 69
2025-03-03 14:23:39,842 - INTERNAL EVENT: Logical clock: 70
2025-03-03 14:23:40,043 - INTERNAL EVENT: Logical clock: 71
2025-03-03 14:23:40,244 - INTERNAL EVENT: Logical clock: 72
2025-03-03 14:23:40,446 - INTERNAL EVENT: Logical clock: 73
2025-03-03 14:23:40,646 - SENT: Message to VM 1 at logical time 74
2025-03-03 14:23:40,847 - INTERNAL EVENT: Logical clock: 75
2025-03-03 14:23:41,048 - INTERNAL EVENT: Logical clock: 76
2025-03-03 14:23:41,249 - SENT: Message to VM 2 at logical time 77
2025-03-03 14:23:41,450 - INTERNAL EVENT: Logical clock: 78
2025-03-03 14:23:41,651 - INTERNAL EVENT: Logical clock: 79
2025-03-03 14:23:41,852 - INTERNAL EVENT: Logical clock: 80
2025-03-03 14:23:41,898 - RECEIVED: Message from VM 2 with logical time 80 | Added to queue (now size: 1)
2025-03-03 14:23:42,053 - PROCESSED: Message from VM 2 | Remaining queue size: 0 | Updated logical clock: 81
2025-03-03 14:23:42,254 - INTERNAL EVENT: Logical clock: 82
2025-03-03 14:23:42,456 - SENT: Message to VM 2 at logical time 83
2025-03-03 14:23:42,656 - INTERNAL EVENT: Logical clock: 84
2025-03-03 14:23:42,857 - SENT: Message to VM 2 at logical time 85
2025-03-03 14:23:43,059 - INTERNAL EVENT: Logical clock: 86
2025-03-03 14:23:43,260 - INTERNAL EVENT: Logical clock: 87
2025-03-03 14:23:43,461 - INTERNAL EVENT: Logical clock: 88
2025-03-03 14:23:43,662 - INTERNAL EVENT: Logical clock: 89
2025-03-03 14:23:43,863 - SENT: Message to VM 2 at logical time 90
2025-03-03 14:23:44,064 - INTERNAL EVENT: Logical clock: 91
2025-03-03 14:23:44,266 - INTERNAL EVENT: Logical clock: 92
2025-03-03 14:23:44,467 - INTERNAL EVENT: Logical clock: 93
2025-03-03 14:23:44,667 - INTERNAL EVENT: Logical clock: 94
2025-03-03 14:23:44,869 - SENT: Message to VM 2 at logical time 95
2025-03-03 14:23:45,070 - INTERNAL EVENT: Logical clock: 96
2025-03-03 14:23:45,271 - INTERNAL EVENT: Logical clock: 97
2025-03-03 14:23:45,473 - SENT: Message to VM 1 at logical time 98
2025-03-03 14:23:45,473 - SENT: Message to VM 2 at logical time 98
2025-03-03 14:23:45,673 - SENT: Message to VM 1 at logical time 99
2025-03-03 14:23:45,874 - INTERNAL EVENT: Logical clock: 100
2025-03-03 14:23:45,918 - RECEIVED: Message from VM 2 with logical time 100 | Added to queue (now size: 1)
2025-03-03 14:23:46,075 - PROCESSED: Message from VM 2 | Remaining queue size: 0 | Updated logical clock: 101
2025-03-03 14:23:46,276 - SENT: Message to VM 1 at logical time 102
2025-03-03 14:23:59,390 - Initialized VM 0 with clock rate 2 ticks/second
2025-03-03 14:23:59,392 - Server started on 127.0.0.1:5000
2025-03-03 14:24:00,394 - Connected to VM 1
2025-03-03 14:24:00,395 - Connected to VM 2
2025-03-03 14:24:00,897 - INTERNAL EVENT: Logical clock: 1
2025-03-03 14:24:00,897 - RECEIVED: Message from VM 2 with logical time 2 | Added to queue (now size: 1)
2025-03-03 14:24:01,397 - PROCESSED: Message from VM 2 | Remaining queue size: 0 | Updated logical clock: 3
2025-03-03 14:24:01,898 - SENT: Message to VM 1 at logical time 4
2025-03-03 14:24:02,399 - SENT: Message to VM 2 at logical time 5
2025-03-03 14:24:02,900 - SENT: Message to VM 2 at logical time 6
2025-03-03 14:24:03,402 - SENT: Message to VM 1 at logical time 7
2025-03-03 14:24:03,403 - RECEIVED: Message from VM 2 with logical time 14 | Added to queue (now size: 1)
2025-03-03 14:24:03,903 - PROCESSED: Message from VM 2 | Remaining queue size: 0 | Updated logical clock: 15
2025-03-03 14:24:04,248 - RECEIVED: Message from VM 1 with logical time 23 | Added to queue (now size: 1)
2025-03-03 14:24:04,404 - PROCESSED: Message from VM 1 | Remaining queue size: 0 | Updated logical clock: 24
2025-03-03 14:24:04,416 - RECEIVED: Message from VM 1 with logical time 24 | Added to queue (now size: 1)
2025-03-03 14:24:04,905 - PROCESSED: Message from VM 1 | Remaining queue size: 0 | Updated logical clock: 25
2025-03-03 14:24:04,908 - RECEIVED: Message from VM 2 with logical time 20 | Added to queue (now size: 1)
2025-03-03 14:24:04,920 - RECEIVED: Message from VM 1 with logical time 27 | Added to queue (now size: 2)
2025-03-03 14:24:05,407 - PROCESSED: Message from VM 2 | Remaining queue size: 1 | Updated logical clock: 26
2025-03-03 14:24:05,423 - RECEIVED: Message from VM 1 with logical time 30 | Added to queue (now size: 2)
2025-03-03 14:24:05,908 - PROCESSED: Message from VM 1 | Remaining queue size: 1 | Updated logical clock: 28
2025-03-03 14:24:05,911 - RECEIVED: Message from VM 2 with logical time 32 | Added to queue (now size: 2)
2025-03-03 14:24:06,263 - RECEIVED: Message from VM 1 with logical time 35 | Added to queue (now size: 3)
2025-03-03 14:24:06,410 - PROCESSED: Message from VM 1 | Remaining queue size: 2 | Updated logical clock: 31
2025-03-03 14:24:06,911 - PROCESSED: Message from VM 2 | Remaining queue size: 1 | Updated logical clock: 33
2025-03-03 14:24:07,103 - RECEIVED: Message from VM 1 with logical time 40 | Added to queue (now size: 2)
2025-03-03 14:24:07,412 - PROCESSED: Message from VM 1 | Remaining queue size: 1 | Updated logical clock: 36
2025-03-03 14:24:07,913 - PROCESSED: Message from VM 1 | Remaining queue size: 0 | Updated logical clock: 41
2025-03-03 14:24:08,108 - RECEIVED: Message from VM 1 with logical time 46 | Added to queue (now size: 1)
2025-03-03 14:24:08,415 - PROCESSED: Message from VM 1 | Remaining queue size: 0 | Updated logical clock: 47
2025-03-03 14:24:08,418 - RECEIVED: Message from VM 2 with logical time 48 | Added to queue (now size: 1)
2025-03-03 14:24:08,916 - PROCESSED: Message from VM 2 | Remaining queue size: 0 | Updated logical clock: 49
2025-03-03 14:24:09,171 - RECEIVED: Message from VM 2 with logical time 51 | Added to queue (now size: 1)
2025-03-03 14:24:09,283 - RECEIVED: Message from VM 1 with logical time 53 | Added to queue (now size: 2)
2025-03-03 14:24:09,417 - PROCESSED: Message from VM 2 | Remaining queue size: 1 | Updated logical clock: 52
2025-03-03 14:24:09,918 - PROCESSED: Message from VM 1 | Remaining queue size: 0 | Updated logical clock: 54
2025-03-03 14:24:09,924 - RECEIVED: Message from VM 2 with logical time 56 | Added to queue (now size: 1)
2025-03-03 14:24:09,953 - RECEIVED: Message from VM 1 with logical time 57 | Added to queue (now size: 2)
2025-03-03 14:24:10,420 - PROCESSED: Message from VM 2 | Remaining queue size: 1 | Updated logical clock: 57
2025-03-03 14:24:10,921 - PROCESSED: Message from VM 1 | Remaining queue size: 0 | Updated logical clock: 58
2025-03-03 14:24:10,927 - RECEIVED: Message from VM 2 with logical time 62 | Added to queue (now size: 1)
2025-03-03 14:24:11,178 - RECEIVED: Message from VM 2 with logical time 63 | Added to queue (now size: 2)
2025-03-03 14:24:11,422 - PROCESSED: Message from VM 2 | Remaining queue size: 1 | Updated logical clock: 63
2025-03-03 14:24:11,923 - PROCESSED: Message from VM 2 | Remaining queue size: 0 | Updated logical clock: 64
2025-03-03 14:24:12,424 - INTERNAL EVENT: Logical clock: 65
2025-03-03 14:24:12,636 - RECEIVED: Message from VM 1 with logical time 73 | Added to queue (now size: 1)
2025-03-03 14:24:12,685 - RECEIVED: Message from VM 2 with logical time 72 | Added to queue (now size: 2)
2025-03-03 14:24:12,925 - PROCESSED: Message from VM 1 | Remaining queue size: 1 | Updated logical clock: 74
2025-03-03 14:24:12,973 - RECEIVED: Message from VM 1 with logical time 75 | Added to queue (now size: 2)
2025-03-03 14:24:13,426 - PROCESSED: Message from VM 2 | Remaining queue size: 1 | Updated logical clock: 75
2025-03-03 14:24:13,438 - RECEIVED: Message from VM 2 with logical time 77 | Added to queue (now size: 2)
2025-03-03 14:24:13,927 - PROCESSED: Message from VM 1 | Remaining queue size: 1 | Updated logical clock: 76
2025-03-03 14:24:13,940 - RECEIVED: Message from VM 2 with logical time 79 | Added to queue (now size: 2)
2025-03-03 14:24:14,429 - PROCESSED: Message from VM 2 | Remaining queue size: 1 | Updated logical clock: 78
2025-03-03 14:24:14,929 - PROCESSED: Message from VM 2 | Remaining queue size: 0 | Updated logical clock: 80
2025-03-03 14:24:15,156 - RECEIVED: Message from VM 1 with logical time 88 | Added to queue (now size: 1)
2025-03-03 14:24:15,430 - PROCESSED: Message from VM 1 | Remaining queue size: 0 | Updated logical clock: 89
2025-03-03 14:24:15,492 - RECEIVED: Message from VM 1 with logical time 90 | Added to queue (now size: 1)
2025-03-03 14:24:15,660 - RECEIVED: Message from VM 1 with logical time 91 | Added to queue (now size: 2)
2025-03-03 14:24:15,932 - PROCESSED: Message from VM 1 | Remaining queue size: 1 | Updated logical clock: 91
2025-03-03 14:24:16,331 - RECEIVED: Message from VM 1 with logical time 95 | Added to queue (now size: 2)
2025-03-03 14:24:16,433 - PROCESSED: Message from VM 1 | Remaining queue size: 1 | Updated logical clock: 92
2025-03-03 14:24:16,934 - PROCESSED: Message from VM 1 | Remaining queue size: 0 | Updated logical clock: 96
2025-03-03 14:24:17,435 - INTERNAL EVENT: Logical clock: 97
2025-03-03 14:24:17,674 - RECEIVED: Message from VM 1 with logical time 103 | Added to queue (now size: 1)
2025-03-03 14:24:17,936 - PROCESSED: Message from VM 1 | Remaining queue size: 0 | Updated logical clock: 104
2025-03-03 14:24:17,958 - RECEIVED: Message from VM 2 with logical time 105 | Added to queue (now size: 1)
2025-03-03 14:24:18,437 - PROCESSED: Message from VM 2 | Remaining queue size: 0 | Updated logical clock: 106
2025-03-03 14:24:18,848 - RECEIVED: Message from VM 1 with logical time 111 | Added to queue (now size: 1)
2025-03-03 14:24:18,939 - PROCESSED: Message from VM 1 | Remaining queue size: 0 | Updated logical clock: 112
2025-03-03 14:24:19,016 - RECEIVED: Message from VM 1 with logical time 112 | Added to queue (now size: 1)
2025-03-03 14:24:19,439 - PROCESSED: Message from VM 1 | Remaining queue size: 0 | Updated logical clock: 113
2025-03-03 14:24:19,688 - RECEIVED: Message from VM 1 with logical time 116 | Added to queue (now size: 1)
2025-03-03 14:24:19,940 - PROCESSED: Message from VM 1 | Remaining queue size: 0 | Updated logical clock: 117
2025-03-03 14:24:20,360 - RECEIVED: Message from VM 1 with logical time 120 | Added to queue (now size: 1)
2025-03-03 14:24:20,442 - PROCESSED: Message from VM 1 | Remaining queue size: 0 | Updated logical clock: 121
2025-03-03 14:24:20,863 - RECEIVED: Message from VM 1 with logical time 123 | Added to queue (now size: 1)
2025-03-03 14:24:20,943 - PROCESSED: Message from VM 1 | Remaining queue size: 0 | Updated logical clock: 124
2025-03-03 14:24:21,444 - INTERNAL EVENT: Logical clock: 125
2025-03-03 14:24:21,535 - RECEIVED: Message from VM 1 with logical time 127 | Added to queue (now size: 1)
2025-03-03 14:24:21,945 - PROCESSED: Message from VM 1 | Remaining queue size: 0 | Updated logical clock: 128
2025-03-03 14:24:22,447 - INTERNAL EVENT: Logical clock: 129
2025-03-03 14:24:22,542 - RECEIVED: Message from VM 1 with logical time 133 | Added to queue (now size: 1)
2025-03-03 14:24:22,948 - PROCESSED: Message from VM 1 | Remaining queue size: 0 | Updated logical clock: 134
2025-03-03 14:24:23,449 - INTERNAL EVENT: Logical clock: 135
2025-03-03 14:24:23,950 - INTERNAL EVENT: Logical clock: 136
2025-03-03 14:24:23,982 - RECEIVED: Message from VM 2 with logical time 141 | Added to queue (now size: 1)
2025-03-03 14:24:24,451 - PROCESSED: Message from VM 2 | Remaining queue size: 0 | Updated logical clock: 142
2025-03-03 14:24:24,555 - RECEIVED: Message from VM 1 with logical time 145 | Added to queue (now size: 1)
2025-03-03 14:24:24,952 - PROCESSED: Message from VM 1 | Remaining queue size: 0 | Updated logical clock: 146
2025-03-03 14:24:25,238 - RECEIVED: Message from VM 2 with logical time 148 | Added to queue (now size: 1)
2025-03-03 14:24:25,454 - PROCESSED: Message from VM 2 | Remaining queue size: 0 | Updated logical clock: 149
2025-03-03 14:24:25,955 - SENT: Message to VM 1 at logical time 150
2025-03-03 14:24:26,456 - INTERNAL EVENT: Logical clock: 151
2025-03-03 14:24:26,736 - RECEIVED: Message from VM 1 with logical time 158 | Added to queue (now size: 1)
2025-03-03 14:24:26,904 - RECEIVED: Message from VM 1 with logical time 159 | Added to queue (now size: 2)
2025-03-03 14:24:26,957 - PROCESSED: Message from VM 1 | Remaining queue size: 1 | Updated logical clock: 159
2025-03-03 14:24:26,996 - RECEIVED: Message from VM 2 with logical time 160 | Added to queue (now size: 2)
2025-03-03 14:24:27,458 - PROCESSED: Message from VM 1 | Remaining queue size: 1 | Updated logical clock: 160
2025-03-03 14:24:27,909 - RECEIVED: Message from VM 1 with logical time 165 | Added to queue (now size: 2)
2025-03-03 14:24:27,959 - PROCESSED: Message from VM 2 | Remaining queue size: 1 | Updated logical clock: 161
2025-03-03 14:24:28,413 - RECEIVED: Message from VM 1 with logical time 168 | Added to queue (now size: 2)
2025-03-03 14:24:28,460 - PROCESSED: Message from VM 1 | Remaining queue size: 1 | Updated logical clock: 166
2025-03-03 14:24:28,917 - RECEIVED: Message from VM 1 with logical time 171 | Added to queue (now size: 2)
2025-03-03 14:24:28,961 - PROCESSED: Message from VM 1 | Remaining queue size: 1 | Updated logical clock: 169
2025-03-03 14:24:29,463 - PROCESSED: Message from VM 1 | Remaining queue size: 0 | Updated logical clock: 172
2025-03-03 14:24:29,587 - RECEIVED: Message from VM 1 with logical time 175 | Added to queue (now size: 1)
2025-03-03 14:24:29,963 - PROCESSED: Message from VM 1 | Remaining queue size: 0 | Updated logical clock: 176
2025-03-03 14:24:30,006 - RECEIVED: Message from VM 2 with logical time 175 | Added to queue (now size: 1)
2025-03-03 14:24:30,257 - RECEIVED: Message from VM 2 with logical time 176 | Added to queue (now size: 2)
2025-03-03 14:24:30,424 - RECEIVED: Message from VM 1 with logical time 180 | Added to queue (now size: 3)
2025-03-03 14:24:30,465 - PROCESSED: Message from VM 2 | Remaining queue size: 2 | Updated logical clock: 177
2025-03-03 14:24:30,927 - RECEIVED: Message from VM 1 with logical time 183 | Added to queue (now size: 3)
2025-03-03 14:24:30,966 - PROCESSED: Message from VM 2 | Remaining queue size: 2 | Updated logical clock: 178
2025-03-03 14:24:31,466 - PROCESSED: Message from VM 1 | Remaining queue size: 1 | Updated logical clock: 181
2025-03-03 14:24:31,968 - PROCESSED: Message from VM 1 | Remaining queue size: 0 | Updated logical clock: 184
2025-03-03 14:24:32,100 - RECEIVED: Message from VM 1 with logical time 190 | Added to queue (now size: 1)
2025-03-03 14:24:32,267 - RECEIVED: Message from VM 2 with logical time 191 | Added to queue (now size: 2)
2025-03-03 14:24:32,468 - PROCESSED: Message from VM 1 | Remaining queue size: 1 | Updated logical clock: 191
2025-03-03 14:24:32,970 - PROCESSED: Message from VM 2 | Remaining queue size: 0 | Updated logical clock: 192
2025-03-03 14:24:33,271 - RECEIVED: Message from VM 1 with logical time 197 | Added to queue (now size: 1)
2025-03-03 14:24:33,471 - PROCESSED: Message from VM 1 | Remaining queue size: 0 | Updated logical clock: 198
2025-03-03 14:24:33,522 - RECEIVED: Message from VM 2 with logical time 198 | Added to queue (now size: 1)
2025-03-03 14:24:33,774 - RECEIVED: Message from VM 1 with logical time 200 | Added to queue (now size: 2)
2025-03-03 14:24:33,972 - PROCESSED: Message from VM 2 | Remaining queue size: 1 | Updated logical clock: 199
2025-03-03 14:24:34,276 - RECEIVED: Message from VM 2 with logical time 202 | Added to queue (now size: 2)
2025-03-03 14:24:34,473 - PROCESSED: Message from VM 1 | Remaining queue size: 1 | Updated logical clock: 201
2025-03-03 14:24:34,974 - PROCESSED: Message from VM 2 | Remaining queue size: 0 | Updated logical clock: 203
2025-03-03 14:24:35,029 - RECEIVED: Message from VM 2 with logical time 205 | Added to queue (now size: 1)
2025-03-03 14:24:35,280 - RECEIVED: Message from VM 2 with logical time 206 | Added to queue (now size: 2)
2025-03-03 14:24:35,282 - RECEIVED: Message from VM 1 with logical time 209 | Added to queue (now size: 3)
2025-03-03 14:24:35,476 - PROCESSED: Message from VM 2 | Remaining queue size: 2 | Updated logical clock: 206
2025-03-03 14:24:35,977 - PROCESSED: Message from VM 2 | Remaining queue size: 1 | Updated logical clock: 207
2025-03-03 14:24:36,454 - RECEIVED: Message from VM 1 with logical time 216 | Added to queue (now size: 2)
2025-03-03 14:24:36,478 - PROCESSED: Message from VM 1 | Remaining queue size: 1 | Updated logical clock: 210
2025-03-03 14:24:36,621 - RECEIVED: Message from VM 1 with logical time 217 | Added to queue (now size: 2)
2025-03-03 14:24:36,979 - PROCESSED: Message from VM 1 | Remaining queue size: 1 | Updated logical clock: 217
2025-03-03 14:24:37,124 - RECEIVED: Message from VM 1 with logical time 220 | Added to queue (now size: 2)
2025-03-03 14:24:37,480 - PROCESSED: Message from VM 1 | Remaining queue size: 1 | Updated logical clock: 218
2025-03-03 14:24:37,627 - RECEIVED: Message from VM 1 with logical time 223 | Added to queue (now size: 2)
2025-03-03 14:24:37,792 - RECEIVED: Message from VM 2 with logical time 223 | Added to queue (now size: 3)
2025-03-03 14:24:37,962 - RECEIVED: Message from VM 1 with logical time 225 | Added to queue (now size: 4)
2025-03-03 14:24:37,981 - PROCESSED: Message from VM 1 | Remaining queue size: 3 | Updated logical clock: 221
2025-03-03 14:24:38,295 - RECEIVED: Message from VM 2 with logical time 225 | Added to queue (now size: 4)
2025-03-03 14:24:38,464 - RECEIVED: Message from VM 1 with logical time 228 | Added to queue (now size: 5)
2025-03-03 14:24:38,483 - PROCESSED: Message from VM 1 | Remaining queue size: 4 | Updated logical clock: 224
2025-03-03 14:24:38,984 - PROCESSED: Message from VM 2 | Remaining queue size: 3 | Updated logical clock: 225
2025-03-03 14:24:39,134 - RECEIVED: Message from VM 1 with logical time 232 | Added to queue (now size: 4)
2025-03-03 14:24:39,485 - PROCESSED: Message from VM 1 | Remaining queue size: 3 | Updated logical clock: 226
2025-03-03 14:24:39,986 - PROCESSED: Message from VM 2 | Remaining queue size: 2 | Updated logical clock: 227
2025-03-03 14:24:40,139 - RECEIVED: Message from VM 1 with logical time 238 | Added to queue (now size: 3)
2025-03-03 14:24:40,474 - RECEIVED: Message from VM 1 with logical time 240 | Added to queue (now size: 4)
2025-03-03 14:24:40,486 - PROCESSED: Message from VM 1 | Remaining queue size: 3 | Updated logical clock: 229
2025-03-03 14:24:40,555 - RECEIVED: Message from VM 2 with logical time 239 | Added to queue (now size: 4)
2025-03-03 14:24:40,810 - RECEIVED: Message from VM 1 with logical time 242 | Added to queue (now size: 5)
2025-03-03 14:24:40,987 - PROCESSED: Message from VM 1 | Remaining queue size: 4 | Updated logical clock: 233
2025-03-03 14:24:41,058 - RECEIVED: Message from VM 2 with logical time 243 | Added to queue (now size: 5)
2025-03-03 14:24:41,309 - RECEIVED: Message from VM 2 with logical time 244 | Added to queue (now size: 6)
2025-03-03 14:24:41,489 - PROCESSED: Message from VM 1 | Remaining queue size: 5 | Updated logical clock: 239
2025-03-03 14:24:41,560 - RECEIVED: Message from VM 2 with logical time 245 | Added to queue (now size: 6)
2025-03-03 14:24:41,647 - RECEIVED: Message from VM 1 with logical time 247 | Added to queue (now size: 7)
2025-03-03 14:24:41,982 - RECEIVED: Message from VM 1 with logical time 249 | Added to queue (now size: 8)
2025-03-03 14:24:41,990 - PROCESSED: Message from VM 1 | Remaining queue size: 7 | Updated logical clock: 241
2025-03-03 14:24:42,317 - RECEIVED: Message from VM 1 with logical time 251 | Added to queue (now size: 8)
2025-03-03 14:24:42,491 - PROCESSED: Message from VM 2 | Remaining queue size: 7 | Updated logical clock: 242
2025-03-03 14:24:42,817 - RECEIVED: Message from VM 2 with logical time 253 | Added to queue (now size: 8)
2025-03-03 14:24:42,991 - PROCESSED: Message from VM 1 | Remaining queue size: 7 | Updated logical clock: 243
2025-03-03 14:24:43,068 - RECEIVED: Message from VM 2 with logical time 254 | Added to queue (now size: 8)
2025-03-03 14:24:43,489 - RECEIVED: Message from VM 1 with logical time 258 | Added to queue (now size: 9)
2025-03-03 14:24:43,491 - PROCESSED: Message from VM 2 | Remaining queue size: 8 | Updated logical clock: 244
2025-03-03 14:24:43,825 - RECEIVED: Message from VM 1 with logical time 260 | Added to queue (now size: 9)
2025-03-03 14:24:43,992 - PROCESSED: Message from VM 2 | Remaining queue size: 8 | Updated logical clock: 245
2025-03-03 14:24:44,321 - RECEIVED: Message from VM 2 with logical time 262 | Added to queue (now size: 9)
2025-03-03 14:24:44,494 - PROCESSED: Message from VM 2 | Remaining queue size: 8 | Updated logical clock: 246
2025-03-03 14:24:44,824 - RECEIVED: Message from VM 2 with logical time 266 | Added to queue (now size: 9)
2025-03-03 14:24:44,830 - RECEIVED: Message from VM 1 with logical time 266 | Added to queue (now size: 10)
2025-03-03 14:24:44,995 - PROCESSED: Message from VM 1 | Remaining queue size: 9 | Updated logical clock: 248
2025-03-03 14:24:45,496 - PROCESSED: Message from VM 1 | Remaining queue size: 8 | Updated logical clock: 250
2025-03-03 14:24:45,830 - RECEIVED: Message from VM 2 with logical time 270 | Added to queue (now size: 9)
2025-03-03 14:24:45,997 - PROCESSED: Message from VM 1 | Remaining queue size: 8 | Updated logical clock: 252
2025-03-03 14:24:46,333 - RECEIVED: Message from VM 2 with logical time 275 | Added to queue (now size: 9)
2025-03-03 14:24:46,498 - PROCESSED: Message from VM 2 | Remaining queue size: 8 | Updated logical clock: 254
2025-03-03 14:24:46,999 - PROCESSED: Message from VM 2 | Remaining queue size: 7 | Updated logical clock: 255
2025-03-03 14:24:47,086 - RECEIVED: Message from VM 2 with logical time 278 | Added to queue (now size: 8)
2025-03-03 14:24:47,500 - PROCESSED: Message from VM 1 | Remaining queue size: 7 | Updated logical clock: 259
2025-03-03 14:24:47,840 - RECEIVED: Message from VM 2 with logical time 281 | Added to queue (now size: 8)
2025-03-03 14:24:48,001 - PROCESSED: Message from VM 1 | Remaining queue size: 7 | Updated logical clock: 261
2025-03-03 14:24:48,014 - RECEIVED: Message from VM 1 with logical time 285 | Added to queue (now size: 8)
2025-03-03 14:24:48,090 - RECEIVED: Message from VM 2 with logical time 282 | Added to queue (now size: 9)
2025-03-03 14:24:48,349 - RECEIVED: Message from VM 1 with logical time 287 | Added to queue (now size: 10)
2025-03-03 14:24:48,503 - PROCESSED: Message from VM 2 | Remaining queue size: 9 | Updated logical clock: 263
2025-03-03 14:24:49,003 - PROCESSED: Message from VM 2 | Remaining queue size: 8 | Updated logical clock: 267
2025-03-03 14:24:49,095 - RECEIVED: Message from VM 2 with logical time 291 | Added to queue (now size: 9)
2025-03-03 14:24:49,504 - PROCESSED: Message from VM 1 | Remaining queue size: 8 | Updated logical clock: 268
2025-03-03 14:24:49,524 - RECEIVED: Message from VM 1 with logical time 294 | Added to queue (now size: 9)
2025-03-03 14:24:50,006 - PROCESSED: Message from VM 2 | Remaining queue size: 8 | Updated logical clock: 271
2025-03-03 14:24:50,027 - RECEIVED: Message from VM 1 with logical time 297 | Added to queue (now size: 9)
2025-03-03 14:24:50,194 - RECEIVED: Message from VM 1 with logical time 298 | Added to queue (now size: 10)
2025-03-03 14:24:50,362 - RECEIVED: Message from VM 1 with logical time 299 | Added to queue (now size: 11)
2025-03-03 14:24:50,507 - PROCESSED: Message from VM 2 | Remaining queue size: 10 | Updated logical clock: 276
2025-03-03 14:24:51,008 - PROCESSED: Message from VM 2 | Remaining queue size: 9 | Updated logical clock: 279
2025-03-03 14:24:51,509 - PROCESSED: Message from VM 2 | Remaining queue size: 8 | Updated logical clock: 282
2025-03-03 14:24:51,535 - RECEIVED: Message from VM 1 with logical time 306 | Added to queue (now size: 9)
2025-03-03 14:24:51,703 - RECEIVED: Message from VM 1 with logical time 307 | Added to queue (now size: 10)
2025-03-03 14:24:51,871 - RECEIVED: Message from VM 1 with logical time 308 | Added to queue (now size: 11)
2025-03-03 14:24:52,011 - PROCESSED: Message from VM 1 | Remaining queue size: 10 | Updated logical clock: 286
2025-03-03 14:24:52,374 - RECEIVED: Message from VM 1 with logical time 311 | Added to queue (now size: 11)
2025-03-03 14:24:52,512 - PROCESSED: Message from VM 2 | Remaining queue size: 10 | Updated logical clock: 287
2025-03-03 14:24:53,013 - PROCESSED: Message from VM 1 | Remaining queue size: 9 | Updated logical clock: 288
2025-03-03 14:24:53,513 - PROCESSED: Message from VM 2 | Remaining queue size: 8 | Updated logical clock: 292
2025-03-03 14:24:53,868 - RECEIVED: Message from VM 2 with logical time 320 | Added to queue (now size: 9)
2025-03-03 14:24:54,015 - PROCESSED: Message from VM 1 | Remaining queue size: 8 | Updated logical clock: 295
2025-03-03 14:24:54,056 - RECEIVED: Message from VM 1 with logical time 322 | Added to queue (now size: 9)
2025-03-03 14:24:54,392 - RECEIVED: Message from VM 1 with logical time 324 | Added to queue (now size: 10)
2025-03-03 14:24:54,516 - PROCESSED: Message from VM 1 | Remaining queue size: 9 | Updated logical clock: 298
2025-03-03 14:24:54,895 - RECEIVED: Message from VM 1 with logical time 327 | Added to queue (now size: 10)
2025-03-03 14:24:55,017 - PROCESSED: Message from VM 1 | Remaining queue size: 9 | Updated logical clock: 299
2025-03-03 14:24:55,518 - PROCESSED: Message from VM 1 | Remaining queue size: 8 | Updated logical clock: 300
2025-03-03 14:24:55,735 - RECEIVED: Message from VM 1 with logical time 332 | Added to queue (now size: 9)
2025-03-03 14:24:56,020 - PROCESSED: Message from VM 1 | Remaining queue size: 8 | Updated logical clock: 307
2025-03-03 14:24:56,406 - RECEIVED: Message from VM 1 with logical time 336 | Added to queue (now size: 9)
2025-03-03 14:24:56,521 - PROCESSED: Message from VM 1 | Remaining queue size: 8 | Updated logical clock: 308
2025-03-03 14:24:56,631 - RECEIVED: Message from VM 2 with logical time 337 | Added to queue (now size: 9)
2025-03-03 14:24:57,022 - PROCESSED: Message from VM 1 | Remaining queue size: 8 | Updated logical clock: 309
2025-03-03 14:24:57,523 - PROCESSED: Message from VM 1 | Remaining queue size: 7 | Updated logical clock: 312
2025-03-03 14:24:58,024 - PROCESSED: Message from VM 2 | Remaining queue size: 6 | Updated logical clock: 321
2025-03-03 14:24:58,389 - RECEIVED: Message from VM 2 with logical time 344 | Added to queue (now size: 7)
2025-03-03 14:24:58,525 - PROCESSED: Message from VM 1 | Remaining queue size: 6 | Updated logical clock: 323
2025-03-03 14:24:59,027 - PROCESSED: Message from VM 1 | Remaining queue size: 5 | Updated logical clock: 325
