2025-02-28 15:19:08,330 - Initialized VM 1 with clock rate 5 ticks/second
2025-02-28 15:19:08,331 - Server started on 127.0.0.1:5001
2025-02-28 15:19:09,333 - Connected to VM 0
2025-02-28 15:19:09,334 - Connected to VM 2
2025-02-28 15:19:09,535 - INTERNAL EVENT: Logical clock: 1
2025-02-28 15:19:09,736 - INTERNAL EVENT: Logical clock: 2
2025-02-28 15:19:09,936 - INTERNAL EVENT: Logical clock: 3
2025-02-28 15:19:10,137 - INTERNAL EVENT: Logical clock: 4
2025-02-28 15:19:10,338 - SENT: Message to VM 0 at logical time 5
2025-02-28 15:19:10,539 - SENT: Message to VM 0 at logical time 6
2025-02-28 15:19:10,539 - SENT: Message to VM 2 at logical time 6
2025-02-28 15:19:10,539 - RECEIVED: Message from VM 2 with logical time 6 | Added to queue (now size: 1)
2025-02-28 15:19:10,740 - PROCESSED: Message from VM 2 | Remaining queue size: 0 | Updated logical clock: 7
2025-02-28 15:19:10,941 - SENT: Message to VM 0 at logical time 8
2025-02-28 15:19:10,941 - SENT: Message to VM 2 at logical time 8
2025-02-28 15:19:11,143 - SENT: Message to VM 2 at logical time 9
2025-02-28 15:19:11,344 - INTERNAL EVENT: Logical clock: 10
2025-02-28 15:19:11,545 - INTERNAL EVENT: Logical clock: 11
2025-02-28 15:19:11,545 - RECEIVED: Message from VM 2 with logical time 11 | Added to queue (now size: 1)
2025-02-28 15:19:11,746 - PROCESSED: Message from VM 2 | Remaining queue size: 0 | Updated logical clock: 12
2025-02-28 15:19:11,947 - INTERNAL EVENT: Logical clock: 13
2025-02-28 15:19:11,948 - RECEIVED: Message from VM 2 with logical time 13 | Added to queue (now size: 1)
2025-02-28 15:19:12,148 - PROCESSED: Message from VM 2 | Remaining queue size: 0 | Updated logical clock: 14
2025-02-28 15:19:12,149 - RECEIVED: Message from VM 2 with logical time 14 | Added to queue (now size: 1)
2025-02-28 15:19:12,349 - PROCESSED: Message from VM 2 | Remaining queue size: 0 | Updated logical clock: 15
2025-02-28 15:19:12,349 - RECEIVED: Message from VM 2 with logical time 15 | Added to queue (now size: 1)
2025-02-28 15:19:12,550 - PROCESSED: Message from VM 2 | Remaining queue size: 0 | Updated logical clock: 16
2025-02-28 15:19:12,751 - SENT: Message to VM 0 at logical time 17
2025-02-28 15:19:12,751 - RECEIVED: Message from VM 2 with logical time 17 | Added to queue (now size: 1)
2025-02-28 15:19:12,951 - PROCESSED: Message from VM 2 | Remaining queue size: 0 | Updated logical clock: 18
2025-02-28 15:19:13,102 - RECEIVED: Message from VM 0 with logical time 19 | Added to queue (now size: 1)
2025-02-28 15:19:13,152 - PROCESSED: Message from VM 0 | Remaining queue size: 0 | Updated logical clock: 20
2025-02-28 15:19:13,354 - INTERNAL EVENT: Logical clock: 21
2025-02-28 15:19:13,555 - SENT: Message to VM 2 at logical time 22
2025-02-28 15:19:13,756 - INTERNAL EVENT: Logical clock: 23
2025-02-28 15:19:13,957 - INTERNAL EVENT: Logical clock: 24
2025-02-28 15:19:14,158 - INTERNAL EVENT: Logical clock: 25
2025-02-28 15:19:14,358 - INTERNAL EVENT: Logical clock: 26
2025-02-28 15:19:14,560 - INTERNAL EVENT: Logical clock: 27
2025-03-03 14:23:25,570 - Initialized VM 1 with clock rate 1 ticks/second
2025-03-03 14:23:25,571 - Server started on 127.0.0.1:5001
2025-03-03 14:23:26,573 - Connected to VM 0
2025-03-03 14:23:26,574 - Connected to VM 2
2025-03-03 14:23:26,776 - RECEIVED: Message from VM 0 with logical time 1 | Added to queue (now size: 1)
2025-03-03 14:23:27,077 - RECEIVED: Message from VM 2 with logical time 3 | Added to queue (now size: 2)
2025-03-03 14:23:27,575 - PROCESSED: Message from VM 0 | Remaining queue size: 1 | Updated logical clock: 2
2025-03-03 14:23:28,577 - PROCESSED: Message from VM 2 | Remaining queue size: 0 | Updated logical clock: 4
2025-03-03 14:23:28,835 - RECEIVED: Message from VM 2 with logical time 11 | Added to queue (now size: 1)
2025-03-03 14:23:29,578 - PROCESSED: Message from VM 2 | Remaining queue size: 0 | Updated logical clock: 12
2025-03-03 14:23:30,579 - SENT: Message to VM 0 at logical time 13
2025-03-03 14:23:30,579 - SENT: Message to VM 2 at logical time 13
2025-03-03 14:23:30,997 - RECEIVED: Message from VM 0 with logical time 23 | Added to queue (now size: 1)
2025-03-03 14:23:31,399 - RECEIVED: Message from VM 0 with logical time 25 | Added to queue (now size: 2)
2025-03-03 14:23:31,580 - PROCESSED: Message from VM 0 | Remaining queue size: 1 | Updated logical clock: 24
2025-03-03 14:23:31,801 - RECEIVED: Message from VM 0 with logical time 27 | Added to queue (now size: 2)
2025-03-03 14:23:32,582 - PROCESSED: Message from VM 0 | Remaining queue size: 1 | Updated logical clock: 26
2025-03-03 14:23:32,856 - RECEIVED: Message from VM 2 with logical time 32 | Added to queue (now size: 2)
2025-03-03 14:23:33,209 - RECEIVED: Message from VM 0 with logical time 34 | Added to queue (now size: 3)
2025-03-03 14:23:33,582 - PROCESSED: Message from VM 0 | Remaining queue size: 2 | Updated logical clock: 28
2025-03-03 14:23:33,609 - RECEIVED: Message from VM 2 with logical time 36 | Added to queue (now size: 3)
2025-03-03 14:23:34,415 - RECEIVED: Message from VM 0 with logical time 41 | Added to queue (now size: 4)
2025-03-03 14:23:34,583 - PROCESSED: Message from VM 2 | Remaining queue size: 3 | Updated logical clock: 33
2025-03-03 14:23:35,420 - RECEIVED: Message from VM 0 with logical time 46 | Added to queue (now size: 4)
2025-03-03 14:23:35,585 - PROCESSED: Message from VM 0 | Remaining queue size: 3 | Updated logical clock: 35
2025-03-03 14:23:36,024 - RECEIVED: Message from VM 0 with logical time 49 | Added to queue (now size: 4)
2025-03-03 14:23:36,585 - PROCESSED: Message from VM 2 | Remaining queue size: 3 | Updated logical clock: 37
2025-03-03 14:23:36,827 - RECEIVED: Message from VM 0 with logical time 54 | Added to queue (now size: 4)
2025-03-03 14:23:37,585 - PROCESSED: Message from VM 0 | Remaining queue size: 3 | Updated logical clock: 42
2025-03-03 14:23:38,586 - PROCESSED: Message from VM 0 | Remaining queue size: 2 | Updated logical clock: 47
2025-03-03 14:23:39,588 - PROCESSED: Message from VM 0 | Remaining queue size: 1 | Updated logical clock: 50
2025-03-03 14:23:39,888 - RECEIVED: Message from VM 2 with logical time 70 | Added to queue (now size: 2)
2025-03-03 14:23:40,391 - RECEIVED: Message from VM 2 with logical time 72 | Added to queue (now size: 3)
2025-03-03 14:23:40,589 - PROCESSED: Message from VM 0 | Remaining queue size: 2 | Updated logical clock: 55
2025-03-03 14:23:40,646 - RECEIVED: Message from VM 0 with logical time 74 | Added to queue (now size: 3)
2025-03-03 14:23:41,589 - PROCESSED: Message from VM 2 | Remaining queue size: 2 | Updated logical clock: 71
2025-03-03 14:23:42,591 - PROCESSED: Message from VM 2 | Remaining queue size: 1 | Updated logical clock: 73
2025-03-03 14:23:43,157 - RECEIVED: Message from VM 2 with logical time 87 | Added to queue (now size: 2)
2025-03-03 14:23:43,592 - PROCESSED: Message from VM 0 | Remaining queue size: 1 | Updated logical clock: 75
2025-03-03 14:23:44,593 - PROCESSED: Message from VM 2 | Remaining queue size: 0 | Updated logical clock: 88
2025-03-03 14:23:45,473 - RECEIVED: Message from VM 0 with logical time 98 | Added to queue (now size: 1)
2025-03-03 14:23:45,594 - PROCESSED: Message from VM 0 | Remaining queue size: 0 | Updated logical clock: 99
2025-03-03 14:23:45,673 - RECEIVED: Message from VM 0 with logical time 99 | Added to queue (now size: 1)
2025-03-03 14:23:46,277 - RECEIVED: Message from VM 0 with logical time 102 | Added to queue (now size: 2)
2025-03-03 14:23:59,391 - Initialized VM 1 with clock rate 6 ticks/second
2025-03-03 14:23:59,392 - Server started on 127.0.0.1:5001
2025-03-03 14:24:00,395 - Connected to VM 0
2025-03-03 14:24:00,395 - Connected to VM 2
2025-03-03 14:24:00,563 - INTERNAL EVENT: Logical clock: 1
2025-03-03 14:24:00,731 - INTERNAL EVENT: Logical clock: 2
2025-03-03 14:24:00,897 - RECEIVED: Message from VM 2 with logical time 2 | Added to queue (now size: 1)
2025-03-03 14:24:00,898 - PROCESSED: Message from VM 2 | Remaining queue size: 0 | Updated logical clock: 3
2025-03-03 14:24:01,065 - INTERNAL EVENT: Logical clock: 4
2025-03-03 14:24:01,233 - INTERNAL EVENT: Logical clock: 5
2025-03-03 14:24:01,400 - SENT: Message to VM 2 at logical time 6
2025-03-03 14:24:01,568 - INTERNAL EVENT: Logical clock: 7
2025-03-03 14:24:01,735 - INTERNAL EVENT: Logical clock: 8
2025-03-03 14:24:01,898 - RECEIVED: Message from VM 0 with logical time 4 | Added to queue (now size: 1)
2025-03-03 14:24:01,903 - PROCESSED: Message from VM 0 | Remaining queue size: 0 | Updated logical clock: 9
2025-03-03 14:24:02,070 - INTERNAL EVENT: Logical clock: 10
2025-03-03 14:24:02,238 - INTERNAL EVENT: Logical clock: 11
2025-03-03 14:24:02,404 - INTERNAL EVENT: Logical clock: 12
2025-03-03 14:24:02,572 - INTERNAL EVENT: Logical clock: 13
2025-03-03 14:24:02,740 - INTERNAL EVENT: Logical clock: 14
2025-03-03 14:24:02,907 - INTERNAL EVENT: Logical clock: 15
2025-03-03 14:24:03,074 - INTERNAL EVENT: Logical clock: 16
2025-03-03 14:24:03,242 - INTERNAL EVENT: Logical clock: 17
2025-03-03 14:24:03,402 - RECEIVED: Message from VM 0 with logical time 7 | Added to queue (now size: 1)
2025-03-03 14:24:03,409 - PROCESSED: Message from VM 0 | Remaining queue size: 0 | Updated logical clock: 18
2025-03-03 14:24:03,577 - INTERNAL EVENT: Logical clock: 19
2025-03-03 14:24:03,745 - INTERNAL EVENT: Logical clock: 20
2025-03-03 14:24:03,912 - INTERNAL EVENT: Logical clock: 21
2025-03-03 14:24:04,080 - INTERNAL EVENT: Logical clock: 22
2025-03-03 14:24:04,248 - SENT: Message to VM 0 at logical time 23
2025-03-03 14:24:04,416 - SENT: Message to VM 0 at logical time 24
2025-03-03 14:24:04,584 - INTERNAL EVENT: Logical clock: 25
2025-03-03 14:24:04,751 - INTERNAL EVENT: Logical clock: 26
2025-03-03 14:24:04,919 - SENT: Message to VM 0 at logical time 27
2025-03-03 14:24:05,087 - INTERNAL EVENT: Logical clock: 28
2025-03-03 14:24:05,254 - INTERNAL EVENT: Logical clock: 29
2025-03-03 14:24:05,422 - SENT: Message to VM 0 at logical time 30
2025-03-03 14:24:05,423 - SENT: Message to VM 2 at logical time 30
2025-03-03 14:24:05,590 - INTERNAL EVENT: Logical clock: 31
2025-03-03 14:24:05,759 - INTERNAL EVENT: Logical clock: 32
2025-03-03 14:24:05,911 - RECEIVED: Message from VM 2 with logical time 32 | Added to queue (now size: 1)
2025-03-03 14:24:05,927 - PROCESSED: Message from VM 2 | Remaining queue size: 0 | Updated logical clock: 33
2025-03-03 14:24:06,095 - INTERNAL EVENT: Logical clock: 34
2025-03-03 14:24:06,263 - SENT: Message to VM 0 at logical time 35
2025-03-03 14:24:06,430 - INTERNAL EVENT: Logical clock: 36
2025-03-03 14:24:06,598 - INTERNAL EVENT: Logical clock: 37
2025-03-03 14:24:06,766 - INTERNAL EVENT: Logical clock: 38
2025-03-03 14:24:06,935 - INTERNAL EVENT: Logical clock: 39
2025-03-03 14:24:07,103 - SENT: Message to VM 0 at logical time 40
2025-03-03 14:24:07,103 - SENT: Message to VM 2 at logical time 40
2025-03-03 14:24:07,270 - INTERNAL EVENT: Logical clock: 41
2025-03-03 14:24:07,437 - INTERNAL EVENT: Logical clock: 42
2025-03-03 14:24:07,604 - INTERNAL EVENT: Logical clock: 43
2025-03-03 14:24:07,772 - INTERNAL EVENT: Logical clock: 44
2025-03-03 14:24:07,917 - RECEIVED: Message from VM 2 with logical time 44 | Added to queue (now size: 1)
2025-03-03 14:24:07,940 - PROCESSED: Message from VM 2 | Remaining queue size: 0 | Updated logical clock: 45
2025-03-03 14:24:08,108 - SENT: Message to VM 0 at logical time 46
2025-03-03 14:24:08,108 - SENT: Message to VM 2 at logical time 46
2025-03-03 14:24:08,276 - INTERNAL EVENT: Logical clock: 47
2025-03-03 14:24:08,444 - INTERNAL EVENT: Logical clock: 48
2025-03-03 14:24:08,612 - INTERNAL EVENT: Logical clock: 49
2025-03-03 14:24:08,780 - INTERNAL EVENT: Logical clock: 50
2025-03-03 14:24:08,947 - INTERNAL EVENT: Logical clock: 51
2025-03-03 14:24:09,115 - INTERNAL EVENT: Logical clock: 52
2025-03-03 14:24:09,283 - SENT: Message to VM 0 at logical time 53
2025-03-03 14:24:09,283 - SENT: Message to VM 2 at logical time 53
2025-03-03 14:24:09,450 - INTERNAL EVENT: Logical clock: 54
2025-03-03 14:24:09,618 - INTERNAL EVENT: Logical clock: 55
2025-03-03 14:24:09,785 - INTERNAL EVENT: Logical clock: 56
2025-03-03 14:24:09,953 - SENT: Message to VM 0 at logical time 57
2025-03-03 14:24:09,953 - SENT: Message to VM 2 at logical time 57
2025-03-03 14:24:10,121 - INTERNAL EVENT: Logical clock: 58
2025-03-03 14:24:10,288 - SENT: Message to VM 2 at logical time 59
2025-03-03 14:24:10,456 - SENT: Message to VM 2 at logical time 60
2025-03-03 14:24:10,624 - INTERNAL EVENT: Logical clock: 61
2025-03-03 14:24:10,791 - INTERNAL EVENT: Logical clock: 62
2025-03-03 14:24:10,927 - RECEIVED: Message from VM 2 with logical time 62 | Added to queue (now size: 1)
2025-03-03 14:24:10,959 - PROCESSED: Message from VM 2 | Remaining queue size: 0 | Updated logical clock: 63
2025-03-03 14:24:11,127 - INTERNAL EVENT: Logical clock: 64
2025-03-03 14:24:11,295 - INTERNAL EVENT: Logical clock: 65
2025-03-03 14:24:11,462 - INTERNAL EVENT: Logical clock: 66
2025-03-03 14:24:11,630 - INTERNAL EVENT: Logical clock: 67
2025-03-03 14:24:11,798 - SENT: Message to VM 2 at logical time 68
2025-03-03 14:24:11,966 - INTERNAL EVENT: Logical clock: 69
2025-03-03 14:24:12,133 - INTERNAL EVENT: Logical clock: 70
2025-03-03 14:24:12,182 - RECEIVED: Message from VM 2 with logical time 70 | Added to queue (now size: 1)
2025-03-03 14:24:12,300 - PROCESSED: Message from VM 2 | Remaining queue size: 0 | Updated logical clock: 71
2025-03-03 14:24:12,468 - INTERNAL EVENT: Logical clock: 72
2025-03-03 14:24:12,636 - SENT: Message to VM 0 at logical time 73
2025-03-03 14:24:12,685 - RECEIVED: Message from VM 2 with logical time 72 | Added to queue (now size: 1)
2025-03-03 14:24:12,804 - PROCESSED: Message from VM 2 | Remaining queue size: 0 | Updated logical clock: 74
2025-03-03 14:24:12,973 - SENT: Message to VM 0 at logical time 75
2025-03-03 14:24:12,973 - SENT: Message to VM 2 at logical time 75
2025-03-03 14:24:13,141 - INTERNAL EVENT: Logical clock: 76
2025-03-03 14:24:13,308 - INTERNAL EVENT: Logical clock: 77
2025-03-03 14:24:13,438 - RECEIVED: Message from VM 2 with logical time 77 | Added to queue (now size: 1)
2025-03-03 14:24:13,476 - PROCESSED: Message from VM 2 | Remaining queue size: 0 | Updated logical clock: 78
2025-03-03 14:24:13,644 - INTERNAL EVENT: Logical clock: 79
2025-03-03 14:24:13,813 - INTERNAL EVENT: Logical clock: 80
2025-03-03 14:24:13,981 - INTERNAL EVENT: Logical clock: 81
2025-03-03 14:24:14,149 - SENT: Message to VM 2 at logical time 82
2025-03-03 14:24:14,316 - INTERNAL EVENT: Logical clock: 83
2025-03-03 14:24:14,484 - INTERNAL EVENT: Logical clock: 84
2025-03-03 14:24:14,652 - INTERNAL EVENT: Logical clock: 85
2025-03-03 14:24:14,820 - INTERNAL EVENT: Logical clock: 86
2025-03-03 14:24:14,988 - INTERNAL EVENT: Logical clock: 87
2025-03-03 14:24:15,156 - SENT: Message to VM 0 at logical time 88
2025-03-03 14:24:15,156 - SENT: Message to VM 2 at logical time 88
2025-03-03 14:24:15,323 - INTERNAL EVENT: Logical clock: 89
2025-03-03 14:24:15,491 - SENT: Message to VM 0 at logical time 90
2025-03-03 14:24:15,659 - SENT: Message to VM 0 at logical time 91
2025-03-03 14:24:15,827 - INTERNAL EVENT: Logical clock: 92
2025-03-03 14:24:15,995 - INTERNAL EVENT: Logical clock: 93
2025-03-03 14:24:16,162 - INTERNAL EVENT: Logical clock: 94
2025-03-03 14:24:16,330 - SENT: Message to VM 0 at logical time 95
2025-03-03 14:24:16,330 - SENT: Message to VM 2 at logical time 95
2025-03-03 14:24:16,498 - SENT: Message to VM 2 at logical time 96
2025-03-03 14:24:16,666 - INTERNAL EVENT: Logical clock: 97
2025-03-03 14:24:16,834 - INTERNAL EVENT: Logical clock: 98
2025-03-03 14:24:16,953 - RECEIVED: Message from VM 2 with logical time 98 | Added to queue (now size: 1)
2025-03-03 14:24:17,002 - PROCESSED: Message from VM 2 | Remaining queue size: 0 | Updated logical clock: 99
2025-03-03 14:24:17,170 - INTERNAL EVENT: Logical clock: 100
2025-03-03 14:24:17,338 - SENT: Message to VM 2 at logical time 101
2025-03-03 14:24:17,506 - INTERNAL EVENT: Logical clock: 102
2025-03-03 14:24:17,674 - SENT: Message to VM 0 at logical time 103
2025-03-03 14:24:17,674 - SENT: Message to VM 2 at logical time 103
2025-03-03 14:24:17,842 - INTERNAL EVENT: Logical clock: 104
2025-03-03 14:24:17,958 - RECEIVED: Message from VM 2 with logical time 105 | Added to queue (now size: 1)
2025-03-03 14:24:18,008 - PROCESSED: Message from VM 2 | Remaining queue size: 0 | Updated logical clock: 106
2025-03-03 14:24:18,177 - SENT: Message to VM 2 at logical time 107
2025-03-03 14:24:18,345 - INTERNAL EVENT: Logical clock: 108
2025-03-03 14:24:18,512 - INTERNAL EVENT: Logical clock: 109
2025-03-03 14:24:18,680 - INTERNAL EVENT: Logical clock: 110
2025-03-03 14:24:18,848 - SENT: Message to VM 0 at logical time 111
2025-03-03 14:24:18,848 - SENT: Message to VM 2 at logical time 111
2025-03-03 14:24:19,016 - SENT: Message to VM 0 at logical time 112
2025-03-03 14:24:19,016 - SENT: Message to VM 2 at logical time 112
2025-03-03 14:24:19,184 - INTERNAL EVENT: Logical clock: 113
2025-03-03 14:24:19,352 - INTERNAL EVENT: Logical clock: 114
2025-03-03 14:24:19,520 - INTERNAL EVENT: Logical clock: 115
2025-03-03 14:24:19,688 - SENT: Message to VM 0 at logical time 116
2025-03-03 14:24:19,855 - INTERNAL EVENT: Logical clock: 117
2025-03-03 14:24:20,023 - INTERNAL EVENT: Logical clock: 118
2025-03-03 14:24:20,191 - INTERNAL EVENT: Logical clock: 119
2025-03-03 14:24:20,359 - SENT: Message to VM 0 at logical time 120
2025-03-03 14:24:20,527 - INTERNAL EVENT: Logical clock: 121
2025-03-03 14:24:20,695 - INTERNAL EVENT: Logical clock: 122
2025-03-03 14:24:20,863 - SENT: Message to VM 0 at logical time 123
2025-03-03 14:24:21,031 - INTERNAL EVENT: Logical clock: 124
2025-03-03 14:24:21,199 - SENT: Message to VM 2 at logical time 125
2025-03-03 14:24:21,366 - INTERNAL EVENT: Logical clock: 126
2025-03-03 14:24:21,534 - SENT: Message to VM 0 at logical time 127
2025-03-03 14:24:21,702 - INTERNAL EVENT: Logical clock: 128
2025-03-03 14:24:21,870 - INTERNAL EVENT: Logical clock: 129
2025-03-03 14:24:21,974 - RECEIVED: Message from VM 2 with logical time 129 | Added to queue (now size: 1)
2025-03-03 14:24:22,038 - PROCESSED: Message from VM 2 | Remaining queue size: 0 | Updated logical clock: 130
2025-03-03 14:24:22,206 - INTERNAL EVENT: Logical clock: 131
2025-03-03 14:24:22,374 - INTERNAL EVENT: Logical clock: 132
2025-03-03 14:24:22,542 - SENT: Message to VM 0 at logical time 133
2025-03-03 14:24:22,542 - SENT: Message to VM 2 at logical time 133
2025-03-03 14:24:22,709 - INTERNAL EVENT: Logical clock: 134
2025-03-03 14:24:22,877 - SENT: Message to VM 2 at logical time 135
2025-03-03 14:24:23,045 - INTERNAL EVENT: Logical clock: 136
2025-03-03 14:24:23,212 - INTERNAL EVENT: Logical clock: 137
2025-03-03 14:24:23,380 - SENT: Message to VM 2 at logical time 138
2025-03-03 14:24:23,548 - INTERNAL EVENT: Logical clock: 139
2025-03-03 14:24:23,715 - INTERNAL EVENT: Logical clock: 140
2025-03-03 14:24:23,883 - INTERNAL EVENT: Logical clock: 141
2025-03-03 14:24:24,051 - INTERNAL EVENT: Logical clock: 142
2025-03-03 14:24:24,218 - INTERNAL EVENT: Logical clock: 143
2025-03-03 14:24:24,386 - INTERNAL EVENT: Logical clock: 144
2025-03-03 14:24:24,554 - SENT: Message to VM 0 at logical time 145
2025-03-03 14:24:24,554 - SENT: Message to VM 2 at logical time 145
2025-03-03 14:24:24,722 - SENT: Message to VM 2 at logical time 146
2025-03-03 14:24:24,889 - INTERNAL EVENT: Logical clock: 147
2025-03-03 14:24:25,057 - INTERNAL EVENT: Logical clock: 148
2025-03-03 14:24:25,225 - INTERNAL EVENT: Logical clock: 149
2025-03-03 14:24:25,238 - RECEIVED: Message from VM 2 with logical time 148 | Added to queue (now size: 1)
2025-03-03 14:24:25,393 - PROCESSED: Message from VM 2 | Remaining queue size: 0 | Updated logical clock: 150
2025-03-03 14:24:25,561 - INTERNAL EVENT: Logical clock: 151
2025-03-03 14:24:25,729 - INTERNAL EVENT: Logical clock: 152
2025-03-03 14:24:25,896 - INTERNAL EVENT: Logical clock: 153
2025-03-03 14:24:25,955 - RECEIVED: Message from VM 0 with logical time 150 | Added to queue (now size: 1)
2025-03-03 14:24:26,064 - PROCESSED: Message from VM 0 | Remaining queue size: 0 | Updated logical clock: 154
2025-03-03 14:24:26,232 - INTERNAL EVENT: Logical clock: 155
2025-03-03 14:24:26,400 - INTERNAL EVENT: Logical clock: 156
2025-03-03 14:24:26,494 - RECEIVED: Message from VM 2 with logical time 153 | Added to queue (now size: 1)
2025-03-03 14:24:26,568 - PROCESSED: Message from VM 2 | Remaining queue size: 0 | Updated logical clock: 157
2025-03-03 14:24:26,735 - SENT: Message to VM 0 at logical time 158
2025-03-03 14:24:26,736 - SENT: Message to VM 2 at logical time 158
2025-03-03 14:24:26,903 - SENT: Message to VM 0 at logical time 159
2025-03-03 14:24:27,071 - SENT: Message to VM 2 at logical time 160
2025-03-03 14:24:27,239 - SENT: Message to VM 2 at logical time 161
2025-03-03 14:24:27,407 - INTERNAL EVENT: Logical clock: 162
2025-03-03 14:24:27,574 - INTERNAL EVENT: Logical clock: 163
2025-03-03 14:24:27,742 - INTERNAL EVENT: Logical clock: 164
2025-03-03 14:24:27,909 - SENT: Message to VM 0 at logical time 165
2025-03-03 14:24:27,909 - SENT: Message to VM 2 at logical time 165
2025-03-03 14:24:28,077 - INTERNAL EVENT: Logical clock: 166
2025-03-03 14:24:28,245 - INTERNAL EVENT: Logical clock: 167
2025-03-03 14:24:28,413 - SENT: Message to VM 0 at logical time 168
2025-03-03 14:24:28,413 - SENT: Message to VM 2 at logical time 168
2025-03-03 14:24:28,581 - INTERNAL EVENT: Logical clock: 169
2025-03-03 14:24:28,749 - INTERNAL EVENT: Logical clock: 170
2025-03-03 14:24:28,916 - SENT: Message to VM 0 at logical time 171
2025-03-03 14:24:29,084 - INTERNAL EVENT: Logical clock: 172
2025-03-03 14:24:29,252 - INTERNAL EVENT: Logical clock: 173
2025-03-03 14:24:29,419 - INTERNAL EVENT: Logical clock: 174
2025-03-03 14:24:29,586 - SENT: Message to VM 0 at logical time 175
2025-03-03 14:24:29,754 - INTERNAL EVENT: Logical clock: 176
2025-03-03 14:24:29,922 - INTERNAL EVENT: Logical clock: 177
2025-03-03 14:24:30,090 - INTERNAL EVENT: Logical clock: 178
2025-03-03 14:24:30,257 - INTERNAL EVENT: Logical clock: 179
2025-03-03 14:24:30,424 - SENT: Message to VM 0 at logical time 180
2025-03-03 14:24:30,424 - SENT: Message to VM 2 at logical time 180
2025-03-03 14:24:30,592 - INTERNAL EVENT: Logical clock: 181
2025-03-03 14:24:30,759 - INTERNAL EVENT: Logical clock: 182
2025-03-03 14:24:30,927 - SENT: Message to VM 0 at logical time 183
2025-03-03 14:24:31,011 - RECEIVED: Message from VM 2 with logical time 183 | Added to queue (now size: 1)
2025-03-03 14:24:31,095 - PROCESSED: Message from VM 2 | Remaining queue size: 0 | Updated logical clock: 184
2025-03-03 14:24:31,262 - INTERNAL EVENT: Logical clock: 185
2025-03-03 14:24:31,262 - RECEIVED: Message from VM 2 with logical time 184 | Added to queue (now size: 1)
2025-03-03 14:24:31,430 - PROCESSED: Message from VM 2 | Remaining queue size: 0 | Updated logical clock: 186
2025-03-03 14:24:31,597 - INTERNAL EVENT: Logical clock: 187
2025-03-03 14:24:31,764 - INTERNAL EVENT: Logical clock: 188
2025-03-03 14:24:31,932 - SENT: Message to VM 2 at logical time 189
2025-03-03 14:24:32,100 - SENT: Message to VM 0 at logical time 190
2025-03-03 14:24:32,267 - INTERNAL EVENT: Logical clock: 191
2025-03-03 14:24:32,434 - INTERNAL EVENT: Logical clock: 192
2025-03-03 14:24:32,602 - INTERNAL EVENT: Logical clock: 193
2025-03-03 14:24:32,769 - INTERNAL EVENT: Logical clock: 194
2025-03-03 14:24:32,936 - SENT: Message to VM 2 at logical time 195
2025-03-03 14:24:33,104 - INTERNAL EVENT: Logical clock: 196
2025-03-03 14:24:33,271 - SENT: Message to VM 0 at logical time 197
2025-03-03 14:24:33,439 - INTERNAL EVENT: Logical clock: 198
2025-03-03 14:24:33,606 - INTERNAL EVENT: Logical clock: 199
2025-03-03 14:24:33,774 - SENT: Message to VM 0 at logical time 200
2025-03-03 14:24:33,774 - SENT: Message to VM 2 at logical time 200
2025-03-03 14:24:33,774 - RECEIVED: Message from VM 2 with logical time 199 | Added to queue (now size: 1)
2025-03-03 14:24:33,942 - PROCESSED: Message from VM 2 | Remaining queue size: 0 | Updated logical clock: 201
2025-03-03 14:24:34,109 - INTERNAL EVENT: Logical clock: 202
2025-03-03 14:24:34,276 - RECEIVED: Message from VM 2 with logical time 202 | Added to queue (now size: 1)
2025-03-03 14:24:34,276 - PROCESSED: Message from VM 2 | Remaining queue size: 0 | Updated logical clock: 203
2025-03-03 14:24:34,444 - INTERNAL EVENT: Logical clock: 204
2025-03-03 14:24:34,612 - INTERNAL EVENT: Logical clock: 205
2025-03-03 14:24:34,778 - RECEIVED: Message from VM 2 with logical time 204 | Added to queue (now size: 1)
2025-03-03 14:24:34,779 - PROCESSED: Message from VM 2 | Remaining queue size: 0 | Updated logical clock: 206
2025-03-03 14:24:34,947 - INTERNAL EVENT: Logical clock: 207
2025-03-03 14:24:35,115 - INTERNAL EVENT: Logical clock: 208
2025-03-03 14:24:35,282 - SENT: Message to VM 0 at logical time 209
2025-03-03 14:24:35,282 - SENT: Message to VM 2 at logical time 209
2025-03-03 14:24:35,449 - INTERNAL EVENT: Logical clock: 210
2025-03-03 14:24:35,616 - INTERNAL EVENT: Logical clock: 211
2025-03-03 14:24:35,783 - INTERNAL EVENT: Logical clock: 212
2025-03-03 14:24:35,951 - INTERNAL EVENT: Logical clock: 213
2025-03-03 14:24:36,119 - SENT: Message to VM 2 at logical time 214
2025-03-03 14:24:36,286 - SENT: Message to VM 2 at logical time 215
2025-03-03 14:24:36,454 - SENT: Message to VM 0 at logical time 216
2025-03-03 14:24:36,454 - SENT: Message to VM 2 at logical time 216
2025-03-03 14:24:36,621 - SENT: Message to VM 0 at logical time 217
2025-03-03 14:24:36,621 - SENT: Message to VM 2 at logical time 217
2025-03-03 14:24:36,788 - INTERNAL EVENT: Logical clock: 218
2025-03-03 14:24:36,956 - INTERNAL EVENT: Logical clock: 219
2025-03-03 14:24:37,124 - SENT: Message to VM 0 at logical time 220
2025-03-03 14:24:37,124 - SENT: Message to VM 2 at logical time 220
2025-03-03 14:24:37,291 - INTERNAL EVENT: Logical clock: 221
2025-03-03 14:24:37,459 - INTERNAL EVENT: Logical clock: 222
2025-03-03 14:24:37,627 - SENT: Message to VM 0 at logical time 223
2025-03-03 14:24:37,793 - RECEIVED: Message from VM 2 with logical time 223 | Added to queue (now size: 1)
2025-03-03 14:24:37,794 - PROCESSED: Message from VM 2 | Remaining queue size: 0 | Updated logical clock: 224
2025-03-03 14:24:37,961 - SENT: Message to VM 0 at logical time 225
2025-03-03 14:24:38,044 - RECEIVED: Message from VM 2 with logical time 224 | Added to queue (now size: 1)
2025-03-03 14:24:38,129 - PROCESSED: Message from VM 2 | Remaining queue size: 0 | Updated logical clock: 226
2025-03-03 14:24:38,295 - INTERNAL EVENT: Logical clock: 227
2025-03-03 14:24:38,463 - SENT: Message to VM 0 at logical time 228
2025-03-03 14:24:38,631 - INTERNAL EVENT: Logical clock: 229
2025-03-03 14:24:38,798 - INTERNAL EVENT: Logical clock: 230
2025-03-03 14:24:38,966 - INTERNAL EVENT: Logical clock: 231
2025-03-03 14:24:39,134 - SENT: Message to VM 0 at logical time 232
2025-03-03 14:24:39,134 - SENT: Message to VM 2 at logical time 232
2025-03-03 14:24:39,301 - INTERNAL EVENT: Logical clock: 233
2025-03-03 14:24:39,469 - INTERNAL EVENT: Logical clock: 234
2025-03-03 14:24:39,637 - INTERNAL EVENT: Logical clock: 235
2025-03-03 14:24:39,804 - SENT: Message to VM 2 at logical time 236
2025-03-03 14:24:39,971 - INTERNAL EVENT: Logical clock: 237
2025-03-03 14:24:40,139 - SENT: Message to VM 0 at logical time 238
2025-03-03 14:24:40,306 - INTERNAL EVENT: Logical clock: 239
2025-03-03 14:24:40,474 - SENT: Message to VM 0 at logical time 240
2025-03-03 14:24:40,641 - SENT: Message to VM 2 at logical time 241
2025-03-03 14:24:40,808 - SENT: Message to VM 0 at logical time 242
2025-03-03 14:24:40,976 - INTERNAL EVENT: Logical clock: 243
2025-03-03 14:24:41,144 - INTERNAL EVENT: Logical clock: 244
2025-03-03 14:24:41,311 - INTERNAL EVENT: Logical clock: 245
2025-03-03 14:24:41,479 - INTERNAL EVENT: Logical clock: 246
2025-03-03 14:24:41,647 - SENT: Message to VM 0 at logical time 247
2025-03-03 14:24:41,647 - SENT: Message to VM 2 at logical time 247
2025-03-03 14:24:41,814 - INTERNAL EVENT: Logical clock: 248
2025-03-03 14:24:41,982 - SENT: Message to VM 0 at logical time 249
2025-03-03 14:24:41,982 - SENT: Message to VM 2 at logical time 249
2025-03-03 14:24:42,150 - INTERNAL EVENT: Logical clock: 250
2025-03-03 14:24:42,317 - SENT: Message to VM 0 at logical time 251
2025-03-03 14:24:42,317 - SENT: Message to VM 2 at logical time 251
2025-03-03 14:24:42,485 - INTERNAL EVENT: Logical clock: 252
2025-03-03 14:24:42,653 - INTERNAL EVENT: Logical clock: 253
2025-03-03 14:24:42,817 - RECEIVED: Message from VM 2 with logical time 253 | Added to queue (now size: 1)
2025-03-03 14:24:42,820 - PROCESSED: Message from VM 2 | Remaining queue size: 0 | Updated logical clock: 254
2025-03-03 14:24:42,987 - INTERNAL EVENT: Logical clock: 255
2025-03-03 14:24:43,155 - INTERNAL EVENT: Logical clock: 256
2025-03-03 14:24:43,322 - INTERNAL EVENT: Logical clock: 257
2025-03-03 14:24:43,489 - SENT: Message to VM 0 at logical time 258
2025-03-03 14:24:43,489 - SENT: Message to VM 2 at logical time 258
2025-03-03 14:24:43,657 - SENT: Message to VM 2 at logical time 259
2025-03-03 14:24:43,824 - SENT: Message to VM 0 at logical time 260
2025-03-03 14:24:43,824 - SENT: Message to VM 2 at logical time 260
2025-03-03 14:24:43,992 - INTERNAL EVENT: Logical clock: 261
2025-03-03 14:24:44,160 - INTERNAL EVENT: Logical clock: 262
2025-03-03 14:24:44,321 - RECEIVED: Message from VM 2 with logical time 262 | Added to queue (now size: 1)
2025-03-03 14:24:44,328 - PROCESSED: Message from VM 2 | Remaining queue size: 0 | Updated logical clock: 263
2025-03-03 14:24:44,495 - SENT: Message to VM 2 at logical time 264
2025-03-03 14:24:44,662 - INTERNAL EVENT: Logical clock: 265
2025-03-03 14:24:44,830 - SENT: Message to VM 0 at logical time 266
2025-03-03 14:24:44,830 - SENT: Message to VM 2 at logical time 266
2025-03-03 14:24:44,997 - INTERNAL EVENT: Logical clock: 267
2025-03-03 14:24:45,165 - INTERNAL EVENT: Logical clock: 268
2025-03-03 14:24:45,326 - RECEIVED: Message from VM 2 with logical time 268 | Added to queue (now size: 1)
2025-03-03 14:24:45,333 - PROCESSED: Message from VM 2 | Remaining queue size: 0 | Updated logical clock: 269
2025-03-03 14:24:45,500 - INTERNAL EVENT: Logical clock: 270
2025-03-03 14:24:45,668 - INTERNAL EVENT: Logical clock: 271
2025-03-03 14:24:45,835 - INTERNAL EVENT: Logical clock: 272
2025-03-03 14:24:46,003 - SENT: Message to VM 2 at logical time 273
2025-03-03 14:24:46,171 - INTERNAL EVENT: Logical clock: 274
2025-03-03 14:24:46,338 - INTERNAL EVENT: Logical clock: 275
2025-03-03 14:24:46,506 - INTERNAL EVENT: Logical clock: 276
2025-03-03 14:24:46,673 - INTERNAL EVENT: Logical clock: 277
2025-03-03 14:24:46,840 - INTERNAL EVENT: Logical clock: 278
2025-03-03 14:24:47,008 - INTERNAL EVENT: Logical clock: 279
2025-03-03 14:24:47,086 - RECEIVED: Message from VM 2 with logical time 278 | Added to queue (now size: 1)
2025-03-03 14:24:47,176 - PROCESSED: Message from VM 2 | Remaining queue size: 0 | Updated logical clock: 280
2025-03-03 14:24:47,344 - INTERNAL EVENT: Logical clock: 281
2025-03-03 14:24:47,511 - INTERNAL EVENT: Logical clock: 282
2025-03-03 14:24:47,678 - INTERNAL EVENT: Logical clock: 283
2025-03-03 14:24:47,845 - INTERNAL EVENT: Logical clock: 284
2025-03-03 14:24:48,013 - SENT: Message to VM 0 at logical time 285
2025-03-03 14:24:48,090 - RECEIVED: Message from VM 2 with logical time 282 | Added to queue (now size: 1)
2025-03-03 14:24:48,181 - PROCESSED: Message from VM 2 | Remaining queue size: 0 | Updated logical clock: 286
2025-03-03 14:24:48,348 - SENT: Message to VM 0 at logical time 287
2025-03-03 14:24:48,516 - INTERNAL EVENT: Logical clock: 288
2025-03-03 14:24:48,684 - SENT: Message to VM 2 at logical time 289
2025-03-03 14:24:48,852 - INTERNAL EVENT: Logical clock: 290
2025-03-03 14:24:49,020 - INTERNAL EVENT: Logical clock: 291
2025-03-03 14:24:49,095 - RECEIVED: Message from VM 2 with logical time 291 | Added to queue (now size: 1)
2025-03-03 14:24:49,188 - PROCESSED: Message from VM 2 | Remaining queue size: 0 | Updated logical clock: 292
2025-03-03 14:24:49,355 - INTERNAL EVENT: Logical clock: 293
2025-03-03 14:24:49,523 - SENT: Message to VM 0 at logical time 294
2025-03-03 14:24:49,691 - SENT: Message to VM 2 at logical time 295
2025-03-03 14:24:49,859 - INTERNAL EVENT: Logical clock: 296
2025-03-03 14:24:50,027 - SENT: Message to VM 0 at logical time 297
2025-03-03 14:24:50,194 - SENT: Message to VM 0 at logical time 298
2025-03-03 14:24:50,362 - SENT: Message to VM 0 at logical time 299
2025-03-03 14:24:50,362 - SENT: Message to VM 2 at logical time 299
2025-03-03 14:24:50,529 - INTERNAL EVENT: Logical clock: 300
2025-03-03 14:24:50,696 - INTERNAL EVENT: Logical clock: 301
2025-03-03 14:24:50,864 - INTERNAL EVENT: Logical clock: 302
2025-03-03 14:24:51,031 - INTERNAL EVENT: Logical clock: 303
2025-03-03 14:24:51,199 - INTERNAL EVENT: Logical clock: 304
2025-03-03 14:24:51,366 - INTERNAL EVENT: Logical clock: 305
2025-03-03 14:24:51,534 - SENT: Message to VM 0 at logical time 306
2025-03-03 14:24:51,702 - SENT: Message to VM 0 at logical time 307
2025-03-03 14:24:51,702 - SENT: Message to VM 2 at logical time 307
2025-03-03 14:24:51,870 - SENT: Message to VM 0 at logical time 308
2025-03-03 14:24:52,038 - INTERNAL EVENT: Logical clock: 309
2025-03-03 14:24:52,206 - INTERNAL EVENT: Logical clock: 310
2025-03-03 14:24:52,374 - SENT: Message to VM 0 at logical time 311
2025-03-03 14:24:52,374 - SENT: Message to VM 2 at logical time 311
2025-03-03 14:24:52,542 - INTERNAL EVENT: Logical clock: 312
2025-03-03 14:24:52,710 - INTERNAL EVENT: Logical clock: 313
2025-03-03 14:24:52,878 - INTERNAL EVENT: Logical clock: 314
2025-03-03 14:24:53,045 - SENT: Message to VM 2 at logical time 315
2025-03-03 14:24:53,213 - INTERNAL EVENT: Logical clock: 316
2025-03-03 14:24:53,381 - INTERNAL EVENT: Logical clock: 317
2025-03-03 14:24:53,551 - SENT: Message to VM 2 at logical time 318
2025-03-03 14:24:53,720 - INTERNAL EVENT: Logical clock: 319
2025-03-03 14:24:53,868 - RECEIVED: Message from VM 2 with logical time 320 | Added to queue (now size: 1)
2025-03-03 14:24:53,888 - PROCESSED: Message from VM 2 | Remaining queue size: 0 | Updated logical clock: 321
2025-03-03 14:24:54,056 - SENT: Message to VM 0 at logical time 322
2025-03-03 14:24:54,056 - SENT: Message to VM 2 at logical time 322
2025-03-03 14:24:54,224 - SENT: Message to VM 2 at logical time 323
2025-03-03 14:24:54,392 - SENT: Message to VM 0 at logical time 324
2025-03-03 14:24:54,392 - SENT: Message to VM 2 at logical time 324
2025-03-03 14:24:54,559 - INTERNAL EVENT: Logical clock: 325
2025-03-03 14:24:54,727 - INTERNAL EVENT: Logical clock: 326
2025-03-03 14:24:54,895 - SENT: Message to VM 0 at logical time 327
2025-03-03 14:24:54,895 - SENT: Message to VM 2 at logical time 327
2025-03-03 14:24:55,063 - INTERNAL EVENT: Logical clock: 328
2025-03-03 14:24:55,231 - INTERNAL EVENT: Logical clock: 329
2025-03-03 14:24:55,399 - INTERNAL EVENT: Logical clock: 330
2025-03-03 14:24:55,566 - SENT: Message to VM 2 at logical time 331
2025-03-03 14:24:55,734 - SENT: Message to VM 0 at logical time 332
2025-03-03 14:24:55,734 - SENT: Message to VM 2 at logical time 332
2025-03-03 14:24:55,902 - INTERNAL EVENT: Logical clock: 333
2025-03-03 14:24:56,070 - INTERNAL EVENT: Logical clock: 334
2025-03-03 14:24:56,238 - SENT: Message to VM 2 at logical time 335
2025-03-03 14:24:56,406 - SENT: Message to VM 0 at logical time 336
2025-03-03 14:24:56,574 - INTERNAL EVENT: Logical clock: 337
2025-03-03 14:24:56,742 - INTERNAL EVENT: Logical clock: 338
2025-03-03 14:24:56,909 - INTERNAL EVENT: Logical clock: 339
2025-03-03 14:24:57,077 - INTERNAL EVENT: Logical clock: 340
2025-03-03 14:24:57,244 - INTERNAL EVENT: Logical clock: 341
2025-03-03 14:24:57,384 - RECEIVED: Message from VM 2 with logical time 340 | Added to queue (now size: 1)
2025-03-03 14:24:57,412 - PROCESSED: Message from VM 2 | Remaining queue size: 0 | Updated logical clock: 342
2025-03-03 14:24:57,580 - INTERNAL EVENT: Logical clock: 343
2025-03-03 14:24:57,747 - INTERNAL EVENT: Logical clock: 344
2025-03-03 14:24:57,915 - INTERNAL EVENT: Logical clock: 345
2025-03-03 14:24:58,083 - INTERNAL EVENT: Logical clock: 346
2025-03-03 14:24:58,251 - INTERNAL EVENT: Logical clock: 347
2025-03-03 14:24:58,419 - INTERNAL EVENT: Logical clock: 348
2025-03-03 14:24:58,587 - INTERNAL EVENT: Logical clock: 349
2025-03-03 14:24:58,755 - INTERNAL EVENT: Logical clock: 350
2025-03-03 14:24:58,922 - INTERNAL EVENT: Logical clock: 351
2025-03-03 14:24:59,090 - INTERNAL EVENT: Logical clock: 352
2025-03-03 14:24:59,258 - INTERNAL EVENT: Logical clock: 353
