2025-03-03 14:27:05,459 - Initialized VM 1 with clock rate 6 ticks/second
2025-03-03 14:27:05,459 - Server started on 127.0.0.1:5001
2025-03-03 14:27:06,462 - Connected to VM 0
2025-03-03 14:27:06,463 - Connected to VM 2
2025-03-03 14:27:06,631 - SENT: Message to VM 0 at logical time 1
2025-03-03 14:27:06,798 - SENT: Message to VM 0 at logical time 2
2025-03-03 14:27:06,798 - SENT: Message to VM 2 at logical time 2
2025-03-03 14:27:06,965 - SENT: Message to VM 0 at logical time 3
2025-03-03 14:27:06,965 - SENT: Message to VM 2 at logical time 3
2025-03-03 14:27:07,132 - SENT: Message to VM 0 at logical time 4
2025-03-03 14:27:07,132 - SENT: Message to VM 2 at logical time 4
2025-03-03 14:27:07,300 - INTERNAL EVENT: Logical clock: 5
2025-03-03 14:27:07,467 - SENT: Message to VM 0 at logical time 6
2025-03-03 14:27:07,467 - SENT: Message to VM 2 at logical time 6
2025-03-03 14:27:07,635 - SENT: Message to VM 0 at logical time 7
2025-03-03 14:27:07,802 - INTERNAL EVENT: Logical clock: 8
2025-03-03 14:27:07,970 - INTERNAL EVENT: Logical clock: 9
2025-03-03 14:27:08,137 - SENT: Message to VM 0 at logical time 10
2025-03-03 14:27:08,137 - SENT: Message to VM 2 at logical time 10
2025-03-03 14:27:08,305 - SENT: Message to VM 0 at logical time 11
2025-03-03 14:27:08,305 - SENT: Message to VM 2 at logical time 11
2025-03-03 14:27:08,473 - INTERNAL EVENT: Logical clock: 12
2025-03-03 14:27:08,641 - INTERNAL EVENT: Logical clock: 13
2025-03-03 14:27:08,808 - INTERNAL EVENT: Logical clock: 14
2025-03-03 14:27:08,976 - INTERNAL EVENT: Logical clock: 15
2025-03-03 14:27:09,144 - SENT: Message to VM 0 at logical time 16
2025-03-03 14:27:09,311 - INTERNAL EVENT: Logical clock: 17
2025-03-03 14:27:09,479 - SENT: Message to VM 0 at logical time 18
2025-03-03 14:27:09,647 - INTERNAL EVENT: Logical clock: 19
2025-03-03 14:27:09,814 - INTERNAL EVENT: Logical clock: 20
2025-03-03 14:27:09,982 - SENT: Message to VM 0 at logical time 21
2025-03-03 14:27:09,983 - SENT: Message to VM 2 at logical time 21
2025-03-03 14:27:10,154 - SENT: Message to VM 2 at logical time 22
2025-03-03 14:27:10,325 - INTERNAL EVENT: Logical clock: 23
2025-03-03 14:27:10,493 - INTERNAL EVENT: Logical clock: 24
2025-03-03 14:27:10,661 - SENT: Message to VM 0 at logical time 25
2025-03-03 14:27:10,829 - SENT: Message to VM 0 at logical time 26
2025-03-03 14:27:10,829 - SENT: Message to VM 2 at logical time 26
2025-03-03 14:27:10,997 - INTERNAL EVENT: Logical clock: 27
2025-03-03 14:27:11,164 - INTERNAL EVENT: Logical clock: 28
2025-03-03 14:27:11,332 - INTERNAL EVENT: Logical clock: 29
2025-03-03 14:27:11,500 - INTERNAL EVENT: Logical clock: 30
2025-03-03 14:27:11,668 - SENT: Message to VM 2 at logical time 31
2025-03-03 14:27:11,835 - INTERNAL EVENT: Logical clock: 32
2025-03-03 14:27:12,003 - INTERNAL EVENT: Logical clock: 33
2025-03-03 14:27:12,171 - SENT: Message to VM 2 at logical time 34
2025-03-03 14:27:12,339 - INTERNAL EVENT: Logical clock: 35
2025-03-03 14:27:12,507 - INTERNAL EVENT: Logical clock: 36
2025-03-03 14:27:12,675 - SENT: Message to VM 0 at logical time 37
2025-03-03 14:27:12,843 - INTERNAL EVENT: Logical clock: 38
2025-03-03 14:27:13,011 - INTERNAL EVENT: Logical clock: 39
2025-03-03 14:27:13,178 - INTERNAL EVENT: Logical clock: 40
2025-03-03 14:27:13,346 - SENT: Message to VM 0 at logical time 41
2025-03-03 14:27:13,346 - SENT: Message to VM 2 at logical time 41
2025-03-03 14:27:13,514 - INTERNAL EVENT: Logical clock: 42
2025-03-03 14:27:13,681 - INTERNAL EVENT: Logical clock: 43
2025-03-03 14:27:13,849 - SENT: Message to VM 2 at logical time 44
2025-03-03 14:27:14,017 - INTERNAL EVENT: Logical clock: 45
2025-03-03 14:27:14,185 - INTERNAL EVENT: Logical clock: 46
2025-03-03 14:27:14,352 - INTERNAL EVENT: Logical clock: 47
2025-03-03 14:27:14,520 - INTERNAL EVENT: Logical clock: 48
2025-03-03 14:27:14,687 - INTERNAL EVENT: Logical clock: 49
2025-03-03 14:27:14,855 - SENT: Message to VM 0 at logical time 50
2025-03-03 14:27:15,023 - INTERNAL EVENT: Logical clock: 51
2025-03-03 14:27:15,191 - INTERNAL EVENT: Logical clock: 52
2025-03-03 14:27:15,359 - SENT: Message to VM 0 at logical time 53
2025-03-03 14:27:15,359 - SENT: Message to VM 2 at logical time 53
2025-03-03 14:27:15,527 - INTERNAL EVENT: Logical clock: 54
2025-03-03 14:27:15,695 - SENT: Message to VM 0 at logical time 55
2025-03-03 14:27:15,863 - SENT: Message to VM 0 at logical time 56
2025-03-03 14:27:16,031 - INTERNAL EVENT: Logical clock: 57
2025-03-03 14:27:16,158 - RECEIVED: Message from VM 2 with logical time 56 | Added to queue (now size: 1)
2025-03-03 14:27:16,197 - PROCESSED: Message from VM 2 | Remaining queue size: 0 | Updated logical clock: 58
2025-03-03 14:27:16,365 - SENT: Message to VM 2 at logical time 59
2025-03-03 14:27:16,533 - INTERNAL EVENT: Logical clock: 60
2025-03-03 14:27:16,701 - INTERNAL EVENT: Logical clock: 61
2025-03-03 14:27:16,827 - RECEIVED: Message from VM 2 with logical time 61 | Added to queue (now size: 1)
2025-03-03 14:27:16,869 - PROCESSED: Message from VM 2 | Remaining queue size: 0 | Updated logical clock: 62
2025-03-03 14:27:17,036 - SENT: Message to VM 0 at logical time 63
2025-03-03 14:27:17,036 - SENT: Message to VM 2 at logical time 63
2025-03-03 14:27:17,204 - SENT: Message to VM 0 at logical time 64
2025-03-03 14:27:17,204 - SENT: Message to VM 2 at logical time 64
2025-03-03 14:27:17,372 - INTERNAL EVENT: Logical clock: 65
2025-03-03 14:27:17,540 - INTERNAL EVENT: Logical clock: 66
2025-03-03 14:27:17,708 - SENT: Message to VM 0 at logical time 67
2025-03-03 14:27:17,876 - INTERNAL EVENT: Logical clock: 68
2025-03-03 14:27:18,043 - INTERNAL EVENT: Logical clock: 69
2025-03-03 14:27:18,165 - RECEIVED: Message from VM 2 with logical time 67 | Added to queue (now size: 1)
2025-03-03 14:27:18,211 - PROCESSED: Message from VM 2 | Remaining queue size: 0 | Updated logical clock: 70
2025-03-03 14:27:18,379 - INTERNAL EVENT: Logical clock: 71
2025-03-03 14:27:18,547 - INTERNAL EVENT: Logical clock: 72
2025-03-03 14:27:18,715 - INTERNAL EVENT: Logical clock: 73
2025-03-03 14:27:18,882 - INTERNAL EVENT: Logical clock: 74
2025-03-03 14:27:19,050 - INTERNAL EVENT: Logical clock: 75
2025-03-03 14:27:19,218 - SENT: Message to VM 2 at logical time 76
2025-03-03 14:27:19,385 - SENT: Message to VM 0 at logical time 77
2025-03-03 14:27:19,385 - SENT: Message to VM 2 at logical time 77
2025-03-03 14:27:19,553 - INTERNAL EVENT: Logical clock: 78
2025-03-03 14:27:19,720 - INTERNAL EVENT: Logical clock: 79
2025-03-03 14:27:19,887 - INTERNAL EVENT: Logical clock: 80
2025-03-03 14:27:20,055 - INTERNAL EVENT: Logical clock: 81
2025-03-03 14:27:20,171 - RECEIVED: Message from VM 2 with logical time 79 | Added to queue (now size: 1)
2025-03-03 14:27:20,223 - PROCESSED: Message from VM 2 | Remaining queue size: 0 | Updated logical clock: 82
2025-03-03 14:27:20,391 - INTERNAL EVENT: Logical clock: 83
2025-03-03 14:27:20,559 - INTERNAL EVENT: Logical clock: 84
2025-03-03 14:27:20,727 - INTERNAL EVENT: Logical clock: 85
2025-03-03 14:27:20,839 - RECEIVED: Message from VM 2 with logical time 81 | Added to queue (now size: 1)
2025-03-03 14:27:20,894 - PROCESSED: Message from VM 2 | Remaining queue size: 0 | Updated logical clock: 86
2025-03-03 14:27:21,062 - INTERNAL EVENT: Logical clock: 87
2025-03-03 14:27:21,174 - RECEIVED: Message from VM 2 with logical time 82 | Added to queue (now size: 1)
2025-03-03 14:27:21,231 - PROCESSED: Message from VM 2 | Remaining queue size: 0 | Updated logical clock: 88
2025-03-03 14:27:21,398 - INTERNAL EVENT: Logical clock: 89
2025-03-03 14:27:21,566 - INTERNAL EVENT: Logical clock: 90
2025-03-03 14:27:21,734 - SENT: Message to VM 0 at logical time 91
2025-03-03 14:27:21,902 - INTERNAL EVENT: Logical clock: 92
2025-03-03 14:27:22,070 - INTERNAL EVENT: Logical clock: 93
2025-03-03 14:27:22,237 - INTERNAL EVENT: Logical clock: 94
2025-03-03 14:27:22,405 - INTERNAL EVENT: Logical clock: 95
2025-03-03 14:27:22,573 - SENT: Message to VM 0 at logical time 96
2025-03-03 14:27:22,573 - SENT: Message to VM 2 at logical time 96
2025-03-03 14:27:22,741 - INTERNAL EVENT: Logical clock: 97
2025-03-03 14:27:22,909 - INTERNAL EVENT: Logical clock: 98
2025-03-03 14:27:23,076 - INTERNAL EVENT: Logical clock: 99
2025-03-03 14:27:23,180 - RECEIVED: Message from VM 2 with logical time 98 | Added to queue (now size: 1)
2025-03-03 14:27:23,244 - PROCESSED: Message from VM 2 | Remaining queue size: 0 | Updated logical clock: 100
2025-03-03 14:27:23,412 - SENT: Message to VM 2 at logical time 101
2025-03-03 14:27:23,580 - SENT: Message to VM 0 at logical time 102
2025-03-03 14:27:23,748 - INTERNAL EVENT: Logical clock: 103
2025-03-03 14:27:23,916 - INTERNAL EVENT: Logical clock: 104
2025-03-03 14:27:24,083 - INTERNAL EVENT: Logical clock: 105
2025-03-03 14:27:24,184 - RECEIVED: Message from VM 2 with logical time 104 | Added to queue (now size: 1)
2025-03-03 14:27:24,251 - PROCESSED: Message from VM 2 | Remaining queue size: 0 | Updated logical clock: 106
2025-03-03 14:27:24,418 - INTERNAL EVENT: Logical clock: 107
2025-03-03 14:27:24,585 - INTERNAL EVENT: Logical clock: 108
2025-03-03 14:27:24,753 - INTERNAL EVENT: Logical clock: 109
2025-03-03 14:27:24,920 - INTERNAL EVENT: Logical clock: 110
2025-03-03 14:27:25,087 - INTERNAL EVENT: Logical clock: 111
2025-03-03 14:27:25,255 - INTERNAL EVENT: Logical clock: 112
2025-03-03 14:27:25,423 - INTERNAL EVENT: Logical clock: 113
2025-03-03 14:27:25,591 - INTERNAL EVENT: Logical clock: 114
2025-03-03 14:27:25,759 - INTERNAL EVENT: Logical clock: 115
2025-03-03 14:27:25,927 - INTERNAL EVENT: Logical clock: 116
2025-03-03 14:27:26,094 - INTERNAL EVENT: Logical clock: 117
2025-03-03 14:27:26,262 - SENT: Message to VM 0 at logical time 118
2025-03-03 14:27:26,262 - SENT: Message to VM 2 at logical time 118
2025-03-03 14:27:26,430 - INTERNAL EVENT: Logical clock: 119
2025-03-03 14:27:26,598 - INTERNAL EVENT: Logical clock: 120
2025-03-03 14:27:26,766 - INTERNAL EVENT: Logical clock: 121
2025-03-03 14:27:26,934 - SENT: Message to VM 2 at logical time 122
2025-03-03 14:27:27,102 - INTERNAL EVENT: Logical clock: 123
2025-03-03 14:27:27,270 - INTERNAL EVENT: Logical clock: 124
2025-03-03 14:27:27,437 - SENT: Message to VM 0 at logical time 125
2025-03-03 14:27:27,605 - INTERNAL EVENT: Logical clock: 126
2025-03-03 14:27:27,773 - INTERNAL EVENT: Logical clock: 127
2025-03-03 14:27:27,941 - INTERNAL EVENT: Logical clock: 128
2025-03-03 14:27:28,109 - SENT: Message to VM 2 at logical time 129
2025-03-03 14:27:28,277 - INTERNAL EVENT: Logical clock: 130
2025-03-03 14:27:28,445 - INTERNAL EVENT: Logical clock: 131
2025-03-03 14:27:28,612 - INTERNAL EVENT: Logical clock: 132
2025-03-03 14:27:28,780 - INTERNAL EVENT: Logical clock: 133
2025-03-03 14:27:28,948 - INTERNAL EVENT: Logical clock: 134
2025-03-03 14:27:29,116 - INTERNAL EVENT: Logical clock: 135
2025-03-03 14:27:29,284 - SENT: Message to VM 0 at logical time 136
2025-03-03 14:27:29,284 - SENT: Message to VM 2 at logical time 136
2025-03-03 14:27:29,452 - INTERNAL EVENT: Logical clock: 137
2025-03-03 14:27:29,620 - INTERNAL EVENT: Logical clock: 138
2025-03-03 14:27:29,787 - SENT: Message to VM 2 at logical time 139
2025-03-03 14:27:29,955 - INTERNAL EVENT: Logical clock: 140
2025-03-03 14:27:30,123 - INTERNAL EVENT: Logical clock: 141
2025-03-03 14:27:30,203 - RECEIVED: Message from VM 2 with logical time 141 | Added to queue (now size: 1)
2025-03-03 14:27:30,291 - PROCESSED: Message from VM 2 | Remaining queue size: 0 | Updated logical clock: 142
2025-03-03 14:27:30,459 - INTERNAL EVENT: Logical clock: 143
2025-03-03 14:27:30,627 - INTERNAL EVENT: Logical clock: 144
2025-03-03 14:27:30,795 - INTERNAL EVENT: Logical clock: 145
2025-03-03 14:27:30,871 - RECEIVED: Message from VM 2 with logical time 143 | Added to queue (now size: 1)
2025-03-03 14:27:30,963 - PROCESSED: Message from VM 2 | Remaining queue size: 0 | Updated logical clock: 146
2025-03-03 14:27:31,131 - INTERNAL EVENT: Logical clock: 147
2025-03-03 14:27:31,298 - INTERNAL EVENT: Logical clock: 148
2025-03-03 14:27:31,465 - INTERNAL EVENT: Logical clock: 149
2025-03-03 14:27:31,633 - SENT: Message to VM 0 at logical time 150
2025-03-03 14:27:31,633 - SENT: Message to VM 2 at logical time 150
2025-03-03 14:27:31,801 - INTERNAL EVENT: Logical clock: 151
2025-03-03 14:27:31,968 - INTERNAL EVENT: Logical clock: 152
2025-03-03 14:27:32,135 - INTERNAL EVENT: Logical clock: 153
2025-03-03 14:27:32,302 - INTERNAL EVENT: Logical clock: 154
2025-03-03 14:27:32,470 - INTERNAL EVENT: Logical clock: 155
2025-03-03 14:27:32,638 - INTERNAL EVENT: Logical clock: 156
2025-03-03 14:27:32,806 - INTERNAL EVENT: Logical clock: 157
2025-03-03 14:27:32,974 - INTERNAL EVENT: Logical clock: 158
2025-03-03 14:27:33,142 - INTERNAL EVENT: Logical clock: 159
2025-03-03 14:27:33,310 - INTERNAL EVENT: Logical clock: 160
2025-03-03 14:27:33,478 - SENT: Message to VM 0 at logical time 161
2025-03-03 14:27:33,547 - RECEIVED: Message from VM 2 with logical time 156 | Added to queue (now size: 1)
2025-03-03 14:27:33,646 - PROCESSED: Message from VM 2 | Remaining queue size: 0 | Updated logical clock: 162
2025-03-03 14:27:33,814 - INTERNAL EVENT: Logical clock: 163
2025-03-03 14:27:33,982 - SENT: Message to VM 0 at logical time 164
2025-03-03 14:27:33,982 - SENT: Message to VM 2 at logical time 164
2025-03-03 14:27:34,149 - INTERNAL EVENT: Logical clock: 165
2025-03-03 14:27:34,317 - SENT: Message to VM 0 at logical time 166
2025-03-03 14:27:34,318 - SENT: Message to VM 2 at logical time 166
2025-03-03 14:27:34,485 - INTERNAL EVENT: Logical clock: 167
2025-03-03 14:27:34,652 - INTERNAL EVENT: Logical clock: 168
2025-03-03 14:27:34,820 - INTERNAL EVENT: Logical clock: 169
2025-03-03 14:27:34,885 - RECEIVED: Message from VM 2 with logical time 168 | Added to queue (now size: 1)
2025-03-03 14:27:34,987 - PROCESSED: Message from VM 2 | Remaining queue size: 0 | Updated logical clock: 170
2025-03-03 14:27:35,155 - INTERNAL EVENT: Logical clock: 171
2025-03-03 14:27:35,323 - INTERNAL EVENT: Logical clock: 172
2025-03-03 14:27:35,491 - SENT: Message to VM 2 at logical time 173
2025-03-03 14:27:35,659 - SENT: Message to VM 0 at logical time 174
2025-03-03 14:27:35,826 - INTERNAL EVENT: Logical clock: 175
2025-03-03 14:27:35,994 - INTERNAL EVENT: Logical clock: 176
2025-03-03 14:27:36,162 - INTERNAL EVENT: Logical clock: 177
2025-03-03 14:27:36,223 - RECEIVED: Message from VM 2 with logical time 176 | Added to queue (now size: 1)
2025-03-03 14:27:36,330 - PROCESSED: Message from VM 2 | Remaining queue size: 0 | Updated logical clock: 178
2025-03-03 14:27:36,497 - INTERNAL EVENT: Logical clock: 179
2025-03-03 14:27:36,664 - SENT: Message to VM 0 at logical time 180
2025-03-03 14:27:36,832 - SENT: Message to VM 0 at logical time 181
2025-03-03 14:27:37,000 - SENT: Message to VM 2 at logical time 182
2025-03-03 14:27:37,168 - SENT: Message to VM 0 at logical time 183
2025-03-03 14:27:37,168 - SENT: Message to VM 2 at logical time 183
2025-03-03 14:27:37,335 - SENT: Message to VM 2 at logical time 184
2025-03-03 14:27:37,503 - INTERNAL EVENT: Logical clock: 185
2025-03-03 14:27:37,671 - INTERNAL EVENT: Logical clock: 186
2025-03-03 14:27:37,839 - SENT: Message to VM 2 at logical time 187
2025-03-03 14:27:38,007 - INTERNAL EVENT: Logical clock: 188
2025-03-03 14:27:38,175 - INTERNAL EVENT: Logical clock: 189
2025-03-03 14:27:38,343 - SENT: Message to VM 2 at logical time 190
2025-03-03 14:27:38,511 - INTERNAL EVENT: Logical clock: 191
2025-03-03 14:27:38,678 - SENT: Message to VM 0 at logical time 192
2025-03-03 14:27:38,846 - INTERNAL EVENT: Logical clock: 193
2025-03-03 14:27:39,014 - INTERNAL EVENT: Logical clock: 194
2025-03-03 14:27:39,182 - INTERNAL EVENT: Logical clock: 195
2025-03-03 14:27:39,350 - INTERNAL EVENT: Logical clock: 196
2025-03-03 14:27:39,518 - SENT: Message to VM 0 at logical time 197
2025-03-03 14:27:39,569 - RECEIVED: Message from VM 2 with logical time 194 | Added to queue (now size: 1)
2025-03-03 14:27:39,685 - PROCESSED: Message from VM 2 | Remaining queue size: 0 | Updated logical clock: 198
2025-03-03 14:27:39,853 - INTERNAL EVENT: Logical clock: 199
2025-03-03 14:27:40,020 - SENT: Message to VM 0 at logical time 200
2025-03-03 14:27:40,021 - SENT: Message to VM 2 at logical time 200
2025-03-03 14:27:40,188 - INTERNAL EVENT: Logical clock: 201
2025-03-03 14:27:40,356 - INTERNAL EVENT: Logical clock: 202
2025-03-03 14:27:40,524 - INTERNAL EVENT: Logical clock: 203
2025-03-03 14:27:40,691 - INTERNAL EVENT: Logical clock: 204
2025-03-03 14:27:40,860 - SENT: Message to VM 0 at logical time 205
2025-03-03 14:27:41,028 - INTERNAL EVENT: Logical clock: 206
2025-03-03 14:27:41,195 - SENT: Message to VM 2 at logical time 207
2025-03-03 14:27:41,363 - INTERNAL EVENT: Logical clock: 208
2025-03-03 14:27:41,531 - INTERNAL EVENT: Logical clock: 209
2025-03-03 14:27:41,699 - INTERNAL EVENT: Logical clock: 210
2025-03-03 14:27:41,866 - INTERNAL EVENT: Logical clock: 211
2025-03-03 14:27:42,034 - INTERNAL EVENT: Logical clock: 212
2025-03-03 14:27:42,202 - SENT: Message to VM 0 at logical time 213
2025-03-03 14:27:42,370 - INTERNAL EVENT: Logical clock: 214
2025-03-03 14:27:42,537 - SENT: Message to VM 0 at logical time 215
2025-03-03 14:27:42,582 - RECEIVED: Message from VM 2 with logical time 212 | Added to queue (now size: 1)
2025-03-03 14:27:42,705 - PROCESSED: Message from VM 2 | Remaining queue size: 0 | Updated logical clock: 216
2025-03-03 14:27:42,873 - INTERNAL EVENT: Logical clock: 217
2025-03-03 14:27:43,041 - INTERNAL EVENT: Logical clock: 218
2025-03-03 14:27:43,208 - INTERNAL EVENT: Logical clock: 219
2025-03-03 14:27:43,376 - INTERNAL EVENT: Logical clock: 220
2025-03-03 14:27:43,543 - INTERNAL EVENT: Logical clock: 221
2025-03-03 14:27:43,711 - INTERNAL EVENT: Logical clock: 222
2025-03-03 14:27:43,879 - SENT: Message to VM 2 at logical time 223
2025-03-03 14:27:44,047 - INTERNAL EVENT: Logical clock: 224
2025-03-03 14:27:44,214 - INTERNAL EVENT: Logical clock: 225
2025-03-03 14:27:44,382 - INTERNAL EVENT: Logical clock: 226
2025-03-03 14:27:44,550 - INTERNAL EVENT: Logical clock: 227
2025-03-03 14:27:44,718 - INTERNAL EVENT: Logical clock: 228
2025-03-03 14:27:44,885 - INTERNAL EVENT: Logical clock: 229
2025-03-03 14:27:45,053 - SENT: Message to VM 0 at logical time 230
2025-03-03 14:27:45,053 - SENT: Message to VM 2 at logical time 230
2025-03-03 14:27:45,221 - INTERNAL EVENT: Logical clock: 231
2025-03-03 14:27:45,388 - INTERNAL EVENT: Logical clock: 232
2025-03-03 14:27:45,556 - SENT: Message to VM 0 at logical time 233
2025-03-03 14:27:45,557 - SENT: Message to VM 2 at logical time 233
2025-03-03 14:27:45,724 - INTERNAL EVENT: Logical clock: 234
2025-03-03 14:27:45,891 - SENT: Message to VM 0 at logical time 235
2025-03-03 14:27:46,059 - INTERNAL EVENT: Logical clock: 236
2025-03-03 14:27:46,227 - INTERNAL EVENT: Logical clock: 237
2025-03-03 14:27:46,261 - RECEIVED: Message from VM 2 with logical time 236 | Added to queue (now size: 1)
2025-03-03 14:27:46,395 - PROCESSED: Message from VM 2 | Remaining queue size: 0 | Updated logical clock: 238
2025-03-03 14:27:46,563 - INTERNAL EVENT: Logical clock: 239
2025-03-03 14:27:46,731 - SENT: Message to VM 0 at logical time 240
2025-03-03 14:27:46,899 - INTERNAL EVENT: Logical clock: 241
2025-03-03 14:27:47,066 - SENT: Message to VM 0 at logical time 242
2025-03-03 14:27:47,066 - SENT: Message to VM 2 at logical time 242
2025-03-03 14:27:47,233 - INTERNAL EVENT: Logical clock: 243
2025-03-03 14:27:47,402 - INTERNAL EVENT: Logical clock: 244
2025-03-03 14:27:47,570 - INTERNAL EVENT: Logical clock: 245
2025-03-03 14:27:47,599 - RECEIVED: Message from VM 2 with logical time 244 | Added to queue (now size: 1)
2025-03-03 14:27:47,737 - PROCESSED: Message from VM 2 | Remaining queue size: 0 | Updated logical clock: 246
2025-03-03 14:27:47,905 - SENT: Message to VM 0 at logical time 247
2025-03-03 14:27:48,073 - INTERNAL EVENT: Logical clock: 248
2025-03-03 14:27:48,241 - INTERNAL EVENT: Logical clock: 249
2025-03-03 14:27:48,408 - INTERNAL EVENT: Logical clock: 250
2025-03-03 14:27:48,576 - INTERNAL EVENT: Logical clock: 251
2025-03-03 14:27:48,744 - INTERNAL EVENT: Logical clock: 252
2025-03-03 14:27:48,912 - INTERNAL EVENT: Logical clock: 253
2025-03-03 14:27:49,080 - SENT: Message to VM 0 at logical time 254
2025-03-03 14:27:49,080 - SENT: Message to VM 2 at logical time 254
2025-03-03 14:27:49,248 - INTERNAL EVENT: Logical clock: 255
2025-03-03 14:27:49,416 - INTERNAL EVENT: Logical clock: 256
2025-03-03 14:27:49,583 - SENT: Message to VM 2 at logical time 257
2025-03-03 14:27:49,750 - INTERNAL EVENT: Logical clock: 258
2025-03-03 14:27:49,918 - INTERNAL EVENT: Logical clock: 259
2025-03-03 14:27:50,085 - SENT: Message to VM 0 at logical time 260
2025-03-03 14:27:50,085 - SENT: Message to VM 2 at logical time 260
2025-03-03 14:27:50,253 - SENT: Message to VM 0 at logical time 261
2025-03-03 14:27:50,421 - SENT: Message to VM 0 at logical time 262
2025-03-03 14:27:50,589 - INTERNAL EVENT: Logical clock: 263
2025-03-03 14:27:50,756 - INTERNAL EVENT: Logical clock: 264
2025-03-03 14:27:50,924 - SENT: Message to VM 2 at logical time 265
2025-03-03 14:27:51,092 - INTERNAL EVENT: Logical clock: 266
2025-03-03 14:27:51,260 - SENT: Message to VM 2 at logical time 267
2025-03-03 14:27:51,428 - INTERNAL EVENT: Logical clock: 268
2025-03-03 14:27:51,595 - INTERNAL EVENT: Logical clock: 269
2025-03-03 14:27:51,763 - INTERNAL EVENT: Logical clock: 270
2025-03-03 14:27:51,931 - SENT: Message to VM 2 at logical time 271
2025-03-03 14:27:52,099 - INTERNAL EVENT: Logical clock: 272
2025-03-03 14:27:52,267 - INTERNAL EVENT: Logical clock: 273
2025-03-03 14:27:52,278 - RECEIVED: Message from VM 2 with logical time 273 | Added to queue (now size: 1)
2025-03-03 14:27:52,434 - PROCESSED: Message from VM 2 | Remaining queue size: 0 | Updated logical clock: 274
2025-03-03 14:27:52,602 - INTERNAL EVENT: Logical clock: 275
2025-03-03 14:27:52,770 - SENT: Message to VM 2 at logical time 276
2025-03-03 14:27:52,938 - SENT: Message to VM 2 at logical time 277
2025-03-03 14:27:53,105 - INTERNAL EVENT: Logical clock: 278
2025-03-03 14:27:53,273 - INTERNAL EVENT: Logical clock: 279
2025-03-03 14:27:53,441 - INTERNAL EVENT: Logical clock: 280
2025-03-03 14:27:53,609 - INTERNAL EVENT: Logical clock: 281
2025-03-03 14:27:53,776 - INTERNAL EVENT: Logical clock: 282
2025-03-03 14:27:53,944 - INTERNAL EVENT: Logical clock: 283
2025-03-03 14:27:54,112 - INTERNAL EVENT: Logical clock: 284
2025-03-03 14:27:54,280 - SENT: Message to VM 2 at logical time 285
2025-03-03 14:27:54,447 - INTERNAL EVENT: Logical clock: 286
2025-03-03 14:27:54,614 - INTERNAL EVENT: Logical clock: 287
2025-03-03 14:27:54,782 - INTERNAL EVENT: Logical clock: 288
2025-03-03 14:27:54,949 - SENT: Message to VM 2 at logical time 289
2025-03-03 14:27:55,116 - INTERNAL EVENT: Logical clock: 290
2025-03-03 14:27:55,284 - SENT: Message to VM 0 at logical time 291
2025-03-03 14:27:55,284 - SENT: Message to VM 2 at logical time 291
2025-03-03 14:27:55,452 - INTERNAL EVENT: Logical clock: 292
2025-03-03 14:27:55,618 - INTERNAL EVENT: Logical clock: 293
2025-03-03 14:27:55,786 - INTERNAL EVENT: Logical clock: 294
2025-03-03 14:27:55,953 - INTERNAL EVENT: Logical clock: 295
2025-03-03 14:27:56,121 - INTERNAL EVENT: Logical clock: 296
2025-03-03 14:27:56,287 - RECEIVED: Message from VM 2 with logical time 294 | Added to queue (now size: 1)
2025-03-03 14:27:56,288 - PROCESSED: Message from VM 2 | Remaining queue size: 0 | Updated logical clock: 297
2025-03-03 14:27:56,455 - INTERNAL EVENT: Logical clock: 298
2025-03-03 14:27:56,622 - SENT: Message to VM 0 at logical time 299
2025-03-03 14:27:56,790 - INTERNAL EVENT: Logical clock: 300
2025-03-03 14:27:56,957 - INTERNAL EVENT: Logical clock: 301
2025-03-03 14:27:57,124 - INTERNAL EVENT: Logical clock: 302
2025-03-03 14:27:57,291 - RECEIVED: Message from VM 2 with logical time 297 | Added to queue (now size: 1)
2025-03-03 14:27:57,291 - PROCESSED: Message from VM 2 | Remaining queue size: 0 | Updated logical clock: 303
2025-03-03 14:27:57,459 - INTERNAL EVENT: Logical clock: 304
2025-03-03 14:27:57,626 - RECEIVED: Message from VM 2 with logical time 298 | Added to queue (now size: 1)
2025-03-03 14:27:57,626 - PROCESSED: Message from VM 2 | Remaining queue size: 0 | Updated logical clock: 305
2025-03-03 14:27:57,794 - INTERNAL EVENT: Logical clock: 306
2025-03-03 14:27:57,961 - SENT: Message to VM 0 at logical time 307
2025-03-03 14:27:57,961 - SENT: Message to VM 2 at logical time 307
2025-03-03 14:27:58,129 - INTERNAL EVENT: Logical clock: 308
2025-03-03 14:27:58,296 - SENT: Message to VM 0 at logical time 309
2025-03-03 14:27:58,463 - INTERNAL EVENT: Logical clock: 310
2025-03-03 14:27:58,630 - SENT: Message to VM 0 at logical time 311
2025-03-03 14:27:58,797 - INTERNAL EVENT: Logical clock: 312
2025-03-03 14:27:58,963 - RECEIVED: Message from VM 2 with logical time 310 | Added to queue (now size: 1)
2025-03-03 14:27:58,964 - PROCESSED: Message from VM 2 | Remaining queue size: 0 | Updated logical clock: 313
2025-03-03 14:27:59,132 - SENT: Message to VM 2 at logical time 314
2025-03-03 14:27:59,299 - INTERNAL EVENT: Logical clock: 315
2025-03-03 14:27:59,466 - INTERNAL EVENT: Logical clock: 316
2025-03-03 14:27:59,633 - SENT: Message to VM 0 at logical time 317
2025-03-03 14:27:59,633 - SENT: Message to VM 2 at logical time 317
2025-03-03 14:27:59,801 - SENT: Message to VM 2 at logical time 318
2025-03-03 14:27:59,968 - SENT: Message to VM 2 at logical time 319
2025-03-03 14:28:00,136 - SENT: Message to VM 2 at logical time 320
2025-03-03 14:28:00,303 - SENT: Message to VM 0 at logical time 321
2025-03-03 14:28:00,470 - INTERNAL EVENT: Logical clock: 322
2025-03-03 14:28:00,637 - INTERNAL EVENT: Logical clock: 323
2025-03-03 14:28:00,805 - INTERNAL EVENT: Logical clock: 324
2025-03-03 14:28:00,972 - INTERNAL EVENT: Logical clock: 325
2025-03-03 14:28:01,140 - INTERNAL EVENT: Logical clock: 326
2025-03-03 14:28:01,307 - INTERNAL EVENT: Logical clock: 327
2025-03-03 14:28:01,475 - SENT: Message to VM 2 at logical time 328
2025-03-03 14:28:01,642 - SENT: Message to VM 2 at logical time 329
2025-03-03 14:28:01,810 - SENT: Message to VM 0 at logical time 330
2025-03-03 14:28:01,977 - INTERNAL EVENT: Logical clock: 331
2025-03-03 14:28:02,145 - SENT: Message to VM 2 at logical time 332
2025-03-03 14:28:02,313 - SENT: Message to VM 2 at logical time 333
2025-03-03 14:28:02,481 - INTERNAL EVENT: Logical clock: 334
2025-03-03 14:28:02,648 - SENT: Message to VM 0 at logical time 335
2025-03-03 14:28:02,648 - SENT: Message to VM 2 at logical time 335
2025-03-03 14:28:02,816 - INTERNAL EVENT: Logical clock: 336
2025-03-03 14:28:02,984 - INTERNAL EVENT: Logical clock: 337
2025-03-03 14:28:03,152 - INTERNAL EVENT: Logical clock: 338
2025-03-03 14:28:03,320 - INTERNAL EVENT: Logical clock: 339
2025-03-03 14:28:03,487 - INTERNAL EVENT: Logical clock: 340
2025-03-03 14:28:03,655 - INTERNAL EVENT: Logical clock: 341
2025-03-03 14:28:03,823 - INTERNAL EVENT: Logical clock: 342
2025-03-03 14:28:03,990 - INTERNAL EVENT: Logical clock: 343
2025-03-03 14:28:04,158 - SENT: Message to VM 2 at logical time 344
2025-03-03 14:28:04,326 - INTERNAL EVENT: Logical clock: 345
2025-03-03 14:28:04,494 - SENT: Message to VM 0 at logical time 346
2025-03-03 14:28:04,661 - INTERNAL EVENT: Logical clock: 347
2025-03-03 14:28:04,829 - INTERNAL EVENT: Logical clock: 348
2025-03-03 14:28:04,997 - INTERNAL EVENT: Logical clock: 349
2025-03-03 14:28:05,165 - INTERNAL EVENT: Logical clock: 350
2025-03-03 14:28:05,333 - INTERNAL EVENT: Logical clock: 351
