2025-03-03 14:28:07,465 - Initialized VM 0 with clock rate 2 ticks/second
2025-03-03 14:28:07,465 - Server started on 127.0.0.1:5000
2025-03-03 14:28:08,467 - Connected to VM 1
2025-03-03 14:28:08,468 - Connected to VM 2
2025-03-03 14:28:08,970 - INTERNAL EVENT: Logical clock: 1
2025-03-03 14:28:09,470 - INTERNAL EVENT: Logical clock: 2
2025-03-03 14:28:09,970 - INTERNAL EVENT: Logical clock: 3
2025-03-03 14:28:10,140 - RECEIVED: Message from VM 2 with logical time 5 | Added to queue (now size: 1)
2025-03-03 14:28:10,471 - PROCESSED: Message from VM 2 | Remaining queue size: 0 | Updated logical clock: 6
2025-03-03 14:28:10,474 - RECEIVED: Message from VM 2 with logical time 6 | Added to queue (now size: 1)
2025-03-03 14:28:10,972 - PROCESSED: Message from VM 2 | Remaining queue size: 0 | Updated logical clock: 7
2025-03-03 14:28:11,472 - SENT: Message to VM 2 at logical time 8
2025-03-03 14:28:11,975 - INTERNAL EVENT: Logical clock: 9
2025-03-03 14:28:12,474 - RECEIVED: Message from VM 1 with logical time 4 | Added to queue (now size: 1)
2025-03-03 14:28:12,475 - PROCESSED: Message from VM 1 | Remaining queue size: 0 | Updated logical clock: 10
2025-03-03 14:28:12,479 - RECEIVED: Message from VM 2 with logical time 12 | Added to queue (now size: 1)
2025-03-03 14:28:12,976 - PROCESSED: Message from VM 2 | Remaining queue size: 0 | Updated logical clock: 13
2025-03-03 14:28:13,477 - SENT: Message to VM 1 at logical time 14
2025-03-03 14:28:13,477 - SENT: Message to VM 2 at logical time 14
2025-03-03 14:28:13,978 - SENT: Message to VM 1 at logical time 15
2025-03-03 14:28:13,978 - SENT: Message to VM 2 at logical time 15
2025-03-03 14:28:14,479 - INTERNAL EVENT: Logical clock: 16
2025-03-03 14:28:14,818 - RECEIVED: Message from VM 2 with logical time 19 | Added to queue (now size: 1)
2025-03-03 14:28:14,980 - PROCESSED: Message from VM 2 | Remaining queue size: 0 | Updated logical clock: 20
2025-03-03 14:28:15,480 - SENT: Message to VM 1 at logical time 21
2025-03-03 14:28:15,480 - SENT: Message to VM 2 at logical time 21
2025-03-03 14:28:15,821 - RECEIVED: Message from VM 2 with logical time 23 | Added to queue (now size: 1)
2025-03-03 14:28:15,982 - PROCESSED: Message from VM 2 | Remaining queue size: 0 | Updated logical clock: 24
2025-03-03 14:28:16,482 - INTERNAL EVENT: Logical clock: 25
2025-03-03 14:28:16,983 - INTERNAL EVENT: Logical clock: 26
2025-03-03 14:28:17,483 - INTERNAL EVENT: Logical clock: 27
2025-03-03 14:28:17,827 - RECEIVED: Message from VM 2 with logical time 29 | Added to queue (now size: 1)
2025-03-03 14:28:17,985 - PROCESSED: Message from VM 2 | Remaining queue size: 0 | Updated logical clock: 30
2025-03-03 14:28:18,485 - SENT: Message to VM 2 at logical time 31
2025-03-03 14:28:18,986 - INTERNAL EVENT: Logical clock: 32
2025-03-03 14:28:19,487 - SENT: Message to VM 2 at logical time 33
2025-03-03 14:28:19,987 - INTERNAL EVENT: Logical clock: 34
2025-03-03 14:28:20,169 - RECEIVED: Message from VM 2 with logical time 37 | Added to queue (now size: 1)
2025-03-03 14:28:20,488 - PROCESSED: Message from VM 2 | Remaining queue size: 0 | Updated logical clock: 38
2025-03-03 14:28:20,989 - INTERNAL EVENT: Logical clock: 39
2025-03-03 14:28:21,173 - RECEIVED: Message from VM 2 with logical time 40 | Added to queue (now size: 1)
2025-03-03 14:28:21,490 - PROCESSED: Message from VM 2 | Remaining queue size: 0 | Updated logical clock: 41
2025-03-03 14:28:21,990 - INTERNAL EVENT: Logical clock: 42
2025-03-03 14:28:22,486 - RECEIVED: Message from VM 1 with logical time 40 | Added to queue (now size: 1)
2025-03-03 14:28:22,490 - PROCESSED: Message from VM 1 | Remaining queue size: 0 | Updated logical clock: 43
2025-03-03 14:28:22,992 - INTERNAL EVENT: Logical clock: 44
2025-03-03 14:28:23,493 - INTERNAL EVENT: Logical clock: 45
2025-03-03 14:28:23,994 - SENT: Message to VM 2 at logical time 46
2025-03-03 14:28:24,495 - SENT: Message to VM 2 at logical time 47
2025-03-03 14:28:24,996 - SENT: Message to VM 2 at logical time 48
2025-03-03 14:28:25,498 - INTERNAL EVENT: Logical clock: 49
2025-03-03 14:28:25,521 - RECEIVED: Message from VM 2 with logical time 53 | Added to queue (now size: 1)
2025-03-03 14:28:25,999 - PROCESSED: Message from VM 2 | Remaining queue size: 0 | Updated logical clock: 54
2025-03-03 14:28:26,500 - INTERNAL EVENT: Logical clock: 55
2025-03-03 14:28:27,001 - INTERNAL EVENT: Logical clock: 56
2025-03-03 14:28:27,502 - INTERNAL EVENT: Logical clock: 57
2025-03-03 14:28:27,862 - RECEIVED: Message from VM 2 with logical time 60 | Added to queue (now size: 1)
2025-03-03 14:28:28,003 - PROCESSED: Message from VM 2 | Remaining queue size: 0 | Updated logical clock: 61
2025-03-03 14:28:28,504 - INTERNAL EVENT: Logical clock: 62
2025-03-03 14:28:28,531 - RECEIVED: Message from VM 2 with logical time 62 | Added to queue (now size: 1)
2025-03-03 14:28:29,006 - PROCESSED: Message from VM 2 | Remaining queue size: 0 | Updated logical clock: 63
2025-03-03 14:28:29,507 - INTERNAL EVENT: Logical clock: 64
2025-03-03 14:28:29,870 - RECEIVED: Message from VM 2 with logical time 66 | Added to queue (now size: 1)
2025-03-03 14:28:30,008 - PROCESSED: Message from VM 2 | Remaining queue size: 0 | Updated logical clock: 67
2025-03-03 14:28:30,509 - INTERNAL EVENT: Logical clock: 68
2025-03-03 14:28:30,539 - RECEIVED: Message from VM 2 with logical time 68 | Added to queue (now size: 1)
2025-03-03 14:28:31,011 - PROCESSED: Message from VM 2 | Remaining queue size: 0 | Updated logical clock: 69
2025-03-03 14:28:31,208 - RECEIVED: Message from VM 2 with logical time 70 | Added to queue (now size: 1)
2025-03-03 14:28:31,494 - RECEIVED: Message from VM 1 with logical time 68 | Added to queue (now size: 2)
2025-03-03 14:28:31,512 - PROCESSED: Message from VM 2 | Remaining queue size: 1 | Updated logical clock: 71
2025-03-03 14:28:32,013 - PROCESSED: Message from VM 1 | Remaining queue size: 0 | Updated logical clock: 72
2025-03-03 14:28:32,211 - RECEIVED: Message from VM 2 with logical time 73 | Added to queue (now size: 1)
2025-03-03 14:28:32,514 - PROCESSED: Message from VM 2 | Remaining queue size: 0 | Updated logical clock: 74
2025-03-03 14:28:33,015 - INTERNAL EVENT: Logical clock: 75
2025-03-03 14:28:33,516 - INTERNAL EVENT: Logical clock: 76
2025-03-03 14:28:34,018 - INTERNAL EVENT: Logical clock: 77
2025-03-03 14:28:34,518 - SENT: Message to VM 1 at logical time 78
2025-03-03 14:28:34,518 - SENT: Message to VM 2 at logical time 78
2025-03-03 14:28:35,020 - INTERNAL EVENT: Logical clock: 79
2025-03-03 14:28:35,520 - INTERNAL EVENT: Logical clock: 80
2025-03-03 14:28:36,021 - SENT: Message to VM 2 at logical time 81
2025-03-03 14:28:36,522 - INTERNAL EVENT: Logical clock: 82
2025-03-03 14:28:37,023 - INTERNAL EVENT: Logical clock: 83
2025-03-03 14:28:37,500 - RECEIVED: Message from VM 1 with logical time 81 | Added to queue (now size: 1)
2025-03-03 14:28:37,524 - PROCESSED: Message from VM 1 | Remaining queue size: 0 | Updated logical clock: 84
2025-03-03 14:28:37,560 - RECEIVED: Message from VM 2 with logical time 89 | Added to queue (now size: 1)
2025-03-03 14:28:38,025 - PROCESSED: Message from VM 2 | Remaining queue size: 0 | Updated logical clock: 90
2025-03-03 14:28:38,229 - RECEIVED: Message from VM 2 with logical time 91 | Added to queue (now size: 1)
2025-03-03 14:28:38,526 - PROCESSED: Message from VM 2 | Remaining queue size: 0 | Updated logical clock: 92
2025-03-03 14:28:39,028 - INTERNAL EVENT: Logical clock: 93
2025-03-03 14:28:39,529 - INTERNAL EVENT: Logical clock: 94
2025-03-03 14:28:40,030 - INTERNAL EVENT: Logical clock: 95
2025-03-03 14:28:40,504 - RECEIVED: Message from VM 1 with logical time 95 | Added to queue (now size: 1)
2025-03-03 14:28:40,531 - PROCESSED: Message from VM 1 | Remaining queue size: 0 | Updated logical clock: 96
2025-03-03 14:28:41,033 - INTERNAL EVENT: Logical clock: 97
2025-03-03 14:28:41,534 - SENT: Message to VM 2 at logical time 98
2025-03-03 14:28:42,035 - SENT: Message to VM 1 at logical time 99
2025-03-03 14:28:42,035 - SENT: Message to VM 2 at logical time 99
2025-03-03 14:28:42,536 - INTERNAL EVENT: Logical clock: 100
2025-03-03 14:28:43,037 - INTERNAL EVENT: Logical clock: 101
2025-03-03 14:28:43,539 - INTERNAL EVENT: Logical clock: 102
2025-03-03 14:28:43,913 - RECEIVED: Message from VM 2 with logical time 108 | Added to queue (now size: 1)
2025-03-03 14:28:44,040 - PROCESSED: Message from VM 2 | Remaining queue size: 0 | Updated logical clock: 109
2025-03-03 14:28:44,248 - RECEIVED: Message from VM 2 with logical time 109 | Added to queue (now size: 1)
2025-03-03 14:28:44,541 - PROCESSED: Message from VM 2 | Remaining queue size: 0 | Updated logical clock: 110
2025-03-03 14:28:45,042 - SENT: Message to VM 1 at logical time 111
2025-03-03 14:28:45,042 - SENT: Message to VM 2 at logical time 111
2025-03-03 14:28:45,543 - SENT: Message to VM 1 at logical time 112
2025-03-03 14:28:46,043 - INTERNAL EVENT: Logical clock: 113
2025-03-03 14:28:46,255 - RECEIVED: Message from VM 2 with logical time 115 | Added to queue (now size: 1)
2025-03-03 14:28:46,545 - PROCESSED: Message from VM 2 | Remaining queue size: 0 | Updated logical clock: 116
2025-03-03 14:28:47,046 - INTERNAL EVENT: Logical clock: 117
2025-03-03 14:28:47,258 - RECEIVED: Message from VM 2 with logical time 118 | Added to queue (now size: 1)
2025-03-03 14:28:47,548 - PROCESSED: Message from VM 2 | Remaining queue size: 0 | Updated logical clock: 119
2025-03-03 14:28:47,596 - RECEIVED: Message from VM 2 with logical time 119 | Added to queue (now size: 1)
2025-03-03 14:28:48,049 - PROCESSED: Message from VM 2 | Remaining queue size: 0 | Updated logical clock: 120
2025-03-03 14:28:48,266 - RECEIVED: Message from VM 2 with logical time 121 | Added to queue (now size: 1)
2025-03-03 14:28:48,550 - PROCESSED: Message from VM 2 | Remaining queue size: 0 | Updated logical clock: 122
2025-03-03 14:28:49,051 - INTERNAL EVENT: Logical clock: 123
2025-03-03 14:28:49,552 - SENT: Message to VM 1 at logical time 124
2025-03-03 14:28:50,053 - INTERNAL EVENT: Logical clock: 125
2025-03-03 14:28:50,554 - INTERNAL EVENT: Logical clock: 126
2025-03-03 14:28:51,055 - INTERNAL EVENT: Logical clock: 127
2025-03-03 14:28:51,557 - SENT: Message to VM 1 at logical time 128
2025-03-03 14:28:52,058 - INTERNAL EVENT: Logical clock: 129
2025-03-03 14:28:52,559 - INTERNAL EVENT: Logical clock: 130
2025-03-03 14:28:53,060 - INTERNAL EVENT: Logical clock: 131
2025-03-03 14:28:53,562 - INTERNAL EVENT: Logical clock: 132
2025-03-03 14:28:53,613 - RECEIVED: Message from VM 2 with logical time 137 | Added to queue (now size: 1)
2025-03-03 14:28:54,063 - PROCESSED: Message from VM 2 | Remaining queue size: 0 | Updated logical clock: 138
2025-03-03 14:28:54,563 - SENT: Message to VM 2 at logical time 139
2025-03-03 14:28:55,065 - SENT: Message to VM 1 at logical time 140
2025-03-03 14:28:55,566 - INTERNAL EVENT: Logical clock: 141
2025-03-03 14:28:56,067 - INTERNAL EVENT: Logical clock: 142
2025-03-03 14:28:56,568 - INTERNAL EVENT: Logical clock: 143
2025-03-03 14:28:57,069 - INTERNAL EVENT: Logical clock: 144
2025-03-03 14:28:57,571 - INTERNAL EVENT: Logical clock: 145
2025-03-03 14:28:58,072 - INTERNAL EVENT: Logical clock: 146
2025-03-03 14:28:58,295 - RECEIVED: Message from VM 2 with logical time 151 | Added to queue (now size: 1)
2025-03-03 14:28:58,573 - PROCESSED: Message from VM 2 | Remaining queue size: 0 | Updated logical clock: 152
2025-03-03 14:28:59,074 - SENT: Message to VM 2 at logical time 153
2025-03-03 14:28:59,574 - SENT: Message to VM 1 at logical time 154
2025-03-03 14:28:59,574 - SENT: Message to VM 2 at logical time 154
2025-03-03 14:29:00,075 - INTERNAL EVENT: Logical clock: 155
2025-03-03 14:29:00,576 - SENT: Message to VM 2 at logical time 156
2025-03-03 14:29:00,971 - RECEIVED: Message from VM 2 with logical time 159 | Added to queue (now size: 1)
2025-03-03 14:29:01,077 - PROCESSED: Message from VM 2 | Remaining queue size: 0 | Updated logical clock: 160
2025-03-03 14:29:01,306 - RECEIVED: Message from VM 2 with logical time 160 | Added to queue (now size: 1)
2025-03-03 14:29:01,578 - PROCESSED: Message from VM 2 | Remaining queue size: 0 | Updated logical clock: 161
2025-03-03 14:29:02,078 - INTERNAL EVENT: Logical clock: 162
2025-03-03 14:29:02,579 - INTERNAL EVENT: Logical clock: 163
2025-03-03 14:29:02,977 - RECEIVED: Message from VM 2 with logical time 165 | Added to queue (now size: 1)
2025-03-03 14:29:03,081 - PROCESSED: Message from VM 2 | Remaining queue size: 0 | Updated logical clock: 166
2025-03-03 14:29:03,582 - INTERNAL EVENT: Logical clock: 167
2025-03-03 14:29:03,646 - RECEIVED: Message from VM 2 with logical time 167 | Added to queue (now size: 1)
2025-03-03 14:29:04,083 - PROCESSED: Message from VM 2 | Remaining queue size: 0 | Updated logical clock: 168
2025-03-03 14:29:04,584 - SENT: Message to VM 1 at logical time 169
2025-03-03 14:29:05,086 - INTERNAL EVENT: Logical clock: 170
2025-03-03 14:29:05,319 - RECEIVED: Message from VM 2 with logical time 172 | Added to queue (now size: 1)
2025-03-03 14:29:05,587 - PROCESSED: Message from VM 2 | Remaining queue size: 0 | Updated logical clock: 173
2025-03-03 14:29:06,087 - SENT: Message to VM 2 at logical time 174
2025-03-03 14:29:06,589 - INTERNAL EVENT: Logical clock: 175
2025-03-03 14:29:07,089 - INTERNAL EVENT: Logical clock: 176
