2025-03-03 14:55:02,351 - Initialized VM 0 with clock rate 4 ticks/second
2025-03-03 14:55:02,351 - Server started on 127.0.0.1:5000
2025-03-03 14:55:03,354 - Connected to VM 1
2025-03-03 14:55:03,355 - Connected to VM 2
2025-03-03 14:55:03,606 - INTERNAL EVENT: Logical clock: 1
2025-03-03 14:55:03,858 - INTERNAL EVENT: Logical clock: 2
2025-03-03 14:55:04,025 - RECEIVED: Message from VM 2 with logical time 2 | Added to queue (now size: 1)
2025-03-03 14:55:04,109 - PROCESSED: Message from VM 2 | Remaining queue size: 0 | Updated logical clock: 3
2025-03-03 14:55:04,359 - RECEIVED: Message from VM 2 with logical time 3 | Added to queue (now size: 1)
2025-03-03 14:55:04,359 - PROCESSED: Message from VM 2 | Remaining queue size: 0 | Updated logical clock: 4
2025-03-03 14:55:04,610 - SENT: Message to VM 1 at logical time 5
2025-03-03 14:55:04,861 - INTERNAL EVENT: Logical clock: 6
2025-03-03 14:55:05,111 - INTERNAL EVENT: Logical clock: 7
2025-03-03 14:55:05,362 - RECEIVED: Message from VM 2 with logical time 8 | Added to queue (now size: 1)
2025-03-03 14:55:05,362 - PROCESSED: Message from VM 2 | Remaining queue size: 0 | Updated logical clock: 9
2025-03-03 14:55:05,613 - SENT: Message to VM 1 at logical time 10
2025-03-03 14:55:05,613 - SENT: Message to VM 2 at logical time 10
2025-03-03 14:55:05,864 - SENT: Message to VM 1 at logical time 11
2025-03-03 14:55:05,865 - SENT: Message to VM 2 at logical time 11
2025-03-03 14:55:06,116 - SENT: Message to VM 1 at logical time 12
2025-03-03 14:55:06,366 - INTERNAL EVENT: Logical clock: 13
2025-03-03 14:55:06,617 - SENT: Message to VM 2 at logical time 14
2025-03-03 14:55:06,868 - SENT: Message to VM 1 at logical time 15
2025-03-03 14:55:07,120 - SENT: Message to VM 2 at logical time 16
2025-03-03 14:55:07,370 - SENT: Message to VM 1 at logical time 17
2025-03-03 14:55:07,621 - SENT: Message to VM 1 at logical time 18
2025-03-03 14:55:07,704 - RECEIVED: Message from VM 2 with logical time 18 | Added to queue (now size: 1)
2025-03-03 14:55:07,872 - PROCESSED: Message from VM 2 | Remaining queue size: 0 | Updated logical clock: 19
2025-03-03 14:55:08,039 - RECEIVED: Message from VM 2 with logical time 19 | Added to queue (now size: 1)
2025-03-03 14:55:08,124 - PROCESSED: Message from VM 2 | Remaining queue size: 0 | Updated logical clock: 20
2025-03-03 14:55:08,374 - SENT: Message to VM 1 at logical time 21
2025-03-03 14:55:08,374 - SENT: Message to VM 2 at logical time 21
2025-03-03 14:55:08,374 - RECEIVED: Message from VM 1 with logical time 21 | Added to queue (now size: 1)
2025-03-03 14:55:08,625 - PROCESSED: Message from VM 1 | Remaining queue size: 0 | Updated logical clock: 22
2025-03-03 14:55:08,877 - SENT: Message to VM 2 at logical time 23
2025-03-03 14:55:08,877 - RECEIVED: Message from VM 1 with logical time 23 | Added to queue (now size: 1)
2025-03-03 14:55:09,127 - PROCESSED: Message from VM 1 | Remaining queue size: 0 | Updated logical clock: 24
2025-03-03 14:55:09,378 - SENT: Message to VM 2 at logical time 25
2025-03-03 14:55:09,378 - RECEIVED: Message from VM 1 with logical time 25 | Added to queue (now size: 1)
2025-03-03 14:55:09,629 - PROCESSED: Message from VM 1 | Remaining queue size: 0 | Updated logical clock: 26
2025-03-03 14:55:09,629 - RECEIVED: Message from VM 1 with logical time 26 | Added to queue (now size: 1)
2025-03-03 14:55:09,879 - PROCESSED: Message from VM 1 | Remaining queue size: 0 | Updated logical clock: 27
2025-03-03 14:55:09,880 - RECEIVED: Message from VM 1 with logical time 27 | Added to queue (now size: 1)
2025-03-03 14:55:10,131 - PROCESSED: Message from VM 1 | Remaining queue size: 0 | Updated logical clock: 28
2025-03-03 14:55:10,381 - INTERNAL EVENT: Logical clock: 29
2025-03-03 14:55:10,381 - RECEIVED: Message from VM 1 with logical time 29 | Added to queue (now size: 1)
2025-03-03 14:55:10,631 - PROCESSED: Message from VM 1 | Remaining queue size: 0 | Updated logical clock: 30
2025-03-03 14:55:10,882 - SENT: Message to VM 1 at logical time 31
2025-03-03 14:55:10,882 - SENT: Message to VM 2 at logical time 31
2025-03-03 14:55:10,883 - RECEIVED: Message from VM 1 with logical time 31 | Added to queue (now size: 1)
2025-03-03 14:55:11,133 - PROCESSED: Message from VM 1 | Remaining queue size: 0 | Updated logical clock: 32
2025-03-03 14:55:11,383 - SENT: Message to VM 2 at logical time 33
2025-03-03 14:55:11,384 - RECEIVED: Message from VM 1 with logical time 33 | Added to queue (now size: 1)
2025-03-03 14:55:11,635 - PROCESSED: Message from VM 1 | Remaining queue size: 0 | Updated logical clock: 34
2025-03-03 14:55:11,886 - SENT: Message to VM 2 at logical time 35
2025-03-03 14:55:11,886 - RECEIVED: Message from VM 1 with logical time 35 | Added to queue (now size: 1)
2025-03-03 14:55:12,137 - PROCESSED: Message from VM 1 | Remaining queue size: 0 | Updated logical clock: 36
2025-03-03 14:55:12,387 - INTERNAL EVENT: Logical clock: 37
2025-03-03 14:55:12,639 - SENT: Message to VM 1 at logical time 38
2025-03-03 14:55:12,639 - SENT: Message to VM 2 at logical time 38
2025-03-03 14:55:12,639 - RECEIVED: Message from VM 1 with logical time 38 | Added to queue (now size: 1)
2025-03-03 14:55:12,890 - PROCESSED: Message from VM 1 | Remaining queue size: 0 | Updated logical clock: 39
2025-03-03 14:55:13,140 - SENT: Message to VM 2 at logical time 40
2025-03-03 14:55:13,390 - INTERNAL EVENT: Logical clock: 41
2025-03-03 14:55:13,641 - INTERNAL EVENT: Logical clock: 42
2025-03-03 14:55:13,642 - RECEIVED: Message from VM 1 with logical time 42 | Added to queue (now size: 1)
2025-03-03 14:55:13,893 - PROCESSED: Message from VM 1 | Remaining queue size: 0 | Updated logical clock: 43
2025-03-03 14:55:14,143 - SENT: Message to VM 2 at logical time 44
2025-03-03 14:55:14,394 - INTERNAL EVENT: Logical clock: 45
2025-03-03 14:55:14,645 - INTERNAL EVENT: Logical clock: 46
2025-03-03 14:55:14,645 - RECEIVED: Message from VM 1 with logical time 46 | Added to queue (now size: 1)
2025-03-03 14:55:14,896 - PROCESSED: Message from VM 1 | Remaining queue size: 0 | Updated logical clock: 47
2025-03-03 14:55:14,896 - RECEIVED: Message from VM 1 with logical time 47 | Added to queue (now size: 1)
2025-03-03 14:55:15,147 - PROCESSED: Message from VM 1 | Remaining queue size: 0 | Updated logical clock: 48
2025-03-03 14:55:15,147 - RECEIVED: Message from VM 1 with logical time 48 | Added to queue (now size: 1)
2025-03-03 14:55:15,398 - PROCESSED: Message from VM 1 | Remaining queue size: 0 | Updated logical clock: 49
2025-03-03 14:55:15,649 - SENT: Message to VM 2 at logical time 50
2025-03-03 14:55:15,900 - INTERNAL EVENT: Logical clock: 51
2025-03-03 14:55:15,900 - RECEIVED: Message from VM 1 with logical time 51 | Added to queue (now size: 1)
2025-03-03 14:55:16,151 - PROCESSED: Message from VM 1 | Remaining queue size: 0 | Updated logical clock: 52
2025-03-03 14:55:16,152 - RECEIVED: Message from VM 1 with logical time 52 | Added to queue (now size: 1)
2025-03-03 14:55:16,402 - PROCESSED: Message from VM 1 | Remaining queue size: 0 | Updated logical clock: 53
2025-03-03 14:55:16,403 - RECEIVED: Message from VM 1 with logical time 53 | Added to queue (now size: 1)
2025-03-03 14:55:16,653 - PROCESSED: Message from VM 1 | Remaining queue size: 0 | Updated logical clock: 54
2025-03-03 14:55:16,905 - SENT: Message to VM 2 at logical time 55
2025-03-03 14:55:17,155 - INTERNAL EVENT: Logical clock: 56
2025-03-03 14:55:17,406 - SENT: Message to VM 1 at logical time 57
2025-03-03 14:55:17,406 - SENT: Message to VM 2 at logical time 57
2025-03-03 14:55:17,657 - SENT: Message to VM 2 at logical time 58
2025-03-03 14:55:17,908 - INTERNAL EVENT: Logical clock: 59
2025-03-03 14:55:17,908 - RECEIVED: Message from VM 1 with logical time 59 | Added to queue (now size: 1)
2025-03-03 14:55:18,159 - PROCESSED: Message from VM 1 | Remaining queue size: 0 | Updated logical clock: 60
2025-03-03 14:55:18,159 - RECEIVED: Message from VM 1 with logical time 60 | Added to queue (now size: 1)
2025-03-03 14:55:18,409 - PROCESSED: Message from VM 1 | Remaining queue size: 0 | Updated logical clock: 61
2025-03-03 14:55:18,660 - SENT: Message to VM 1 at logical time 62
2025-03-03 14:55:18,660 - SENT: Message to VM 2 at logical time 62
2025-03-03 14:55:18,660 - RECEIVED: Message from VM 1 with logical time 62 | Added to queue (now size: 1)
2025-03-03 14:55:18,911 - PROCESSED: Message from VM 1 | Remaining queue size: 0 | Updated logical clock: 63
2025-03-03 14:55:19,162 - INTERNAL EVENT: Logical clock: 64
2025-03-03 14:55:19,162 - RECEIVED: Message from VM 1 with logical time 64 | Added to queue (now size: 1)
2025-03-03 14:55:19,412 - PROCESSED: Message from VM 1 | Remaining queue size: 0 | Updated logical clock: 65
2025-03-03 14:55:19,664 - SENT: Message to VM 1 at logical time 66
2025-03-03 14:55:19,664 - SENT: Message to VM 2 at logical time 66
2025-03-03 14:55:19,915 - INTERNAL EVENT: Logical clock: 67
2025-03-03 14:55:20,076 - RECEIVED: Message from VM 2 with logical time 68 | Added to queue (now size: 1)
2025-03-03 14:55:20,166 - PROCESSED: Message from VM 2 | Remaining queue size: 0 | Updated logical clock: 69
2025-03-03 14:55:20,417 - SENT: Message to VM 2 at logical time 70
2025-03-03 14:55:20,417 - RECEIVED: Message from VM 1 with logical time 70 | Added to queue (now size: 1)
2025-03-03 14:55:20,667 - PROCESSED: Message from VM 1 | Remaining queue size: 0 | Updated logical clock: 71
2025-03-03 14:55:20,918 - SENT: Message to VM 1 at logical time 72
2025-03-03 14:55:20,918 - SENT: Message to VM 2 at logical time 72
2025-03-03 14:55:21,169 - SENT: Message to VM 2 at logical time 73
2025-03-03 14:55:21,420 - SENT: Message to VM 2 at logical time 74
2025-03-03 14:55:21,420 - RECEIVED: Message from VM 1 with logical time 74 | Added to queue (now size: 1)
2025-03-03 14:55:21,671 - PROCESSED: Message from VM 1 | Remaining queue size: 0 | Updated logical clock: 75
2025-03-03 14:55:21,922 - SENT: Message to VM 2 at logical time 76
2025-03-03 14:55:21,923 - RECEIVED: Message from VM 1 with logical time 76 | Added to queue (now size: 1)
2025-03-03 14:55:22,173 - PROCESSED: Message from VM 1 | Remaining queue size: 0 | Updated logical clock: 77
2025-03-03 14:55:22,423 - SENT: Message to VM 1 at logical time 78
2025-03-03 14:55:22,423 - SENT: Message to VM 2 at logical time 78
2025-03-03 14:55:22,424 - RECEIVED: Message from VM 1 with logical time 78 | Added to queue (now size: 1)
2025-03-03 14:55:22,674 - PROCESSED: Message from VM 1 | Remaining queue size: 0 | Updated logical clock: 79
2025-03-03 14:55:22,926 - SENT: Message to VM 1 at logical time 80
2025-03-03 14:55:22,926 - RECEIVED: Message from VM 1 with logical time 80 | Added to queue (now size: 1)
2025-03-03 14:55:23,177 - PROCESSED: Message from VM 1 | Remaining queue size: 0 | Updated logical clock: 81
2025-03-03 14:55:23,428 - SENT: Message to VM 1 at logical time 82
2025-03-03 14:55:23,429 - RECEIVED: Message from VM 1 with logical time 82 | Added to queue (now size: 1)
2025-03-03 14:55:23,678 - PROCESSED: Message from VM 1 | Remaining queue size: 0 | Updated logical clock: 83
2025-03-03 14:55:23,930 - SENT: Message to VM 1 at logical time 84
2025-03-03 14:55:23,930 - SENT: Message to VM 2 at logical time 84
2025-03-03 14:55:24,181 - SENT: Message to VM 2 at logical time 85
2025-03-03 14:55:24,432 - SENT: Message to VM 1 at logical time 86
2025-03-03 14:55:24,433 - RECEIVED: Message from VM 1 with logical time 86 | Added to queue (now size: 1)
2025-03-03 14:55:24,683 - PROCESSED: Message from VM 1 | Remaining queue size: 0 | Updated logical clock: 87
2025-03-03 14:55:24,935 - INTERNAL EVENT: Logical clock: 88
2025-03-03 14:55:25,186 - INTERNAL EVENT: Logical clock: 89
2025-03-03 14:55:25,186 - RECEIVED: Message from VM 1 with logical time 89 | Added to queue (now size: 1)
2025-03-03 14:55:25,437 - PROCESSED: Message from VM 1 | Remaining queue size: 0 | Updated logical clock: 90
2025-03-03 14:55:25,688 - SENT: Message to VM 1 at logical time 91
2025-03-03 14:55:25,688 - SENT: Message to VM 2 at logical time 91
2025-03-03 14:55:25,689 - RECEIVED: Message from VM 1 with logical time 91 | Added to queue (now size: 1)
2025-03-03 14:55:25,939 - PROCESSED: Message from VM 1 | Remaining queue size: 0 | Updated logical clock: 92
2025-03-03 14:55:26,190 - INTERNAL EVENT: Logical clock: 93
2025-03-03 14:55:26,441 - INTERNAL EVENT: Logical clock: 94
2025-03-03 14:55:26,692 - SENT: Message to VM 1 at logical time 95
2025-03-03 14:55:26,692 - SENT: Message to VM 2 at logical time 95
2025-03-03 14:55:26,943 - SENT: Message to VM 2 at logical time 96
2025-03-03 14:55:27,195 - SENT: Message to VM 1 at logical time 97
2025-03-03 14:55:27,195 - SENT: Message to VM 2 at logical time 97
2025-03-03 14:55:27,195 - RECEIVED: Message from VM 1 with logical time 97 | Added to queue (now size: 1)
2025-03-03 14:55:27,446 - PROCESSED: Message from VM 1 | Remaining queue size: 0 | Updated logical clock: 98
2025-03-03 14:55:27,697 - SENT: Message to VM 1 at logical time 99
2025-03-03 14:55:27,697 - SENT: Message to VM 2 at logical time 99
2025-03-03 14:55:27,698 - RECEIVED: Message from VM 1 with logical time 99 | Added to queue (now size: 1)
2025-03-03 14:55:27,948 - PROCESSED: Message from VM 1 | Remaining queue size: 0 | Updated logical clock: 100
2025-03-03 14:55:28,200 - INTERNAL EVENT: Logical clock: 101
2025-03-03 14:55:28,200 - RECEIVED: Message from VM 1 with logical time 101 | Added to queue (now size: 1)
2025-03-03 14:55:28,451 - PROCESSED: Message from VM 1 | Remaining queue size: 0 | Updated logical clock: 102
2025-03-03 14:55:28,702 - SENT: Message to VM 2 at logical time 103
2025-03-03 14:55:28,952 - SENT: Message to VM 2 at logical time 104
2025-03-03 14:55:28,953 - RECEIVED: Message from VM 1 with logical time 104 | Added to queue (now size: 1)
2025-03-03 14:55:29,203 - PROCESSED: Message from VM 1 | Remaining queue size: 0 | Updated logical clock: 105
2025-03-03 14:55:29,203 - RECEIVED: Message from VM 1 with logical time 105 | Added to queue (now size: 1)
2025-03-03 14:55:29,454 - PROCESSED: Message from VM 1 | Remaining queue size: 0 | Updated logical clock: 106
2025-03-03 14:55:29,454 - RECEIVED: Message from VM 1 with logical time 106 | Added to queue (now size: 1)
2025-03-03 14:55:29,705 - PROCESSED: Message from VM 1 | Remaining queue size: 0 | Updated logical clock: 107
2025-03-03 14:55:29,705 - RECEIVED: Message from VM 1 with logical time 107 | Added to queue (now size: 1)
2025-03-03 14:55:29,956 - PROCESSED: Message from VM 1 | Remaining queue size: 0 | Updated logical clock: 108
2025-03-03 14:55:30,207 - SENT: Message to VM 1 at logical time 109
2025-03-03 14:55:30,207 - SENT: Message to VM 2 at logical time 109
2025-03-03 14:55:30,207 - RECEIVED: Message from VM 1 with logical time 109 | Added to queue (now size: 1)
2025-03-03 14:55:30,458 - PROCESSED: Message from VM 1 | Remaining queue size: 0 | Updated logical clock: 110
2025-03-03 14:55:30,709 - SENT: Message to VM 1 at logical time 111
2025-03-03 14:55:30,709 - SENT: Message to VM 2 at logical time 111
2025-03-03 14:55:30,960 - INTERNAL EVENT: Logical clock: 112
2025-03-03 14:55:31,211 - SENT: Message to VM 1 at logical time 113
2025-03-03 14:55:31,211 - RECEIVED: Message from VM 1 with logical time 113 | Added to queue (now size: 1)
2025-03-03 14:55:31,462 - PROCESSED: Message from VM 1 | Remaining queue size: 0 | Updated logical clock: 114
2025-03-03 14:55:31,714 - SENT: Message to VM 1 at logical time 115
2025-03-03 14:55:31,782 - RECEIVED: Message from VM 2 with logical time 114 | Added to queue (now size: 1)
2025-03-03 14:55:31,965 - PROCESSED: Message from VM 2 | Remaining queue size: 0 | Updated logical clock: 116
2025-03-03 14:55:32,116 - RECEIVED: Message from VM 2 with logical time 115 | Added to queue (now size: 1)
2025-03-03 14:55:32,216 - PROCESSED: Message from VM 2 | Remaining queue size: 0 | Updated logical clock: 117
2025-03-03 14:55:32,468 - SENT: Message to VM 1 at logical time 118
2025-03-03 14:55:32,719 - SENT: Message to VM 1 at logical time 119
2025-03-03 14:55:32,785 - RECEIVED: Message from VM 2 with logical time 117 | Added to queue (now size: 1)
2025-03-03 14:55:32,970 - PROCESSED: Message from VM 2 | Remaining queue size: 0 | Updated logical clock: 120
2025-03-03 14:55:33,120 - RECEIVED: Message from VM 2 with logical time 118 | Added to queue (now size: 1)
2025-03-03 14:55:33,222 - PROCESSED: Message from VM 2 | Remaining queue size: 0 | Updated logical clock: 121
2025-03-03 14:55:33,473 - INTERNAL EVENT: Logical clock: 122
2025-03-03 14:55:33,724 - SENT: Message to VM 1 at logical time 123
2025-03-03 14:55:33,724 - SENT: Message to VM 2 at logical time 123
2025-03-03 14:55:33,975 - SENT: Message to VM 1 at logical time 124
2025-03-03 14:55:34,124 - RECEIVED: Message from VM 2 with logical time 125 | Added to queue (now size: 1)
2025-03-03 14:55:34,227 - PROCESSED: Message from VM 2 | Remaining queue size: 0 | Updated logical clock: 126
2025-03-03 14:55:34,478 - SENT: Message to VM 1 at logical time 127
2025-03-03 14:55:34,729 - SENT: Message to VM 1 at logical time 128
2025-03-03 14:55:34,793 - RECEIVED: Message from VM 2 with logical time 127 | Added to queue (now size: 1)
2025-03-03 14:55:34,980 - PROCESSED: Message from VM 2 | Remaining queue size: 0 | Updated logical clock: 129
2025-03-03 14:55:35,127 - RECEIVED: Message from VM 2 with logical time 128 | Added to queue (now size: 1)
2025-03-03 14:55:35,231 - PROCESSED: Message from VM 2 | Remaining queue size: 0 | Updated logical clock: 130
2025-03-03 14:55:35,482 - SENT: Message to VM 1 at logical time 131
2025-03-03 14:55:35,733 - INTERNAL EVENT: Logical clock: 132
2025-03-03 14:55:35,984 - SENT: Message to VM 2 at logical time 133
2025-03-03 14:55:36,235 - SENT: Message to VM 1 at logical time 134
2025-03-03 14:55:36,235 - SENT: Message to VM 2 at logical time 134
2025-03-03 14:55:36,487 - SENT: Message to VM 1 at logical time 135
2025-03-03 14:55:36,487 - SENT: Message to VM 2 at logical time 135
2025-03-03 14:55:36,738 - SENT: Message to VM 1 at logical time 136
2025-03-03 14:55:36,738 - SENT: Message to VM 2 at logical time 136
2025-03-03 14:55:36,989 - SENT: Message to VM 2 at logical time 137
2025-03-03 14:55:37,241 - SENT: Message to VM 1 at logical time 138
2025-03-03 14:55:37,241 - RECEIVED: Message from VM 1 with logical time 138 | Added to queue (now size: 1)
2025-03-03 14:55:37,492 - PROCESSED: Message from VM 1 | Remaining queue size: 0 | Updated logical clock: 139
2025-03-03 14:55:37,743 - INTERNAL EVENT: Logical clock: 140
2025-03-03 14:55:37,743 - RECEIVED: Message from VM 1 with logical time 140 | Added to queue (now size: 1)
2025-03-03 14:55:37,994 - PROCESSED: Message from VM 1 | Remaining queue size: 0 | Updated logical clock: 141
2025-03-03 14:55:38,245 - SENT: Message to VM 1 at logical time 142
2025-03-03 14:55:38,245 - RECEIVED: Message from VM 1 with logical time 142 | Added to queue (now size: 1)
2025-03-03 14:55:38,496 - PROCESSED: Message from VM 1 | Remaining queue size: 0 | Updated logical clock: 143
2025-03-03 14:55:38,747 - SENT: Message to VM 1 at logical time 144
2025-03-03 14:55:38,748 - RECEIVED: Message from VM 1 with logical time 144 | Added to queue (now size: 1)
2025-03-03 14:55:38,999 - PROCESSED: Message from VM 1 | Remaining queue size: 0 | Updated logical clock: 145
2025-03-03 14:55:39,251 - SENT: Message to VM 1 at logical time 146
2025-03-03 14:55:39,251 - RECEIVED: Message from VM 1 with logical time 146 | Added to queue (now size: 1)
2025-03-03 14:55:39,502 - PROCESSED: Message from VM 1 | Remaining queue size: 0 | Updated logical clock: 147
2025-03-03 14:55:39,752 - SENT: Message to VM 1 at logical time 148
2025-03-03 14:55:39,753 - SENT: Message to VM 2 at logical time 148
2025-03-03 14:55:39,753 - RECEIVED: Message from VM 1 with logical time 148 | Added to queue (now size: 1)
2025-03-03 14:55:40,004 - PROCESSED: Message from VM 1 | Remaining queue size: 0 | Updated logical clock: 149
2025-03-03 14:55:40,254 - SENT: Message to VM 2 at logical time 150
2025-03-03 14:55:40,505 - SENT: Message to VM 1 at logical time 151
2025-03-03 14:55:40,505 - SENT: Message to VM 2 at logical time 151
2025-03-03 14:55:40,506 - RECEIVED: Message from VM 1 with logical time 151 | Added to queue (now size: 1)
2025-03-03 14:55:40,757 - PROCESSED: Message from VM 1 | Remaining queue size: 0 | Updated logical clock: 152
2025-03-03 14:55:41,007 - SENT: Message to VM 1 at logical time 153
2025-03-03 14:55:41,007 - SENT: Message to VM 2 at logical time 153
2025-03-03 14:55:41,258 - SENT: Message to VM 1 at logical time 154
2025-03-03 14:55:41,510 - SENT: Message to VM 2 at logical time 155
2025-03-03 14:55:41,761 - SENT: Message to VM 2 at logical time 156
2025-03-03 14:55:41,761 - RECEIVED: Message from VM 1 with logical time 156 | Added to queue (now size: 1)
2025-03-03 14:55:42,012 - PROCESSED: Message from VM 1 | Remaining queue size: 0 | Updated logical clock: 157
2025-03-03 14:55:42,262 - SENT: Message to VM 1 at logical time 158
2025-03-03 14:55:42,262 - SENT: Message to VM 2 at logical time 158
2025-03-03 14:55:42,513 - SENT: Message to VM 1 at logical time 159
2025-03-03 14:55:42,764 - SENT: Message to VM 1 at logical time 160
2025-03-03 14:55:43,016 - SENT: Message to VM 1 at logical time 161
2025-03-03 14:55:43,016 - SENT: Message to VM 2 at logical time 161
2025-03-03 14:55:43,266 - SENT: Message to VM 1 at logical time 162
2025-03-03 14:55:43,517 - SENT: Message to VM 2 at logical time 163
2025-03-03 14:55:43,769 - INTERNAL EVENT: Logical clock: 164
2025-03-03 14:55:44,020 - SENT: Message to VM 1 at logical time 165
2025-03-03 14:55:44,271 - INTERNAL EVENT: Logical clock: 166
2025-03-03 14:55:44,491 - RECEIVED: Message from VM 2 with logical time 167 | Added to queue (now size: 1)
2025-03-03 14:55:44,522 - PROCESSED: Message from VM 2 | Remaining queue size: 0 | Updated logical clock: 168
2025-03-03 14:55:44,774 - SENT: Message to VM 1 at logical time 169
2025-03-03 14:55:44,774 - RECEIVED: Message from VM 1 with logical time 169 | Added to queue (now size: 1)
2025-03-03 14:55:45,025 - PROCESSED: Message from VM 1 | Remaining queue size: 0 | Updated logical clock: 170
2025-03-03 14:55:45,276 - SENT: Message to VM 1 at logical time 171
2025-03-03 14:55:45,277 - SENT: Message to VM 2 at logical time 171
2025-03-03 14:55:45,528 - SENT: Message to VM 2 at logical time 172
2025-03-03 14:55:45,779 - SENT: Message to VM 1 at logical time 173
2025-03-03 14:55:45,779 - SENT: Message to VM 2 at logical time 173
2025-03-03 14:55:45,780 - RECEIVED: Message from VM 1 with logical time 173 | Added to queue (now size: 1)
2025-03-03 14:55:46,030 - PROCESSED: Message from VM 1 | Remaining queue size: 0 | Updated logical clock: 174
2025-03-03 14:55:46,281 - INTERNAL EVENT: Logical clock: 175
2025-03-03 14:55:46,532 - INTERNAL EVENT: Logical clock: 176
2025-03-03 14:55:46,533 - RECEIVED: Message from VM 1 with logical time 176 | Added to queue (now size: 1)
2025-03-03 14:55:46,784 - PROCESSED: Message from VM 1 | Remaining queue size: 0 | Updated logical clock: 177
2025-03-03 14:55:46,784 - RECEIVED: Message from VM 1 with logical time 177 | Added to queue (now size: 1)
2025-03-03 14:55:47,035 - PROCESSED: Message from VM 1 | Remaining queue size: 0 | Updated logical clock: 178
2025-03-03 14:55:47,035 - RECEIVED: Message from VM 1 with logical time 178 | Added to queue (now size: 1)
2025-03-03 14:55:47,286 - PROCESSED: Message from VM 1 | Remaining queue size: 0 | Updated logical clock: 179
2025-03-03 14:55:47,537 - INTERNAL EVENT: Logical clock: 180
2025-03-03 14:55:47,539 - RECEIVED: Message from VM 1 with logical time 181 | Added to queue (now size: 1)
2025-03-03 14:55:47,789 - PROCESSED: Message from VM 1 | Remaining queue size: 0 | Updated logical clock: 182
2025-03-03 14:55:48,039 - SENT: Message to VM 2 at logical time 183
2025-03-03 14:55:48,290 - INTERNAL EVENT: Logical clock: 184
2025-03-03 14:55:48,291 - RECEIVED: Message from VM 1 with logical time 184 | Added to queue (now size: 1)
2025-03-03 14:55:48,541 - PROCESSED: Message from VM 1 | Remaining queue size: 0 | Updated logical clock: 185
2025-03-03 14:55:48,793 - SENT: Message to VM 1 at logical time 186
2025-03-03 14:55:48,793 - SENT: Message to VM 2 at logical time 186
2025-03-03 14:55:49,044 - SENT: Message to VM 2 at logical time 187
2025-03-03 14:55:49,295 - SENT: Message to VM 1 at logical time 188
2025-03-03 14:55:49,295 - SENT: Message to VM 2 at logical time 188
2025-03-03 14:55:49,296 - RECEIVED: Message from VM 1 with logical time 188 | Added to queue (now size: 1)
2025-03-03 14:55:49,547 - PROCESSED: Message from VM 1 | Remaining queue size: 0 | Updated logical clock: 189
2025-03-03 14:55:49,797 - INTERNAL EVENT: Logical clock: 190
2025-03-03 14:55:50,050 - SENT: Message to VM 1 at logical time 191
2025-03-03 14:55:50,050 - SENT: Message to VM 2 at logical time 191
2025-03-03 14:55:50,057 - RECEIVED: Message from VM 1 with logical time 191 | Added to queue (now size: 1)
2025-03-03 14:55:50,302 - PROCESSED: Message from VM 1 | Remaining queue size: 0 | Updated logical clock: 192
2025-03-03 14:55:50,554 - SENT: Message to VM 1 at logical time 193
2025-03-03 14:55:50,554 - RECEIVED: Message from VM 1 with logical time 193 | Added to queue (now size: 1)
2025-03-03 14:55:50,805 - PROCESSED: Message from VM 1 | Remaining queue size: 0 | Updated logical clock: 194
2025-03-03 14:55:51,056 - SENT: Message to VM 1 at logical time 195
2025-03-03 14:55:51,058 - RECEIVED: Message from VM 1 with logical time 195 | Added to queue (now size: 1)
2025-03-03 14:55:51,307 - PROCESSED: Message from VM 1 | Remaining queue size: 0 | Updated logical clock: 196
2025-03-03 14:55:51,512 - RECEIVED: Message from VM 2 with logical time 195 | Added to queue (now size: 1)
2025-03-03 14:55:51,558 - PROCESSED: Message from VM 2 | Remaining queue size: 0 | Updated logical clock: 197
2025-03-03 14:55:51,810 - SENT: Message to VM 2 at logical time 198
2025-03-03 14:55:51,810 - RECEIVED: Message from VM 1 with logical time 198 | Added to queue (now size: 1)
2025-03-03 14:55:52,061 - PROCESSED: Message from VM 1 | Remaining queue size: 0 | Updated logical clock: 199
2025-03-03 14:55:52,312 - SENT: Message to VM 2 at logical time 200
2025-03-03 14:55:52,563 - INTERNAL EVENT: Logical clock: 201
2025-03-03 14:55:52,814 - SENT: Message to VM 1 at logical time 202
2025-03-03 14:55:53,065 - SENT: Message to VM 1 at logical time 203
2025-03-03 14:55:53,065 - SENT: Message to VM 2 at logical time 203
2025-03-03 14:55:53,317 - INTERNAL EVENT: Logical clock: 204
2025-03-03 14:55:53,568 - SENT: Message to VM 1 at logical time 205
2025-03-03 14:55:53,568 - SENT: Message to VM 2 at logical time 205
2025-03-03 14:55:53,819 - INTERNAL EVENT: Logical clock: 206
2025-03-03 14:55:54,070 - INTERNAL EVENT: Logical clock: 207
2025-03-03 14:55:54,187 - RECEIVED: Message from VM 2 with logical time 207 | Added to queue (now size: 1)
2025-03-03 14:55:54,321 - PROCESSED: Message from VM 2 | Remaining queue size: 0 | Updated logical clock: 208
2025-03-03 14:55:54,522 - RECEIVED: Message from VM 2 with logical time 208 | Added to queue (now size: 1)
2025-03-03 14:55:54,573 - PROCESSED: Message from VM 2 | Remaining queue size: 0 | Updated logical clock: 209
2025-03-03 14:55:54,824 - SENT: Message to VM 2 at logical time 210
2025-03-03 14:55:54,824 - RECEIVED: Message from VM 1 with logical time 210 | Added to queue (now size: 1)
2025-03-03 14:55:55,075 - PROCESSED: Message from VM 1 | Remaining queue size: 0 | Updated logical clock: 211
2025-03-03 14:55:55,326 - INTERNAL EVENT: Logical clock: 212
2025-03-03 14:55:55,577 - SENT: Message to VM 1 at logical time 213
2025-03-03 14:55:55,578 - SENT: Message to VM 2 at logical time 213
2025-03-03 14:55:55,578 - RECEIVED: Message from VM 1 with logical time 214 | Added to queue (now size: 1)
2025-03-03 14:55:55,829 - PROCESSED: Message from VM 1 | Remaining queue size: 0 | Updated logical clock: 215
2025-03-03 14:55:56,080 - SENT: Message to VM 2 at logical time 216
2025-03-03 14:55:56,331 - SENT: Message to VM 1 at logical time 217
2025-03-03 14:55:56,331 - SENT: Message to VM 2 at logical time 217
2025-03-03 14:55:56,583 - SENT: Message to VM 1 at logical time 218
2025-03-03 14:55:56,583 - SENT: Message to VM 2 at logical time 218
2025-03-03 14:55:56,834 - INTERNAL EVENT: Logical clock: 219
2025-03-03 14:55:57,085 - SENT: Message to VM 1 at logical time 220
2025-03-03 14:55:57,085 - SENT: Message to VM 2 at logical time 220
2025-03-03 14:55:57,336 - SENT: Message to VM 2 at logical time 221
2025-03-03 14:55:57,588 - SENT: Message to VM 1 at logical time 222
2025-03-03 14:55:57,588 - SENT: Message to VM 2 at logical time 222
2025-03-03 14:55:57,839 - INTERNAL EVENT: Logical clock: 223
2025-03-03 14:55:58,089 - SENT: Message to VM 1 at logical time 224
2025-03-03 14:55:58,341 - SENT: Message to VM 2 at logical time 225
2025-03-03 14:55:58,591 - INTERNAL EVENT: Logical clock: 226
2025-03-03 14:55:58,842 - SENT: Message to VM 1 at logical time 227
2025-03-03 14:55:58,843 - RECEIVED: Message from VM 1 with logical time 228 | Added to queue (now size: 1)
2025-03-03 14:55:59,094 - PROCESSED: Message from VM 1 | Remaining queue size: 0 | Updated logical clock: 229
2025-03-03 14:55:59,344 - INTERNAL EVENT: Logical clock: 230
2025-03-03 14:55:59,344 - RECEIVED: Message from VM 1 with logical time 230 | Added to queue (now size: 1)
2025-03-03 14:55:59,538 - RECEIVED: Message from VM 2 with logical time 230 | Added to queue (now size: 2)
2025-03-03 14:55:59,595 - PROCESSED: Message from VM 1 | Remaining queue size: 1 | Updated logical clock: 231
2025-03-03 14:55:59,595 - RECEIVED: Message from VM 1 with logical time 231 | Added to queue (now size: 2)
2025-03-03 14:55:59,846 - PROCESSED: Message from VM 2 | Remaining queue size: 1 | Updated logical clock: 232
2025-03-03 14:56:00,098 - PROCESSED: Message from VM 1 | Remaining queue size: 0 | Updated logical clock: 233
2025-03-03 14:56:00,098 - RECEIVED: Message from VM 1 with logical time 233 | Added to queue (now size: 1)
2025-03-03 14:56:00,349 - PROCESSED: Message from VM 1 | Remaining queue size: 0 | Updated logical clock: 234
2025-03-03 14:56:00,349 - RECEIVED: Message from VM 1 with logical time 234 | Added to queue (now size: 1)
2025-03-03 14:56:00,600 - PROCESSED: Message from VM 1 | Remaining queue size: 0 | Updated logical clock: 235
2025-03-03 14:56:00,851 - SENT: Message to VM 2 at logical time 236
2025-03-03 14:56:00,852 - RECEIVED: Message from VM 1 with logical time 236 | Added to queue (now size: 1)
2025-03-03 14:56:01,102 - PROCESSED: Message from VM 1 | Remaining queue size: 0 | Updated logical clock: 237
2025-03-03 14:56:01,102 - RECEIVED: Message from VM 1 with logical time 237 | Added to queue (now size: 1)
2025-03-03 14:56:01,352 - PROCESSED: Message from VM 1 | Remaining queue size: 0 | Updated logical clock: 238
2025-03-03 14:56:01,353 - RECEIVED: Message from VM 1 with logical time 238 | Added to queue (now size: 1)
2025-03-03 14:56:01,604 - PROCESSED: Message from VM 1 | Remaining queue size: 0 | Updated logical clock: 239
2025-03-03 14:56:01,604 - RECEIVED: Message from VM 1 with logical time 239 | Added to queue (now size: 1)
2025-03-03 14:56:01,855 - PROCESSED: Message from VM 1 | Remaining queue size: 0 | Updated logical clock: 240
2025-03-03 14:56:02,106 - INTERNAL EVENT: Logical clock: 241
2025-03-03 14:56:02,106 - RECEIVED: Message from VM 1 with logical time 241 | Added to queue (now size: 1)
