2025-03-03 14:51:56,278 - Initialized VM 0 with clock rate 3 ticks/second
2025-03-03 14:51:56,279 - Server started on 127.0.0.1:5000
2025-03-03 14:51:57,283 - Connected to VM 1
2025-03-03 14:51:57,284 - Connected to VM 2
2025-03-03 14:51:57,537 - RECEIVED: Message from VM 1 with logical time 1 | Added to queue (now size: 1)
2025-03-03 14:51:57,620 - PROCESSED: Message from VM 1 | Remaining queue size: 0 | Updated logical clock: 2
2025-03-03 14:51:57,788 - RECEIVED: Message from VM 1 with logical time 2 | Added to queue (now size: 1)
2025-03-03 14:51:57,789 - RECEIVED: Message from VM 2 with logical time 2 | Added to queue (now size: 2)
2025-03-03 14:51:57,955 - PROCESSED: Message from VM 1 | Remaining queue size: 1 | Updated logical clock: 3
2025-03-03 14:51:58,288 - PROCESSED: Message from VM 2 | Remaining queue size: 0 | Updated logical clock: 4
2025-03-03 14:51:58,541 - RECEIVED: Message from VM 1 with logical time 5 | Added to queue (now size: 1)
2025-03-03 14:51:58,541 - RECEIVED: Message from VM 2 with logical time 5 | Added to queue (now size: 2)
2025-03-03 14:51:58,623 - PROCESSED: Message from VM 1 | Remaining queue size: 1 | Updated logical clock: 6
2025-03-03 14:51:58,792 - RECEIVED: Message from VM 2 with logical time 6 | Added to queue (now size: 2)
2025-03-03 14:51:58,957 - PROCESSED: Message from VM 2 | Remaining queue size: 1 | Updated logical clock: 7
2025-03-03 14:51:59,043 - RECEIVED: Message from VM 2 with logical time 7 | Added to queue (now size: 2)
2025-03-03 14:51:59,291 - PROCESSED: Message from VM 2 | Remaining queue size: 1 | Updated logical clock: 8
2025-03-03 14:51:59,294 - RECEIVED: Message from VM 2 with logical time 8 | Added to queue (now size: 2)
2025-03-03 14:51:59,545 - RECEIVED: Message from VM 2 with logical time 9 | Added to queue (now size: 3)
2025-03-03 14:51:59,625 - PROCESSED: Message from VM 2 | Remaining queue size: 2 | Updated logical clock: 9
2025-03-03 14:51:59,795 - RECEIVED: Message from VM 2 with logical time 10 | Added to queue (now size: 3)
2025-03-03 14:51:59,959 - PROCESSED: Message from VM 2 | Remaining queue size: 2 | Updated logical clock: 10
2025-03-03 14:52:00,294 - PROCESSED: Message from VM 2 | Remaining queue size: 1 | Updated logical clock: 11
2025-03-03 14:52:00,297 - RECEIVED: Message from VM 2 with logical time 12 | Added to queue (now size: 2)
2025-03-03 14:52:00,628 - PROCESSED: Message from VM 2 | Remaining queue size: 1 | Updated logical clock: 12
2025-03-03 14:52:00,800 - RECEIVED: Message from VM 2 with logical time 14 | Added to queue (now size: 2)
2025-03-03 14:52:00,962 - PROCESSED: Message from VM 2 | Remaining queue size: 1 | Updated logical clock: 13
2025-03-03 14:52:01,050 - RECEIVED: Message from VM 1 with logical time 15 | Added to queue (now size: 2)
2025-03-03 14:52:01,297 - PROCESSED: Message from VM 2 | Remaining queue size: 1 | Updated logical clock: 15
2025-03-03 14:52:01,632 - PROCESSED: Message from VM 1 | Remaining queue size: 0 | Updated logical clock: 16
2025-03-03 14:52:01,803 - RECEIVED: Message from VM 1 with logical time 18 | Added to queue (now size: 1)
2025-03-03 14:52:01,966 - PROCESSED: Message from VM 1 | Remaining queue size: 0 | Updated logical clock: 19
2025-03-03 14:52:02,301 - SENT: Message to VM 1 at logical time 20
2025-03-03 14:52:02,301 - SENT: Message to VM 2 at logical time 20
2025-03-03 14:52:02,556 - RECEIVED: Message from VM 2 with logical time 22 | Added to queue (now size: 1)
2025-03-03 14:52:02,635 - PROCESSED: Message from VM 2 | Remaining queue size: 0 | Updated logical clock: 23
2025-03-03 14:52:02,807 - RECEIVED: Message from VM 1 with logical time 22 | Added to queue (now size: 1)
2025-03-03 14:52:02,807 - RECEIVED: Message from VM 2 with logical time 23 | Added to queue (now size: 2)
2025-03-03 14:52:02,970 - PROCESSED: Message from VM 1 | Remaining queue size: 1 | Updated logical clock: 24
2025-03-03 14:52:03,304 - PROCESSED: Message from VM 2 | Remaining queue size: 0 | Updated logical clock: 25
2025-03-03 14:52:03,638 - SENT: Message to VM 1 at logical time 26
2025-03-03 14:52:03,638 - SENT: Message to VM 2 at logical time 26
2025-03-03 14:52:03,972 - INTERNAL EVENT: Logical clock: 27
2025-03-03 14:52:04,103 - RECEIVED: Message from VM 2 with logical time 28 | Added to queue (now size: 1)
2025-03-03 14:52:04,307 - PROCESSED: Message from VM 2 | Remaining queue size: 0 | Updated logical clock: 29
2025-03-03 14:52:04,351 - RECEIVED: Message from VM 2 with logical time 29 | Added to queue (now size: 1)
2025-03-03 14:52:04,644 - PROCESSED: Message from VM 2 | Remaining queue size: 0 | Updated logical clock: 30
2025-03-03 14:52:04,829 - RECEIVED: Message from VM 1 with logical time 31 | Added to queue (now size: 1)
2025-03-03 14:52:04,979 - PROCESSED: Message from VM 1 | Remaining queue size: 0 | Updated logical clock: 32
2025-03-03 14:52:05,312 - INTERNAL EVENT: Logical clock: 33
2025-03-03 14:52:05,331 - RECEIVED: Message from VM 1 with logical time 33 | Added to queue (now size: 1)
2025-03-03 14:52:05,647 - PROCESSED: Message from VM 1 | Remaining queue size: 0 | Updated logical clock: 34
2025-03-03 14:52:05,859 - RECEIVED: Message from VM 2 with logical time 36 | Added to queue (now size: 1)
2025-03-03 14:52:05,981 - PROCESSED: Message from VM 2 | Remaining queue size: 0 | Updated logical clock: 37
2025-03-03 14:52:06,316 - SENT: Message to VM 2 at logical time 38
2025-03-03 14:52:06,586 - RECEIVED: Message from VM 1 with logical time 39 | Added to queue (now size: 1)
2025-03-03 14:52:06,650 - PROCESSED: Message from VM 1 | Remaining queue size: 0 | Updated logical clock: 40
2025-03-03 14:52:06,838 - RECEIVED: Message from VM 1 with logical time 40 | Added to queue (now size: 1)
2025-03-03 14:52:06,985 - PROCESSED: Message from VM 1 | Remaining queue size: 0 | Updated logical clock: 41
2025-03-03 14:52:07,089 - RECEIVED: Message from VM 1 with logical time 41 | Added to queue (now size: 1)
2025-03-03 14:52:07,318 - PROCESSED: Message from VM 1 | Remaining queue size: 0 | Updated logical clock: 42
2025-03-03 14:52:07,618 - RECEIVED: Message from VM 2 with logical time 44 | Added to queue (now size: 1)
2025-03-03 14:52:07,653 - PROCESSED: Message from VM 2 | Remaining queue size: 0 | Updated logical clock: 45
2025-03-03 14:52:07,869 - RECEIVED: Message from VM 2 with logical time 45 | Added to queue (now size: 1)
2025-03-03 14:52:07,988 - PROCESSED: Message from VM 2 | Remaining queue size: 0 | Updated logical clock: 46
2025-03-03 14:52:08,094 - RECEIVED: Message from VM 1 with logical time 46 | Added to queue (now size: 1)
2025-03-03 14:52:08,321 - PROCESSED: Message from VM 1 | Remaining queue size: 0 | Updated logical clock: 47
2025-03-03 14:52:08,345 - RECEIVED: Message from VM 1 with logical time 47 | Added to queue (now size: 1)
2025-03-03 14:52:08,622 - RECEIVED: Message from VM 2 with logical time 49 | Added to queue (now size: 2)
2025-03-03 14:52:08,656 - PROCESSED: Message from VM 1 | Remaining queue size: 1 | Updated logical clock: 48
2025-03-03 14:52:08,990 - PROCESSED: Message from VM 2 | Remaining queue size: 0 | Updated logical clock: 50
2025-03-03 14:52:09,099 - RECEIVED: Message from VM 1 with logical time 51 | Added to queue (now size: 1)
2025-03-03 14:52:09,325 - PROCESSED: Message from VM 1 | Remaining queue size: 0 | Updated logical clock: 52
2025-03-03 14:52:09,601 - RECEIVED: Message from VM 1 with logical time 53 | Added to queue (now size: 1)
2025-03-03 14:52:09,659 - PROCESSED: Message from VM 1 | Remaining queue size: 0 | Updated logical clock: 54
2025-03-03 14:52:09,994 - SENT: Message to VM 2 at logical time 55
2025-03-03 14:52:10,329 - SENT: Message to VM 1 at logical time 56
2025-03-03 14:52:10,329 - SENT: Message to VM 2 at logical time 56
2025-03-03 14:52:10,606 - RECEIVED: Message from VM 1 with logical time 58 | Added to queue (now size: 1)
2025-03-03 14:52:10,663 - PROCESSED: Message from VM 1 | Remaining queue size: 0 | Updated logical clock: 59
2025-03-03 14:52:10,857 - RECEIVED: Message from VM 1 with logical time 59 | Added to queue (now size: 1)
2025-03-03 14:52:10,998 - PROCESSED: Message from VM 1 | Remaining queue size: 0 | Updated logical clock: 60
2025-03-03 14:52:11,333 - SENT: Message to VM 1 at logical time 61
2025-03-03 14:52:11,333 - SENT: Message to VM 2 at logical time 61
2025-03-03 14:52:11,611 - RECEIVED: Message from VM 1 with logical time 63 | Added to queue (now size: 1)
2025-03-03 14:52:11,667 - PROCESSED: Message from VM 1 | Remaining queue size: 0 | Updated logical clock: 64
2025-03-03 14:52:12,002 - INTERNAL EVENT: Logical clock: 65
2025-03-03 14:52:12,336 - SENT: Message to VM 2 at logical time 66
2025-03-03 14:52:12,615 - RECEIVED: Message from VM 1 with logical time 67 | Added to queue (now size: 1)
2025-03-03 14:52:12,671 - PROCESSED: Message from VM 1 | Remaining queue size: 0 | Updated logical clock: 68
2025-03-03 14:52:12,866 - RECEIVED: Message from VM 1 with logical time 68 | Added to queue (now size: 1)
2025-03-03 14:52:13,005 - PROCESSED: Message from VM 1 | Remaining queue size: 0 | Updated logical clock: 69
2025-03-03 14:52:13,118 - RECEIVED: Message from VM 1 with logical time 69 | Added to queue (now size: 1)
2025-03-03 14:52:13,339 - PROCESSED: Message from VM 1 | Remaining queue size: 0 | Updated logical clock: 70
2025-03-03 14:52:13,621 - RECEIVED: Message from VM 1 with logical time 71 | Added to queue (now size: 1)
2025-03-03 14:52:13,674 - PROCESSED: Message from VM 1 | Remaining queue size: 0 | Updated logical clock: 72
2025-03-03 14:52:13,873 - RECEIVED: Message from VM 1 with logical time 72 | Added to queue (now size: 1)
2025-03-03 14:52:13,892 - RECEIVED: Message from VM 2 with logical time 73 | Added to queue (now size: 2)
2025-03-03 14:52:14,008 - PROCESSED: Message from VM 1 | Remaining queue size: 1 | Updated logical clock: 73
2025-03-03 14:52:14,124 - RECEIVED: Message from VM 1 with logical time 73 | Added to queue (now size: 2)
2025-03-03 14:52:14,343 - PROCESSED: Message from VM 2 | Remaining queue size: 1 | Updated logical clock: 74
2025-03-03 14:52:14,626 - RECEIVED: Message from VM 1 with logical time 75 | Added to queue (now size: 2)
2025-03-03 14:52:14,677 - PROCESSED: Message from VM 1 | Remaining queue size: 1 | Updated logical clock: 75
2025-03-03 14:52:14,897 - RECEIVED: Message from VM 2 with logical time 77 | Added to queue (now size: 2)
2025-03-03 14:52:15,012 - PROCESSED: Message from VM 1 | Remaining queue size: 1 | Updated logical clock: 76
2025-03-03 14:52:15,148 - RECEIVED: Message from VM 2 with logical time 78 | Added to queue (now size: 2)
2025-03-03 14:52:15,347 - PROCESSED: Message from VM 2 | Remaining queue size: 1 | Updated logical clock: 78
2025-03-03 14:52:15,399 - RECEIVED: Message from VM 2 with logical time 79 | Added to queue (now size: 2)
2025-03-03 14:52:15,650 - RECEIVED: Message from VM 2 with logical time 80 | Added to queue (now size: 3)
2025-03-03 14:52:15,681 - PROCESSED: Message from VM 2 | Remaining queue size: 2 | Updated logical clock: 79
2025-03-03 14:52:16,015 - PROCESSED: Message from VM 2 | Remaining queue size: 1 | Updated logical clock: 80
2025-03-03 14:52:16,348 - PROCESSED: Message from VM 2 | Remaining queue size: 0 | Updated logical clock: 81
2025-03-03 14:52:16,683 - SENT: Message to VM 1 at logical time 82
2025-03-03 14:52:16,683 - SENT: Message to VM 2 at logical time 82
2025-03-03 14:52:17,018 - SENT: Message to VM 1 at logical time 83
2025-03-03 14:52:17,018 - SENT: Message to VM 2 at logical time 83
2025-03-03 14:52:17,352 - SENT: Message to VM 1 at logical time 84
2025-03-03 14:52:17,352 - SENT: Message to VM 2 at logical time 84
2025-03-03 14:52:17,641 - RECEIVED: Message from VM 1 with logical time 88 | Added to queue (now size: 1)
2025-03-03 14:52:17,686 - PROCESSED: Message from VM 1 | Remaining queue size: 0 | Updated logical clock: 89
2025-03-03 14:52:18,021 - SENT: Message to VM 1 at logical time 90
2025-03-03 14:52:18,021 - SENT: Message to VM 2 at logical time 90
2025-03-03 14:52:18,355 - INTERNAL EVENT: Logical clock: 91
2025-03-03 14:52:18,418 - RECEIVED: Message from VM 2 with logical time 92 | Added to queue (now size: 1)
2025-03-03 14:52:18,689 - PROCESSED: Message from VM 2 | Remaining queue size: 0 | Updated logical clock: 93
2025-03-03 14:52:18,897 - RECEIVED: Message from VM 1 with logical time 94 | Added to queue (now size: 1)
2025-03-03 14:52:19,024 - PROCESSED: Message from VM 1 | Remaining queue size: 0 | Updated logical clock: 95
2025-03-03 14:52:19,358 - SENT: Message to VM 1 at logical time 96
2025-03-03 14:52:19,674 - RECEIVED: Message from VM 2 with logical time 98 | Added to queue (now size: 1)
2025-03-03 14:52:19,693 - PROCESSED: Message from VM 2 | Remaining queue size: 0 | Updated logical clock: 99
2025-03-03 14:52:20,027 - SENT: Message to VM 1 at logical time 100
2025-03-03 14:52:20,176 - RECEIVED: Message from VM 2 with logical time 100 | Added to queue (now size: 1)
2025-03-03 14:52:20,362 - PROCESSED: Message from VM 2 | Remaining queue size: 0 | Updated logical clock: 101
2025-03-03 14:52:20,426 - RECEIVED: Message from VM 2 with logical time 101 | Added to queue (now size: 1)
2025-03-03 14:52:20,655 - RECEIVED: Message from VM 1 with logical time 102 | Added to queue (now size: 2)
2025-03-03 14:52:20,696 - PROCESSED: Message from VM 2 | Remaining queue size: 1 | Updated logical clock: 102
2025-03-03 14:52:20,906 - RECEIVED: Message from VM 1 with logical time 103 | Added to queue (now size: 2)
2025-03-03 14:52:21,030 - PROCESSED: Message from VM 1 | Remaining queue size: 1 | Updated logical clock: 103
2025-03-03 14:52:21,364 - PROCESSED: Message from VM 1 | Remaining queue size: 0 | Updated logical clock: 104
2025-03-03 14:52:21,659 - RECEIVED: Message from VM 1 with logical time 106 | Added to queue (now size: 1)
2025-03-03 14:52:21,702 - PROCESSED: Message from VM 1 | Remaining queue size: 0 | Updated logical clock: 107
2025-03-03 14:52:21,933 - RECEIVED: Message from VM 2 with logical time 108 | Added to queue (now size: 1)
2025-03-03 14:52:22,036 - PROCESSED: Message from VM 2 | Remaining queue size: 0 | Updated logical clock: 109
2025-03-03 14:52:22,185 - RECEIVED: Message from VM 2 with logical time 109 | Added to queue (now size: 1)
2025-03-03 14:52:22,371 - PROCESSED: Message from VM 2 | Remaining queue size: 0 | Updated logical clock: 110
2025-03-03 14:52:22,686 - RECEIVED: Message from VM 2 with logical time 111 | Added to queue (now size: 1)
2025-03-03 14:52:22,704 - PROCESSED: Message from VM 2 | Remaining queue size: 0 | Updated logical clock: 112
2025-03-03 14:52:22,915 - RECEIVED: Message from VM 1 with logical time 112 | Added to queue (now size: 1)
2025-03-03 14:52:22,938 - RECEIVED: Message from VM 2 with logical time 112 | Added to queue (now size: 2)
2025-03-03 14:52:23,039 - PROCESSED: Message from VM 1 | Remaining queue size: 1 | Updated logical clock: 113
2025-03-03 14:52:23,374 - PROCESSED: Message from VM 2 | Remaining queue size: 0 | Updated logical clock: 114
2025-03-03 14:52:23,417 - RECEIVED: Message from VM 1 with logical time 114 | Added to queue (now size: 1)
2025-03-03 14:52:23,439 - RECEIVED: Message from VM 2 with logical time 114 | Added to queue (now size: 2)
2025-03-03 14:52:23,707 - PROCESSED: Message from VM 1 | Remaining queue size: 1 | Updated logical clock: 115
2025-03-03 14:52:23,920 - RECEIVED: Message from VM 1 with logical time 116 | Added to queue (now size: 2)
2025-03-03 14:52:24,041 - PROCESSED: Message from VM 2 | Remaining queue size: 1 | Updated logical clock: 116
2025-03-03 14:52:24,375 - PROCESSED: Message from VM 1 | Remaining queue size: 0 | Updated logical clock: 117
2025-03-03 14:52:24,422 - RECEIVED: Message from VM 1 with logical time 118 | Added to queue (now size: 1)
2025-03-03 14:52:24,709 - PROCESSED: Message from VM 1 | Remaining queue size: 0 | Updated logical clock: 119
2025-03-03 14:52:24,924 - RECEIVED: Message from VM 1 with logical time 120 | Added to queue (now size: 1)
2025-03-03 14:52:25,044 - PROCESSED: Message from VM 1 | Remaining queue size: 0 | Updated logical clock: 121
2025-03-03 14:52:25,378 - SENT: Message to VM 1 at logical time 122
2025-03-03 14:52:25,448 - RECEIVED: Message from VM 2 with logical time 123 | Added to queue (now size: 1)
2025-03-03 14:52:25,699 - RECEIVED: Message from VM 2 with logical time 124 | Added to queue (now size: 2)
2025-03-03 14:52:25,713 - PROCESSED: Message from VM 2 | Remaining queue size: 1 | Updated logical clock: 124
2025-03-03 14:52:26,047 - PROCESSED: Message from VM 2 | Remaining queue size: 0 | Updated logical clock: 125
2025-03-03 14:52:26,181 - RECEIVED: Message from VM 1 with logical time 126 | Added to queue (now size: 1)
2025-03-03 14:52:26,382 - PROCESSED: Message from VM 1 | Remaining queue size: 0 | Updated logical clock: 127
2025-03-03 14:52:26,717 - SENT: Message to VM 2 at logical time 128
2025-03-03 14:52:27,052 - INTERNAL EVENT: Logical clock: 129
2025-03-03 14:52:27,386 - SENT: Message to VM 1 at logical time 130
2025-03-03 14:52:27,386 - SENT: Message to VM 2 at logical time 130
2025-03-03 14:52:27,688 - RECEIVED: Message from VM 1 with logical time 132 | Added to queue (now size: 1)
2025-03-03 14:52:27,708 - RECEIVED: Message from VM 2 with logical time 133 | Added to queue (now size: 2)
2025-03-03 14:52:27,721 - PROCESSED: Message from VM 1 | Remaining queue size: 1 | Updated logical clock: 133
2025-03-03 14:52:27,959 - RECEIVED: Message from VM 2 with logical time 134 | Added to queue (now size: 2)
2025-03-03 14:52:28,054 - PROCESSED: Message from VM 2 | Remaining queue size: 1 | Updated logical clock: 134
2025-03-03 14:52:28,210 - RECEIVED: Message from VM 2 with logical time 135 | Added to queue (now size: 2)
2025-03-03 14:52:28,389 - PROCESSED: Message from VM 2 | Remaining queue size: 1 | Updated logical clock: 135
2025-03-03 14:52:28,441 - RECEIVED: Message from VM 1 with logical time 136 | Added to queue (now size: 2)
2025-03-03 14:52:28,461 - RECEIVED: Message from VM 2 with logical time 136 | Added to queue (now size: 3)
2025-03-03 14:52:28,724 - PROCESSED: Message from VM 2 | Remaining queue size: 2 | Updated logical clock: 136
2025-03-03 14:52:28,964 - RECEIVED: Message from VM 2 with logical time 138 | Added to queue (now size: 3)
2025-03-03 14:52:29,057 - PROCESSED: Message from VM 1 | Remaining queue size: 2 | Updated logical clock: 137
2025-03-03 14:52:29,195 - RECEIVED: Message from VM 1 with logical time 139 | Added to queue (now size: 3)
2025-03-03 14:52:29,215 - RECEIVED: Message from VM 2 with logical time 139 | Added to queue (now size: 4)
2025-03-03 14:52:29,392 - PROCESSED: Message from VM 2 | Remaining queue size: 3 | Updated logical clock: 138
2025-03-03 14:52:29,697 - RECEIVED: Message from VM 1 with logical time 141 | Added to queue (now size: 4)
2025-03-03 14:52:29,717 - RECEIVED: Message from VM 2 with logical time 141 | Added to queue (now size: 5)
2025-03-03 14:52:29,726 - PROCESSED: Message from VM 2 | Remaining queue size: 4 | Updated logical clock: 139
2025-03-03 14:52:30,061 - PROCESSED: Message from VM 1 | Remaining queue size: 3 | Updated logical clock: 140
2025-03-03 14:52:30,221 - RECEIVED: Message from VM 2 with logical time 143 | Added to queue (now size: 4)
2025-03-03 14:52:30,395 - PROCESSED: Message from VM 2 | Remaining queue size: 3 | Updated logical clock: 141
2025-03-03 14:52:30,723 - RECEIVED: Message from VM 2 with logical time 145 | Added to queue (now size: 4)
2025-03-03 14:52:30,730 - PROCESSED: Message from VM 1 | Remaining queue size: 3 | Updated logical clock: 142
2025-03-03 14:52:30,974 - RECEIVED: Message from VM 2 with logical time 146 | Added to queue (now size: 4)
2025-03-03 14:52:31,064 - PROCESSED: Message from VM 2 | Remaining queue size: 3 | Updated logical clock: 143
2025-03-03 14:52:31,399 - PROCESSED: Message from VM 2 | Remaining queue size: 2 | Updated logical clock: 144
2025-03-03 14:52:31,456 - RECEIVED: Message from VM 1 with logical time 148 | Added to queue (now size: 3)
2025-03-03 14:52:31,733 - PROCESSED: Message from VM 2 | Remaining queue size: 2 | Updated logical clock: 146
2025-03-03 14:52:32,067 - PROCESSED: Message from VM 2 | Remaining queue size: 1 | Updated logical clock: 147
2025-03-03 14:52:32,402 - PROCESSED: Message from VM 1 | Remaining queue size: 0 | Updated logical clock: 149
2025-03-03 14:52:32,711 - RECEIVED: Message from VM 1 with logical time 153 | Added to queue (now size: 1)
2025-03-03 14:52:32,731 - RECEIVED: Message from VM 2 with logical time 154 | Added to queue (now size: 2)
2025-03-03 14:52:32,736 - PROCESSED: Message from VM 1 | Remaining queue size: 1 | Updated logical clock: 154
2025-03-03 14:52:33,070 - PROCESSED: Message from VM 2 | Remaining queue size: 0 | Updated logical clock: 155
2025-03-03 14:52:33,404 - SENT: Message to VM 2 at logical time 156
2025-03-03 14:52:33,464 - RECEIVED: Message from VM 1 with logical time 156 | Added to queue (now size: 1)
2025-03-03 14:52:33,738 - PROCESSED: Message from VM 1 | Remaining queue size: 0 | Updated logical clock: 157
2025-03-03 14:52:34,073 - SENT: Message to VM 1 at logical time 158
2025-03-03 14:52:34,238 - RECEIVED: Message from VM 2 with logical time 160 | Added to queue (now size: 1)
2025-03-03 14:52:34,407 - PROCESSED: Message from VM 2 | Remaining queue size: 0 | Updated logical clock: 161
2025-03-03 14:52:34,468 - RECEIVED: Message from VM 1 with logical time 160 | Added to queue (now size: 1)
2025-03-03 14:52:34,719 - RECEIVED: Message from VM 1 with logical time 161 | Added to queue (now size: 2)
2025-03-03 14:52:34,741 - PROCESSED: Message from VM 1 | Remaining queue size: 1 | Updated logical clock: 162
2025-03-03 14:52:34,970 - RECEIVED: Message from VM 1 with logical time 162 | Added to queue (now size: 2)
2025-03-03 14:52:35,075 - PROCESSED: Message from VM 1 | Remaining queue size: 1 | Updated logical clock: 163
2025-03-03 14:52:35,221 - RECEIVED: Message from VM 1 with logical time 163 | Added to queue (now size: 2)
2025-03-03 14:52:35,242 - RECEIVED: Message from VM 2 with logical time 164 | Added to queue (now size: 3)
2025-03-03 14:52:35,410 - PROCESSED: Message from VM 1 | Remaining queue size: 2 | Updated logical clock: 164
2025-03-03 14:52:35,493 - RECEIVED: Message from VM 2 with logical time 165 | Added to queue (now size: 3)
2025-03-03 14:52:35,744 - PROCESSED: Message from VM 1 | Remaining queue size: 2 | Updated logical clock: 165
2025-03-03 14:52:35,744 - RECEIVED: Message from VM 2 with logical time 166 | Added to queue (now size: 3)
2025-03-03 14:52:35,996 - RECEIVED: Message from VM 2 with logical time 167 | Added to queue (now size: 4)
2025-03-03 14:52:36,079 - PROCESSED: Message from VM 2 | Remaining queue size: 3 | Updated logical clock: 166
2025-03-03 14:52:36,413 - PROCESSED: Message from VM 2 | Remaining queue size: 2 | Updated logical clock: 167
2025-03-03 14:52:36,748 - PROCESSED: Message from VM 2 | Remaining queue size: 1 | Updated logical clock: 168
2025-03-03 14:52:36,999 - RECEIVED: Message from VM 2 with logical time 171 | Added to queue (now size: 2)
2025-03-03 14:52:37,082 - PROCESSED: Message from VM 2 | Remaining queue size: 1 | Updated logical clock: 169
2025-03-03 14:52:37,251 - RECEIVED: Message from VM 2 with logical time 172 | Added to queue (now size: 2)
2025-03-03 14:52:37,416 - PROCESSED: Message from VM 2 | Remaining queue size: 1 | Updated logical clock: 172
2025-03-03 14:52:37,502 - RECEIVED: Message from VM 2 with logical time 173 | Added to queue (now size: 2)
2025-03-03 14:52:37,731 - RECEIVED: Message from VM 1 with logical time 174 | Added to queue (now size: 3)
2025-03-03 14:52:37,750 - PROCESSED: Message from VM 2 | Remaining queue size: 2 | Updated logical clock: 173
2025-03-03 14:52:37,983 - RECEIVED: Message from VM 1 with logical time 175 | Added to queue (now size: 3)
2025-03-03 14:52:38,084 - PROCESSED: Message from VM 2 | Remaining queue size: 2 | Updated logical clock: 174
2025-03-03 14:52:38,234 - RECEIVED: Message from VM 1 with logical time 176 | Added to queue (now size: 3)
2025-03-03 14:52:38,419 - PROCESSED: Message from VM 1 | Remaining queue size: 2 | Updated logical clock: 175
2025-03-03 14:52:38,485 - RECEIVED: Message from VM 1 with logical time 177 | Added to queue (now size: 3)
2025-03-03 14:52:38,753 - PROCESSED: Message from VM 1 | Remaining queue size: 2 | Updated logical clock: 176
2025-03-03 14:52:38,988 - RECEIVED: Message from VM 1 with logical time 179 | Added to queue (now size: 3)
2025-03-03 14:52:39,007 - RECEIVED: Message from VM 2 with logical time 180 | Added to queue (now size: 4)
2025-03-03 14:52:39,088 - PROCESSED: Message from VM 1 | Remaining queue size: 3 | Updated logical clock: 177
2025-03-03 14:52:39,422 - PROCESSED: Message from VM 1 | Remaining queue size: 2 | Updated logical clock: 178
2025-03-03 14:52:39,510 - RECEIVED: Message from VM 2 with logical time 182 | Added to queue (now size: 3)
2025-03-03 14:52:39,757 - PROCESSED: Message from VM 1 | Remaining queue size: 2 | Updated logical clock: 180
2025-03-03 14:52:39,761 - RECEIVED: Message from VM 2 with logical time 183 | Added to queue (now size: 3)
2025-03-03 14:52:40,012 - RECEIVED: Message from VM 2 with logical time 184 | Added to queue (now size: 4)
2025-03-03 14:52:40,091 - PROCESSED: Message from VM 2 | Remaining queue size: 3 | Updated logical clock: 181
2025-03-03 14:52:40,262 - RECEIVED: Message from VM 2 with logical time 185 | Added to queue (now size: 4)
2025-03-03 14:52:40,426 - PROCESSED: Message from VM 2 | Remaining queue size: 3 | Updated logical clock: 183
2025-03-03 14:52:40,760 - PROCESSED: Message from VM 2 | Remaining queue size: 2 | Updated logical clock: 184
2025-03-03 14:52:40,994 - RECEIVED: Message from VM 1 with logical time 188 | Added to queue (now size: 3)
2025-03-03 14:52:41,015 - RECEIVED: Message from VM 2 with logical time 188 | Added to queue (now size: 4)
2025-03-03 14:52:41,095 - PROCESSED: Message from VM 2 | Remaining queue size: 3 | Updated logical clock: 185
2025-03-03 14:52:41,245 - RECEIVED: Message from VM 1 with logical time 189 | Added to queue (now size: 4)
2025-03-03 14:52:41,429 - PROCESSED: Message from VM 2 | Remaining queue size: 3 | Updated logical clock: 186
2025-03-03 14:52:41,748 - RECEIVED: Message from VM 1 with logical time 191 | Added to queue (now size: 4)
2025-03-03 14:52:41,763 - PROCESSED: Message from VM 1 | Remaining queue size: 3 | Updated logical clock: 189
2025-03-03 14:52:42,098 - PROCESSED: Message from VM 2 | Remaining queue size: 2 | Updated logical clock: 190
2025-03-03 14:52:42,250 - RECEIVED: Message from VM 1 with logical time 193 | Added to queue (now size: 3)
2025-03-03 14:52:42,433 - PROCESSED: Message from VM 1 | Remaining queue size: 2 | Updated logical clock: 191
2025-03-03 14:52:42,767 - PROCESSED: Message from VM 1 | Remaining queue size: 1 | Updated logical clock: 192
2025-03-03 14:52:42,770 - RECEIVED: Message from VM 2 with logical time 196 | Added to queue (now size: 2)
2025-03-03 14:52:43,101 - PROCESSED: Message from VM 1 | Remaining queue size: 1 | Updated logical clock: 194
2025-03-03 14:52:43,255 - RECEIVED: Message from VM 1 with logical time 198 | Added to queue (now size: 2)
2025-03-03 14:52:43,273 - RECEIVED: Message from VM 2 with logical time 198 | Added to queue (now size: 3)
2025-03-03 14:52:43,436 - PROCESSED: Message from VM 2 | Remaining queue size: 2 | Updated logical clock: 197
2025-03-03 14:52:43,524 - RECEIVED: Message from VM 2 with logical time 199 | Added to queue (now size: 3)
2025-03-03 14:52:43,770 - PROCESSED: Message from VM 1 | Remaining queue size: 2 | Updated logical clock: 199
2025-03-03 14:52:44,105 - PROCESSED: Message from VM 2 | Remaining queue size: 1 | Updated logical clock: 200
2025-03-03 14:52:44,439 - PROCESSED: Message from VM 2 | Remaining queue size: 0 | Updated logical clock: 201
2025-03-03 14:52:44,510 - RECEIVED: Message from VM 1 with logical time 203 | Added to queue (now size: 1)
2025-03-03 14:52:44,773 - PROCESSED: Message from VM 1 | Remaining queue size: 0 | Updated logical clock: 204
2025-03-03 14:52:45,012 - RECEIVED: Message from VM 1 with logical time 205 | Added to queue (now size: 1)
2025-03-03 14:52:45,107 - PROCESSED: Message from VM 1 | Remaining queue size: 0 | Updated logical clock: 206
2025-03-03 14:52:45,442 - SENT: Message to VM 1 at logical time 207
2025-03-03 14:52:45,442 - SENT: Message to VM 2 at logical time 207
2025-03-03 14:52:45,776 - INTERNAL EVENT: Logical clock: 208
2025-03-03 14:52:46,111 - SENT: Message to VM 1 at logical time 209
2025-03-03 14:52:46,111 - SENT: Message to VM 2 at logical time 209
2025-03-03 14:52:46,445 - SENT: Message to VM 1 at logical time 210
2025-03-03 14:52:46,445 - SENT: Message to VM 2 at logical time 210
2025-03-03 14:52:46,780 - SENT: Message to VM 2 at logical time 211
2025-03-03 14:52:47,020 - RECEIVED: Message from VM 1 with logical time 214 | Added to queue (now size: 1)
2025-03-03 14:52:47,114 - PROCESSED: Message from VM 1 | Remaining queue size: 0 | Updated logical clock: 215
2025-03-03 14:52:47,449 - SENT: Message to VM 1 at logical time 216
2025-03-03 14:52:47,773 - RECEIVED: Message from VM 1 with logical time 218 | Added to queue (now size: 1)
2025-03-03 14:52:47,786 - PROCESSED: Message from VM 1 | Remaining queue size: 0 | Updated logical clock: 219
2025-03-03 14:52:48,121 - INTERNAL EVENT: Logical clock: 220
2025-03-03 14:52:48,276 - RECEIVED: Message from VM 1 with logical time 220 | Added to queue (now size: 1)
2025-03-03 14:52:48,455 - PROCESSED: Message from VM 1 | Remaining queue size: 0 | Updated logical clock: 221
2025-03-03 14:52:48,527 - RECEIVED: Message from VM 1 with logical time 221 | Added to queue (now size: 1)
2025-03-03 14:52:48,778 - RECEIVED: Message from VM 1 with logical time 222 | Added to queue (now size: 2)
2025-03-03 14:52:48,789 - PROCESSED: Message from VM 1 | Remaining queue size: 1 | Updated logical clock: 222
2025-03-03 14:52:49,123 - PROCESSED: Message from VM 1 | Remaining queue size: 0 | Updated logical clock: 223
2025-03-03 14:52:49,281 - RECEIVED: Message from VM 1 with logical time 224 | Added to queue (now size: 1)
2025-03-03 14:52:49,458 - PROCESSED: Message from VM 1 | Remaining queue size: 0 | Updated logical clock: 225
2025-03-03 14:52:49,532 - RECEIVED: Message from VM 1 with logical time 225 | Added to queue (now size: 1)
2025-03-03 14:52:49,783 - RECEIVED: Message from VM 1 with logical time 226 | Added to queue (now size: 2)
2025-03-03 14:52:49,791 - PROCESSED: Message from VM 1 | Remaining queue size: 1 | Updated logical clock: 226
2025-03-03 14:52:50,126 - PROCESSED: Message from VM 1 | Remaining queue size: 0 | Updated logical clock: 227
2025-03-03 14:52:50,460 - INTERNAL EVENT: Logical clock: 228
2025-03-03 14:52:50,537 - RECEIVED: Message from VM 1 with logical time 230 | Added to queue (now size: 1)
2025-03-03 14:52:50,788 - RECEIVED: Message from VM 1 with logical time 231 | Added to queue (now size: 2)
2025-03-03 14:52:50,795 - PROCESSED: Message from VM 1 | Remaining queue size: 1 | Updated logical clock: 231
2025-03-03 14:52:51,039 - RECEIVED: Message from VM 1 with logical time 232 | Added to queue (now size: 2)
2025-03-03 14:52:51,129 - PROCESSED: Message from VM 1 | Remaining queue size: 1 | Updated logical clock: 232
2025-03-03 14:52:51,303 - RECEIVED: Message from VM 2 with logical time 234 | Added to queue (now size: 2)
2025-03-03 14:52:51,463 - PROCESSED: Message from VM 1 | Remaining queue size: 1 | Updated logical clock: 233
2025-03-03 14:52:51,797 - PROCESSED: Message from VM 2 | Remaining queue size: 0 | Updated logical clock: 235
2025-03-03 14:52:51,805 - RECEIVED: Message from VM 2 with logical time 236 | Added to queue (now size: 1)
2025-03-03 14:52:52,056 - RECEIVED: Message from VM 2 with logical time 237 | Added to queue (now size: 2)
2025-03-03 14:52:52,132 - PROCESSED: Message from VM 2 | Remaining queue size: 1 | Updated logical clock: 237
2025-03-03 14:52:52,308 - RECEIVED: Message from VM 2 with logical time 238 | Added to queue (now size: 2)
2025-03-03 14:52:52,466 - PROCESSED: Message from VM 2 | Remaining queue size: 1 | Updated logical clock: 238
2025-03-03 14:52:52,797 - RECEIVED: Message from VM 1 with logical time 240 | Added to queue (now size: 2)
2025-03-03 14:52:52,800 - PROCESSED: Message from VM 2 | Remaining queue size: 1 | Updated logical clock: 239
2025-03-03 14:52:52,809 - RECEIVED: Message from VM 2 with logical time 240 | Added to queue (now size: 2)
2025-03-03 14:52:53,134 - PROCESSED: Message from VM 1 | Remaining queue size: 1 | Updated logical clock: 241
2025-03-03 14:52:53,300 - RECEIVED: Message from VM 1 with logical time 242 | Added to queue (now size: 2)
2025-03-03 14:52:53,469 - PROCESSED: Message from VM 2 | Remaining queue size: 1 | Updated logical clock: 242
2025-03-03 14:52:53,552 - RECEIVED: Message from VM 1 with logical time 243 | Added to queue (now size: 2)
2025-03-03 14:52:53,803 - PROCESSED: Message from VM 1 | Remaining queue size: 1 | Updated logical clock: 243
2025-03-03 14:52:54,054 - RECEIVED: Message from VM 1 with logical time 246 | Added to queue (now size: 2)
2025-03-03 14:52:54,137 - PROCESSED: Message from VM 1 | Remaining queue size: 1 | Updated logical clock: 244
2025-03-03 14:52:54,315 - RECEIVED: Message from VM 2 with logical time 248 | Added to queue (now size: 2)
2025-03-03 14:52:54,472 - PROCESSED: Message from VM 1 | Remaining queue size: 1 | Updated logical clock: 247
2025-03-03 14:52:54,565 - RECEIVED: Message from VM 2 with logical time 249 | Added to queue (now size: 2)
2025-03-03 14:52:54,806 - PROCESSED: Message from VM 2 | Remaining queue size: 1 | Updated logical clock: 249
2025-03-03 14:52:54,807 - RECEIVED: Message from VM 1 with logical time 250 | Added to queue (now size: 2)
2025-03-03 14:52:55,068 - RECEIVED: Message from VM 2 with logical time 252 | Added to queue (now size: 3)
2025-03-03 14:52:55,140 - PROCESSED: Message from VM 2 | Remaining queue size: 2 | Updated logical clock: 250
2025-03-03 14:52:55,308 - RECEIVED: Message from VM 1 with logical time 252 | Added to queue (now size: 3)
2025-03-03 14:52:55,475 - PROCESSED: Message from VM 1 | Remaining queue size: 2 | Updated logical clock: 251
2025-03-03 14:52:55,560 - RECEIVED: Message from VM 1 with logical time 253 | Added to queue (now size: 3)
2025-03-03 14:52:55,809 - PROCESSED: Message from VM 2 | Remaining queue size: 2 | Updated logical clock: 253
2025-03-03 14:52:55,810 - RECEIVED: Message from VM 1 with logical time 254 | Added to queue (now size: 3)
2025-03-03 14:52:55,821 - RECEIVED: Message from VM 2 with logical time 255 | Added to queue (now size: 4)
2025-03-03 14:52:56,144 - PROCESSED: Message from VM 1 | Remaining queue size: 3 | Updated logical clock: 254
