2025-03-03 14:51:56,279 - Initialized VM 2 with clock rate 4 ticks/second
2025-03-03 14:51:56,279 - Server started on 127.0.0.1:5002
2025-03-03 14:51:57,284 - Connected to VM 0
2025-03-03 14:51:57,285 - Connected to VM 1
2025-03-03 14:51:57,537 - INTERNAL EVENT: Logical clock: 1
2025-03-03 14:51:57,788 - SENT: Message to VM 0 at logical time 2
2025-03-03 14:51:57,789 - RECEIVED: Message from VM 1 with logical time 2 | Added to queue (now size: 1)
2025-03-03 14:51:58,040 - PROCESSED: Message from VM 1 | Remaining queue size: 0 | Updated logical clock: 3
2025-03-03 14:51:58,040 - RECEIVED: Message from VM 1 with logical time 3 | Added to queue (now size: 1)
2025-03-03 14:51:58,290 - PROCESSED: Message from VM 1 | Remaining queue size: 0 | Updated logical clock: 4
2025-03-03 14:51:58,541 - SENT: Message to VM 0 at logical time 5
2025-03-03 14:51:58,541 - SENT: Message to VM 1 at logical time 5
2025-03-03 14:51:58,792 - SENT: Message to VM 0 at logical time 6
2025-03-03 14:51:58,792 - SENT: Message to VM 1 at logical time 6
2025-03-03 14:51:59,043 - SENT: Message to VM 0 at logical time 7
2025-03-03 14:51:59,043 - SENT: Message to VM 1 at logical time 7
2025-03-03 14:51:59,294 - SENT: Message to VM 0 at logical time 8
2025-03-03 14:51:59,545 - SENT: Message to VM 0 at logical time 9
2025-03-03 14:51:59,545 - SENT: Message to VM 1 at logical time 9
2025-03-03 14:51:59,795 - SENT: Message to VM 0 at logical time 10
2025-03-03 14:51:59,795 - SENT: Message to VM 1 at logical time 10
2025-03-03 14:52:00,046 - INTERNAL EVENT: Logical clock: 11
2025-03-03 14:52:00,297 - SENT: Message to VM 0 at logical time 12
2025-03-03 14:52:00,297 - SENT: Message to VM 1 at logical time 12
2025-03-03 14:52:00,548 - INTERNAL EVENT: Logical clock: 13
2025-03-03 14:52:00,799 - SENT: Message to VM 0 at logical time 14
2025-03-03 14:52:00,799 - RECEIVED: Message from VM 1 with logical time 14 | Added to queue (now size: 1)
2025-03-03 14:52:01,050 - PROCESSED: Message from VM 1 | Remaining queue size: 0 | Updated logical clock: 15
2025-03-03 14:52:01,300 - SENT: Message to VM 1 at logical time 16
2025-03-03 14:52:01,552 - INTERNAL EVENT: Logical clock: 17
2025-03-03 14:52:01,803 - SENT: Message to VM 1 at logical time 18
2025-03-03 14:52:02,054 - SENT: Message to VM 1 at logical time 19
2025-03-03 14:52:02,301 - RECEIVED: Message from VM 0 with logical time 20 | Added to queue (now size: 1)
2025-03-03 14:52:02,304 - PROCESSED: Message from VM 0 | Remaining queue size: 0 | Updated logical clock: 21
2025-03-03 14:52:02,556 - SENT: Message to VM 0 at logical time 22
2025-03-03 14:52:02,807 - SENT: Message to VM 0 at logical time 23
2025-03-03 14:52:02,807 - SENT: Message to VM 1 at logical time 23
2025-03-03 14:52:02,807 - RECEIVED: Message from VM 1 with logical time 22 | Added to queue (now size: 1)
2025-03-03 14:52:03,058 - PROCESSED: Message from VM 1 | Remaining queue size: 0 | Updated logical clock: 24
2025-03-03 14:52:03,309 - INTERNAL EVENT: Logical clock: 25
2025-03-03 14:52:03,309 - RECEIVED: Message from VM 1 with logical time 25 | Added to queue (now size: 1)
2025-03-03 14:52:03,560 - PROCESSED: Message from VM 1 | Remaining queue size: 0 | Updated logical clock: 26
2025-03-03 14:52:03,638 - RECEIVED: Message from VM 0 with logical time 26 | Added to queue (now size: 1)
2025-03-03 14:52:03,813 - PROCESSED: Message from VM 0 | Remaining queue size: 0 | Updated logical clock: 27
2025-03-03 14:52:04,090 - SENT: Message to VM 0 at logical time 28
2025-03-03 14:52:04,093 - SENT: Message to VM 1 at logical time 28
2025-03-03 14:52:04,350 - SENT: Message to VM 0 at logical time 29
2025-03-03 14:52:04,351 - SENT: Message to VM 1 at logical time 29
2025-03-03 14:52:04,602 - INTERNAL EVENT: Logical clock: 30
2025-03-03 14:52:04,853 - INTERNAL EVENT: Logical clock: 31
2025-03-03 14:52:05,080 - RECEIVED: Message from VM 1 with logical time 32 | Added to queue (now size: 1)
2025-03-03 14:52:05,105 - PROCESSED: Message from VM 1 | Remaining queue size: 0 | Updated logical clock: 33
2025-03-03 14:52:05,357 - SENT: Message to VM 1 at logical time 34
2025-03-03 14:52:05,608 - SENT: Message to VM 1 at logical time 35
2025-03-03 14:52:05,859 - SENT: Message to VM 0 at logical time 36
2025-03-03 14:52:05,859 - SENT: Message to VM 1 at logical time 36
2025-03-03 14:52:06,110 - INTERNAL EVENT: Logical clock: 37
2025-03-03 14:52:06,316 - RECEIVED: Message from VM 0 with logical time 38 | Added to queue (now size: 1)
2025-03-03 14:52:06,336 - RECEIVED: Message from VM 1 with logical time 38 | Added to queue (now size: 2)
2025-03-03 14:52:06,361 - PROCESSED: Message from VM 0 | Remaining queue size: 1 | Updated logical clock: 39
2025-03-03 14:52:06,586 - RECEIVED: Message from VM 1 with logical time 39 | Added to queue (now size: 2)
2025-03-03 14:52:06,612 - PROCESSED: Message from VM 1 | Remaining queue size: 1 | Updated logical clock: 40
2025-03-03 14:52:06,838 - RECEIVED: Message from VM 1 with logical time 40 | Added to queue (now size: 2)
2025-03-03 14:52:06,863 - PROCESSED: Message from VM 1 | Remaining queue size: 1 | Updated logical clock: 41
2025-03-03 14:52:07,089 - RECEIVED: Message from VM 1 with logical time 41 | Added to queue (now size: 2)
2025-03-03 14:52:07,114 - PROCESSED: Message from VM 1 | Remaining queue size: 1 | Updated logical clock: 42
2025-03-03 14:52:07,366 - PROCESSED: Message from VM 1 | Remaining queue size: 0 | Updated logical clock: 43
2025-03-03 14:52:07,617 - SENT: Message to VM 0 at logical time 44
2025-03-03 14:52:07,617 - SENT: Message to VM 1 at logical time 44
2025-03-03 14:52:07,869 - SENT: Message to VM 0 at logical time 45
2025-03-03 14:52:08,094 - RECEIVED: Message from VM 1 with logical time 46 | Added to queue (now size: 1)
2025-03-03 14:52:08,120 - PROCESSED: Message from VM 1 | Remaining queue size: 0 | Updated logical clock: 47
2025-03-03 14:52:08,371 - SENT: Message to VM 1 at logical time 48
2025-03-03 14:52:08,622 - SENT: Message to VM 0 at logical time 49
2025-03-03 14:52:08,622 - SENT: Message to VM 1 at logical time 49
2025-03-03 14:52:08,873 - INTERNAL EVENT: Logical clock: 50
2025-03-03 14:52:09,099 - RECEIVED: Message from VM 1 with logical time 51 | Added to queue (now size: 1)
2025-03-03 14:52:09,124 - PROCESSED: Message from VM 1 | Remaining queue size: 0 | Updated logical clock: 52
2025-03-03 14:52:09,350 - RECEIVED: Message from VM 1 with logical time 52 | Added to queue (now size: 1)
2025-03-03 14:52:09,376 - PROCESSED: Message from VM 1 | Remaining queue size: 0 | Updated logical clock: 53
2025-03-03 14:52:09,626 - INTERNAL EVENT: Logical clock: 54
2025-03-03 14:52:09,852 - RECEIVED: Message from VM 1 with logical time 54 | Added to queue (now size: 1)
2025-03-03 14:52:09,877 - PROCESSED: Message from VM 1 | Remaining queue size: 0 | Updated logical clock: 55
2025-03-03 14:52:09,994 - RECEIVED: Message from VM 0 with logical time 55 | Added to queue (now size: 1)
2025-03-03 14:52:10,103 - RECEIVED: Message from VM 1 with logical time 55 | Added to queue (now size: 2)
2025-03-03 14:52:10,128 - PROCESSED: Message from VM 0 | Remaining queue size: 1 | Updated logical clock: 56
2025-03-03 14:52:10,329 - RECEIVED: Message from VM 0 with logical time 56 | Added to queue (now size: 2)
2025-03-03 14:52:10,379 - PROCESSED: Message from VM 1 | Remaining queue size: 1 | Updated logical clock: 57
2025-03-03 14:52:10,606 - RECEIVED: Message from VM 1 with logical time 58 | Added to queue (now size: 2)
2025-03-03 14:52:10,630 - PROCESSED: Message from VM 0 | Remaining queue size: 1 | Updated logical clock: 58
2025-03-03 14:52:10,881 - PROCESSED: Message from VM 1 | Remaining queue size: 0 | Updated logical clock: 59
2025-03-03 14:52:11,132 - INTERNAL EVENT: Logical clock: 60
2025-03-03 14:52:11,333 - RECEIVED: Message from VM 0 with logical time 61 | Added to queue (now size: 1)
2025-03-03 14:52:11,383 - PROCESSED: Message from VM 0 | Remaining queue size: 0 | Updated logical clock: 62
2025-03-03 14:52:11,611 - RECEIVED: Message from VM 1 with logical time 63 | Added to queue (now size: 1)
2025-03-03 14:52:11,635 - PROCESSED: Message from VM 1 | Remaining queue size: 0 | Updated logical clock: 64
2025-03-03 14:52:11,862 - RECEIVED: Message from VM 1 with logical time 64 | Added to queue (now size: 1)
2025-03-03 14:52:11,886 - PROCESSED: Message from VM 1 | Remaining queue size: 0 | Updated logical clock: 65
2025-03-03 14:52:12,136 - INTERNAL EVENT: Logical clock: 66
2025-03-03 14:52:12,336 - RECEIVED: Message from VM 0 with logical time 66 | Added to queue (now size: 1)
2025-03-03 14:52:12,364 - RECEIVED: Message from VM 1 with logical time 66 | Added to queue (now size: 2)
2025-03-03 14:52:12,387 - PROCESSED: Message from VM 0 | Remaining queue size: 1 | Updated logical clock: 67
2025-03-03 14:52:12,637 - PROCESSED: Message from VM 1 | Remaining queue size: 0 | Updated logical clock: 68
2025-03-03 14:52:12,866 - RECEIVED: Message from VM 1 with logical time 68 | Added to queue (now size: 1)
2025-03-03 14:52:12,888 - PROCESSED: Message from VM 1 | Remaining queue size: 0 | Updated logical clock: 69
2025-03-03 14:52:13,118 - RECEIVED: Message from VM 1 with logical time 69 | Added to queue (now size: 1)
2025-03-03 14:52:13,139 - PROCESSED: Message from VM 1 | Remaining queue size: 0 | Updated logical clock: 70
2025-03-03 14:52:13,390 - INTERNAL EVENT: Logical clock: 71
2025-03-03 14:52:13,621 - RECEIVED: Message from VM 1 with logical time 71 | Added to queue (now size: 1)
2025-03-03 14:52:13,640 - PROCESSED: Message from VM 1 | Remaining queue size: 0 | Updated logical clock: 72
2025-03-03 14:52:13,891 - SENT: Message to VM 0 at logical time 73
2025-03-03 14:52:14,143 - INTERNAL EVENT: Logical clock: 74
2025-03-03 14:52:14,394 - INTERNAL EVENT: Logical clock: 75
2025-03-03 14:52:14,645 - SENT: Message to VM 1 at logical time 76
2025-03-03 14:52:14,896 - SENT: Message to VM 0 at logical time 77
2025-03-03 14:52:14,897 - SENT: Message to VM 1 at logical time 77
2025-03-03 14:52:15,148 - SENT: Message to VM 0 at logical time 78
2025-03-03 14:52:15,148 - SENT: Message to VM 1 at logical time 78
2025-03-03 14:52:15,398 - SENT: Message to VM 0 at logical time 79
2025-03-03 14:52:15,398 - SENT: Message to VM 1 at logical time 79
2025-03-03 14:52:15,650 - SENT: Message to VM 0 at logical time 80
2025-03-03 14:52:15,650 - SENT: Message to VM 1 at logical time 80
2025-03-03 14:52:15,901 - SENT: Message to VM 1 at logical time 81
2025-03-03 14:52:16,152 - INTERNAL EVENT: Logical clock: 82
2025-03-03 14:52:16,385 - RECEIVED: Message from VM 1 with logical time 83 | Added to queue (now size: 1)
2025-03-03 14:52:16,405 - PROCESSED: Message from VM 1 | Remaining queue size: 0 | Updated logical clock: 84
2025-03-03 14:52:16,636 - RECEIVED: Message from VM 1 with logical time 84 | Added to queue (now size: 1)
2025-03-03 14:52:16,657 - PROCESSED: Message from VM 1 | Remaining queue size: 0 | Updated logical clock: 85
2025-03-03 14:52:16,683 - RECEIVED: Message from VM 0 with logical time 82 | Added to queue (now size: 1)
2025-03-03 14:52:16,908 - PROCESSED: Message from VM 0 | Remaining queue size: 0 | Updated logical clock: 86
2025-03-03 14:52:17,018 - RECEIVED: Message from VM 0 with logical time 83 | Added to queue (now size: 1)
2025-03-03 14:52:17,159 - PROCESSED: Message from VM 0 | Remaining queue size: 0 | Updated logical clock: 87
2025-03-03 14:52:17,353 - RECEIVED: Message from VM 0 with logical time 84 | Added to queue (now size: 1)
2025-03-03 14:52:17,409 - PROCESSED: Message from VM 0 | Remaining queue size: 0 | Updated logical clock: 88
2025-03-03 14:52:17,641 - RECEIVED: Message from VM 1 with logical time 88 | Added to queue (now size: 1)
2025-03-03 14:52:17,665 - PROCESSED: Message from VM 1 | Remaining queue size: 0 | Updated logical clock: 89
2025-03-03 14:52:17,892 - RECEIVED: Message from VM 1 with logical time 89 | Added to queue (now size: 1)
2025-03-03 14:52:17,916 - PROCESSED: Message from VM 1 | Remaining queue size: 0 | Updated logical clock: 90
2025-03-03 14:52:18,021 - RECEIVED: Message from VM 0 with logical time 90 | Added to queue (now size: 1)
2025-03-03 14:52:18,167 - PROCESSED: Message from VM 0 | Remaining queue size: 0 | Updated logical clock: 91
2025-03-03 14:52:18,418 - SENT: Message to VM 0 at logical time 92
2025-03-03 14:52:18,418 - SENT: Message to VM 1 at logical time 92
2025-03-03 14:52:18,669 - INTERNAL EVENT: Logical clock: 93
2025-03-03 14:52:18,897 - RECEIVED: Message from VM 1 with logical time 94 | Added to queue (now size: 1)
2025-03-03 14:52:18,920 - PROCESSED: Message from VM 1 | Remaining queue size: 0 | Updated logical clock: 95
2025-03-03 14:52:19,148 - RECEIVED: Message from VM 1 with logical time 95 | Added to queue (now size: 1)
2025-03-03 14:52:19,172 - PROCESSED: Message from VM 1 | Remaining queue size: 0 | Updated logical clock: 96
2025-03-03 14:52:19,423 - SENT: Message to VM 1 at logical time 97
2025-03-03 14:52:19,674 - SENT: Message to VM 0 at logical time 98
2025-03-03 14:52:19,674 - SENT: Message to VM 1 at logical time 98
2025-03-03 14:52:19,925 - SENT: Message to VM 1 at logical time 99
2025-03-03 14:52:20,176 - SENT: Message to VM 0 at logical time 100
2025-03-03 14:52:20,426 - SENT: Message to VM 0 at logical time 101
2025-03-03 14:52:20,655 - RECEIVED: Message from VM 1 with logical time 102 | Added to queue (now size: 1)
2025-03-03 14:52:20,677 - PROCESSED: Message from VM 1 | Remaining queue size: 0 | Updated logical clock: 103
2025-03-03 14:52:20,906 - RECEIVED: Message from VM 1 with logical time 103 | Added to queue (now size: 1)
2025-03-03 14:52:20,928 - PROCESSED: Message from VM 1 | Remaining queue size: 0 | Updated logical clock: 104
2025-03-03 14:52:21,157 - RECEIVED: Message from VM 1 with logical time 104 | Added to queue (now size: 1)
2025-03-03 14:52:21,179 - PROCESSED: Message from VM 1 | Remaining queue size: 0 | Updated logical clock: 105
2025-03-03 14:52:21,409 - RECEIVED: Message from VM 1 with logical time 105 | Added to queue (now size: 1)
2025-03-03 14:52:21,430 - PROCESSED: Message from VM 1 | Remaining queue size: 0 | Updated logical clock: 106
2025-03-03 14:52:21,682 - INTERNAL EVENT: Logical clock: 107
2025-03-03 14:52:21,933 - SENT: Message to VM 0 at logical time 108
2025-03-03 14:52:21,933 - SENT: Message to VM 1 at logical time 108
2025-03-03 14:52:22,184 - SENT: Message to VM 0 at logical time 109
2025-03-03 14:52:22,184 - SENT: Message to VM 1 at logical time 109
2025-03-03 14:52:22,436 - INTERNAL EVENT: Logical clock: 110
2025-03-03 14:52:22,686 - SENT: Message to VM 0 at logical time 111
2025-03-03 14:52:22,937 - SENT: Message to VM 0 at logical time 112
2025-03-03 14:52:22,938 - SENT: Message to VM 1 at logical time 112
2025-03-03 14:52:23,189 - INTERNAL EVENT: Logical clock: 113
2025-03-03 14:52:23,439 - SENT: Message to VM 0 at logical time 114
2025-03-03 14:52:23,439 - SENT: Message to VM 1 at logical time 114
2025-03-03 14:52:23,690 - INTERNAL EVENT: Logical clock: 115
2025-03-03 14:52:23,941 - INTERNAL EVENT: Logical clock: 116
2025-03-03 14:52:24,171 - RECEIVED: Message from VM 1 with logical time 117 | Added to queue (now size: 1)
2025-03-03 14:52:24,192 - PROCESSED: Message from VM 1 | Remaining queue size: 0 | Updated logical clock: 118
2025-03-03 14:52:24,443 - INTERNAL EVENT: Logical clock: 119
2025-03-03 14:52:24,694 - INTERNAL EVENT: Logical clock: 120
2025-03-03 14:52:24,924 - RECEIVED: Message from VM 1 with logical time 120 | Added to queue (now size: 1)
2025-03-03 14:52:24,945 - PROCESSED: Message from VM 1 | Remaining queue size: 0 | Updated logical clock: 121
2025-03-03 14:52:25,196 - INTERNAL EVENT: Logical clock: 122
2025-03-03 14:52:25,448 - SENT: Message to VM 0 at logical time 123
2025-03-03 14:52:25,448 - SENT: Message to VM 1 at logical time 123
2025-03-03 14:52:25,699 - SENT: Message to VM 0 at logical time 124
2025-03-03 14:52:25,699 - SENT: Message to VM 1 at logical time 124
2025-03-03 14:52:25,950 - INTERNAL EVENT: Logical clock: 125
2025-03-03 14:52:26,181 - RECEIVED: Message from VM 1 with logical time 126 | Added to queue (now size: 1)
2025-03-03 14:52:26,201 - PROCESSED: Message from VM 1 | Remaining queue size: 0 | Updated logical clock: 127
2025-03-03 14:52:26,432 - RECEIVED: Message from VM 1 with logical time 127 | Added to queue (now size: 1)
2025-03-03 14:52:26,453 - PROCESSED: Message from VM 1 | Remaining queue size: 0 | Updated logical clock: 128
2025-03-03 14:52:26,684 - RECEIVED: Message from VM 1 with logical time 128 | Added to queue (now size: 1)
2025-03-03 14:52:26,704 - PROCESSED: Message from VM 1 | Remaining queue size: 0 | Updated logical clock: 129
2025-03-03 14:52:26,717 - RECEIVED: Message from VM 0 with logical time 128 | Added to queue (now size: 1)
2025-03-03 14:52:26,954 - PROCESSED: Message from VM 0 | Remaining queue size: 0 | Updated logical clock: 130
2025-03-03 14:52:27,205 - INTERNAL EVENT: Logical clock: 131
2025-03-03 14:52:27,387 - RECEIVED: Message from VM 0 with logical time 130 | Added to queue (now size: 1)
2025-03-03 14:52:27,457 - PROCESSED: Message from VM 0 | Remaining queue size: 0 | Updated logical clock: 132
2025-03-03 14:52:27,707 - SENT: Message to VM 0 at logical time 133
2025-03-03 14:52:27,707 - SENT: Message to VM 1 at logical time 133
2025-03-03 14:52:27,959 - SENT: Message to VM 0 at logical time 134
2025-03-03 14:52:27,959 - SENT: Message to VM 1 at logical time 134
2025-03-03 14:52:28,210 - SENT: Message to VM 0 at logical time 135
2025-03-03 14:52:28,461 - SENT: Message to VM 0 at logical time 136
2025-03-03 14:52:28,461 - SENT: Message to VM 1 at logical time 136
2025-03-03 14:52:28,712 - INTERNAL EVENT: Logical clock: 137
2025-03-03 14:52:28,963 - SENT: Message to VM 0 at logical time 138
2025-03-03 14:52:29,215 - SENT: Message to VM 0 at logical time 139
2025-03-03 14:52:29,215 - SENT: Message to VM 1 at logical time 139
2025-03-03 14:52:29,466 - INTERNAL EVENT: Logical clock: 140
2025-03-03 14:52:29,717 - SENT: Message to VM 0 at logical time 141
2025-03-03 14:52:29,717 - SENT: Message to VM 1 at logical time 141
2025-03-03 14:52:29,968 - SENT: Message to VM 1 at logical time 142
2025-03-03 14:52:30,220 - SENT: Message to VM 0 at logical time 143
2025-03-03 14:52:30,220 - SENT: Message to VM 1 at logical time 143
2025-03-03 14:52:30,472 - SENT: Message to VM 1 at logical time 144
2025-03-03 14:52:30,723 - SENT: Message to VM 0 at logical time 145
2025-03-03 14:52:30,723 - SENT: Message to VM 1 at logical time 145
2025-03-03 14:52:30,974 - SENT: Message to VM 0 at logical time 146
2025-03-03 14:52:30,974 - SENT: Message to VM 1 at logical time 146
2025-03-03 14:52:31,225 - INTERNAL EVENT: Logical clock: 147
2025-03-03 14:52:31,456 - RECEIVED: Message from VM 1 with logical time 148 | Added to queue (now size: 1)
2025-03-03 14:52:31,476 - PROCESSED: Message from VM 1 | Remaining queue size: 0 | Updated logical clock: 149
2025-03-03 14:52:31,726 - INTERNAL EVENT: Logical clock: 150
2025-03-03 14:52:31,977 - INTERNAL EVENT: Logical clock: 151
2025-03-03 14:52:32,228 - INTERNAL EVENT: Logical clock: 152
2025-03-03 14:52:32,460 - RECEIVED: Message from VM 1 with logical time 152 | Added to queue (now size: 1)
2025-03-03 14:52:32,480 - PROCESSED: Message from VM 1 | Remaining queue size: 0 | Updated logical clock: 153
2025-03-03 14:52:32,731 - SENT: Message to VM 0 at logical time 154
2025-03-03 14:52:32,982 - INTERNAL EVENT: Logical clock: 155
2025-03-03 14:52:33,213 - RECEIVED: Message from VM 1 with logical time 155 | Added to queue (now size: 1)
2025-03-03 14:52:33,233 - PROCESSED: Message from VM 1 | Remaining queue size: 0 | Updated logical clock: 156
2025-03-03 14:52:33,405 - RECEIVED: Message from VM 0 with logical time 156 | Added to queue (now size: 1)
2025-03-03 14:52:33,464 - RECEIVED: Message from VM 1 with logical time 156 | Added to queue (now size: 2)
2025-03-03 14:52:33,484 - PROCESSED: Message from VM 0 | Remaining queue size: 1 | Updated logical clock: 157
2025-03-03 14:52:33,736 - PROCESSED: Message from VM 1 | Remaining queue size: 0 | Updated logical clock: 158
2025-03-03 14:52:33,986 - INTERNAL EVENT: Logical clock: 159
2025-03-03 14:52:34,237 - SENT: Message to VM 0 at logical time 160
2025-03-03 14:52:34,468 - RECEIVED: Message from VM 1 with logical time 160 | Added to queue (now size: 1)
2025-03-03 14:52:34,488 - PROCESSED: Message from VM 1 | Remaining queue size: 0 | Updated logical clock: 161
2025-03-03 14:52:34,719 - RECEIVED: Message from VM 1 with logical time 161 | Added to queue (now size: 1)
2025-03-03 14:52:34,739 - PROCESSED: Message from VM 1 | Remaining queue size: 0 | Updated logical clock: 162
2025-03-03 14:52:34,991 - INTERNAL EVENT: Logical clock: 163
2025-03-03 14:52:35,242 - SENT: Message to VM 0 at logical time 164
2025-03-03 14:52:35,493 - SENT: Message to VM 0 at logical time 165
2025-03-03 14:52:35,744 - SENT: Message to VM 0 at logical time 166
2025-03-03 14:52:35,744 - SENT: Message to VM 1 at logical time 166
2025-03-03 14:52:35,995 - SENT: Message to VM 0 at logical time 167
2025-03-03 14:52:36,247 - SENT: Message to VM 1 at logical time 168
2025-03-03 14:52:36,498 - INTERNAL EVENT: Logical clock: 169
2025-03-03 14:52:36,748 - SENT: Message to VM 1 at logical time 170
2025-03-03 14:52:36,999 - SENT: Message to VM 0 at logical time 171
2025-03-03 14:52:36,999 - SENT: Message to VM 1 at logical time 171
2025-03-03 14:52:37,250 - SENT: Message to VM 0 at logical time 172
2025-03-03 14:52:37,502 - SENT: Message to VM 0 at logical time 173
2025-03-03 14:52:37,731 - RECEIVED: Message from VM 1 with logical time 174 | Added to queue (now size: 1)
2025-03-03 14:52:37,752 - PROCESSED: Message from VM 1 | Remaining queue size: 0 | Updated logical clock: 175
2025-03-03 14:52:37,983 - RECEIVED: Message from VM 1 with logical time 175 | Added to queue (now size: 1)
2025-03-03 14:52:38,003 - PROCESSED: Message from VM 1 | Remaining queue size: 0 | Updated logical clock: 176
2025-03-03 14:52:38,234 - RECEIVED: Message from VM 1 with logical time 176 | Added to queue (now size: 1)
2025-03-03 14:52:38,254 - PROCESSED: Message from VM 1 | Remaining queue size: 0 | Updated logical clock: 177
2025-03-03 14:52:38,485 - RECEIVED: Message from VM 1 with logical time 177 | Added to queue (now size: 1)
2025-03-03 14:52:38,505 - PROCESSED: Message from VM 1 | Remaining queue size: 0 | Updated logical clock: 178
2025-03-03 14:52:38,736 - RECEIVED: Message from VM 1 with logical time 178 | Added to queue (now size: 1)
2025-03-03 14:52:38,756 - PROCESSED: Message from VM 1 | Remaining queue size: 0 | Updated logical clock: 179
2025-03-03 14:52:39,007 - SENT: Message to VM 0 at logical time 180
2025-03-03 14:52:39,007 - SENT: Message to VM 1 at logical time 180
2025-03-03 14:52:39,258 - SENT: Message to VM 1 at logical time 181
2025-03-03 14:52:39,510 - SENT: Message to VM 0 at logical time 182
2025-03-03 14:52:39,510 - SENT: Message to VM 1 at logical time 182
2025-03-03 14:52:39,760 - SENT: Message to VM 0 at logical time 183
2025-03-03 14:52:39,760 - SENT: Message to VM 1 at logical time 183
2025-03-03 14:52:40,012 - SENT: Message to VM 0 at logical time 184
2025-03-03 14:52:40,012 - SENT: Message to VM 1 at logical time 184
2025-03-03 14:52:40,262 - SENT: Message to VM 0 at logical time 185
2025-03-03 14:52:40,262 - SENT: Message to VM 1 at logical time 185
2025-03-03 14:52:40,513 - INTERNAL EVENT: Logical clock: 186
2025-03-03 14:52:40,763 - INTERNAL EVENT: Logical clock: 187
2025-03-03 14:52:41,015 - SENT: Message to VM 0 at logical time 188
2025-03-03 14:52:41,245 - RECEIVED: Message from VM 1 with logical time 189 | Added to queue (now size: 1)
2025-03-03 14:52:41,265 - PROCESSED: Message from VM 1 | Remaining queue size: 0 | Updated logical clock: 190
2025-03-03 14:52:41,516 - INTERNAL EVENT: Logical clock: 191
2025-03-03 14:52:41,766 - INTERNAL EVENT: Logical clock: 192
2025-03-03 14:52:42,017 - INTERNAL EVENT: Logical clock: 193
2025-03-03 14:52:42,269 - SENT: Message to VM 1 at logical time 194
2025-03-03 14:52:42,520 - INTERNAL EVENT: Logical clock: 195
2025-03-03 14:52:42,770 - SENT: Message to VM 0 at logical time 196
2025-03-03 14:52:42,770 - SENT: Message to VM 1 at logical time 196
2025-03-03 14:52:43,021 - INTERNAL EVENT: Logical clock: 197
2025-03-03 14:52:43,273 - SENT: Message to VM 0 at logical time 198
2025-03-03 14:52:43,273 - SENT: Message to VM 1 at logical time 198
2025-03-03 14:52:43,524 - SENT: Message to VM 0 at logical time 199
2025-03-03 14:52:43,524 - SENT: Message to VM 1 at logical time 199
2025-03-03 14:52:43,774 - INTERNAL EVENT: Logical clock: 200
2025-03-03 14:52:44,026 - INTERNAL EVENT: Logical clock: 201
2025-03-03 14:52:44,259 - RECEIVED: Message from VM 1 with logical time 202 | Added to queue (now size: 1)
2025-03-03 14:52:44,276 - PROCESSED: Message from VM 1 | Remaining queue size: 0 | Updated logical clock: 203
2025-03-03 14:52:44,510 - RECEIVED: Message from VM 1 with logical time 203 | Added to queue (now size: 1)
2025-03-03 14:52:44,527 - PROCESSED: Message from VM 1 | Remaining queue size: 0 | Updated logical clock: 204
2025-03-03 14:52:44,778 - INTERNAL EVENT: Logical clock: 205
2025-03-03 14:52:45,013 - RECEIVED: Message from VM 1 with logical time 205 | Added to queue (now size: 1)
2025-03-03 14:52:45,029 - PROCESSED: Message from VM 1 | Remaining queue size: 0 | Updated logical clock: 206
2025-03-03 14:52:45,280 - INTERNAL EVENT: Logical clock: 207
2025-03-03 14:52:45,442 - RECEIVED: Message from VM 0 with logical time 207 | Added to queue (now size: 1)
2025-03-03 14:52:45,531 - PROCESSED: Message from VM 0 | Remaining queue size: 0 | Updated logical clock: 208
2025-03-03 14:52:45,781 - SENT: Message to VM 1 at logical time 209
2025-03-03 14:52:46,032 - SENT: Message to VM 1 at logical time 210
2025-03-03 14:52:46,111 - RECEIVED: Message from VM 0 with logical time 209 | Added to queue (now size: 1)
2025-03-03 14:52:46,283 - PROCESSED: Message from VM 0 | Remaining queue size: 0 | Updated logical clock: 211
2025-03-03 14:52:46,445 - RECEIVED: Message from VM 0 with logical time 210 | Added to queue (now size: 1)
2025-03-03 14:52:46,535 - PROCESSED: Message from VM 0 | Remaining queue size: 0 | Updated logical clock: 212
2025-03-03 14:52:46,780 - RECEIVED: Message from VM 0 with logical time 211 | Added to queue (now size: 1)
2025-03-03 14:52:46,785 - PROCESSED: Message from VM 0 | Remaining queue size: 0 | Updated logical clock: 213
2025-03-03 14:52:47,020 - RECEIVED: Message from VM 1 with logical time 214 | Added to queue (now size: 1)
2025-03-03 14:52:47,036 - PROCESSED: Message from VM 1 | Remaining queue size: 0 | Updated logical clock: 215
2025-03-03 14:52:47,288 - INTERNAL EVENT: Logical clock: 216
2025-03-03 14:52:47,538 - INTERNAL EVENT: Logical clock: 217
2025-03-03 14:52:47,773 - RECEIVED: Message from VM 1 with logical time 218 | Added to queue (now size: 1)
2025-03-03 14:52:47,790 - PROCESSED: Message from VM 1 | Remaining queue size: 0 | Updated logical clock: 219
2025-03-03 14:52:48,025 - RECEIVED: Message from VM 1 with logical time 219 | Added to queue (now size: 1)
2025-03-03 14:52:48,040 - PROCESSED: Message from VM 1 | Remaining queue size: 0 | Updated logical clock: 220
2025-03-03 14:52:48,276 - RECEIVED: Message from VM 1 with logical time 220 | Added to queue (now size: 1)
2025-03-03 14:52:48,291 - PROCESSED: Message from VM 1 | Remaining queue size: 0 | Updated logical clock: 221
2025-03-03 14:52:48,527 - RECEIVED: Message from VM 1 with logical time 221 | Added to queue (now size: 1)
2025-03-03 14:52:48,542 - PROCESSED: Message from VM 1 | Remaining queue size: 0 | Updated logical clock: 222
2025-03-03 14:52:48,778 - RECEIVED: Message from VM 1 with logical time 222 | Added to queue (now size: 1)
2025-03-03 14:52:48,793 - PROCESSED: Message from VM 1 | Remaining queue size: 0 | Updated logical clock: 223
2025-03-03 14:52:49,029 - RECEIVED: Message from VM 1 with logical time 223 | Added to queue (now size: 1)
2025-03-03 14:52:49,044 - PROCESSED: Message from VM 1 | Remaining queue size: 0 | Updated logical clock: 224
2025-03-03 14:52:49,281 - RECEIVED: Message from VM 1 with logical time 224 | Added to queue (now size: 1)
2025-03-03 14:52:49,295 - PROCESSED: Message from VM 1 | Remaining queue size: 0 | Updated logical clock: 225
2025-03-03 14:52:49,532 - RECEIVED: Message from VM 1 with logical time 225 | Added to queue (now size: 1)
2025-03-03 14:52:49,547 - PROCESSED: Message from VM 1 | Remaining queue size: 0 | Updated logical clock: 226
2025-03-03 14:52:49,783 - RECEIVED: Message from VM 1 with logical time 226 | Added to queue (now size: 1)
2025-03-03 14:52:49,797 - PROCESSED: Message from VM 1 | Remaining queue size: 0 | Updated logical clock: 227
2025-03-03 14:52:50,049 - SENT: Message to VM 1 at logical time 228
2025-03-03 14:52:50,300 - INTERNAL EVENT: Logical clock: 229
2025-03-03 14:52:50,550 - INTERNAL EVENT: Logical clock: 230
2025-03-03 14:52:50,788 - RECEIVED: Message from VM 1 with logical time 231 | Added to queue (now size: 1)
2025-03-03 14:52:50,801 - PROCESSED: Message from VM 1 | Remaining queue size: 0 | Updated logical clock: 232
2025-03-03 14:52:51,052 - SENT: Message to VM 1 at logical time 233
2025-03-03 14:52:51,303 - SENT: Message to VM 0 at logical time 234
2025-03-03 14:52:51,303 - SENT: Message to VM 1 at logical time 234
2025-03-03 14:52:51,554 - INTERNAL EVENT: Logical clock: 235
2025-03-03 14:52:51,805 - SENT: Message to VM 0 at logical time 236
2025-03-03 14:52:51,805 - SENT: Message to VM 1 at logical time 236
2025-03-03 14:52:52,056 - SENT: Message to VM 0 at logical time 237
2025-03-03 14:52:52,307 - SENT: Message to VM 0 at logical time 238
2025-03-03 14:52:52,307 - SENT: Message to VM 1 at logical time 238
2025-03-03 14:52:52,558 - INTERNAL EVENT: Logical clock: 239
2025-03-03 14:52:52,809 - SENT: Message to VM 0 at logical time 240
2025-03-03 14:52:52,809 - SENT: Message to VM 1 at logical time 240
2025-03-03 14:52:53,060 - INTERNAL EVENT: Logical clock: 241
2025-03-03 14:52:53,300 - RECEIVED: Message from VM 1 with logical time 242 | Added to queue (now size: 1)
2025-03-03 14:52:53,311 - PROCESSED: Message from VM 1 | Remaining queue size: 0 | Updated logical clock: 243
2025-03-03 14:52:53,562 - SENT: Message to VM 1 at logical time 244
2025-03-03 14:52:53,813 - INTERNAL EVENT: Logical clock: 245
2025-03-03 14:52:54,054 - RECEIVED: Message from VM 1 with logical time 246 | Added to queue (now size: 1)
2025-03-03 14:52:54,064 - PROCESSED: Message from VM 1 | Remaining queue size: 0 | Updated logical clock: 247
2025-03-03 14:52:54,315 - SENT: Message to VM 0 at logical time 248
2025-03-03 14:52:54,315 - SENT: Message to VM 1 at logical time 248
2025-03-03 14:52:54,565 - SENT: Message to VM 0 at logical time 249
2025-03-03 14:52:54,807 - RECEIVED: Message from VM 1 with logical time 250 | Added to queue (now size: 1)
2025-03-03 14:52:54,816 - PROCESSED: Message from VM 1 | Remaining queue size: 0 | Updated logical clock: 251
2025-03-03 14:52:55,067 - SENT: Message to VM 0 at logical time 252
2025-03-03 14:52:55,309 - RECEIVED: Message from VM 1 with logical time 252 | Added to queue (now size: 1)
2025-03-03 14:52:55,319 - PROCESSED: Message from VM 1 | Remaining queue size: 0 | Updated logical clock: 253
2025-03-03 14:52:55,560 - RECEIVED: Message from VM 1 with logical time 253 | Added to queue (now size: 1)
2025-03-03 14:52:55,570 - PROCESSED: Message from VM 1 | Remaining queue size: 0 | Updated logical clock: 254
2025-03-03 14:52:55,821 - SENT: Message to VM 0 at logical time 255
2025-03-03 14:52:55,821 - SENT: Message to VM 1 at logical time 255
2025-03-03 14:52:56,072 - INTERNAL EVENT: Logical clock: 256
