2025-03-03 14:51:56,278 - Initialized VM 1 with clock rate 4 ticks/second
2025-03-03 14:51:56,279 - Server started on 127.0.0.1:5001
2025-03-03 14:51:57,284 - Connected to VM 0
2025-03-03 14:51:57,285 - Connected to VM 2
2025-03-03 14:51:57,537 - SENT: Message to VM 0 at logical time 1
2025-03-03 14:51:57,788 - SENT: Message to VM 0 at logical time 2
2025-03-03 14:51:57,788 - SENT: Message to VM 2 at logical time 2
2025-03-03 14:51:58,039 - SENT: Message to VM 2 at logical time 3
2025-03-03 14:51:58,290 - INTERNAL EVENT: Logical clock: 4
2025-03-03 14:51:58,541 - SENT: Message to VM 0 at logical time 5
2025-03-03 14:51:58,541 - RECEIVED: Message from VM 2 with logical time 5 | Added to queue (now size: 1)
2025-03-03 14:51:58,792 - PROCESSED: Message from VM 2 | Remaining queue size: 0 | Updated logical clock: 6
2025-03-03 14:51:58,792 - RECEIVED: Message from VM 2 with logical time 6 | Added to queue (now size: 1)
2025-03-03 14:51:59,043 - PROCESSED: Message from VM 2 | Remaining queue size: 0 | Updated logical clock: 7
2025-03-03 14:51:59,043 - RECEIVED: Message from VM 2 with logical time 7 | Added to queue (now size: 1)
2025-03-03 14:51:59,293 - PROCESSED: Message from VM 2 | Remaining queue size: 0 | Updated logical clock: 8
2025-03-03 14:51:59,545 - INTERNAL EVENT: Logical clock: 9
2025-03-03 14:51:59,545 - RECEIVED: Message from VM 2 with logical time 9 | Added to queue (now size: 1)
2025-03-03 14:51:59,795 - PROCESSED: Message from VM 2 | Remaining queue size: 0 | Updated logical clock: 10
2025-03-03 14:51:59,795 - RECEIVED: Message from VM 2 with logical time 10 | Added to queue (now size: 1)
2025-03-03 14:52:00,046 - PROCESSED: Message from VM 2 | Remaining queue size: 0 | Updated logical clock: 11
2025-03-03 14:52:00,297 - INTERNAL EVENT: Logical clock: 12
2025-03-03 14:52:00,297 - RECEIVED: Message from VM 2 with logical time 12 | Added to queue (now size: 1)
2025-03-03 14:52:00,548 - PROCESSED: Message from VM 2 | Remaining queue size: 0 | Updated logical clock: 13
2025-03-03 14:52:00,799 - SENT: Message to VM 2 at logical time 14
2025-03-03 14:52:01,050 - SENT: Message to VM 0 at logical time 15
2025-03-03 14:52:01,300 - INTERNAL EVENT: Logical clock: 16
2025-03-03 14:52:01,301 - RECEIVED: Message from VM 2 with logical time 16 | Added to queue (now size: 1)
2025-03-03 14:52:01,551 - PROCESSED: Message from VM 2 | Remaining queue size: 0 | Updated logical clock: 17
2025-03-03 14:52:01,803 - SENT: Message to VM 0 at logical time 18
2025-03-03 14:52:01,803 - RECEIVED: Message from VM 2 with logical time 18 | Added to queue (now size: 1)
2025-03-03 14:52:02,054 - PROCESSED: Message from VM 2 | Remaining queue size: 0 | Updated logical clock: 19
2025-03-03 14:52:02,054 - RECEIVED: Message from VM 2 with logical time 19 | Added to queue (now size: 1)
2025-03-03 14:52:02,301 - RECEIVED: Message from VM 0 with logical time 20 | Added to queue (now size: 2)
2025-03-03 14:52:02,304 - PROCESSED: Message from VM 2 | Remaining queue size: 1 | Updated logical clock: 20
2025-03-03 14:52:02,556 - PROCESSED: Message from VM 0 | Remaining queue size: 0 | Updated logical clock: 21
2025-03-03 14:52:02,807 - SENT: Message to VM 0 at logical time 22
2025-03-03 14:52:02,807 - SENT: Message to VM 2 at logical time 22
2025-03-03 14:52:02,807 - RECEIVED: Message from VM 2 with logical time 23 | Added to queue (now size: 1)
2025-03-03 14:52:03,058 - PROCESSED: Message from VM 2 | Remaining queue size: 0 | Updated logical clock: 24
2025-03-03 14:52:03,309 - SENT: Message to VM 2 at logical time 25
2025-03-03 14:52:03,560 - INTERNAL EVENT: Logical clock: 26
2025-03-03 14:52:03,638 - RECEIVED: Message from VM 0 with logical time 26 | Added to queue (now size: 1)
2025-03-03 14:52:03,813 - PROCESSED: Message from VM 0 | Remaining queue size: 0 | Updated logical clock: 27
2025-03-03 14:52:04,075 - INTERNAL EVENT: Logical clock: 28
2025-03-03 14:52:04,108 - RECEIVED: Message from VM 2 with logical time 28 | Added to queue (now size: 1)
2025-03-03 14:52:04,326 - PROCESSED: Message from VM 2 | Remaining queue size: 0 | Updated logical clock: 29
2025-03-03 14:52:04,351 - RECEIVED: Message from VM 2 with logical time 29 | Added to queue (now size: 1)
2025-03-03 14:52:04,577 - PROCESSED: Message from VM 2 | Remaining queue size: 0 | Updated logical clock: 30
2025-03-03 14:52:04,828 - SENT: Message to VM 0 at logical time 31
2025-03-03 14:52:05,080 - SENT: Message to VM 2 at logical time 32
2025-03-03 14:52:05,331 - SENT: Message to VM 0 at logical time 33
2025-03-03 14:52:05,357 - RECEIVED: Message from VM 2 with logical time 34 | Added to queue (now size: 1)
2025-03-03 14:52:05,582 - PROCESSED: Message from VM 2 | Remaining queue size: 0 | Updated logical clock: 35
2025-03-03 14:52:05,608 - RECEIVED: Message from VM 2 with logical time 35 | Added to queue (now size: 1)
2025-03-03 14:52:05,833 - PROCESSED: Message from VM 2 | Remaining queue size: 0 | Updated logical clock: 36
2025-03-03 14:52:05,859 - RECEIVED: Message from VM 2 with logical time 36 | Added to queue (now size: 1)
2025-03-03 14:52:06,084 - PROCESSED: Message from VM 2 | Remaining queue size: 0 | Updated logical clock: 37
2025-03-03 14:52:06,336 - SENT: Message to VM 2 at logical time 38
2025-03-03 14:52:06,586 - SENT: Message to VM 0 at logical time 39
2025-03-03 14:52:06,586 - SENT: Message to VM 2 at logical time 39
2025-03-03 14:52:06,837 - SENT: Message to VM 0 at logical time 40
2025-03-03 14:52:06,838 - SENT: Message to VM 2 at logical time 40
2025-03-03 14:52:07,088 - SENT: Message to VM 0 at logical time 41
2025-03-03 14:52:07,089 - SENT: Message to VM 2 at logical time 41
2025-03-03 14:52:07,340 - INTERNAL EVENT: Logical clock: 42
2025-03-03 14:52:07,591 - INTERNAL EVENT: Logical clock: 43
2025-03-03 14:52:07,618 - RECEIVED: Message from VM 2 with logical time 44 | Added to queue (now size: 1)
2025-03-03 14:52:07,842 - PROCESSED: Message from VM 2 | Remaining queue size: 0 | Updated logical clock: 45
2025-03-03 14:52:08,093 - SENT: Message to VM 0 at logical time 46
2025-03-03 14:52:08,093 - SENT: Message to VM 2 at logical time 46
2025-03-03 14:52:08,345 - SENT: Message to VM 0 at logical time 47
2025-03-03 14:52:08,371 - RECEIVED: Message from VM 2 with logical time 48 | Added to queue (now size: 1)
2025-03-03 14:52:08,596 - PROCESSED: Message from VM 2 | Remaining queue size: 0 | Updated logical clock: 49
2025-03-03 14:52:08,622 - RECEIVED: Message from VM 2 with logical time 49 | Added to queue (now size: 1)
2025-03-03 14:52:08,847 - PROCESSED: Message from VM 2 | Remaining queue size: 0 | Updated logical clock: 50
2025-03-03 14:52:09,098 - SENT: Message to VM 0 at logical time 51
2025-03-03 14:52:09,099 - SENT: Message to VM 2 at logical time 51
2025-03-03 14:52:09,350 - SENT: Message to VM 2 at logical time 52
2025-03-03 14:52:09,601 - SENT: Message to VM 0 at logical time 53
2025-03-03 14:52:09,852 - SENT: Message to VM 2 at logical time 54
2025-03-03 14:52:10,103 - SENT: Message to VM 2 at logical time 55
2025-03-03 14:52:10,329 - RECEIVED: Message from VM 0 with logical time 56 | Added to queue (now size: 1)
2025-03-03 14:52:10,355 - PROCESSED: Message from VM 0 | Remaining queue size: 0 | Updated logical clock: 57
2025-03-03 14:52:10,606 - SENT: Message to VM 0 at logical time 58
2025-03-03 14:52:10,606 - SENT: Message to VM 2 at logical time 58
2025-03-03 14:52:10,857 - SENT: Message to VM 0 at logical time 59
2025-03-03 14:52:11,108 - INTERNAL EVENT: Logical clock: 60
2025-03-03 14:52:11,333 - RECEIVED: Message from VM 0 with logical time 61 | Added to queue (now size: 1)
2025-03-03 14:52:11,359 - PROCESSED: Message from VM 0 | Remaining queue size: 0 | Updated logical clock: 62
2025-03-03 14:52:11,610 - SENT: Message to VM 0 at logical time 63
2025-03-03 14:52:11,610 - SENT: Message to VM 2 at logical time 63
2025-03-03 14:52:11,861 - SENT: Message to VM 2 at logical time 64
2025-03-03 14:52:12,113 - INTERNAL EVENT: Logical clock: 65
2025-03-03 14:52:12,364 - SENT: Message to VM 2 at logical time 66
2025-03-03 14:52:12,615 - SENT: Message to VM 0 at logical time 67
2025-03-03 14:52:12,866 - SENT: Message to VM 0 at logical time 68
2025-03-03 14:52:12,866 - SENT: Message to VM 2 at logical time 68
2025-03-03 14:52:13,117 - SENT: Message to VM 0 at logical time 69
2025-03-03 14:52:13,117 - SENT: Message to VM 2 at logical time 69
2025-03-03 14:52:13,369 - INTERNAL EVENT: Logical clock: 70
2025-03-03 14:52:13,621 - SENT: Message to VM 0 at logical time 71
2025-03-03 14:52:13,621 - SENT: Message to VM 2 at logical time 71
2025-03-03 14:52:13,872 - SENT: Message to VM 0 at logical time 72
2025-03-03 14:52:14,124 - SENT: Message to VM 0 at logical time 73
2025-03-03 14:52:14,375 - INTERNAL EVENT: Logical clock: 74
2025-03-03 14:52:14,626 - SENT: Message to VM 0 at logical time 75
2025-03-03 14:52:14,645 - RECEIVED: Message from VM 2 with logical time 76 | Added to queue (now size: 1)
2025-03-03 14:52:14,877 - PROCESSED: Message from VM 2 | Remaining queue size: 0 | Updated logical clock: 77
2025-03-03 14:52:14,897 - RECEIVED: Message from VM 2 with logical time 77 | Added to queue (now size: 1)
2025-03-03 14:52:15,129 - PROCESSED: Message from VM 2 | Remaining queue size: 0 | Updated logical clock: 78
2025-03-03 14:52:15,148 - RECEIVED: Message from VM 2 with logical time 78 | Added to queue (now size: 1)
2025-03-03 14:52:15,380 - PROCESSED: Message from VM 2 | Remaining queue size: 0 | Updated logical clock: 79
2025-03-03 14:52:15,399 - RECEIVED: Message from VM 2 with logical time 79 | Added to queue (now size: 1)
2025-03-03 14:52:15,631 - PROCESSED: Message from VM 2 | Remaining queue size: 0 | Updated logical clock: 80
2025-03-03 14:52:15,650 - RECEIVED: Message from VM 2 with logical time 80 | Added to queue (now size: 1)
2025-03-03 14:52:15,882 - PROCESSED: Message from VM 2 | Remaining queue size: 0 | Updated logical clock: 81
2025-03-03 14:52:15,901 - RECEIVED: Message from VM 2 with logical time 81 | Added to queue (now size: 1)
2025-03-03 14:52:16,134 - PROCESSED: Message from VM 2 | Remaining queue size: 0 | Updated logical clock: 82
2025-03-03 14:52:16,385 - SENT: Message to VM 2 at logical time 83
2025-03-03 14:52:16,636 - SENT: Message to VM 2 at logical time 84
2025-03-03 14:52:16,683 - RECEIVED: Message from VM 0 with logical time 82 | Added to queue (now size: 1)
2025-03-03 14:52:16,887 - PROCESSED: Message from VM 0 | Remaining queue size: 0 | Updated logical clock: 85
2025-03-03 14:52:17,018 - RECEIVED: Message from VM 0 with logical time 83 | Added to queue (now size: 1)
2025-03-03 14:52:17,138 - PROCESSED: Message from VM 0 | Remaining queue size: 0 | Updated logical clock: 86
2025-03-03 14:52:17,353 - RECEIVED: Message from VM 0 with logical time 84 | Added to queue (now size: 1)
2025-03-03 14:52:17,389 - PROCESSED: Message from VM 0 | Remaining queue size: 0 | Updated logical clock: 87
2025-03-03 14:52:17,641 - SENT: Message to VM 0 at logical time 88
2025-03-03 14:52:17,641 - SENT: Message to VM 2 at logical time 88
2025-03-03 14:52:17,892 - SENT: Message to VM 2 at logical time 89
2025-03-03 14:52:18,021 - RECEIVED: Message from VM 0 with logical time 90 | Added to queue (now size: 1)
2025-03-03 14:52:18,143 - PROCESSED: Message from VM 0 | Remaining queue size: 0 | Updated logical clock: 91
2025-03-03 14:52:18,394 - INTERNAL EVENT: Logical clock: 92
2025-03-03 14:52:18,418 - RECEIVED: Message from VM 2 with logical time 92 | Added to queue (now size: 1)
2025-03-03 14:52:18,646 - PROCESSED: Message from VM 2 | Remaining queue size: 0 | Updated logical clock: 93
2025-03-03 14:52:18,897 - SENT: Message to VM 0 at logical time 94
2025-03-03 14:52:18,897 - SENT: Message to VM 2 at logical time 94
2025-03-03 14:52:19,148 - SENT: Message to VM 2 at logical time 95
2025-03-03 14:52:19,359 - RECEIVED: Message from VM 0 with logical time 96 | Added to queue (now size: 1)
2025-03-03 14:52:19,399 - PROCESSED: Message from VM 0 | Remaining queue size: 0 | Updated logical clock: 97
2025-03-03 14:52:19,423 - RECEIVED: Message from VM 2 with logical time 97 | Added to queue (now size: 1)
2025-03-03 14:52:19,650 - PROCESSED: Message from VM 2 | Remaining queue size: 0 | Updated logical clock: 98
2025-03-03 14:52:19,674 - RECEIVED: Message from VM 2 with logical time 98 | Added to queue (now size: 1)
2025-03-03 14:52:19,901 - PROCESSED: Message from VM 2 | Remaining queue size: 0 | Updated logical clock: 99
2025-03-03 14:52:19,925 - RECEIVED: Message from VM 2 with logical time 99 | Added to queue (now size: 1)
2025-03-03 14:52:20,027 - RECEIVED: Message from VM 0 with logical time 100 | Added to queue (now size: 2)
2025-03-03 14:52:20,152 - PROCESSED: Message from VM 2 | Remaining queue size: 1 | Updated logical clock: 100
2025-03-03 14:52:20,403 - PROCESSED: Message from VM 0 | Remaining queue size: 0 | Updated logical clock: 101
2025-03-03 14:52:20,654 - SENT: Message to VM 0 at logical time 102
2025-03-03 14:52:20,654 - SENT: Message to VM 2 at logical time 102
2025-03-03 14:52:20,906 - SENT: Message to VM 0 at logical time 103
2025-03-03 14:52:20,906 - SENT: Message to VM 2 at logical time 103
2025-03-03 14:52:21,157 - SENT: Message to VM 2 at logical time 104
2025-03-03 14:52:21,408 - SENT: Message to VM 2 at logical time 105
2025-03-03 14:52:21,659 - SENT: Message to VM 0 at logical time 106
2025-03-03 14:52:21,911 - INTERNAL EVENT: Logical clock: 107
2025-03-03 14:52:21,933 - RECEIVED: Message from VM 2 with logical time 108 | Added to queue (now size: 1)
2025-03-03 14:52:22,161 - PROCESSED: Message from VM 2 | Remaining queue size: 0 | Updated logical clock: 109
2025-03-03 14:52:22,185 - RECEIVED: Message from VM 2 with logical time 109 | Added to queue (now size: 1)
2025-03-03 14:52:22,413 - PROCESSED: Message from VM 2 | Remaining queue size: 0 | Updated logical clock: 110
2025-03-03 14:52:22,664 - INTERNAL EVENT: Logical clock: 111
2025-03-03 14:52:22,915 - SENT: Message to VM 0 at logical time 112
2025-03-03 14:52:22,938 - RECEIVED: Message from VM 2 with logical time 112 | Added to queue (now size: 1)
2025-03-03 14:52:23,166 - PROCESSED: Message from VM 2 | Remaining queue size: 0 | Updated logical clock: 113
2025-03-03 14:52:23,417 - SENT: Message to VM 0 at logical time 114
2025-03-03 14:52:23,439 - RECEIVED: Message from VM 2 with logical time 114 | Added to queue (now size: 1)
2025-03-03 14:52:23,668 - PROCESSED: Message from VM 2 | Remaining queue size: 0 | Updated logical clock: 115
2025-03-03 14:52:23,919 - SENT: Message to VM 0 at logical time 116
2025-03-03 14:52:24,171 - SENT: Message to VM 2 at logical time 117
2025-03-03 14:52:24,422 - SENT: Message to VM 0 at logical time 118
2025-03-03 14:52:24,673 - INTERNAL EVENT: Logical clock: 119
2025-03-03 14:52:24,924 - SENT: Message to VM 0 at logical time 120
2025-03-03 14:52:24,924 - SENT: Message to VM 2 at logical time 120
2025-03-03 14:52:25,175 - INTERNAL EVENT: Logical clock: 121
2025-03-03 14:52:25,378 - RECEIVED: Message from VM 0 with logical time 122 | Added to queue (now size: 1)
2025-03-03 14:52:25,427 - PROCESSED: Message from VM 0 | Remaining queue size: 0 | Updated logical clock: 123
2025-03-03 14:52:25,449 - RECEIVED: Message from VM 2 with logical time 123 | Added to queue (now size: 1)
2025-03-03 14:52:25,679 - PROCESSED: Message from VM 2 | Remaining queue size: 0 | Updated logical clock: 124
2025-03-03 14:52:25,699 - RECEIVED: Message from VM 2 with logical time 124 | Added to queue (now size: 1)
2025-03-03 14:52:25,930 - PROCESSED: Message from VM 2 | Remaining queue size: 0 | Updated logical clock: 125
2025-03-03 14:52:26,181 - SENT: Message to VM 0 at logical time 126
2025-03-03 14:52:26,181 - SENT: Message to VM 2 at logical time 126
2025-03-03 14:52:26,432 - SENT: Message to VM 2 at logical time 127
2025-03-03 14:52:26,684 - SENT: Message to VM 2 at logical time 128
2025-03-03 14:52:26,935 - INTERNAL EVENT: Logical clock: 129
2025-03-03 14:52:27,186 - INTERNAL EVENT: Logical clock: 130
2025-03-03 14:52:27,387 - RECEIVED: Message from VM 0 with logical time 130 | Added to queue (now size: 1)
2025-03-03 14:52:27,437 - PROCESSED: Message from VM 0 | Remaining queue size: 0 | Updated logical clock: 131
2025-03-03 14:52:27,688 - SENT: Message to VM 0 at logical time 132
2025-03-03 14:52:27,708 - RECEIVED: Message from VM 2 with logical time 133 | Added to queue (now size: 1)
2025-03-03 14:52:27,939 - PROCESSED: Message from VM 2 | Remaining queue size: 0 | Updated logical clock: 134
2025-03-03 14:52:27,959 - RECEIVED: Message from VM 2 with logical time 134 | Added to queue (now size: 1)
2025-03-03 14:52:28,190 - PROCESSED: Message from VM 2 | Remaining queue size: 0 | Updated logical clock: 135
2025-03-03 14:52:28,441 - SENT: Message to VM 0 at logical time 136
2025-03-03 14:52:28,461 - RECEIVED: Message from VM 2 with logical time 136 | Added to queue (now size: 1)
2025-03-03 14:52:28,692 - PROCESSED: Message from VM 2 | Remaining queue size: 0 | Updated logical clock: 137
2025-03-03 14:52:28,944 - INTERNAL EVENT: Logical clock: 138
2025-03-03 14:52:29,195 - SENT: Message to VM 0 at logical time 139
2025-03-03 14:52:29,215 - RECEIVED: Message from VM 2 with logical time 139 | Added to queue (now size: 1)
2025-03-03 14:52:29,446 - PROCESSED: Message from VM 2 | Remaining queue size: 0 | Updated logical clock: 140
2025-03-03 14:52:29,697 - SENT: Message to VM 0 at logical time 141
2025-03-03 14:52:29,717 - RECEIVED: Message from VM 2 with logical time 141 | Added to queue (now size: 1)
2025-03-03 14:52:29,948 - PROCESSED: Message from VM 2 | Remaining queue size: 0 | Updated logical clock: 142
2025-03-03 14:52:29,969 - RECEIVED: Message from VM 2 with logical time 142 | Added to queue (now size: 1)
2025-03-03 14:52:30,200 - PROCESSED: Message from VM 2 | Remaining queue size: 0 | Updated logical clock: 143
2025-03-03 14:52:30,221 - RECEIVED: Message from VM 2 with logical time 143 | Added to queue (now size: 1)
2025-03-03 14:52:30,451 - PROCESSED: Message from VM 2 | Remaining queue size: 0 | Updated logical clock: 144
2025-03-03 14:52:30,472 - RECEIVED: Message from VM 2 with logical time 144 | Added to queue (now size: 1)
2025-03-03 14:52:30,702 - PROCESSED: Message from VM 2 | Remaining queue size: 0 | Updated logical clock: 145
2025-03-03 14:52:30,723 - RECEIVED: Message from VM 2 with logical time 145 | Added to queue (now size: 1)
2025-03-03 14:52:30,953 - PROCESSED: Message from VM 2 | Remaining queue size: 0 | Updated logical clock: 146
2025-03-03 14:52:30,974 - RECEIVED: Message from VM 2 with logical time 146 | Added to queue (now size: 1)
2025-03-03 14:52:31,204 - PROCESSED: Message from VM 2 | Remaining queue size: 0 | Updated logical clock: 147
2025-03-03 14:52:31,455 - SENT: Message to VM 0 at logical time 148
2025-03-03 14:52:31,455 - SENT: Message to VM 2 at logical time 148
2025-03-03 14:52:31,707 - INTERNAL EVENT: Logical clock: 149
2025-03-03 14:52:31,957 - INTERNAL EVENT: Logical clock: 150
2025-03-03 14:52:32,208 - INTERNAL EVENT: Logical clock: 151
2025-03-03 14:52:32,459 - SENT: Message to VM 2 at logical time 152
2025-03-03 14:52:32,711 - SENT: Message to VM 0 at logical time 153
2025-03-03 14:52:32,962 - INTERNAL EVENT: Logical clock: 154
2025-03-03 14:52:33,213 - SENT: Message to VM 2 at logical time 155
2025-03-03 14:52:33,464 - SENT: Message to VM 0 at logical time 156
2025-03-03 14:52:33,464 - SENT: Message to VM 2 at logical time 156
2025-03-03 14:52:33,715 - INTERNAL EVENT: Logical clock: 157
2025-03-03 14:52:33,966 - INTERNAL EVENT: Logical clock: 158
2025-03-03 14:52:34,073 - RECEIVED: Message from VM 0 with logical time 158 | Added to queue (now size: 1)
2025-03-03 14:52:34,217 - PROCESSED: Message from VM 0 | Remaining queue size: 0 | Updated logical clock: 159
2025-03-03 14:52:34,468 - SENT: Message to VM 0 at logical time 160
2025-03-03 14:52:34,468 - SENT: Message to VM 2 at logical time 160
2025-03-03 14:52:34,719 - SENT: Message to VM 0 at logical time 161
2025-03-03 14:52:34,719 - SENT: Message to VM 2 at logical time 161
2025-03-03 14:52:34,970 - SENT: Message to VM 0 at logical time 162
2025-03-03 14:52:35,221 - SENT: Message to VM 0 at logical time 163
2025-03-03 14:52:35,472 - INTERNAL EVENT: Logical clock: 164
2025-03-03 14:52:35,723 - INTERNAL EVENT: Logical clock: 165
2025-03-03 14:52:35,744 - RECEIVED: Message from VM 2 with logical time 166 | Added to queue (now size: 1)
2025-03-03 14:52:35,975 - PROCESSED: Message from VM 2 | Remaining queue size: 0 | Updated logical clock: 167
2025-03-03 14:52:36,226 - INTERNAL EVENT: Logical clock: 168
2025-03-03 14:52:36,247 - RECEIVED: Message from VM 2 with logical time 168 | Added to queue (now size: 1)
2025-03-03 14:52:36,476 - PROCESSED: Message from VM 2 | Remaining queue size: 0 | Updated logical clock: 169
2025-03-03 14:52:36,727 - INTERNAL EVENT: Logical clock: 170
2025-03-03 14:52:36,748 - RECEIVED: Message from VM 2 with logical time 170 | Added to queue (now size: 1)
2025-03-03 14:52:36,977 - PROCESSED: Message from VM 2 | Remaining queue size: 0 | Updated logical clock: 171
2025-03-03 14:52:37,000 - RECEIVED: Message from VM 2 with logical time 171 | Added to queue (now size: 1)
2025-03-03 14:52:37,229 - PROCESSED: Message from VM 2 | Remaining queue size: 0 | Updated logical clock: 172
2025-03-03 14:52:37,480 - INTERNAL EVENT: Logical clock: 173
2025-03-03 14:52:37,731 - SENT: Message to VM 0 at logical time 174
2025-03-03 14:52:37,731 - SENT: Message to VM 2 at logical time 174
2025-03-03 14:52:37,982 - SENT: Message to VM 0 at logical time 175
2025-03-03 14:52:37,982 - SENT: Message to VM 2 at logical time 175
2025-03-03 14:52:38,234 - SENT: Message to VM 0 at logical time 176
2025-03-03 14:52:38,234 - SENT: Message to VM 2 at logical time 176
2025-03-03 14:52:38,485 - SENT: Message to VM 0 at logical time 177
2025-03-03 14:52:38,485 - SENT: Message to VM 2 at logical time 177
2025-03-03 14:52:38,736 - SENT: Message to VM 2 at logical time 178
2025-03-03 14:52:38,987 - SENT: Message to VM 0 at logical time 179
2025-03-03 14:52:39,007 - RECEIVED: Message from VM 2 with logical time 180 | Added to queue (now size: 1)
2025-03-03 14:52:39,238 - PROCESSED: Message from VM 2 | Remaining queue size: 0 | Updated logical clock: 181
2025-03-03 14:52:39,259 - RECEIVED: Message from VM 2 with logical time 181 | Added to queue (now size: 1)
2025-03-03 14:52:39,488 - PROCESSED: Message from VM 2 | Remaining queue size: 0 | Updated logical clock: 182
2025-03-03 14:52:39,510 - RECEIVED: Message from VM 2 with logical time 182 | Added to queue (now size: 1)
2025-03-03 14:52:39,739 - PROCESSED: Message from VM 2 | Remaining queue size: 0 | Updated logical clock: 183
2025-03-03 14:52:39,761 - RECEIVED: Message from VM 2 with logical time 183 | Added to queue (now size: 1)
2025-03-03 14:52:39,990 - PROCESSED: Message from VM 2 | Remaining queue size: 0 | Updated logical clock: 184
2025-03-03 14:52:40,012 - RECEIVED: Message from VM 2 with logical time 184 | Added to queue (now size: 1)
2025-03-03 14:52:40,241 - PROCESSED: Message from VM 2 | Remaining queue size: 0 | Updated logical clock: 185
2025-03-03 14:52:40,262 - RECEIVED: Message from VM 2 with logical time 185 | Added to queue (now size: 1)
2025-03-03 14:52:40,492 - PROCESSED: Message from VM 2 | Remaining queue size: 0 | Updated logical clock: 186
2025-03-03 14:52:40,743 - INTERNAL EVENT: Logical clock: 187
2025-03-03 14:52:40,994 - SENT: Message to VM 0 at logical time 188
2025-03-03 14:52:41,245 - SENT: Message to VM 0 at logical time 189
2025-03-03 14:52:41,245 - SENT: Message to VM 2 at logical time 189
2025-03-03 14:52:41,496 - INTERNAL EVENT: Logical clock: 190
2025-03-03 14:52:41,747 - SENT: Message to VM 0 at logical time 191
2025-03-03 14:52:41,999 - INTERNAL EVENT: Logical clock: 192
2025-03-03 14:52:42,250 - SENT: Message to VM 0 at logical time 193
2025-03-03 14:52:42,269 - RECEIVED: Message from VM 2 with logical time 194 | Added to queue (now size: 1)
2025-03-03 14:52:42,501 - PROCESSED: Message from VM 2 | Remaining queue size: 0 | Updated logical clock: 195
2025-03-03 14:52:42,752 - INTERNAL EVENT: Logical clock: 196
2025-03-03 14:52:42,770 - RECEIVED: Message from VM 2 with logical time 196 | Added to queue (now size: 1)
2025-03-03 14:52:43,003 - PROCESSED: Message from VM 2 | Remaining queue size: 0 | Updated logical clock: 197
2025-03-03 14:52:43,255 - SENT: Message to VM 0 at logical time 198
2025-03-03 14:52:43,273 - RECEIVED: Message from VM 2 with logical time 198 | Added to queue (now size: 1)
2025-03-03 14:52:43,506 - PROCESSED: Message from VM 2 | Remaining queue size: 0 | Updated logical clock: 199
2025-03-03 14:52:43,524 - RECEIVED: Message from VM 2 with logical time 199 | Added to queue (now size: 1)
2025-03-03 14:52:43,756 - PROCESSED: Message from VM 2 | Remaining queue size: 0 | Updated logical clock: 200
2025-03-03 14:52:44,008 - INTERNAL EVENT: Logical clock: 201
2025-03-03 14:52:44,259 - SENT: Message to VM 2 at logical time 202
2025-03-03 14:52:44,510 - SENT: Message to VM 0 at logical time 203
2025-03-03 14:52:44,510 - SENT: Message to VM 2 at logical time 203
2025-03-03 14:52:44,761 - INTERNAL EVENT: Logical clock: 204
2025-03-03 14:52:45,012 - SENT: Message to VM 0 at logical time 205
2025-03-03 14:52:45,012 - SENT: Message to VM 2 at logical time 205
2025-03-03 14:52:45,263 - INTERNAL EVENT: Logical clock: 206
2025-03-03 14:52:45,442 - RECEIVED: Message from VM 0 with logical time 207 | Added to queue (now size: 1)
2025-03-03 14:52:45,514 - PROCESSED: Message from VM 0 | Remaining queue size: 0 | Updated logical clock: 208
2025-03-03 14:52:45,765 - INTERNAL EVENT: Logical clock: 209
2025-03-03 14:52:45,781 - RECEIVED: Message from VM 2 with logical time 209 | Added to queue (now size: 1)
2025-03-03 14:52:46,016 - PROCESSED: Message from VM 2 | Remaining queue size: 0 | Updated logical clock: 210
2025-03-03 14:52:46,033 - RECEIVED: Message from VM 2 with logical time 210 | Added to queue (now size: 1)
2025-03-03 14:52:46,111 - RECEIVED: Message from VM 0 with logical time 209 | Added to queue (now size: 2)
2025-03-03 14:52:46,267 - PROCESSED: Message from VM 2 | Remaining queue size: 1 | Updated logical clock: 211
2025-03-03 14:52:46,445 - RECEIVED: Message from VM 0 with logical time 210 | Added to queue (now size: 2)
2025-03-03 14:52:46,518 - PROCESSED: Message from VM 0 | Remaining queue size: 1 | Updated logical clock: 212
2025-03-03 14:52:46,769 - PROCESSED: Message from VM 0 | Remaining queue size: 0 | Updated logical clock: 213
2025-03-03 14:52:47,020 - SENT: Message to VM 0 at logical time 214
2025-03-03 14:52:47,020 - SENT: Message to VM 2 at logical time 214
2025-03-03 14:52:47,271 - INTERNAL EVENT: Logical clock: 215
2025-03-03 14:52:47,452 - RECEIVED: Message from VM 0 with logical time 216 | Added to queue (now size: 1)
2025-03-03 14:52:47,522 - PROCESSED: Message from VM 0 | Remaining queue size: 0 | Updated logical clock: 217
2025-03-03 14:52:47,773 - SENT: Message to VM 0 at logical time 218
2025-03-03 14:52:47,773 - SENT: Message to VM 2 at logical time 218
2025-03-03 14:52:48,024 - SENT: Message to VM 2 at logical time 219
2025-03-03 14:52:48,276 - SENT: Message to VM 0 at logical time 220
2025-03-03 14:52:48,276 - SENT: Message to VM 2 at logical time 220
2025-03-03 14:52:48,526 - SENT: Message to VM 0 at logical time 221
2025-03-03 14:52:48,527 - SENT: Message to VM 2 at logical time 221
2025-03-03 14:52:48,778 - SENT: Message to VM 0 at logical time 222
2025-03-03 14:52:48,778 - SENT: Message to VM 2 at logical time 222
2025-03-03 14:52:49,029 - SENT: Message to VM 2 at logical time 223
2025-03-03 14:52:49,280 - SENT: Message to VM 0 at logical time 224
2025-03-03 14:52:49,280 - SENT: Message to VM 2 at logical time 224
2025-03-03 14:52:49,532 - SENT: Message to VM 0 at logical time 225
2025-03-03 14:52:49,532 - SENT: Message to VM 2 at logical time 225
2025-03-03 14:52:49,783 - SENT: Message to VM 0 at logical time 226
2025-03-03 14:52:49,783 - SENT: Message to VM 2 at logical time 226
2025-03-03 14:52:50,034 - INTERNAL EVENT: Logical clock: 227
2025-03-03 14:52:50,049 - RECEIVED: Message from VM 2 with logical time 228 | Added to queue (now size: 1)
2025-03-03 14:52:50,285 - PROCESSED: Message from VM 2 | Remaining queue size: 0 | Updated logical clock: 229
2025-03-03 14:52:50,537 - SENT: Message to VM 0 at logical time 230
2025-03-03 14:52:50,788 - SENT: Message to VM 0 at logical time 231
2025-03-03 14:52:50,788 - SENT: Message to VM 2 at logical time 231
2025-03-03 14:52:51,039 - SENT: Message to VM 0 at logical time 232
2025-03-03 14:52:51,052 - RECEIVED: Message from VM 2 with logical time 233 | Added to queue (now size: 1)
2025-03-03 14:52:51,290 - PROCESSED: Message from VM 2 | Remaining queue size: 0 | Updated logical clock: 234
2025-03-03 14:52:51,303 - RECEIVED: Message from VM 2 with logical time 234 | Added to queue (now size: 1)
2025-03-03 14:52:51,541 - PROCESSED: Message from VM 2 | Remaining queue size: 0 | Updated logical clock: 235
2025-03-03 14:52:51,792 - INTERNAL EVENT: Logical clock: 236
2025-03-03 14:52:51,805 - RECEIVED: Message from VM 2 with logical time 236 | Added to queue (now size: 1)
2025-03-03 14:52:52,044 - PROCESSED: Message from VM 2 | Remaining queue size: 0 | Updated logical clock: 237
2025-03-03 14:52:52,295 - INTERNAL EVENT: Logical clock: 238
2025-03-03 14:52:52,308 - RECEIVED: Message from VM 2 with logical time 238 | Added to queue (now size: 1)
2025-03-03 14:52:52,546 - PROCESSED: Message from VM 2 | Remaining queue size: 0 | Updated logical clock: 239
2025-03-03 14:52:52,797 - SENT: Message to VM 0 at logical time 240
2025-03-03 14:52:52,809 - RECEIVED: Message from VM 2 with logical time 240 | Added to queue (now size: 1)
2025-03-03 14:52:53,049 - PROCESSED: Message from VM 2 | Remaining queue size: 0 | Updated logical clock: 241
2025-03-03 14:52:53,300 - SENT: Message to VM 0 at logical time 242
2025-03-03 14:52:53,300 - SENT: Message to VM 2 at logical time 242
2025-03-03 14:52:53,551 - SENT: Message to VM 0 at logical time 243
2025-03-03 14:52:53,562 - RECEIVED: Message from VM 2 with logical time 244 | Added to queue (now size: 1)
2025-03-03 14:52:53,803 - PROCESSED: Message from VM 2 | Remaining queue size: 0 | Updated logical clock: 245
2025-03-03 14:52:54,054 - SENT: Message to VM 0 at logical time 246
2025-03-03 14:52:54,054 - SENT: Message to VM 2 at logical time 246
2025-03-03 14:52:54,305 - INTERNAL EVENT: Logical clock: 247
2025-03-03 14:52:54,315 - RECEIVED: Message from VM 2 with logical time 248 | Added to queue (now size: 1)
2025-03-03 14:52:54,556 - PROCESSED: Message from VM 2 | Remaining queue size: 0 | Updated logical clock: 249
2025-03-03 14:52:54,807 - SENT: Message to VM 0 at logical time 250
2025-03-03 14:52:54,807 - SENT: Message to VM 2 at logical time 250
2025-03-03 14:52:55,057 - INTERNAL EVENT: Logical clock: 251
2025-03-03 14:52:55,308 - SENT: Message to VM 0 at logical time 252
2025-03-03 14:52:55,308 - SENT: Message to VM 2 at logical time 252
2025-03-03 14:52:55,560 - SENT: Message to VM 0 at logical time 253
2025-03-03 14:52:55,560 - SENT: Message to VM 2 at logical time 253
2025-03-03 14:52:55,810 - SENT: Message to VM 0 at logical time 254
2025-03-03 14:52:55,821 - RECEIVED: Message from VM 2 with logical time 255 | Added to queue (now size: 1)
2025-03-03 14:52:56,061 - PROCESSED: Message from VM 2 | Remaining queue size: 0 | Updated logical clock: 256
