2025-03-03 14:52:58,327 - Initialized VM 2 with clock rate 3 ticks/second
2025-03-03 14:52:58,328 - Server started on 127.0.0.1:5002
2025-03-03 14:52:59,330 - Connected to VM 0
2025-03-03 14:52:59,331 - Connected to VM 1
2025-03-03 14:52:59,666 - SENT: Message to VM 1 at logical time 1
2025-03-03 14:52:59,666 - RECEIVED: Message from VM 0 with logical time 1 | Added to queue (now size: 1)
2025-03-03 14:53:00,001 - PROCESSED: Message from VM 0 | Remaining queue size: 0 | Updated logical clock: 2
2025-03-03 14:53:00,086 - RECEIVED: Message from VM 1 with logical time 3 | Added to queue (now size: 1)
2025-03-03 14:53:00,335 - PROCESSED: Message from VM 1 | Remaining queue size: 0 | Updated logical clock: 4
2025-03-03 14:53:00,336 - RECEIVED: Message from VM 1 with logical time 4 | Added to queue (now size: 1)
2025-03-03 14:53:00,691 - PROCESSED: Message from VM 1 | Remaining queue size: 0 | Updated logical clock: 5
2025-03-03 14:53:00,837 - RECEIVED: Message from VM 1 with logical time 6 | Added to queue (now size: 1)
2025-03-03 14:53:01,025 - RECEIVED: Message from VM 0 with logical time 6 | Added to queue (now size: 2)
2025-03-03 14:53:01,026 - PROCESSED: Message from VM 1 | Remaining queue size: 1 | Updated logical clock: 7
2025-03-03 14:53:01,340 - RECEIVED: Message from VM 1 with logical time 8 | Added to queue (now size: 2)
2025-03-03 14:53:01,360 - PROCESSED: Message from VM 0 | Remaining queue size: 1 | Updated logical clock: 8
2025-03-03 14:53:01,694 - PROCESSED: Message from VM 1 | Remaining queue size: 0 | Updated logical clock: 9
2025-03-03 14:53:02,028 - SENT: Message to VM 0 at logical time 10
2025-03-03 14:53:02,028 - SENT: Message to VM 1 at logical time 10
2025-03-03 14:53:02,345 - RECEIVED: Message from VM 1 with logical time 12 | Added to queue (now size: 1)
2025-03-03 14:53:02,362 - PROCESSED: Message from VM 1 | Remaining queue size: 0 | Updated logical clock: 13
2025-03-03 14:53:02,596 - RECEIVED: Message from VM 1 with logical time 13 | Added to queue (now size: 1)
2025-03-03 14:53:02,697 - PROCESSED: Message from VM 1 | Remaining queue size: 0 | Updated logical clock: 14
2025-03-03 14:53:02,847 - RECEIVED: Message from VM 1 with logical time 14 | Added to queue (now size: 1)
2025-03-03 14:53:03,031 - PROCESSED: Message from VM 1 | Remaining queue size: 0 | Updated logical clock: 15
2025-03-03 14:53:03,350 - RECEIVED: Message from VM 1 with logical time 16 | Added to queue (now size: 1)
2025-03-03 14:53:03,366 - PROCESSED: Message from VM 1 | Remaining queue size: 0 | Updated logical clock: 17
2025-03-03 14:53:03,700 - INTERNAL EVENT: Logical clock: 18
2025-03-03 14:53:03,852 - RECEIVED: Message from VM 1 with logical time 18 | Added to queue (now size: 1)
2025-03-03 14:53:04,035 - PROCESSED: Message from VM 1 | Remaining queue size: 0 | Updated logical clock: 19
2025-03-03 14:53:04,103 - RECEIVED: Message from VM 1 with logical time 19 | Added to queue (now size: 1)
2025-03-03 14:53:04,369 - PROCESSED: Message from VM 1 | Remaining queue size: 0 | Updated logical clock: 20
2025-03-03 14:53:04,606 - RECEIVED: Message from VM 1 with logical time 21 | Added to queue (now size: 1)
2025-03-03 14:53:04,704 - PROCESSED: Message from VM 1 | Remaining queue size: 0 | Updated logical clock: 22
2025-03-03 14:53:04,704 - RECEIVED: Message from VM 0 with logical time 20 | Added to queue (now size: 1)
2025-03-03 14:53:05,038 - PROCESSED: Message from VM 0 | Remaining queue size: 0 | Updated logical clock: 23
2025-03-03 14:53:05,039 - RECEIVED: Message from VM 0 with logical time 21 | Added to queue (now size: 1)
2025-03-03 14:53:05,360 - RECEIVED: Message from VM 1 with logical time 24 | Added to queue (now size: 2)
2025-03-03 14:53:05,373 - PROCESSED: Message from VM 0 | Remaining queue size: 1 | Updated logical clock: 24
2025-03-03 14:53:05,610 - RECEIVED: Message from VM 1 with logical time 25 | Added to queue (now size: 2)
2025-03-03 14:53:05,708 - PROCESSED: Message from VM 1 | Remaining queue size: 1 | Updated logical clock: 25
2025-03-03 14:53:06,042 - PROCESSED: Message from VM 1 | Remaining queue size: 0 | Updated logical clock: 26
2025-03-03 14:53:06,113 - RECEIVED: Message from VM 1 with logical time 27 | Added to queue (now size: 1)
2025-03-03 14:53:06,364 - RECEIVED: Message from VM 1 with logical time 28 | Added to queue (now size: 2)
2025-03-03 14:53:06,376 - PROCESSED: Message from VM 1 | Remaining queue size: 1 | Updated logical clock: 28
2025-03-03 14:53:06,615 - RECEIVED: Message from VM 1 with logical time 29 | Added to queue (now size: 2)
2025-03-03 14:53:06,710 - PROCESSED: Message from VM 1 | Remaining queue size: 1 | Updated logical clock: 29
2025-03-03 14:53:06,865 - RECEIVED: Message from VM 1 with logical time 30 | Added to queue (now size: 2)
2025-03-03 14:53:07,044 - PROCESSED: Message from VM 1 | Remaining queue size: 1 | Updated logical clock: 30
2025-03-03 14:53:07,045 - RECEIVED: Message from VM 0 with logical time 31 | Added to queue (now size: 2)
2025-03-03 14:53:07,379 - PROCESSED: Message from VM 1 | Remaining queue size: 1 | Updated logical clock: 31
2025-03-03 14:53:07,619 - RECEIVED: Message from VM 1 with logical time 34 | Added to queue (now size: 2)
2025-03-03 14:53:07,714 - PROCESSED: Message from VM 0 | Remaining queue size: 1 | Updated logical clock: 32
2025-03-03 14:53:07,870 - RECEIVED: Message from VM 1 with logical time 35 | Added to queue (now size: 2)
2025-03-03 14:53:08,048 - PROCESSED: Message from VM 1 | Remaining queue size: 1 | Updated logical clock: 35
2025-03-03 14:53:08,373 - RECEIVED: Message from VM 1 with logical time 37 | Added to queue (now size: 2)
2025-03-03 14:53:08,383 - PROCESSED: Message from VM 1 | Remaining queue size: 1 | Updated logical clock: 36
2025-03-03 14:53:08,717 - PROCESSED: Message from VM 1 | Remaining queue size: 0 | Updated logical clock: 38
2025-03-03 14:53:08,717 - RECEIVED: Message from VM 0 with logical time 38 | Added to queue (now size: 1)
2025-03-03 14:53:09,052 - PROCESSED: Message from VM 0 | Remaining queue size: 0 | Updated logical clock: 39
2025-03-03 14:53:09,377 - RECEIVED: Message from VM 1 with logical time 41 | Added to queue (now size: 1)
2025-03-03 14:53:09,386 - PROCESSED: Message from VM 1 | Remaining queue size: 0 | Updated logical clock: 42
2025-03-03 14:53:09,386 - RECEIVED: Message from VM 0 with logical time 40 | Added to queue (now size: 1)
2025-03-03 14:53:09,721 - PROCESSED: Message from VM 0 | Remaining queue size: 0 | Updated logical clock: 43
2025-03-03 14:53:10,055 - SENT: Message to VM 0 at logical time 44
2025-03-03 14:53:10,055 - SENT: Message to VM 1 at logical time 44
2025-03-03 14:53:10,055 - RECEIVED: Message from VM 0 with logical time 42 | Added to queue (now size: 1)
2025-03-03 14:53:10,389 - PROCESSED: Message from VM 0 | Remaining queue size: 0 | Updated logical clock: 45
2025-03-03 14:53:10,724 - SENT: Message to VM 0 at logical time 46
2025-03-03 14:53:11,058 - SENT: Message to VM 0 at logical time 47
2025-03-03 14:53:11,392 - SENT: Message to VM 0 at logical time 48
2025-03-03 14:53:11,726 - SENT: Message to VM 0 at logical time 49
2025-03-03 14:53:11,888 - RECEIVED: Message from VM 1 with logical time 51 | Added to queue (now size: 1)
2025-03-03 14:53:12,061 - PROCESSED: Message from VM 1 | Remaining queue size: 0 | Updated logical clock: 52
2025-03-03 14:53:12,139 - RECEIVED: Message from VM 1 with logical time 52 | Added to queue (now size: 1)
2025-03-03 14:53:12,395 - PROCESSED: Message from VM 1 | Remaining queue size: 0 | Updated logical clock: 53
2025-03-03 14:53:12,642 - RECEIVED: Message from VM 1 with logical time 54 | Added to queue (now size: 1)
2025-03-03 14:53:12,729 - PROCESSED: Message from VM 1 | Remaining queue size: 0 | Updated logical clock: 55
2025-03-03 14:53:13,064 - SENT: Message to VM 0 at logical time 56
2025-03-03 14:53:13,396 - RECEIVED: Message from VM 1 with logical time 57 | Added to queue (now size: 1)
2025-03-03 14:53:13,397 - PROCESSED: Message from VM 1 | Remaining queue size: 0 | Updated logical clock: 58
2025-03-03 14:53:13,732 - SENT: Message to VM 0 at logical time 59
2025-03-03 14:53:13,732 - SENT: Message to VM 1 at logical time 59
2025-03-03 14:53:14,065 - SENT: Message to VM 0 at logical time 60
2025-03-03 14:53:14,065 - SENT: Message to VM 1 at logical time 60
2025-03-03 14:53:14,400 - SENT: Message to VM 0 at logical time 61
2025-03-03 14:53:14,400 - RECEIVED: Message from VM 1 with logical time 62 | Added to queue (now size: 1)
2025-03-03 14:53:14,651 - RECEIVED: Message from VM 1 with logical time 63 | Added to queue (now size: 2)
2025-03-03 14:53:14,734 - PROCESSED: Message from VM 1 | Remaining queue size: 1 | Updated logical clock: 63
2025-03-03 14:53:14,902 - RECEIVED: Message from VM 1 with logical time 64 | Added to queue (now size: 2)
2025-03-03 14:53:15,068 - PROCESSED: Message from VM 1 | Remaining queue size: 1 | Updated logical clock: 64
2025-03-03 14:53:15,153 - RECEIVED: Message from VM 1 with logical time 65 | Added to queue (now size: 2)
2025-03-03 14:53:15,403 - PROCESSED: Message from VM 1 | Remaining queue size: 1 | Updated logical clock: 65
2025-03-03 14:53:15,404 - RECEIVED: Message from VM 1 with logical time 66 | Added to queue (now size: 2)
2025-03-03 14:53:15,655 - RECEIVED: Message from VM 1 with logical time 67 | Added to queue (now size: 3)
2025-03-03 14:53:15,737 - PROCESSED: Message from VM 1 | Remaining queue size: 2 | Updated logical clock: 66
2025-03-03 14:53:16,071 - PROCESSED: Message from VM 1 | Remaining queue size: 1 | Updated logical clock: 67
2025-03-03 14:53:16,158 - RECEIVED: Message from VM 1 with logical time 69 | Added to queue (now size: 2)
2025-03-03 14:53:16,405 - PROCESSED: Message from VM 1 | Remaining queue size: 1 | Updated logical clock: 68
2025-03-03 14:53:16,408 - RECEIVED: Message from VM 1 with logical time 70 | Added to queue (now size: 2)
2025-03-03 14:53:16,659 - RECEIVED: Message from VM 1 with logical time 71 | Added to queue (now size: 3)
2025-03-03 14:53:16,739 - PROCESSED: Message from VM 1 | Remaining queue size: 2 | Updated logical clock: 70
2025-03-03 14:53:16,911 - RECEIVED: Message from VM 1 with logical time 72 | Added to queue (now size: 3)
2025-03-03 14:53:17,082 - PROCESSED: Message from VM 1 | Remaining queue size: 2 | Updated logical clock: 71
2025-03-03 14:53:17,416 - PROCESSED: Message from VM 1 | Remaining queue size: 1 | Updated logical clock: 72
2025-03-03 14:53:17,664 - RECEIVED: Message from VM 1 with logical time 75 | Added to queue (now size: 2)
2025-03-03 14:53:17,750 - PROCESSED: Message from VM 1 | Remaining queue size: 1 | Updated logical clock: 73
2025-03-03 14:53:18,085 - PROCESSED: Message from VM 1 | Remaining queue size: 0 | Updated logical clock: 76
2025-03-03 14:53:18,419 - SENT: Message to VM 1 at logical time 77
2025-03-03 14:53:18,754 - SENT: Message to VM 1 at logical time 78
2025-03-03 14:53:19,088 - SENT: Message to VM 0 at logical time 79
2025-03-03 14:53:19,088 - RECEIVED: Message from VM 0 with logical time 80 | Added to queue (now size: 1)
2025-03-03 14:53:19,171 - RECEIVED: Message from VM 1 with logical time 81 | Added to queue (now size: 2)
2025-03-03 14:53:19,422 - PROCESSED: Message from VM 0 | Remaining queue size: 1 | Updated logical clock: 81
2025-03-03 14:53:19,756 - PROCESSED: Message from VM 1 | Remaining queue size: 0 | Updated logical clock: 82
2025-03-03 14:53:19,925 - RECEIVED: Message from VM 1 with logical time 84 | Added to queue (now size: 1)
2025-03-03 14:53:20,091 - PROCESSED: Message from VM 1 | Remaining queue size: 0 | Updated logical clock: 85
2025-03-03 14:53:20,426 - SENT: Message to VM 0 at logical time 86
2025-03-03 14:53:20,426 - SENT: Message to VM 1 at logical time 86
2025-03-03 14:53:20,760 - SENT: Message to VM 0 at logical time 87
2025-03-03 14:53:20,760 - SENT: Message to VM 1 at logical time 87
2025-03-03 14:53:21,095 - SENT: Message to VM 0 at logical time 88
2025-03-03 14:53:21,179 - RECEIVED: Message from VM 1 with logical time 90 | Added to queue (now size: 1)
2025-03-03 14:53:21,429 - PROCESSED: Message from VM 1 | Remaining queue size: 0 | Updated logical clock: 91
2025-03-03 14:53:21,430 - RECEIVED: Message from VM 1 with logical time 91 | Added to queue (now size: 1)
2025-03-03 14:53:21,764 - PROCESSED: Message from VM 1 | Remaining queue size: 0 | Updated logical clock: 92
2025-03-03 14:53:22,098 - SENT: Message to VM 0 at logical time 93
2025-03-03 14:53:22,098 - SENT: Message to VM 1 at logical time 93
2025-03-03 14:53:22,433 - SENT: Message to VM 0 at logical time 94
2025-03-03 14:53:22,433 - SENT: Message to VM 1 at logical time 94
2025-03-03 14:53:22,767 - INTERNAL EVENT: Logical clock: 95
2025-03-03 14:53:22,936 - RECEIVED: Message from VM 1 with logical time 97 | Added to queue (now size: 1)
2025-03-03 14:53:23,102 - PROCESSED: Message from VM 1 | Remaining queue size: 0 | Updated logical clock: 98
2025-03-03 14:53:23,186 - RECEIVED: Message from VM 1 with logical time 98 | Added to queue (now size: 1)
2025-03-03 14:53:23,437 - PROCESSED: Message from VM 1 | Remaining queue size: 0 | Updated logical clock: 99
2025-03-03 14:53:23,688 - RECEIVED: Message from VM 1 with logical time 100 | Added to queue (now size: 1)
2025-03-03 14:53:23,771 - PROCESSED: Message from VM 1 | Remaining queue size: 0 | Updated logical clock: 101
2025-03-03 14:53:23,940 - RECEIVED: Message from VM 1 with logical time 101 | Added to queue (now size: 1)
2025-03-03 14:53:24,106 - PROCESSED: Message from VM 1 | Remaining queue size: 0 | Updated logical clock: 102
2025-03-03 14:53:24,440 - SENT: Message to VM 1 at logical time 103
2025-03-03 14:53:24,774 - INTERNAL EVENT: Logical clock: 104
2025-03-03 14:53:24,943 - RECEIVED: Message from VM 1 with logical time 106 | Added to queue (now size: 1)
2025-03-03 14:53:25,108 - PROCESSED: Message from VM 1 | Remaining queue size: 0 | Updated logical clock: 107
2025-03-03 14:53:25,195 - RECEIVED: Message from VM 1 with logical time 107 | Added to queue (now size: 1)
2025-03-03 14:53:25,442 - PROCESSED: Message from VM 1 | Remaining queue size: 0 | Updated logical clock: 108
2025-03-03 14:53:25,445 - RECEIVED: Message from VM 1 with logical time 108 | Added to queue (now size: 1)
2025-03-03 14:53:25,697 - RECEIVED: Message from VM 1 with logical time 109 | Added to queue (now size: 2)
2025-03-03 14:53:25,777 - PROCESSED: Message from VM 1 | Remaining queue size: 1 | Updated logical clock: 109
2025-03-03 14:53:25,948 - RECEIVED: Message from VM 1 with logical time 110 | Added to queue (now size: 2)
2025-03-03 14:53:26,111 - PROCESSED: Message from VM 1 | Remaining queue size: 1 | Updated logical clock: 110
2025-03-03 14:53:26,446 - PROCESSED: Message from VM 1 | Remaining queue size: 0 | Updated logical clock: 111
2025-03-03 14:53:26,779 - SENT: Message to VM 0 at logical time 112
2025-03-03 14:53:26,779 - SENT: Message to VM 1 at logical time 112
2025-03-03 14:53:27,114 - SENT: Message to VM 1 at logical time 113
2025-03-03 14:53:27,449 - INTERNAL EVENT: Logical clock: 114
2025-03-03 14:53:27,783 - SENT: Message to VM 0 at logical time 115
2025-03-03 14:53:27,783 - SENT: Message to VM 1 at logical time 115
2025-03-03 14:53:28,118 - SENT: Message to VM 0 at logical time 116
2025-03-03 14:53:28,452 - SENT: Message to VM 1 at logical time 117
2025-03-03 14:53:28,709 - RECEIVED: Message from VM 1 with logical time 121 | Added to queue (now size: 1)
2025-03-03 14:53:28,787 - PROCESSED: Message from VM 1 | Remaining queue size: 0 | Updated logical clock: 122
2025-03-03 14:53:28,961 - RECEIVED: Message from VM 1 with logical time 122 | Added to queue (now size: 1)
2025-03-03 14:53:29,121 - PROCESSED: Message from VM 1 | Remaining queue size: 0 | Updated logical clock: 123
2025-03-03 14:53:29,456 - SENT: Message to VM 1 at logical time 124
2025-03-03 14:53:29,790 - SENT: Message to VM 0 at logical time 125
2025-03-03 14:53:29,790 - RECEIVED: Message from VM 0 with logical time 125 | Added to queue (now size: 1)
2025-03-03 14:53:30,124 - PROCESSED: Message from VM 0 | Remaining queue size: 0 | Updated logical clock: 126
2025-03-03 14:53:30,216 - RECEIVED: Message from VM 1 with logical time 128 | Added to queue (now size: 1)
2025-03-03 14:53:30,458 - PROCESSED: Message from VM 1 | Remaining queue size: 0 | Updated logical clock: 129
2025-03-03 14:53:30,792 - SENT: Message to VM 0 at logical time 130
2025-03-03 14:53:30,792 - RECEIVED: Message from VM 0 with logical time 130 | Added to queue (now size: 1)
2025-03-03 14:53:31,127 - PROCESSED: Message from VM 0 | Remaining queue size: 0 | Updated logical clock: 131
2025-03-03 14:53:31,461 - SENT: Message to VM 1 at logical time 132
2025-03-03 14:53:31,796 - SENT: Message to VM 0 at logical time 133
2025-03-03 14:53:31,796 - RECEIVED: Message from VM 0 with logical time 133 | Added to queue (now size: 1)
2025-03-03 14:53:32,130 - PROCESSED: Message from VM 0 | Remaining queue size: 0 | Updated logical clock: 134
2025-03-03 14:53:32,464 - INTERNAL EVENT: Logical clock: 135
2025-03-03 14:53:32,477 - RECEIVED: Message from VM 1 with logical time 137 | Added to queue (now size: 1)
2025-03-03 14:53:32,799 - PROCESSED: Message from VM 1 | Remaining queue size: 0 | Updated logical clock: 138
2025-03-03 14:53:33,133 - SENT: Message to VM 0 at logical time 139
2025-03-03 14:53:33,133 - SENT: Message to VM 1 at logical time 139
2025-03-03 14:53:33,468 - INTERNAL EVENT: Logical clock: 140
2025-03-03 14:53:33,732 - RECEIVED: Message from VM 1 with logical time 142 | Added to queue (now size: 1)
2025-03-03 14:53:33,802 - PROCESSED: Message from VM 1 | Remaining queue size: 0 | Updated logical clock: 143
2025-03-03 14:53:34,137 - SENT: Message to VM 0 at logical time 144
2025-03-03 14:53:34,137 - SENT: Message to VM 1 at logical time 144
2025-03-03 14:53:34,472 - INTERNAL EVENT: Logical clock: 145
2025-03-03 14:53:34,806 - SENT: Message to VM 0 at logical time 146
2025-03-03 14:53:34,806 - SENT: Message to VM 1 at logical time 146
2025-03-03 14:53:35,140 - SENT: Message to VM 1 at logical time 147
2025-03-03 14:53:35,474 - SENT: Message to VM 1 at logical time 148
2025-03-03 14:53:35,742 - RECEIVED: Message from VM 1 with logical time 151 | Added to queue (now size: 1)
2025-03-03 14:53:35,809 - PROCESSED: Message from VM 1 | Remaining queue size: 0 | Updated logical clock: 152
2025-03-03 14:53:36,143 - SENT: Message to VM 0 at logical time 153
2025-03-03 14:53:36,244 - RECEIVED: Message from VM 1 with logical time 153 | Added to queue (now size: 1)
2025-03-03 14:53:36,477 - PROCESSED: Message from VM 1 | Remaining queue size: 0 | Updated logical clock: 154
2025-03-03 14:53:36,495 - RECEIVED: Message from VM 1 with logical time 154 | Added to queue (now size: 1)
2025-03-03 14:53:36,746 - RECEIVED: Message from VM 1 with logical time 155 | Added to queue (now size: 2)
2025-03-03 14:53:36,812 - PROCESSED: Message from VM 1 | Remaining queue size: 1 | Updated logical clock: 155
2025-03-03 14:53:36,997 - RECEIVED: Message from VM 1 with logical time 156 | Added to queue (now size: 2)
2025-03-03 14:53:37,146 - PROCESSED: Message from VM 1 | Remaining queue size: 1 | Updated logical clock: 156
2025-03-03 14:53:37,249 - RECEIVED: Message from VM 1 with logical time 157 | Added to queue (now size: 2)
2025-03-03 14:53:37,481 - PROCESSED: Message from VM 1 | Remaining queue size: 1 | Updated logical clock: 157
2025-03-03 14:53:37,500 - RECEIVED: Message from VM 1 with logical time 158 | Added to queue (now size: 2)
2025-03-03 14:53:37,751 - RECEIVED: Message from VM 1 with logical time 159 | Added to queue (now size: 3)
2025-03-03 14:53:37,815 - PROCESSED: Message from VM 1 | Remaining queue size: 2 | Updated logical clock: 158
2025-03-03 14:53:38,002 - RECEIVED: Message from VM 1 with logical time 160 | Added to queue (now size: 3)
2025-03-03 14:53:38,150 - PROCESSED: Message from VM 1 | Remaining queue size: 2 | Updated logical clock: 159
2025-03-03 14:53:38,150 - RECEIVED: Message from VM 0 with logical time 160 | Added to queue (now size: 3)
2025-03-03 14:53:38,486 - PROCESSED: Message from VM 1 | Remaining queue size: 2 | Updated logical clock: 160
2025-03-03 14:53:38,486 - RECEIVED: Message from VM 0 with logical time 161 | Added to queue (now size: 3)
2025-03-03 14:53:38,756 - RECEIVED: Message from VM 1 with logical time 163 | Added to queue (now size: 4)
2025-03-03 14:53:38,820 - PROCESSED: Message from VM 1 | Remaining queue size: 3 | Updated logical clock: 161
2025-03-03 14:53:39,155 - PROCESSED: Message from VM 0 | Remaining queue size: 2 | Updated logical clock: 162
2025-03-03 14:53:39,489 - PROCESSED: Message from VM 0 | Remaining queue size: 1 | Updated logical clock: 163
2025-03-03 14:53:39,824 - PROCESSED: Message from VM 1 | Remaining queue size: 0 | Updated logical clock: 164
2025-03-03 14:53:40,010 - RECEIVED: Message from VM 1 with logical time 169 | Added to queue (now size: 1)
2025-03-03 14:53:40,158 - PROCESSED: Message from VM 1 | Remaining queue size: 0 | Updated logical clock: 170
2025-03-03 14:53:40,260 - RECEIVED: Message from VM 1 with logical time 170 | Added to queue (now size: 1)
2025-03-03 14:53:40,492 - PROCESSED: Message from VM 1 | Remaining queue size: 0 | Updated logical clock: 171
2025-03-03 14:53:40,763 - RECEIVED: Message from VM 1 with logical time 172 | Added to queue (now size: 1)
2025-03-03 14:53:40,827 - PROCESSED: Message from VM 1 | Remaining queue size: 0 | Updated logical clock: 173
2025-03-03 14:53:41,161 - INTERNAL EVENT: Logical clock: 174
2025-03-03 14:53:41,496 - SENT: Message to VM 0 at logical time 175
2025-03-03 14:53:41,496 - SENT: Message to VM 1 at logical time 175
2025-03-03 14:53:41,496 - RECEIVED: Message from VM 0 with logical time 174 | Added to queue (now size: 1)
2025-03-03 14:53:41,830 - PROCESSED: Message from VM 0 | Remaining queue size: 0 | Updated logical clock: 176
2025-03-03 14:53:42,019 - RECEIVED: Message from VM 1 with logical time 177 | Added to queue (now size: 1)
2025-03-03 14:53:42,165 - PROCESSED: Message from VM 1 | Remaining queue size: 0 | Updated logical clock: 178
2025-03-03 14:53:42,270 - RECEIVED: Message from VM 1 with logical time 178 | Added to queue (now size: 1)
2025-03-03 14:53:42,500 - PROCESSED: Message from VM 1 | Remaining queue size: 0 | Updated logical clock: 179
2025-03-03 14:53:42,834 - SENT: Message to VM 0 at logical time 180
2025-03-03 14:53:43,024 - RECEIVED: Message from VM 1 with logical time 181 | Added to queue (now size: 1)
2025-03-03 14:53:43,169 - PROCESSED: Message from VM 1 | Remaining queue size: 0 | Updated logical clock: 182
2025-03-03 14:53:43,275 - RECEIVED: Message from VM 1 with logical time 182 | Added to queue (now size: 1)
2025-03-03 14:53:43,503 - PROCESSED: Message from VM 1 | Remaining queue size: 0 | Updated logical clock: 183
2025-03-03 14:53:43,838 - INTERNAL EVENT: Logical clock: 184
2025-03-03 14:53:44,172 - INTERNAL EVENT: Logical clock: 185
2025-03-03 14:53:44,507 - SENT: Message to VM 0 at logical time 186
2025-03-03 14:53:44,507 - SENT: Message to VM 1 at logical time 186
2025-03-03 14:53:44,507 - RECEIVED: Message from VM 0 with logical time 187 | Added to queue (now size: 1)
2025-03-03 14:53:44,781 - RECEIVED: Message from VM 1 with logical time 188 | Added to queue (now size: 2)
2025-03-03 14:53:44,841 - PROCESSED: Message from VM 0 | Remaining queue size: 1 | Updated logical clock: 188
2025-03-03 14:53:45,176 - PROCESSED: Message from VM 1 | Remaining queue size: 0 | Updated logical clock: 189
2025-03-03 14:53:45,284 - RECEIVED: Message from VM 1 with logical time 190 | Added to queue (now size: 1)
2025-03-03 14:53:45,510 - PROCESSED: Message from VM 1 | Remaining queue size: 0 | Updated logical clock: 191
2025-03-03 14:53:45,535 - RECEIVED: Message from VM 1 with logical time 191 | Added to queue (now size: 1)
2025-03-03 14:53:45,786 - RECEIVED: Message from VM 1 with logical time 192 | Added to queue (now size: 2)
2025-03-03 14:53:45,845 - PROCESSED: Message from VM 1 | Remaining queue size: 1 | Updated logical clock: 192
2025-03-03 14:53:46,038 - RECEIVED: Message from VM 1 with logical time 193 | Added to queue (now size: 2)
2025-03-03 14:53:46,179 - PROCESSED: Message from VM 1 | Remaining queue size: 1 | Updated logical clock: 193
2025-03-03 14:53:46,514 - PROCESSED: Message from VM 1 | Remaining queue size: 0 | Updated logical clock: 194
2025-03-03 14:53:46,791 - RECEIVED: Message from VM 1 with logical time 196 | Added to queue (now size: 1)
2025-03-03 14:53:46,849 - PROCESSED: Message from VM 1 | Remaining queue size: 0 | Updated logical clock: 197
2025-03-03 14:53:46,849 - RECEIVED: Message from VM 0 with logical time 195 | Added to queue (now size: 1)
2025-03-03 14:53:47,183 - PROCESSED: Message from VM 0 | Remaining queue size: 0 | Updated logical clock: 198
2025-03-03 14:53:47,183 - RECEIVED: Message from VM 0 with logical time 196 | Added to queue (now size: 1)
2025-03-03 14:53:47,518 - PROCESSED: Message from VM 0 | Remaining queue size: 0 | Updated logical clock: 199
2025-03-03 14:53:47,519 - RECEIVED: Message from VM 0 with logical time 197 | Added to queue (now size: 1)
2025-03-03 14:53:47,853 - PROCESSED: Message from VM 0 | Remaining queue size: 0 | Updated logical clock: 200
2025-03-03 14:53:48,189 - SENT: Message to VM 0 at logical time 201
2025-03-03 14:53:48,524 - SENT: Message to VM 1 at logical time 202
2025-03-03 14:53:48,858 - SENT: Message to VM 1 at logical time 203
2025-03-03 14:53:49,192 - SENT: Message to VM 0 at logical time 204
2025-03-03 14:53:49,192 - SENT: Message to VM 1 at logical time 204
2025-03-03 14:53:49,527 - SENT: Message to VM 1 at logical time 205
2025-03-03 14:53:49,861 - SENT: Message to VM 1 at logical time 206
2025-03-03 14:53:49,862 - RECEIVED: Message from VM 0 with logical time 207 | Added to queue (now size: 1)
2025-03-03 14:53:50,196 - PROCESSED: Message from VM 0 | Remaining queue size: 0 | Updated logical clock: 208
2025-03-03 14:53:50,196 - RECEIVED: Message from VM 0 with logical time 208 | Added to queue (now size: 1)
2025-03-03 14:53:50,531 - PROCESSED: Message from VM 0 | Remaining queue size: 0 | Updated logical clock: 209
2025-03-03 14:53:50,865 - SENT: Message to VM 1 at logical time 210
2025-03-03 14:53:51,200 - SENT: Message to VM 0 at logical time 211
2025-03-03 14:53:51,200 - RECEIVED: Message from VM 0 with logical time 211 | Added to queue (now size: 1)
2025-03-03 14:53:51,535 - PROCESSED: Message from VM 0 | Remaining queue size: 0 | Updated logical clock: 212
2025-03-03 14:53:51,814 - RECEIVED: Message from VM 1 with logical time 216 | Added to queue (now size: 1)
2025-03-03 14:53:51,870 - PROCESSED: Message from VM 1 | Remaining queue size: 0 | Updated logical clock: 217
2025-03-03 14:53:52,204 - SENT: Message to VM 1 at logical time 218
2025-03-03 14:53:52,539 - INTERNAL EVENT: Logical clock: 219
2025-03-03 14:53:52,539 - RECEIVED: Message from VM 0 with logical time 219 | Added to queue (now size: 1)
2025-03-03 14:53:52,819 - RECEIVED: Message from VM 1 with logical time 221 | Added to queue (now size: 2)
2025-03-03 14:53:52,873 - PROCESSED: Message from VM 0 | Remaining queue size: 1 | Updated logical clock: 220
2025-03-03 14:53:53,069 - RECEIVED: Message from VM 1 with logical time 222 | Added to queue (now size: 2)
2025-03-03 14:53:53,208 - PROCESSED: Message from VM 1 | Remaining queue size: 1 | Updated logical clock: 222
2025-03-03 14:53:53,320 - RECEIVED: Message from VM 1 with logical time 223 | Added to queue (now size: 2)
2025-03-03 14:53:53,542 - PROCESSED: Message from VM 1 | Remaining queue size: 1 | Updated logical clock: 223
2025-03-03 14:53:53,571 - RECEIVED: Message from VM 1 with logical time 224 | Added to queue (now size: 2)
2025-03-03 14:53:53,876 - PROCESSED: Message from VM 1 | Remaining queue size: 1 | Updated logical clock: 224
2025-03-03 14:53:54,210 - PROCESSED: Message from VM 1 | Remaining queue size: 0 | Updated logical clock: 225
2025-03-03 14:53:54,545 - INTERNAL EVENT: Logical clock: 226
2025-03-03 14:53:54,545 - RECEIVED: Message from VM 0 with logical time 228 | Added to queue (now size: 1)
2025-03-03 14:53:54,576 - RECEIVED: Message from VM 1 with logical time 228 | Added to queue (now size: 2)
2025-03-03 14:53:54,880 - PROCESSED: Message from VM 0 | Remaining queue size: 1 | Updated logical clock: 229
2025-03-03 14:53:54,880 - RECEIVED: Message from VM 0 with logical time 229 | Added to queue (now size: 2)
2025-03-03 14:53:55,214 - PROCESSED: Message from VM 1 | Remaining queue size: 1 | Updated logical clock: 230
2025-03-03 14:53:55,549 - PROCESSED: Message from VM 0 | Remaining queue size: 0 | Updated logical clock: 231
2025-03-03 14:53:55,549 - RECEIVED: Message from VM 0 with logical time 232 | Added to queue (now size: 1)
2025-03-03 14:53:55,884 - PROCESSED: Message from VM 0 | Remaining queue size: 0 | Updated logical clock: 233
2025-03-03 14:53:55,884 - RECEIVED: Message from VM 0 with logical time 233 | Added to queue (now size: 1)
2025-03-03 14:53:56,081 - RECEIVED: Message from VM 1 with logical time 235 | Added to queue (now size: 2)
2025-03-03 14:53:56,218 - PROCESSED: Message from VM 0 | Remaining queue size: 1 | Updated logical clock: 234
2025-03-03 14:53:56,332 - RECEIVED: Message from VM 1 with logical time 236 | Added to queue (now size: 2)
2025-03-03 14:53:56,553 - PROCESSED: Message from VM 1 | Remaining queue size: 1 | Updated logical clock: 236
2025-03-03 14:53:56,835 - RECEIVED: Message from VM 1 with logical time 238 | Added to queue (now size: 2)
2025-03-03 14:53:56,887 - PROCESSED: Message from VM 1 | Remaining queue size: 1 | Updated logical clock: 237
2025-03-03 14:53:57,086 - RECEIVED: Message from VM 1 with logical time 239 | Added to queue (now size: 2)
2025-03-03 14:53:57,222 - PROCESSED: Message from VM 1 | Remaining queue size: 1 | Updated logical clock: 239
2025-03-03 14:53:57,337 - RECEIVED: Message from VM 1 with logical time 240 | Added to queue (now size: 2)
2025-03-03 14:53:57,556 - PROCESSED: Message from VM 1 | Remaining queue size: 1 | Updated logical clock: 240
2025-03-03 14:53:57,588 - RECEIVED: Message from VM 1 with logical time 241 | Added to queue (now size: 2)
2025-03-03 14:53:57,891 - PROCESSED: Message from VM 1 | Remaining queue size: 1 | Updated logical clock: 241
2025-03-03 14:53:58,091 - RECEIVED: Message from VM 1 with logical time 243 | Added to queue (now size: 2)
