2025-03-03 14:25:01,435 - Initialized VM 1 with clock rate 3 ticks/second
2025-03-03 14:25:01,435 - Server started on 127.0.0.1:5001
2025-03-03 14:25:02,438 - Connected to VM 0
2025-03-03 14:25:02,438 - Connected to VM 2
2025-03-03 14:25:02,640 - RECEIVED: Message from VM 2 with logical time 1 | Added to queue (now size: 1)
2025-03-03 14:25:02,773 - PROCESSED: Message from VM 2 | Remaining queue size: 0 | Updated logical clock: 2
2025-03-03 14:25:02,940 - RECEIVED: Message from VM 0 with logical time 3 | Added to queue (now size: 1)
2025-03-03 14:25:03,108 - PROCESSED: Message from VM 0 | Remaining queue size: 0 | Updated logical clock: 4
2025-03-03 14:25:03,192 - RECEIVED: Message from VM 0 with logical time 4 | Added to queue (now size: 1)
2025-03-03 14:25:03,442 - PROCESSED: Message from VM 0 | Remaining queue size: 0 | Updated logical clock: 5
2025-03-03 14:25:03,694 - RECEIVED: Message from VM 0 with logical time 6 | Added to queue (now size: 1)
2025-03-03 14:25:03,777 - PROCESSED: Message from VM 0 | Remaining queue size: 0 | Updated logical clock: 7
2025-03-03 14:25:04,111 - INTERNAL EVENT: Logical clock: 8
2025-03-03 14:25:04,445 - SENT: Message to VM 0 at logical time 9
2025-03-03 14:25:04,780 - INTERNAL EVENT: Logical clock: 10
2025-03-03 14:25:05,115 - INTERNAL EVENT: Logical clock: 11
2025-03-03 14:25:05,471 - INTERNAL EVENT: Logical clock: 12
2025-03-03 14:25:05,558 - RECEIVED: Message from VM 0 with logical time 13 | Added to queue (now size: 1)
2025-03-03 14:25:05,807 - PROCESSED: Message from VM 0 | Remaining queue size: 0 | Updated logical clock: 14
2025-03-03 14:25:05,934 - RECEIVED: Message from VM 2 with logical time 18 | Added to queue (now size: 1)
2025-03-03 14:25:06,135 - RECEIVED: Message from VM 2 with logical time 19 | Added to queue (now size: 2)
2025-03-03 14:25:06,141 - PROCESSED: Message from VM 2 | Remaining queue size: 1 | Updated logical clock: 19
2025-03-03 14:25:06,475 - PROCESSED: Message from VM 2 | Remaining queue size: 0 | Updated logical clock: 20
2025-03-03 14:25:06,810 - INTERNAL EVENT: Logical clock: 21
2025-03-03 14:25:07,144 - INTERNAL EVENT: Logical clock: 22
2025-03-03 14:25:07,240 - RECEIVED: Message from VM 0 with logical time 26 | Added to queue (now size: 1)
2025-03-03 14:25:07,478 - PROCESSED: Message from VM 0 | Remaining queue size: 0 | Updated logical clock: 27
2025-03-03 14:25:07,744 - RECEIVED: Message from VM 2 with logical time 28 | Added to queue (now size: 1)
2025-03-03 14:25:07,812 - PROCESSED: Message from VM 2 | Remaining queue size: 0 | Updated logical clock: 29
2025-03-03 14:25:07,996 - RECEIVED: Message from VM 0 with logical time 29 | Added to queue (now size: 1)
2025-03-03 14:25:08,146 - PROCESSED: Message from VM 0 | Remaining queue size: 0 | Updated logical clock: 30
2025-03-03 14:25:08,481 - INTERNAL EVENT: Logical clock: 31
2025-03-03 14:25:08,816 - INTERNAL EVENT: Logical clock: 32
2025-03-03 14:25:09,163 - SENT: Message to VM 0 at logical time 33
2025-03-03 14:25:09,163 - SENT: Message to VM 2 at logical time 33
2025-03-03 14:25:09,497 - INTERNAL EVENT: Logical clock: 34
2025-03-03 14:25:09,765 - RECEIVED: Message from VM 2 with logical time 38 | Added to queue (now size: 1)
2025-03-03 14:25:09,830 - PROCESSED: Message from VM 2 | Remaining queue size: 0 | Updated logical clock: 39
2025-03-03 14:25:10,165 - SENT: Message to VM 2 at logical time 40
2025-03-03 14:25:10,499 - INTERNAL EVENT: Logical clock: 41
2025-03-03 14:25:10,566 - RECEIVED: Message from VM 2 with logical time 42 | Added to queue (now size: 1)
2025-03-03 14:25:10,767 - RECEIVED: Message from VM 2 with logical time 43 | Added to queue (now size: 2)
2025-03-03 14:25:10,833 - PROCESSED: Message from VM 2 | Remaining queue size: 1 | Updated logical clock: 43
2025-03-03 14:25:11,168 - PROCESSED: Message from VM 2 | Remaining queue size: 0 | Updated logical clock: 44
2025-03-03 14:25:11,168 - RECEIVED: Message from VM 2 with logical time 45 | Added to queue (now size: 1)
2025-03-03 14:25:11,502 - PROCESSED: Message from VM 2 | Remaining queue size: 0 | Updated logical clock: 46
2025-03-03 14:25:11,771 - RECEIVED: Message from VM 2 with logical time 48 | Added to queue (now size: 1)
2025-03-03 14:25:11,836 - PROCESSED: Message from VM 2 | Remaining queue size: 0 | Updated logical clock: 49
2025-03-03 14:25:12,171 - INTERNAL EVENT: Logical clock: 50
2025-03-03 14:25:12,506 - SENT: Message to VM 0 at logical time 51
2025-03-03 14:25:12,506 - SENT: Message to VM 2 at logical time 51
2025-03-03 14:25:12,840 - INTERNAL EVENT: Logical clock: 52
2025-03-03 14:25:12,976 - RECEIVED: Message from VM 2 with logical time 54 | Added to queue (now size: 1)
2025-03-03 14:25:13,175 - PROCESSED: Message from VM 2 | Remaining queue size: 0 | Updated logical clock: 55
2025-03-03 14:25:13,509 - INTERNAL EVENT: Logical clock: 56
2025-03-03 14:25:13,843 - INTERNAL EVENT: Logical clock: 57
2025-03-03 14:25:14,178 - INTERNAL EVENT: Logical clock: 58
2025-03-03 14:25:14,282 - RECEIVED: Message from VM 0 with logical time 60 | Added to queue (now size: 1)
2025-03-03 14:25:14,513 - PROCESSED: Message from VM 0 | Remaining queue size: 0 | Updated logical clock: 61
2025-03-03 14:25:14,584 - RECEIVED: Message from VM 2 with logical time 63 | Added to queue (now size: 1)
2025-03-03 14:25:14,847 - PROCESSED: Message from VM 2 | Remaining queue size: 0 | Updated logical clock: 64
2025-03-03 14:25:15,182 - INTERNAL EVENT: Logical clock: 65
2025-03-03 14:25:15,387 - RECEIVED: Message from VM 2 with logical time 67 | Added to queue (now size: 1)
2025-03-03 14:25:15,516 - PROCESSED: Message from VM 2 | Remaining queue size: 0 | Updated logical clock: 68
2025-03-03 14:25:15,788 - RECEIVED: Message from VM 0 with logical time 68 | Added to queue (now size: 1)
2025-03-03 14:25:15,851 - PROCESSED: Message from VM 0 | Remaining queue size: 0 | Updated logical clock: 69
2025-03-03 14:25:16,184 - INTERNAL EVENT: Logical clock: 70
2025-03-03 14:25:16,391 - RECEIVED: Message from VM 2 with logical time 72 | Added to queue (now size: 1)
2025-03-03 14:25:16,518 - PROCESSED: Message from VM 2 | Remaining queue size: 0 | Updated logical clock: 73
2025-03-03 14:25:16,853 - INTERNAL EVENT: Logical clock: 74
2025-03-03 14:25:17,187 - INTERNAL EVENT: Logical clock: 75
2025-03-03 14:25:17,396 - RECEIVED: Message from VM 2 with logical time 77 | Added to queue (now size: 1)
2025-03-03 14:25:17,522 - PROCESSED: Message from VM 2 | Remaining queue size: 0 | Updated logical clock: 78
2025-03-03 14:25:17,857 - INTERNAL EVENT: Logical clock: 79
2025-03-03 14:25:18,196 - SENT: Message to VM 0 at logical time 80
2025-03-03 14:25:18,531 - INTERNAL EVENT: Logical clock: 81
2025-03-03 14:25:18,600 - RECEIVED: Message from VM 2 with logical time 83 | Added to queue (now size: 1)
2025-03-03 14:25:18,865 - PROCESSED: Message from VM 2 | Remaining queue size: 0 | Updated logical clock: 84
2025-03-03 14:25:19,200 - INTERNAL EVENT: Logical clock: 85
2025-03-03 14:25:19,202 - RECEIVED: Message from VM 2 with logical time 86 | Added to queue (now size: 1)
2025-03-03 14:25:19,534 - PROCESSED: Message from VM 2 | Remaining queue size: 0 | Updated logical clock: 87
2025-03-03 14:25:19,868 - INTERNAL EVENT: Logical clock: 88
2025-03-03 14:25:20,203 - INTERNAL EVENT: Logical clock: 89
2025-03-03 14:25:20,308 - RECEIVED: Message from VM 0 with logical time 91 | Added to queue (now size: 1)
2025-03-03 14:25:20,537 - PROCESSED: Message from VM 0 | Remaining queue size: 0 | Updated logical clock: 92
2025-03-03 14:25:20,559 - RECEIVED: Message from VM 0 with logical time 92 | Added to queue (now size: 1)
2025-03-03 14:25:20,610 - RECEIVED: Message from VM 2 with logical time 93 | Added to queue (now size: 2)
2025-03-03 14:25:20,871 - PROCESSED: Message from VM 0 | Remaining queue size: 1 | Updated logical clock: 93
2025-03-03 14:25:21,011 - RECEIVED: Message from VM 2 with logical time 95 | Added to queue (now size: 2)
2025-03-03 14:25:21,061 - RECEIVED: Message from VM 0 with logical time 95 | Added to queue (now size: 3)
2025-03-03 14:25:21,207 - PROCESSED: Message from VM 2 | Remaining queue size: 2 | Updated logical clock: 94
2025-03-03 14:25:21,542 - PROCESSED: Message from VM 2 | Remaining queue size: 1 | Updated logical clock: 96
2025-03-03 14:25:21,814 - RECEIVED: Message from VM 2 with logical time 99 | Added to queue (now size: 2)
2025-03-03 14:25:21,876 - PROCESSED: Message from VM 0 | Remaining queue size: 1 | Updated logical clock: 97
2025-03-03 14:25:22,211 - PROCESSED: Message from VM 2 | Remaining queue size: 0 | Updated logical clock: 100
2025-03-03 14:25:22,417 - RECEIVED: Message from VM 2 with logical time 102 | Added to queue (now size: 1)
2025-03-03 14:25:22,545 - PROCESSED: Message from VM 2 | Remaining queue size: 0 | Updated logical clock: 103
2025-03-03 14:25:22,618 - RECEIVED: Message from VM 2 with logical time 103 | Added to queue (now size: 1)
2025-03-03 14:25:22,819 - RECEIVED: Message from VM 2 with logical time 104 | Added to queue (now size: 2)
2025-03-03 14:25:22,880 - PROCESSED: Message from VM 2 | Remaining queue size: 1 | Updated logical clock: 104
2025-03-03 14:25:23,214 - PROCESSED: Message from VM 2 | Remaining queue size: 0 | Updated logical clock: 105
2025-03-03 14:25:23,322 - RECEIVED: Message from VM 0 with logical time 106 | Added to queue (now size: 1)
2025-03-03 14:25:23,548 - PROCESSED: Message from VM 0 | Remaining queue size: 0 | Updated logical clock: 107
2025-03-03 14:25:23,882 - SENT: Message to VM 0 at logical time 108
2025-03-03 14:25:24,216 - INTERNAL EVENT: Logical clock: 109
2025-03-03 14:25:24,550 - SENT: Message to VM 2 at logical time 110
2025-03-03 14:25:24,828 - RECEIVED: Message from VM 0 with logical time 114 | Added to queue (now size: 1)
2025-03-03 14:25:24,885 - PROCESSED: Message from VM 0 | Remaining queue size: 0 | Updated logical clock: 115
2025-03-03 14:25:25,030 - RECEIVED: Message from VM 2 with logical time 115 | Added to queue (now size: 1)
2025-03-03 14:25:25,218 - PROCESSED: Message from VM 2 | Remaining queue size: 0 | Updated logical clock: 116
2025-03-03 14:25:25,232 - RECEIVED: Message from VM 2 with logical time 116 | Added to queue (now size: 1)
2025-03-03 14:25:25,553 - PROCESSED: Message from VM 2 | Remaining queue size: 0 | Updated logical clock: 117
2025-03-03 14:25:25,582 - RECEIVED: Message from VM 0 with logical time 118 | Added to queue (now size: 1)
2025-03-03 14:25:25,833 - RECEIVED: Message from VM 0 with logical time 119 | Added to queue (now size: 2)
2025-03-03 14:25:25,833 - RECEIVED: Message from VM 2 with logical time 119 | Added to queue (now size: 3)
2025-03-03 14:25:25,888 - PROCESSED: Message from VM 0 | Remaining queue size: 2 | Updated logical clock: 119
2025-03-03 14:25:26,222 - PROCESSED: Message from VM 0 | Remaining queue size: 1 | Updated logical clock: 120
2025-03-03 14:25:26,436 - RECEIVED: Message from VM 2 with logical time 122 | Added to queue (now size: 2)
2025-03-03 14:25:26,557 - PROCESSED: Message from VM 2 | Remaining queue size: 1 | Updated logical clock: 121
2025-03-03 14:25:26,891 - PROCESSED: Message from VM 2 | Remaining queue size: 0 | Updated logical clock: 123
2025-03-03 14:25:27,225 - INTERNAL EVENT: Logical clock: 124
2025-03-03 14:25:27,560 - INTERNAL EVENT: Logical clock: 125
2025-03-03 14:25:27,842 - RECEIVED: Message from VM 2 with logical time 129 | Added to queue (now size: 1)
2025-03-03 14:25:27,842 - RECEIVED: Message from VM 0 with logical time 127 | Added to queue (now size: 2)
2025-03-03 14:25:27,895 - PROCESSED: Message from VM 2 | Remaining queue size: 1 | Updated logical clock: 130
2025-03-03 14:25:28,043 - RECEIVED: Message from VM 2 with logical time 130 | Added to queue (now size: 2)
2025-03-03 14:25:28,229 - PROCESSED: Message from VM 0 | Remaining queue size: 1 | Updated logical clock: 131
2025-03-03 14:25:28,446 - RECEIVED: Message from VM 2 with logical time 132 | Added to queue (now size: 2)
2025-03-03 14:25:28,563 - PROCESSED: Message from VM 2 | Remaining queue size: 1 | Updated logical clock: 132
2025-03-03 14:25:28,647 - RECEIVED: Message from VM 2 with logical time 133 | Added to queue (now size: 2)
2025-03-03 14:25:28,847 - RECEIVED: Message from VM 2 with logical time 134 | Added to queue (now size: 3)
2025-03-03 14:25:28,897 - PROCESSED: Message from VM 2 | Remaining queue size: 2 | Updated logical clock: 133
2025-03-03 14:25:29,048 - RECEIVED: Message from VM 2 with logical time 135 | Added to queue (now size: 3)
2025-03-03 14:25:29,232 - PROCESSED: Message from VM 2 | Remaining queue size: 2 | Updated logical clock: 134
2025-03-03 14:25:29,566 - PROCESSED: Message from VM 2 | Remaining queue size: 1 | Updated logical clock: 135
2025-03-03 14:25:29,652 - RECEIVED: Message from VM 2 with logical time 138 | Added to queue (now size: 2)
2025-03-03 14:25:29,852 - RECEIVED: Message from VM 2 with logical time 139 | Added to queue (now size: 3)
2025-03-03 14:25:29,901 - PROCESSED: Message from VM 2 | Remaining queue size: 2 | Updated logical clock: 136
2025-03-03 14:25:30,235 - PROCESSED: Message from VM 2 | Remaining queue size: 1 | Updated logical clock: 139
2025-03-03 14:25:30,352 - RECEIVED: Message from VM 0 with logical time 141 | Added to queue (now size: 2)
2025-03-03 14:25:30,570 - PROCESSED: Message from VM 2 | Remaining queue size: 1 | Updated logical clock: 140
2025-03-03 14:25:30,904 - PROCESSED: Message from VM 0 | Remaining queue size: 0 | Updated logical clock: 142
2025-03-03 14:25:31,239 - INTERNAL EVENT: Logical clock: 143
2025-03-03 14:25:31,573 - INTERNAL EVENT: Logical clock: 144
2025-03-03 14:25:31,908 - INTERNAL EVENT: Logical clock: 145
2025-03-03 14:25:32,110 - RECEIVED: Message from VM 0 with logical time 150 | Added to queue (now size: 1)
2025-03-03 14:25:32,242 - PROCESSED: Message from VM 0 | Remaining queue size: 0 | Updated logical clock: 151
2025-03-03 14:25:32,577 - INTERNAL EVENT: Logical clock: 152
2025-03-03 14:25:32,911 - INTERNAL EVENT: Logical clock: 153
2025-03-03 14:25:33,245 - SENT: Message to VM 2 at logical time 154
2025-03-03 14:25:33,366 - RECEIVED: Message from VM 0 with logical time 155 | Added to queue (now size: 1)
2025-03-03 14:25:33,579 - PROCESSED: Message from VM 0 | Remaining queue size: 0 | Updated logical clock: 156
2025-03-03 14:25:33,871 - RECEIVED: Message from VM 2 with logical time 159 | Added to queue (now size: 1)
2025-03-03 14:25:33,913 - PROCESSED: Message from VM 2 | Remaining queue size: 0 | Updated logical clock: 160
2025-03-03 14:25:34,072 - RECEIVED: Message from VM 2 with logical time 160 | Added to queue (now size: 1)
2025-03-03 14:25:34,247 - PROCESSED: Message from VM 2 | Remaining queue size: 0 | Updated logical clock: 161
2025-03-03 14:25:34,581 - INTERNAL EVENT: Logical clock: 162
2025-03-03 14:25:34,622 - RECEIVED: Message from VM 0 with logical time 160 | Added to queue (now size: 1)
2025-03-03 14:25:34,916 - PROCESSED: Message from VM 0 | Remaining queue size: 0 | Updated logical clock: 163
2025-03-03 14:25:35,123 - RECEIVED: Message from VM 0 with logical time 165 | Added to queue (now size: 1)
2025-03-03 14:25:35,250 - PROCESSED: Message from VM 0 | Remaining queue size: 0 | Updated logical clock: 166
2025-03-03 14:25:35,585 - INTERNAL EVENT: Logical clock: 167
2025-03-03 14:25:35,875 - RECEIVED: Message from VM 0 with logical time 168 | Added to queue (now size: 1)
2025-03-03 14:25:35,918 - PROCESSED: Message from VM 0 | Remaining queue size: 0 | Updated logical clock: 169
2025-03-03 14:25:36,253 - SENT: Message to VM 0 at logical time 170
2025-03-03 14:25:36,253 - SENT: Message to VM 2 at logical time 170
2025-03-03 14:25:36,588 - INTERNAL EVENT: Logical clock: 171
2025-03-03 14:25:36,922 - INTERNAL EVENT: Logical clock: 172
2025-03-03 14:25:37,087 - RECEIVED: Message from VM 2 with logical time 175 | Added to queue (now size: 1)
2025-03-03 14:25:37,256 - PROCESSED: Message from VM 2 | Remaining queue size: 0 | Updated logical clock: 176
2025-03-03 14:25:37,383 - RECEIVED: Message from VM 0 with logical time 176 | Added to queue (now size: 1)
2025-03-03 14:25:37,591 - PROCESSED: Message from VM 0 | Remaining queue size: 0 | Updated logical clock: 177
2025-03-03 14:25:37,926 - INTERNAL EVENT: Logical clock: 178
2025-03-03 14:25:38,260 - INTERNAL EVENT: Logical clock: 179
2025-03-03 14:25:38,293 - RECEIVED: Message from VM 2 with logical time 181 | Added to queue (now size: 1)
2025-03-03 14:25:38,388 - RECEIVED: Message from VM 0 with logical time 182 | Added to queue (now size: 2)
2025-03-03 14:25:38,595 - PROCESSED: Message from VM 2 | Remaining queue size: 1 | Updated logical clock: 182
2025-03-03 14:25:38,929 - PROCESSED: Message from VM 0 | Remaining queue size: 0 | Updated logical clock: 183
2025-03-03 14:25:39,264 - INTERNAL EVENT: Logical clock: 184
2025-03-03 14:25:39,598 - INTERNAL EVENT: Logical clock: 185
2025-03-03 14:25:39,933 - SENT: Message to VM 0 at logical time 186
2025-03-03 14:25:39,933 - SENT: Message to VM 2 at logical time 186
2025-03-03 14:25:40,266 - INTERNAL EVENT: Logical clock: 187
2025-03-03 14:25:40,600 - SENT: Message to VM 2 at logical time 188
2025-03-03 14:25:40,898 - RECEIVED: Message from VM 0 with logical time 192 | Added to queue (now size: 1)
2025-03-03 14:25:40,935 - PROCESSED: Message from VM 0 | Remaining queue size: 0 | Updated logical clock: 193
2025-03-03 14:25:41,268 - INTERNAL EVENT: Logical clock: 194
2025-03-03 14:25:41,603 - INTERNAL EVENT: Logical clock: 195
2025-03-03 14:25:41,937 - SENT: Message to VM 0 at logical time 196
2025-03-03 14:25:42,272 - INTERNAL EVENT: Logical clock: 197
2025-03-03 14:25:42,312 - RECEIVED: Message from VM 2 with logical time 201 | Added to queue (now size: 1)
2025-03-03 14:25:42,606 - PROCESSED: Message from VM 2 | Remaining queue size: 0 | Updated logical clock: 202
2025-03-03 14:25:42,940 - INTERNAL EVENT: Logical clock: 203
2025-03-03 14:25:43,275 - INTERNAL EVENT: Logical clock: 204
2025-03-03 14:25:43,411 - RECEIVED: Message from VM 0 with logical time 205 | Added to queue (now size: 1)
2025-03-03 14:25:43,609 - PROCESSED: Message from VM 0 | Remaining queue size: 0 | Updated logical clock: 206
2025-03-03 14:25:43,944 - INTERNAL EVENT: Logical clock: 207
2025-03-03 14:25:44,119 - RECEIVED: Message from VM 2 with logical time 210 | Added to queue (now size: 1)
2025-03-03 14:25:44,278 - PROCESSED: Message from VM 2 | Remaining queue size: 0 | Updated logical clock: 211
2025-03-03 14:25:44,612 - INTERNAL EVENT: Logical clock: 212
2025-03-03 14:25:44,947 - INTERNAL EVENT: Logical clock: 213
2025-03-03 14:25:45,167 - RECEIVED: Message from VM 0 with logical time 215 | Added to queue (now size: 1)
2025-03-03 14:25:45,281 - PROCESSED: Message from VM 0 | Remaining queue size: 0 | Updated logical clock: 216
2025-03-03 14:25:45,616 - INTERNAL EVENT: Logical clock: 217
2025-03-03 14:25:45,950 - INTERNAL EVENT: Logical clock: 218
2025-03-03 14:25:46,130 - RECEIVED: Message from VM 2 with logical time 220 | Added to queue (now size: 1)
2025-03-03 14:25:46,284 - PROCESSED: Message from VM 2 | Remaining queue size: 0 | Updated logical clock: 221
2025-03-03 14:25:46,331 - RECEIVED: Message from VM 2 with logical time 221 | Added to queue (now size: 1)
2025-03-03 14:25:46,422 - RECEIVED: Message from VM 0 with logical time 221 | Added to queue (now size: 2)
2025-03-03 14:25:46,619 - PROCESSED: Message from VM 2 | Remaining queue size: 1 | Updated logical clock: 222
2025-03-03 14:25:46,953 - PROCESSED: Message from VM 0 | Remaining queue size: 0 | Updated logical clock: 223
2025-03-03 14:25:47,288 - SENT: Message to VM 0 at logical time 224
2025-03-03 14:25:47,288 - SENT: Message to VM 2 at logical time 224
2025-03-03 14:25:47,537 - RECEIVED: Message from VM 2 with logical time 227 | Added to queue (now size: 1)
2025-03-03 14:25:47,623 - PROCESSED: Message from VM 2 | Remaining queue size: 0 | Updated logical clock: 228
2025-03-03 14:25:47,677 - RECEIVED: Message from VM 0 with logical time 228 | Added to queue (now size: 1)
2025-03-03 14:25:47,928 - RECEIVED: Message from VM 0 with logical time 229 | Added to queue (now size: 2)
2025-03-03 14:25:47,957 - PROCESSED: Message from VM 0 | Remaining queue size: 1 | Updated logical clock: 229
2025-03-03 14:25:48,292 - PROCESSED: Message from VM 0 | Remaining queue size: 0 | Updated logical clock: 230
2025-03-03 14:25:48,626 - INTERNAL EVENT: Logical clock: 231
2025-03-03 14:25:48,961 - INTERNAL EVENT: Logical clock: 232
2025-03-03 14:25:49,295 - INTERNAL EVENT: Logical clock: 233
2025-03-03 14:25:49,630 - INTERNAL EVENT: Logical clock: 234
2025-03-03 14:25:49,685 - RECEIVED: Message from VM 0 with logical time 238 | Added to queue (now size: 1)
2025-03-03 14:25:49,963 - PROCESSED: Message from VM 0 | Remaining queue size: 0 | Updated logical clock: 239
2025-03-03 14:25:50,149 - RECEIVED: Message from VM 2 with logical time 241 | Added to queue (now size: 1)
2025-03-03 14:25:50,298 - PROCESSED: Message from VM 2 | Remaining queue size: 0 | Updated logical clock: 242
2025-03-03 14:25:50,350 - RECEIVED: Message from VM 2 with logical time 242 | Added to queue (now size: 1)
2025-03-03 14:25:50,632 - PROCESSED: Message from VM 2 | Remaining queue size: 0 | Updated logical clock: 243
2025-03-03 14:25:50,955 - RECEIVED: Message from VM 2 with logical time 245 | Added to queue (now size: 1)
2025-03-03 14:25:50,967 - PROCESSED: Message from VM 2 | Remaining queue size: 0 | Updated logical clock: 246
2025-03-03 14:25:51,301 - INTERNAL EVENT: Logical clock: 247
2025-03-03 14:25:51,357 - RECEIVED: Message from VM 2 with logical time 247 | Added to queue (now size: 1)
2025-03-03 14:25:51,636 - PROCESSED: Message from VM 2 | Remaining queue size: 0 | Updated logical clock: 248
2025-03-03 14:25:51,970 - INTERNAL EVENT: Logical clock: 249
2025-03-03 14:25:52,305 - SENT: Message to VM 0 at logical time 250
2025-03-03 14:25:52,305 - SENT: Message to VM 2 at logical time 250
2025-03-03 14:25:52,639 - INTERNAL EVENT: Logical clock: 251
2025-03-03 14:25:52,973 - INTERNAL EVENT: Logical clock: 252
2025-03-03 14:25:53,307 - INTERNAL EVENT: Logical clock: 253
2025-03-03 14:25:53,642 - SENT: Message to VM 2 at logical time 254
2025-03-03 14:25:53,953 - RECEIVED: Message from VM 0 with logical time 260 | Added to queue (now size: 1)
2025-03-03 14:25:53,976 - PROCESSED: Message from VM 0 | Remaining queue size: 0 | Updated logical clock: 261
2025-03-03 14:25:54,172 - RECEIVED: Message from VM 2 with logical time 261 | Added to queue (now size: 1)
2025-03-03 14:25:54,311 - PROCESSED: Message from VM 2 | Remaining queue size: 0 | Updated logical clock: 262
2025-03-03 14:25:54,374 - RECEIVED: Message from VM 2 with logical time 262 | Added to queue (now size: 1)
2025-03-03 14:25:54,645 - PROCESSED: Message from VM 2 | Remaining queue size: 0 | Updated logical clock: 263
2025-03-03 14:25:54,958 - RECEIVED: Message from VM 0 with logical time 264 | Added to queue (now size: 1)
2025-03-03 14:25:54,977 - RECEIVED: Message from VM 2 with logical time 265 | Added to queue (now size: 2)
2025-03-03 14:25:54,979 - PROCESSED: Message from VM 0 | Remaining queue size: 1 | Updated logical clock: 265
2025-03-03 14:25:55,313 - PROCESSED: Message from VM 2 | Remaining queue size: 0 | Updated logical clock: 266
2025-03-03 14:25:55,647 - SENT: Message to VM 0 at logical time 267
2025-03-03 14:25:55,647 - SENT: Message to VM 2 at logical time 267
2025-03-03 14:25:55,982 - INTERNAL EVENT: Logical clock: 268
2025-03-03 14:25:55,982 - RECEIVED: Message from VM 2 with logical time 270 | Added to queue (now size: 1)
2025-03-03 14:25:56,316 - PROCESSED: Message from VM 2 | Remaining queue size: 0 | Updated logical clock: 271
2025-03-03 14:25:56,464 - RECEIVED: Message from VM 0 with logical time 271 | Added to queue (now size: 1)
2025-03-03 14:25:56,650 - PROCESSED: Message from VM 0 | Remaining queue size: 0 | Updated logical clock: 272
2025-03-03 14:25:56,720 - RECEIVED: Message from VM 0 with logical time 272 | Added to queue (now size: 1)
2025-03-03 14:25:56,971 - RECEIVED: Message from VM 0 with logical time 273 | Added to queue (now size: 2)
2025-03-03 14:25:56,985 - PROCESSED: Message from VM 0 | Remaining queue size: 1 | Updated logical clock: 273
2025-03-03 14:25:57,319 - PROCESSED: Message from VM 0 | Remaining queue size: 0 | Updated logical clock: 274
2025-03-03 14:25:57,654 - INTERNAL EVENT: Logical clock: 275
2025-03-03 14:25:57,988 - INTERNAL EVENT: Logical clock: 276
2025-03-03 14:25:58,323 - SENT: Message to VM 0 at logical time 277
2025-03-03 14:25:58,323 - SENT: Message to VM 2 at logical time 277
2025-03-03 14:25:58,658 - INTERNAL EVENT: Logical clock: 278
2025-03-03 14:25:58,992 - SENT: Message to VM 2 at logical time 279
2025-03-03 14:25:59,327 - SENT: Message to VM 0 at logical time 280
2025-03-03 14:25:59,661 - INTERNAL EVENT: Logical clock: 281
2025-03-03 14:25:59,996 - SENT: Message to VM 0 at logical time 282
2025-03-03 14:25:59,996 - SENT: Message to VM 2 at logical time 282
2025-03-03 14:26:00,202 - RECEIVED: Message from VM 2 with logical time 291 | Added to queue (now size: 1)
2025-03-03 14:26:00,331 - PROCESSED: Message from VM 2 | Remaining queue size: 0 | Updated logical clock: 292
2025-03-03 14:26:00,665 - INTERNAL EVENT: Logical clock: 293
2025-03-03 14:26:01,000 - SENT: Message to VM 0 at logical time 294
2025-03-03 14:26:01,000 - SENT: Message to VM 2 at logical time 294
