2025-03-03 14:54:00,341 - Initialized VM 0 with clock rate 3 ticks/second
2025-03-03 14:54:00,342 - Server started on 127.0.0.1:5000
2025-03-03 14:54:01,343 - Connected to VM 1
2025-03-03 14:54:01,344 - Connected to VM 2
2025-03-03 14:54:01,596 - RECEIVED: Message from VM 2 with logical time 1 | Added to queue (now size: 1)
2025-03-03 14:54:01,679 - PROCESSED: Message from VM 2 | Remaining queue size: 0 | Updated logical clock: 2
2025-03-03 14:54:02,013 - SENT: Message to VM 2 at logical time 3
2025-03-03 14:54:02,347 - SENT: Message to VM 1 at logical time 4
2025-03-03 14:54:02,347 - SENT: Message to VM 2 at logical time 4
2025-03-03 14:54:02,681 - SENT: Message to VM 1 at logical time 5
2025-03-03 14:54:02,681 - SENT: Message to VM 2 at logical time 5
2025-03-03 14:54:03,016 - SENT: Message to VM 1 at logical time 6
2025-03-03 14:54:03,350 - SENT: Message to VM 2 at logical time 7
2025-03-03 14:54:03,352 - RECEIVED: Message from VM 1 with logical time 9 | Added to queue (now size: 1)
2025-03-03 14:54:03,603 - RECEIVED: Message from VM 1 with logical time 10 | Added to queue (now size: 2)
2025-03-03 14:54:03,684 - PROCESSED: Message from VM 1 | Remaining queue size: 1 | Updated logical clock: 10
2025-03-03 14:54:04,019 - PROCESSED: Message from VM 1 | Remaining queue size: 0 | Updated logical clock: 11
2025-03-03 14:54:04,105 - RECEIVED: Message from VM 1 with logical time 12 | Added to queue (now size: 1)
2025-03-03 14:54:04,353 - PROCESSED: Message from VM 1 | Remaining queue size: 0 | Updated logical clock: 13
2025-03-03 14:54:04,688 - SENT: Message to VM 1 at logical time 14
2025-03-03 14:54:04,688 - SENT: Message to VM 2 at logical time 14
2025-03-03 14:54:05,023 - SENT: Message to VM 1 at logical time 15
2025-03-03 14:54:05,023 - SENT: Message to VM 2 at logical time 15
2025-03-03 14:54:05,357 - SENT: Message to VM 1 at logical time 16
2025-03-03 14:54:05,357 - SENT: Message to VM 2 at logical time 16
2025-03-03 14:54:05,692 - SENT: Message to VM 2 at logical time 17
2025-03-03 14:54:06,027 - SENT: Message to VM 1 at logical time 18
2025-03-03 14:54:06,027 - SENT: Message to VM 2 at logical time 18
2025-03-03 14:54:06,361 - INTERNAL EVENT: Logical clock: 19
2025-03-03 14:54:06,696 - INTERNAL EVENT: Logical clock: 20
2025-03-03 14:54:06,866 - RECEIVED: Message from VM 2 with logical time 23 | Added to queue (now size: 1)
2025-03-03 14:54:07,030 - PROCESSED: Message from VM 2 | Remaining queue size: 0 | Updated logical clock: 24
2025-03-03 14:54:07,116 - RECEIVED: Message from VM 1 with logical time 24 | Added to queue (now size: 1)
2025-03-03 14:54:07,364 - PROCESSED: Message from VM 1 | Remaining queue size: 0 | Updated logical clock: 25
2025-03-03 14:54:07,367 - RECEIVED: Message from VM 2 with logical time 25 | Added to queue (now size: 1)
2025-03-03 14:54:07,618 - RECEIVED: Message from VM 1 with logical time 26 | Added to queue (now size: 2)
2025-03-03 14:54:07,699 - PROCESSED: Message from VM 2 | Remaining queue size: 1 | Updated logical clock: 26
2025-03-03 14:54:07,869 - RECEIVED: Message from VM 2 with logical time 27 | Added to queue (now size: 2)
2025-03-03 14:54:08,033 - PROCESSED: Message from VM 1 | Remaining queue size: 1 | Updated logical clock: 27
2025-03-03 14:54:08,120 - RECEIVED: Message from VM 1 with logical time 28 | Added to queue (now size: 2)
2025-03-03 14:54:08,368 - PROCESSED: Message from VM 2 | Remaining queue size: 1 | Updated logical clock: 28
2025-03-03 14:54:08,622 - RECEIVED: Message from VM 2 with logical time 30 | Added to queue (now size: 2)
2025-03-03 14:54:08,702 - PROCESSED: Message from VM 1 | Remaining queue size: 1 | Updated logical clock: 29
2025-03-03 14:54:09,037 - PROCESSED: Message from VM 2 | Remaining queue size: 0 | Updated logical clock: 31
2025-03-03 14:54:09,372 - INTERNAL EVENT: Logical clock: 32
2025-03-03 14:54:09,375 - RECEIVED: Message from VM 1 with logical time 33 | Added to queue (now size: 1)
2025-03-03 14:54:09,625 - RECEIVED: Message from VM 1 with logical time 34 | Added to queue (now size: 2)
2025-03-03 14:54:09,706 - PROCESSED: Message from VM 1 | Remaining queue size: 1 | Updated logical clock: 34
2025-03-03 14:54:10,040 - PROCESSED: Message from VM 1 | Remaining queue size: 0 | Updated logical clock: 35
2025-03-03 14:54:10,374 - SENT: Message to VM 1 at logical time 36
2025-03-03 14:54:10,374 - SENT: Message to VM 2 at logical time 36
2025-03-03 14:54:10,629 - RECEIVED: Message from VM 1 with logical time 38 | Added to queue (now size: 1)
2025-03-03 14:54:10,709 - PROCESSED: Message from VM 1 | Remaining queue size: 0 | Updated logical clock: 39
2025-03-03 14:54:10,880 - RECEIVED: Message from VM 1 with logical time 39 | Added to queue (now size: 1)
2025-03-03 14:54:11,044 - PROCESSED: Message from VM 1 | Remaining queue size: 0 | Updated logical clock: 40
2025-03-03 14:54:11,132 - RECEIVED: Message from VM 1 with logical time 40 | Added to queue (now size: 1)
2025-03-03 14:54:11,378 - PROCESSED: Message from VM 1 | Remaining queue size: 0 | Updated logical clock: 41
2025-03-03 14:54:11,382 - RECEIVED: Message from VM 1 with logical time 41 | Added to queue (now size: 1)
2025-03-03 14:54:11,713 - PROCESSED: Message from VM 1 | Remaining queue size: 0 | Updated logical clock: 42
2025-03-03 14:54:11,885 - RECEIVED: Message from VM 1 with logical time 43 | Added to queue (now size: 1)
2025-03-03 14:54:12,047 - PROCESSED: Message from VM 1 | Remaining queue size: 0 | Updated logical clock: 44
2025-03-03 14:54:12,381 - SENT: Message to VM 1 at logical time 45
2025-03-03 14:54:12,382 - SENT: Message to VM 2 at logical time 45
2025-03-03 14:54:12,638 - RECEIVED: Message from VM 1 with logical time 47 | Added to queue (now size: 1)
2025-03-03 14:54:12,716 - PROCESSED: Message from VM 1 | Remaining queue size: 0 | Updated logical clock: 48
2025-03-03 14:54:13,051 - SENT: Message to VM 1 at logical time 49
2025-03-03 14:54:13,140 - RECEIVED: Message from VM 2 with logical time 49 | Added to queue (now size: 1)
2025-03-03 14:54:13,385 - PROCESSED: Message from VM 2 | Remaining queue size: 0 | Updated logical clock: 50
2025-03-03 14:54:13,390 - RECEIVED: Message from VM 1 with logical time 51 | Added to queue (now size: 1)
2025-03-03 14:54:13,720 - PROCESSED: Message from VM 1 | Remaining queue size: 0 | Updated logical clock: 52
2025-03-03 14:54:13,893 - RECEIVED: Message from VM 1 with logical time 53 | Added to queue (now size: 1)
2025-03-03 14:54:13,893 - RECEIVED: Message from VM 2 with logical time 53 | Added to queue (now size: 2)
2025-03-03 14:54:14,054 - PROCESSED: Message from VM 1 | Remaining queue size: 1 | Updated logical clock: 54
2025-03-03 14:54:14,144 - RECEIVED: Message from VM 1 with logical time 54 | Added to queue (now size: 2)
2025-03-03 14:54:14,388 - PROCESSED: Message from VM 2 | Remaining queue size: 1 | Updated logical clock: 55
2025-03-03 14:54:14,395 - RECEIVED: Message from VM 1 with logical time 55 | Added to queue (now size: 2)
2025-03-03 14:54:14,722 - PROCESSED: Message from VM 1 | Remaining queue size: 1 | Updated logical clock: 56
2025-03-03 14:54:14,898 - RECEIVED: Message from VM 1 with logical time 57 | Added to queue (now size: 2)
2025-03-03 14:54:15,056 - PROCESSED: Message from VM 1 | Remaining queue size: 1 | Updated logical clock: 57
2025-03-03 14:54:15,390 - PROCESSED: Message from VM 1 | Remaining queue size: 0 | Updated logical clock: 58
2025-03-03 14:54:15,400 - RECEIVED: Message from VM 1 with logical time 59 | Added to queue (now size: 1)
2025-03-03 14:54:15,400 - RECEIVED: Message from VM 2 with logical time 59 | Added to queue (now size: 2)
2025-03-03 14:54:15,725 - PROCESSED: Message from VM 1 | Remaining queue size: 1 | Updated logical clock: 60
2025-03-03 14:54:15,903 - RECEIVED: Message from VM 1 with logical time 61 | Added to queue (now size: 2)
2025-03-03 14:54:15,903 - RECEIVED: Message from VM 2 with logical time 61 | Added to queue (now size: 3)
2025-03-03 14:54:16,059 - PROCESSED: Message from VM 2 | Remaining queue size: 2 | Updated logical clock: 61
2025-03-03 14:54:16,393 - PROCESSED: Message from VM 1 | Remaining queue size: 1 | Updated logical clock: 62
2025-03-03 14:54:16,405 - RECEIVED: Message from VM 2 with logical time 63 | Added to queue (now size: 2)
2025-03-03 14:54:16,727 - PROCESSED: Message from VM 2 | Remaining queue size: 1 | Updated logical clock: 63
2025-03-03 14:54:16,908 - RECEIVED: Message from VM 1 with logical time 65 | Added to queue (now size: 2)
2025-03-03 14:54:16,908 - RECEIVED: Message from VM 2 with logical time 65 | Added to queue (now size: 3)
2025-03-03 14:54:17,062 - PROCESSED: Message from VM 2 | Remaining queue size: 2 | Updated logical clock: 64
2025-03-03 14:54:17,396 - PROCESSED: Message from VM 1 | Remaining queue size: 1 | Updated logical clock: 66
2025-03-03 14:54:17,409 - RECEIVED: Message from VM 1 with logical time 67 | Added to queue (now size: 2)
2025-03-03 14:54:17,730 - PROCESSED: Message from VM 2 | Remaining queue size: 1 | Updated logical clock: 67
2025-03-03 14:54:18,064 - PROCESSED: Message from VM 1 | Remaining queue size: 0 | Updated logical clock: 68
2025-03-03 14:54:18,398 - SENT: Message to VM 1 at logical time 69
2025-03-03 14:54:18,398 - SENT: Message to VM 2 at logical time 69
2025-03-03 14:54:18,733 - INTERNAL EVENT: Logical clock: 70
2025-03-03 14:54:18,933 - RECEIVED: Message from VM 2 with logical time 73 | Added to queue (now size: 1)
2025-03-03 14:54:19,068 - PROCESSED: Message from VM 2 | Remaining queue size: 0 | Updated logical clock: 74
2025-03-03 14:54:19,183 - RECEIVED: Message from VM 2 with logical time 74 | Added to queue (now size: 1)
2025-03-03 14:54:19,402 - PROCESSED: Message from VM 2 | Remaining queue size: 0 | Updated logical clock: 75
2025-03-03 14:54:19,434 - RECEIVED: Message from VM 2 with logical time 75 | Added to queue (now size: 1)
2025-03-03 14:54:19,737 - PROCESSED: Message from VM 2 | Remaining queue size: 0 | Updated logical clock: 76
2025-03-03 14:54:19,937 - RECEIVED: Message from VM 1 with logical time 77 | Added to queue (now size: 1)
2025-03-03 14:54:19,937 - RECEIVED: Message from VM 2 with logical time 77 | Added to queue (now size: 2)
2025-03-03 14:54:20,071 - PROCESSED: Message from VM 1 | Remaining queue size: 1 | Updated logical clock: 78
2025-03-03 14:54:20,188 - RECEIVED: Message from VM 1 with logical time 78 | Added to queue (now size: 2)
2025-03-03 14:54:20,406 - PROCESSED: Message from VM 2 | Remaining queue size: 1 | Updated logical clock: 79
2025-03-03 14:54:20,439 - RECEIVED: Message from VM 1 with logical time 79 | Added to queue (now size: 2)
2025-03-03 14:54:20,740 - PROCESSED: Message from VM 1 | Remaining queue size: 1 | Updated logical clock: 80
2025-03-03 14:54:20,942 - RECEIVED: Message from VM 1 with logical time 81 | Added to queue (now size: 2)
2025-03-03 14:54:21,074 - PROCESSED: Message from VM 1 | Remaining queue size: 1 | Updated logical clock: 81
2025-03-03 14:54:21,409 - PROCESSED: Message from VM 1 | Remaining queue size: 0 | Updated logical clock: 82
2025-03-03 14:54:21,444 - RECEIVED: Message from VM 1 with logical time 83 | Added to queue (now size: 1)
2025-03-03 14:54:21,695 - RECEIVED: Message from VM 1 with logical time 84 | Added to queue (now size: 2)
2025-03-03 14:54:21,742 - PROCESSED: Message from VM 1 | Remaining queue size: 1 | Updated logical clock: 84
2025-03-03 14:54:22,077 - PROCESSED: Message from VM 1 | Remaining queue size: 0 | Updated logical clock: 85
2025-03-03 14:54:22,411 - SENT: Message to VM 1 at logical time 86
2025-03-03 14:54:22,411 - SENT: Message to VM 2 at logical time 86
2025-03-03 14:54:22,701 - RECEIVED: Message from VM 1 with logical time 88 | Added to queue (now size: 1)
2025-03-03 14:54:22,746 - PROCESSED: Message from VM 1 | Remaining queue size: 0 | Updated logical clock: 89
2025-03-03 14:54:23,081 - SENT: Message to VM 1 at logical time 90
2025-03-03 14:54:23,081 - SENT: Message to VM 2 at logical time 90
2025-03-03 14:54:23,416 - INTERNAL EVENT: Logical clock: 91
2025-03-03 14:54:23,454 - RECEIVED: Message from VM 2 with logical time 92 | Added to queue (now size: 1)
2025-03-03 14:54:23,750 - PROCESSED: Message from VM 2 | Remaining queue size: 0 | Updated logical clock: 93
2025-03-03 14:54:23,957 - RECEIVED: Message from VM 1 with logical time 94 | Added to queue (now size: 1)
2025-03-03 14:54:24,085 - PROCESSED: Message from VM 1 | Remaining queue size: 0 | Updated logical clock: 95
2025-03-03 14:54:24,208 - RECEIVED: Message from VM 1 with logical time 95 | Added to queue (now size: 1)
2025-03-03 14:54:24,419 - PROCESSED: Message from VM 1 | Remaining queue size: 0 | Updated logical clock: 96
2025-03-03 14:54:24,459 - RECEIVED: Message from VM 1 with logical time 96 | Added to queue (now size: 1)
2025-03-03 14:54:24,754 - PROCESSED: Message from VM 1 | Remaining queue size: 0 | Updated logical clock: 97
2025-03-03 14:54:24,961 - RECEIVED: Message from VM 1 with logical time 98 | Added to queue (now size: 1)
2025-03-03 14:54:25,088 - PROCESSED: Message from VM 1 | Remaining queue size: 0 | Updated logical clock: 99
2025-03-03 14:54:25,422 - SENT: Message to VM 1 at logical time 100
2025-03-03 14:54:25,423 - SENT: Message to VM 2 at logical time 100
2025-03-03 14:54:25,715 - RECEIVED: Message from VM 1 with logical time 102 | Added to queue (now size: 1)
2025-03-03 14:54:25,758 - PROCESSED: Message from VM 1 | Remaining queue size: 0 | Updated logical clock: 103
2025-03-03 14:54:26,093 - INTERNAL EVENT: Logical clock: 104
2025-03-03 14:54:26,217 - RECEIVED: Message from VM 1 with logical time 104 | Added to queue (now size: 1)
2025-03-03 14:54:26,427 - PROCESSED: Message from VM 1 | Remaining queue size: 0 | Updated logical clock: 105
2025-03-03 14:54:26,719 - RECEIVED: Message from VM 1 with logical time 106 | Added to queue (now size: 1)
2025-03-03 14:54:26,762 - PROCESSED: Message from VM 1 | Remaining queue size: 0 | Updated logical clock: 107
2025-03-03 14:54:26,971 - RECEIVED: Message from VM 1 with logical time 107 | Added to queue (now size: 1)
2025-03-03 14:54:27,096 - PROCESSED: Message from VM 1 | Remaining queue size: 0 | Updated logical clock: 108
2025-03-03 14:54:27,222 - RECEIVED: Message from VM 1 with logical time 108 | Added to queue (now size: 1)
2025-03-03 14:54:27,431 - PROCESSED: Message from VM 1 | Remaining queue size: 0 | Updated logical clock: 109
2025-03-03 14:54:27,473 - RECEIVED: Message from VM 1 with logical time 109 | Added to queue (now size: 1)
2025-03-03 14:54:27,765 - PROCESSED: Message from VM 1 | Remaining queue size: 0 | Updated logical clock: 110
2025-03-03 14:54:27,976 - RECEIVED: Message from VM 2 with logical time 111 | Added to queue (now size: 1)
2025-03-03 14:54:28,138 - PROCESSED: Message from VM 2 | Remaining queue size: 0 | Updated logical clock: 112
2025-03-03 14:54:28,472 - SENT: Message to VM 2 at logical time 113
2025-03-03 14:54:28,728 - RECEIVED: Message from VM 2 with logical time 115 | Added to queue (now size: 1)
2025-03-03 14:54:28,809 - PROCESSED: Message from VM 2 | Remaining queue size: 0 | Updated logical clock: 116
2025-03-03 14:54:29,144 - SENT: Message to VM 2 at logical time 117
2025-03-03 14:54:29,478 - SENT: Message to VM 1 at logical time 118
2025-03-03 14:54:29,478 - SENT: Message to VM 2 at logical time 118
2025-03-03 14:54:29,812 - SENT: Message to VM 1 at logical time 119
2025-03-03 14:54:30,147 - INTERNAL EVENT: Logical clock: 120
2025-03-03 14:54:30,233 - RECEIVED: Message from VM 1 with logical time 122 | Added to queue (now size: 1)
2025-03-03 14:54:30,233 - RECEIVED: Message from VM 2 with logical time 122 | Added to queue (now size: 2)
2025-03-03 14:54:30,481 - PROCESSED: Message from VM 1 | Remaining queue size: 1 | Updated logical clock: 123
2025-03-03 14:54:30,484 - RECEIVED: Message from VM 2 with logical time 123 | Added to queue (now size: 2)
2025-03-03 14:54:30,816 - PROCESSED: Message from VM 2 | Remaining queue size: 1 | Updated logical clock: 124
2025-03-03 14:54:31,150 - PROCESSED: Message from VM 2 | Remaining queue size: 0 | Updated logical clock: 125
2025-03-03 14:54:31,237 - RECEIVED: Message from VM 2 with logical time 126 | Added to queue (now size: 1)
2025-03-03 14:54:31,485 - PROCESSED: Message from VM 2 | Remaining queue size: 0 | Updated logical clock: 127
2025-03-03 14:54:31,739 - RECEIVED: Message from VM 1 with logical time 128 | Added to queue (now size: 1)
2025-03-03 14:54:31,819 - PROCESSED: Message from VM 1 | Remaining queue size: 0 | Updated logical clock: 129
2025-03-03 14:54:31,990 - RECEIVED: Message from VM 1 with logical time 129 | Added to queue (now size: 1)
2025-03-03 14:54:32,154 - PROCESSED: Message from VM 1 | Remaining queue size: 0 | Updated logical clock: 130
2025-03-03 14:54:32,241 - RECEIVED: Message from VM 1 with logical time 130 | Added to queue (now size: 1)
2025-03-03 14:54:32,488 - PROCESSED: Message from VM 1 | Remaining queue size: 0 | Updated logical clock: 131
2025-03-03 14:54:32,742 - RECEIVED: Message from VM 2 with logical time 132 | Added to queue (now size: 1)
2025-03-03 14:54:32,822 - PROCESSED: Message from VM 2 | Remaining queue size: 0 | Updated logical clock: 133
2025-03-03 14:54:33,157 - SENT: Message to VM 2 at logical time 134
2025-03-03 14:54:33,492 - SENT: Message to VM 1 at logical time 135
2025-03-03 14:54:33,746 - RECEIVED: Message from VM 1 with logical time 137 | Added to queue (now size: 1)
2025-03-03 14:54:33,826 - PROCESSED: Message from VM 1 | Remaining queue size: 0 | Updated logical clock: 138
2025-03-03 14:54:33,998 - RECEIVED: Message from VM 1 with logical time 138 | Added to queue (now size: 1)
2025-03-03 14:54:33,998 - RECEIVED: Message from VM 2 with logical time 137 | Added to queue (now size: 2)
2025-03-03 14:54:34,160 - PROCESSED: Message from VM 1 | Remaining queue size: 1 | Updated logical clock: 139
2025-03-03 14:54:34,249 - RECEIVED: Message from VM 2 with logical time 138 | Added to queue (now size: 2)
2025-03-03 14:54:34,495 - PROCESSED: Message from VM 2 | Remaining queue size: 1 | Updated logical clock: 140
2025-03-03 14:54:34,499 - RECEIVED: Message from VM 2 with logical time 139 | Added to queue (now size: 2)
2025-03-03 14:54:34,829 - PROCESSED: Message from VM 2 | Remaining queue size: 1 | Updated logical clock: 141
2025-03-03 14:54:35,002 - RECEIVED: Message from VM 1 with logical time 142 | Added to queue (now size: 2)
2025-03-03 14:54:35,163 - PROCESSED: Message from VM 2 | Remaining queue size: 1 | Updated logical clock: 142
2025-03-03 14:54:35,253 - RECEIVED: Message from VM 2 with logical time 143 | Added to queue (now size: 2)
2025-03-03 14:54:35,498 - PROCESSED: Message from VM 1 | Remaining queue size: 1 | Updated logical clock: 143
2025-03-03 14:54:35,504 - RECEIVED: Message from VM 2 with logical time 144 | Added to queue (now size: 2)
2025-03-03 14:54:35,755 - RECEIVED: Message from VM 2 with logical time 145 | Added to queue (now size: 3)
2025-03-03 14:54:35,832 - PROCESSED: Message from VM 2 | Remaining queue size: 2 | Updated logical clock: 144
2025-03-03 14:54:36,166 - PROCESSED: Message from VM 2 | Remaining queue size: 1 | Updated logical clock: 145
2025-03-03 14:54:36,257 - RECEIVED: Message from VM 1 with logical time 147 | Added to queue (now size: 2)
2025-03-03 14:54:36,501 - PROCESSED: Message from VM 2 | Remaining queue size: 1 | Updated logical clock: 146
2025-03-03 14:54:36,508 - RECEIVED: Message from VM 1 with logical time 148 | Added to queue (now size: 2)
2025-03-03 14:54:36,759 - RECEIVED: Message from VM 1 with logical time 149 | Added to queue (now size: 3)
2025-03-03 14:54:36,835 - PROCESSED: Message from VM 1 | Remaining queue size: 2 | Updated logical clock: 148
2025-03-03 14:54:37,009 - RECEIVED: Message from VM 1 with logical time 150 | Added to queue (now size: 3)
2025-03-03 14:54:37,169 - PROCESSED: Message from VM 1 | Remaining queue size: 2 | Updated logical clock: 149
2025-03-03 14:54:37,504 - PROCESSED: Message from VM 1 | Remaining queue size: 1 | Updated logical clock: 150
2025-03-03 14:54:37,838 - PROCESSED: Message from VM 1 | Remaining queue size: 0 | Updated logical clock: 151
2025-03-03 14:54:38,013 - RECEIVED: Message from VM 1 with logical time 154 | Added to queue (now size: 1)
2025-03-03 14:54:38,173 - PROCESSED: Message from VM 1 | Remaining queue size: 0 | Updated logical clock: 155
2025-03-03 14:54:38,265 - RECEIVED: Message from VM 1 with logical time 155 | Added to queue (now size: 1)
2025-03-03 14:54:38,507 - PROCESSED: Message from VM 1 | Remaining queue size: 0 | Updated logical clock: 156
2025-03-03 14:54:38,842 - INTERNAL EVENT: Logical clock: 157
2025-03-03 14:54:39,017 - RECEIVED: Message from VM 1 with logical time 158 | Added to queue (now size: 1)
2025-03-03 14:54:39,176 - PROCESSED: Message from VM 1 | Remaining queue size: 0 | Updated logical clock: 159
2025-03-03 14:54:39,268 - RECEIVED: Message from VM 2 with logical time 159 | Added to queue (now size: 1)
2025-03-03 14:54:39,511 - PROCESSED: Message from VM 2 | Remaining queue size: 0 | Updated logical clock: 160
2025-03-03 14:54:39,770 - RECEIVED: Message from VM 1 with logical time 161 | Added to queue (now size: 1)
2025-03-03 14:54:39,846 - PROCESSED: Message from VM 1 | Remaining queue size: 0 | Updated logical clock: 162
2025-03-03 14:54:40,021 - RECEIVED: Message from VM 1 with logical time 162 | Added to queue (now size: 1)
2025-03-03 14:54:40,180 - PROCESSED: Message from VM 1 | Remaining queue size: 0 | Updated logical clock: 163
2025-03-03 14:54:40,515 - SENT: Message to VM 1 at logical time 164
2025-03-03 14:54:40,515 - SENT: Message to VM 2 at logical time 164
2025-03-03 14:54:40,775 - RECEIVED: Message from VM 1 with logical time 166 | Added to queue (now size: 1)
2025-03-03 14:54:40,849 - PROCESSED: Message from VM 1 | Remaining queue size: 0 | Updated logical clock: 167
2025-03-03 14:54:41,026 - RECEIVED: Message from VM 1 with logical time 167 | Added to queue (now size: 1)
2025-03-03 14:54:41,183 - PROCESSED: Message from VM 1 | Remaining queue size: 0 | Updated logical clock: 168
2025-03-03 14:54:41,277 - RECEIVED: Message from VM 1 with logical time 168 | Added to queue (now size: 1)
2025-03-03 14:54:41,277 - RECEIVED: Message from VM 2 with logical time 168 | Added to queue (now size: 2)
2025-03-03 14:54:41,516 - PROCESSED: Message from VM 1 | Remaining queue size: 1 | Updated logical clock: 169
2025-03-03 14:54:41,528 - RECEIVED: Message from VM 2 with logical time 169 | Added to queue (now size: 2)
2025-03-03 14:54:41,779 - RECEIVED: Message from VM 2 with logical time 170 | Added to queue (now size: 3)
2025-03-03 14:54:41,851 - PROCESSED: Message from VM 2 | Remaining queue size: 2 | Updated logical clock: 170
2025-03-03 14:54:42,186 - PROCESSED: Message from VM 2 | Remaining queue size: 1 | Updated logical clock: 171
2025-03-03 14:54:42,281 - RECEIVED: Message from VM 1 with logical time 172 | Added to queue (now size: 2)
2025-03-03 14:54:42,281 - RECEIVED: Message from VM 2 with logical time 172 | Added to queue (now size: 3)
2025-03-03 14:54:42,520 - PROCESSED: Message from VM 2 | Remaining queue size: 2 | Updated logical clock: 172
2025-03-03 14:54:42,784 - RECEIVED: Message from VM 1 with logical time 174 | Added to queue (now size: 3)
2025-03-03 14:54:42,784 - RECEIVED: Message from VM 2 with logical time 174 | Added to queue (now size: 4)
2025-03-03 14:54:42,855 - PROCESSED: Message from VM 1 | Remaining queue size: 3 | Updated logical clock: 173
2025-03-03 14:54:43,035 - RECEIVED: Message from VM 1 with logical time 175 | Added to queue (now size: 4)
2025-03-03 14:54:43,189 - PROCESSED: Message from VM 2 | Remaining queue size: 3 | Updated logical clock: 174
2025-03-03 14:54:43,286 - RECEIVED: Message from VM 1 with logical time 176 | Added to queue (now size: 4)
2025-03-03 14:54:43,524 - PROCESSED: Message from VM 1 | Remaining queue size: 3 | Updated logical clock: 175
2025-03-03 14:54:43,537 - RECEIVED: Message from VM 2 with logical time 177 | Added to queue (now size: 4)
2025-03-03 14:54:43,859 - PROCESSED: Message from VM 2 | Remaining queue size: 3 | Updated logical clock: 176
2025-03-03 14:54:44,193 - PROCESSED: Message from VM 1 | Remaining queue size: 2 | Updated logical clock: 177
2025-03-03 14:54:44,527 - PROCESSED: Message from VM 1 | Remaining queue size: 1 | Updated logical clock: 178
2025-03-03 14:54:44,542 - RECEIVED: Message from VM 2 with logical time 181 | Added to queue (now size: 2)
2025-03-03 14:54:44,793 - RECEIVED: Message from VM 2 with logical time 182 | Added to queue (now size: 3)
2025-03-03 14:54:44,861 - PROCESSED: Message from VM 2 | Remaining queue size: 2 | Updated logical clock: 179
2025-03-03 14:54:45,043 - RECEIVED: Message from VM 2 with logical time 183 | Added to queue (now size: 3)
2025-03-03 14:54:45,196 - PROCESSED: Message from VM 2 | Remaining queue size: 2 | Updated logical clock: 182
2025-03-03 14:54:45,295 - RECEIVED: Message from VM 2 with logical time 184 | Added to queue (now size: 3)
2025-03-03 14:54:45,530 - PROCESSED: Message from VM 2 | Remaining queue size: 2 | Updated logical clock: 183
2025-03-03 14:54:45,797 - RECEIVED: Message from VM 1 with logical time 186 | Added to queue (now size: 3)
2025-03-03 14:54:45,797 - RECEIVED: Message from VM 2 with logical time 186 | Added to queue (now size: 4)
2025-03-03 14:54:45,865 - PROCESSED: Message from VM 2 | Remaining queue size: 3 | Updated logical clock: 184
2025-03-03 14:54:46,199 - PROCESSED: Message from VM 2 | Remaining queue size: 2 | Updated logical clock: 185
2025-03-03 14:54:46,300 - RECEIVED: Message from VM 2 with logical time 188 | Added to queue (now size: 3)
2025-03-03 14:54:46,534 - PROCESSED: Message from VM 1 | Remaining queue size: 2 | Updated logical clock: 187
2025-03-03 14:54:46,551 - RECEIVED: Message from VM 1 with logical time 189 | Added to queue (now size: 3)
2025-03-03 14:54:46,868 - PROCESSED: Message from VM 2 | Remaining queue size: 2 | Updated logical clock: 188
2025-03-03 14:54:47,054 - RECEIVED: Message from VM 1 with logical time 191 | Added to queue (now size: 3)
2025-03-03 14:54:47,203 - PROCESSED: Message from VM 2 | Remaining queue size: 2 | Updated logical clock: 189
2025-03-03 14:54:47,305 - RECEIVED: Message from VM 2 with logical time 192 | Added to queue (now size: 3)
2025-03-03 14:54:47,538 - PROCESSED: Message from VM 1 | Remaining queue size: 2 | Updated logical clock: 190
2025-03-03 14:54:47,806 - RECEIVED: Message from VM 1 with logical time 194 | Added to queue (now size: 3)
2025-03-03 14:54:47,872 - PROCESSED: Message from VM 1 | Remaining queue size: 2 | Updated logical clock: 192
2025-03-03 14:54:48,058 - RECEIVED: Message from VM 1 with logical time 195 | Added to queue (now size: 3)
2025-03-03 14:54:48,207 - PROCESSED: Message from VM 2 | Remaining queue size: 2 | Updated logical clock: 193
2025-03-03 14:54:48,540 - PROCESSED: Message from VM 1 | Remaining queue size: 1 | Updated logical clock: 195
2025-03-03 14:54:48,560 - RECEIVED: Message from VM 2 with logical time 197 | Added to queue (now size: 2)
2025-03-03 14:54:48,875 - PROCESSED: Message from VM 1 | Remaining queue size: 1 | Updated logical clock: 196
2025-03-03 14:54:49,062 - RECEIVED: Message from VM 1 with logical time 199 | Added to queue (now size: 2)
2025-03-03 14:54:49,210 - PROCESSED: Message from VM 2 | Remaining queue size: 1 | Updated logical clock: 198
2025-03-03 14:54:49,544 - PROCESSED: Message from VM 1 | Remaining queue size: 0 | Updated logical clock: 200
2025-03-03 14:54:49,878 - SENT: Message to VM 1 at logical time 201
2025-03-03 14:54:50,213 - SENT: Message to VM 2 at logical time 202
2025-03-03 14:54:50,547 - INTERNAL EVENT: Logical clock: 203
2025-03-03 14:54:50,568 - RECEIVED: Message from VM 1 with logical time 205 | Added to queue (now size: 1)
2025-03-03 14:54:50,882 - PROCESSED: Message from VM 1 | Remaining queue size: 0 | Updated logical clock: 206
2025-03-03 14:54:51,070 - RECEIVED: Message from VM 1 with logical time 207 | Added to queue (now size: 1)
2025-03-03 14:54:51,216 - PROCESSED: Message from VM 1 | Remaining queue size: 0 | Updated logical clock: 208
2025-03-03 14:54:51,551 - INTERNAL EVENT: Logical clock: 209
2025-03-03 14:54:51,572 - RECEIVED: Message from VM 1 with logical time 209 | Added to queue (now size: 1)
2025-03-03 14:54:51,885 - PROCESSED: Message from VM 1 | Remaining queue size: 0 | Updated logical clock: 210
2025-03-03 14:54:52,075 - RECEIVED: Message from VM 1 with logical time 211 | Added to queue (now size: 1)
2025-03-03 14:54:52,075 - RECEIVED: Message from VM 2 with logical time 211 | Added to queue (now size: 2)
2025-03-03 14:54:52,219 - PROCESSED: Message from VM 1 | Remaining queue size: 1 | Updated logical clock: 212
2025-03-03 14:54:52,554 - PROCESSED: Message from VM 2 | Remaining queue size: 0 | Updated logical clock: 213
2025-03-03 14:54:52,578 - RECEIVED: Message from VM 1 with logical time 213 | Added to queue (now size: 1)
2025-03-03 14:54:52,578 - RECEIVED: Message from VM 2 with logical time 213 | Added to queue (now size: 2)
2025-03-03 14:54:52,889 - PROCESSED: Message from VM 1 | Remaining queue size: 1 | Updated logical clock: 214
2025-03-03 14:54:53,080 - RECEIVED: Message from VM 1 with logical time 215 | Added to queue (now size: 2)
2025-03-03 14:54:53,080 - RECEIVED: Message from VM 2 with logical time 215 | Added to queue (now size: 3)
2025-03-03 14:54:53,223 - PROCESSED: Message from VM 2 | Remaining queue size: 2 | Updated logical clock: 215
2025-03-03 14:54:53,331 - RECEIVED: Message from VM 2 with logical time 216 | Added to queue (now size: 3)
2025-03-03 14:54:53,558 - PROCESSED: Message from VM 1 | Remaining queue size: 2 | Updated logical clock: 216
2025-03-03 14:54:53,893 - PROCESSED: Message from VM 2 | Remaining queue size: 1 | Updated logical clock: 217
2025-03-03 14:54:54,227 - PROCESSED: Message from VM 2 | Remaining queue size: 0 | Updated logical clock: 218
2025-03-03 14:54:54,561 - SENT: Message to VM 1 at logical time 219
2025-03-03 14:54:54,836 - RECEIVED: Message from VM 2 with logical time 222 | Added to queue (now size: 1)
2025-03-03 14:54:54,896 - PROCESSED: Message from VM 2 | Remaining queue size: 0 | Updated logical clock: 223
2025-03-03 14:54:55,088 - RECEIVED: Message from VM 1 with logical time 223 | Added to queue (now size: 1)
2025-03-03 14:54:55,088 - RECEIVED: Message from VM 2 with logical time 223 | Added to queue (now size: 2)
2025-03-03 14:54:55,230 - PROCESSED: Message from VM 1 | Remaining queue size: 1 | Updated logical clock: 224
2025-03-03 14:54:55,565 - PROCESSED: Message from VM 2 | Remaining queue size: 0 | Updated logical clock: 225
2025-03-03 14:54:55,590 - RECEIVED: Message from VM 1 with logical time 225 | Added to queue (now size: 1)
2025-03-03 14:54:55,590 - RECEIVED: Message from VM 2 with logical time 225 | Added to queue (now size: 2)
2025-03-03 14:54:55,841 - RECEIVED: Message from VM 1 with logical time 226 | Added to queue (now size: 3)
2025-03-03 14:54:55,841 - RECEIVED: Message from VM 2 with logical time 226 | Added to queue (now size: 4)
2025-03-03 14:54:55,899 - PROCESSED: Message from VM 1 | Remaining queue size: 3 | Updated logical clock: 226
2025-03-03 14:54:56,234 - PROCESSED: Message from VM 2 | Remaining queue size: 2 | Updated logical clock: 227
2025-03-03 14:54:56,569 - PROCESSED: Message from VM 1 | Remaining queue size: 1 | Updated logical clock: 228
2025-03-03 14:54:56,903 - PROCESSED: Message from VM 2 | Remaining queue size: 0 | Updated logical clock: 229
2025-03-03 14:54:57,238 - SENT: Message to VM 2 at logical time 230
2025-03-03 14:54:57,572 - SENT: Message to VM 1 at logical time 231
2025-03-03 14:54:57,572 - SENT: Message to VM 2 at logical time 231
2025-03-03 14:54:57,849 - RECEIVED: Message from VM 2 with logical time 234 | Added to queue (now size: 1)
2025-03-03 14:54:57,907 - PROCESSED: Message from VM 2 | Remaining queue size: 0 | Updated logical clock: 235
2025-03-03 14:54:58,240 - SENT: Message to VM 2 at logical time 236
2025-03-03 14:54:58,575 - SENT: Message to VM 1 at logical time 237
2025-03-03 14:54:58,853 - RECEIVED: Message from VM 1 with logical time 239 | Added to queue (now size: 1)
2025-03-03 14:54:58,910 - PROCESSED: Message from VM 1 | Remaining queue size: 0 | Updated logical clock: 240
2025-03-03 14:54:59,244 - SENT: Message to VM 2 at logical time 241
2025-03-03 14:54:59,355 - RECEIVED: Message from VM 1 with logical time 241 | Added to queue (now size: 1)
2025-03-03 14:54:59,578 - PROCESSED: Message from VM 1 | Remaining queue size: 0 | Updated logical clock: 242
2025-03-03 14:54:59,607 - RECEIVED: Message from VM 1 with logical time 242 | Added to queue (now size: 1)
2025-03-03 14:54:59,607 - RECEIVED: Message from VM 2 with logical time 243 | Added to queue (now size: 2)
2025-03-03 14:54:59,913 - PROCESSED: Message from VM 1 | Remaining queue size: 1 | Updated logical clock: 243
