2025-03-03 14:54:00,341 - Initialized VM 2 with clock rate 4 ticks/second
2025-03-03 14:54:00,342 - Server started on 127.0.0.1:5002
2025-03-03 14:54:01,344 - Connected to VM 0
2025-03-03 14:54:01,344 - Connected to VM 1
2025-03-03 14:54:01,596 - SENT: Message to VM 0 at logical time 1
2025-03-03 14:54:01,596 - SENT: Message to VM 1 at logical time 1
2025-03-03 14:54:01,596 - RECEIVED: Message from VM 1 with logical time 1 | Added to queue (now size: 1)
2025-03-03 14:54:01,847 - PROCESSED: Message from VM 1 | Remaining queue size: 0 | Updated logical clock: 2
2025-03-03 14:54:02,013 - RECEIVED: Message from VM 0 with logical time 3 | Added to queue (now size: 1)
2025-03-03 14:54:02,098 - PROCESSED: Message from VM 0 | Remaining queue size: 0 | Updated logical clock: 4
2025-03-03 14:54:02,347 - RECEIVED: Message from VM 0 with logical time 4 | Added to queue (now size: 1)
2025-03-03 14:54:02,348 - PROCESSED: Message from VM 0 | Remaining queue size: 0 | Updated logical clock: 5
2025-03-03 14:54:02,599 - INTERNAL EVENT: Logical clock: 6
2025-03-03 14:54:02,600 - RECEIVED: Message from VM 1 with logical time 6 | Added to queue (now size: 1)
2025-03-03 14:54:02,682 - RECEIVED: Message from VM 0 with logical time 5 | Added to queue (now size: 2)
2025-03-03 14:54:02,850 - PROCESSED: Message from VM 1 | Remaining queue size: 1 | Updated logical clock: 7
2025-03-03 14:54:03,101 - PROCESSED: Message from VM 0 | Remaining queue size: 0 | Updated logical clock: 8
2025-03-03 14:54:03,350 - RECEIVED: Message from VM 0 with logical time 7 | Added to queue (now size: 1)
2025-03-03 14:54:03,351 - PROCESSED: Message from VM 0 | Remaining queue size: 0 | Updated logical clock: 9
2025-03-03 14:54:03,352 - RECEIVED: Message from VM 1 with logical time 9 | Added to queue (now size: 1)
2025-03-03 14:54:03,603 - PROCESSED: Message from VM 1 | Remaining queue size: 0 | Updated logical clock: 10
2025-03-03 14:54:03,854 - INTERNAL EVENT: Logical clock: 11
2025-03-03 14:54:03,854 - RECEIVED: Message from VM 1 with logical time 11 | Added to queue (now size: 1)
2025-03-03 14:54:04,105 - PROCESSED: Message from VM 1 | Remaining queue size: 0 | Updated logical clock: 12
2025-03-03 14:54:04,105 - RECEIVED: Message from VM 1 with logical time 12 | Added to queue (now size: 1)
2025-03-03 14:54:04,355 - PROCESSED: Message from VM 1 | Remaining queue size: 0 | Updated logical clock: 13
2025-03-03 14:54:04,607 - INTERNAL EVENT: Logical clock: 14
2025-03-03 14:54:04,607 - RECEIVED: Message from VM 1 with logical time 14 | Added to queue (now size: 1)
2025-03-03 14:54:04,688 - RECEIVED: Message from VM 0 with logical time 14 | Added to queue (now size: 2)
2025-03-03 14:54:04,858 - PROCESSED: Message from VM 1 | Remaining queue size: 1 | Updated logical clock: 15
2025-03-03 14:54:05,023 - RECEIVED: Message from VM 0 with logical time 15 | Added to queue (now size: 2)
2025-03-03 14:54:05,109 - PROCESSED: Message from VM 0 | Remaining queue size: 1 | Updated logical clock: 16
2025-03-03 14:54:05,358 - RECEIVED: Message from VM 0 with logical time 16 | Added to queue (now size: 2)
2025-03-03 14:54:05,359 - PROCESSED: Message from VM 0 | Remaining queue size: 1 | Updated logical clock: 17
2025-03-03 14:54:05,611 - PROCESSED: Message from VM 0 | Remaining queue size: 0 | Updated logical clock: 18
2025-03-03 14:54:05,692 - RECEIVED: Message from VM 0 with logical time 17 | Added to queue (now size: 1)
2025-03-03 14:54:05,862 - PROCESSED: Message from VM 0 | Remaining queue size: 0 | Updated logical clock: 19
2025-03-03 14:54:06,027 - RECEIVED: Message from VM 0 with logical time 18 | Added to queue (now size: 1)
2025-03-03 14:54:06,113 - PROCESSED: Message from VM 0 | Remaining queue size: 0 | Updated logical clock: 20
2025-03-03 14:54:06,363 - INTERNAL EVENT: Logical clock: 21
2025-03-03 14:54:06,615 - INTERNAL EVENT: Logical clock: 22
2025-03-03 14:54:06,866 - SENT: Message to VM 0 at logical time 23
2025-03-03 14:54:07,116 - INTERNAL EVENT: Logical clock: 24
2025-03-03 14:54:07,366 - SENT: Message to VM 0 at logical time 25
2025-03-03 14:54:07,618 - SENT: Message to VM 1 at logical time 26
2025-03-03 14:54:07,869 - SENT: Message to VM 0 at logical time 27
2025-03-03 14:54:08,120 - SENT: Message to VM 1 at logical time 28
2025-03-03 14:54:08,120 - RECEIVED: Message from VM 1 with logical time 28 | Added to queue (now size: 1)
2025-03-03 14:54:08,371 - PROCESSED: Message from VM 1 | Remaining queue size: 0 | Updated logical clock: 29
2025-03-03 14:54:08,622 - SENT: Message to VM 0 at logical time 30
2025-03-03 14:54:08,873 - INTERNAL EVENT: Logical clock: 31
2025-03-03 14:54:09,124 - INTERNAL EVENT: Logical clock: 32
2025-03-03 14:54:09,125 - RECEIVED: Message from VM 1 with logical time 32 | Added to queue (now size: 1)
2025-03-03 14:54:09,375 - PROCESSED: Message from VM 1 | Remaining queue size: 0 | Updated logical clock: 33
2025-03-03 14:54:09,375 - RECEIVED: Message from VM 1 with logical time 33 | Added to queue (now size: 1)
2025-03-03 14:54:09,625 - PROCESSED: Message from VM 1 | Remaining queue size: 0 | Updated logical clock: 34
2025-03-03 14:54:09,877 - SENT: Message to VM 1 at logical time 35
2025-03-03 14:54:09,877 - RECEIVED: Message from VM 1 with logical time 35 | Added to queue (now size: 1)
2025-03-03 14:54:10,128 - PROCESSED: Message from VM 1 | Remaining queue size: 0 | Updated logical clock: 36
2025-03-03 14:54:10,375 - RECEIVED: Message from VM 0 with logical time 36 | Added to queue (now size: 1)
2025-03-03 14:54:10,378 - PROCESSED: Message from VM 0 | Remaining queue size: 0 | Updated logical clock: 37
2025-03-03 14:54:10,629 - INTERNAL EVENT: Logical clock: 38
2025-03-03 14:54:10,629 - RECEIVED: Message from VM 1 with logical time 38 | Added to queue (now size: 1)
2025-03-03 14:54:10,880 - PROCESSED: Message from VM 1 | Remaining queue size: 0 | Updated logical clock: 39
2025-03-03 14:54:10,881 - RECEIVED: Message from VM 1 with logical time 39 | Added to queue (now size: 1)
2025-03-03 14:54:11,132 - PROCESSED: Message from VM 1 | Remaining queue size: 0 | Updated logical clock: 40
2025-03-03 14:54:11,132 - RECEIVED: Message from VM 1 with logical time 40 | Added to queue (now size: 1)
2025-03-03 14:54:11,382 - PROCESSED: Message from VM 1 | Remaining queue size: 0 | Updated logical clock: 41
2025-03-03 14:54:11,382 - RECEIVED: Message from VM 1 with logical time 41 | Added to queue (now size: 1)
2025-03-03 14:54:11,634 - PROCESSED: Message from VM 1 | Remaining queue size: 0 | Updated logical clock: 42
2025-03-03 14:54:11,885 - SENT: Message to VM 1 at logical time 43
2025-03-03 14:54:11,885 - RECEIVED: Message from VM 1 with logical time 43 | Added to queue (now size: 1)
2025-03-03 14:54:12,136 - PROCESSED: Message from VM 1 | Remaining queue size: 0 | Updated logical clock: 44
2025-03-03 14:54:12,382 - RECEIVED: Message from VM 0 with logical time 45 | Added to queue (now size: 1)
2025-03-03 14:54:12,387 - PROCESSED: Message from VM 0 | Remaining queue size: 0 | Updated logical clock: 46
2025-03-03 14:54:12,638 - SENT: Message to VM 1 at logical time 47
2025-03-03 14:54:12,638 - RECEIVED: Message from VM 1 with logical time 47 | Added to queue (now size: 1)
2025-03-03 14:54:12,889 - PROCESSED: Message from VM 1 | Remaining queue size: 0 | Updated logical clock: 48
2025-03-03 14:54:13,140 - SENT: Message to VM 0 at logical time 49
2025-03-03 14:54:13,390 - SENT: Message to VM 1 at logical time 50
2025-03-03 14:54:13,391 - RECEIVED: Message from VM 1 with logical time 51 | Added to queue (now size: 1)
2025-03-03 14:54:13,641 - PROCESSED: Message from VM 1 | Remaining queue size: 0 | Updated logical clock: 52
2025-03-03 14:54:13,893 - SENT: Message to VM 0 at logical time 53
2025-03-03 14:54:13,893 - RECEIVED: Message from VM 1 with logical time 53 | Added to queue (now size: 1)
2025-03-03 14:54:14,144 - PROCESSED: Message from VM 1 | Remaining queue size: 0 | Updated logical clock: 54
2025-03-03 14:54:14,395 - INTERNAL EVENT: Logical clock: 55
2025-03-03 14:54:14,646 - INTERNAL EVENT: Logical clock: 56
2025-03-03 14:54:14,897 - SENT: Message to VM 1 at logical time 57
2025-03-03 14:54:14,898 - RECEIVED: Message from VM 1 with logical time 57 | Added to queue (now size: 1)
2025-03-03 14:54:15,149 - PROCESSED: Message from VM 1 | Remaining queue size: 0 | Updated logical clock: 58
2025-03-03 14:54:15,400 - SENT: Message to VM 0 at logical time 59
2025-03-03 14:54:15,400 - SENT: Message to VM 1 at logical time 59
2025-03-03 14:54:15,400 - RECEIVED: Message from VM 1 with logical time 59 | Added to queue (now size: 1)
2025-03-03 14:54:15,651 - PROCESSED: Message from VM 1 | Remaining queue size: 0 | Updated logical clock: 60
2025-03-03 14:54:15,903 - SENT: Message to VM 0 at logical time 61
2025-03-03 14:54:15,903 - SENT: Message to VM 1 at logical time 61
2025-03-03 14:54:16,154 - INTERNAL EVENT: Logical clock: 62
2025-03-03 14:54:16,405 - SENT: Message to VM 0 at logical time 63
2025-03-03 14:54:16,405 - SENT: Message to VM 1 at logical time 63
2025-03-03 14:54:16,405 - RECEIVED: Message from VM 1 with logical time 63 | Added to queue (now size: 1)
2025-03-03 14:54:16,656 - PROCESSED: Message from VM 1 | Remaining queue size: 0 | Updated logical clock: 64
2025-03-03 14:54:16,908 - SENT: Message to VM 0 at logical time 65
2025-03-03 14:54:16,908 - RECEIVED: Message from VM 1 with logical time 65 | Added to queue (now size: 1)
2025-03-03 14:54:17,159 - PROCESSED: Message from VM 1 | Remaining queue size: 0 | Updated logical clock: 66
2025-03-03 14:54:17,159 - RECEIVED: Message from VM 1 with logical time 66 | Added to queue (now size: 1)
2025-03-03 14:54:17,409 - PROCESSED: Message from VM 1 | Remaining queue size: 0 | Updated logical clock: 67
2025-03-03 14:54:17,409 - RECEIVED: Message from VM 1 with logical time 67 | Added to queue (now size: 1)
2025-03-03 14:54:17,660 - PROCESSED: Message from VM 1 | Remaining queue size: 0 | Updated logical clock: 68
2025-03-03 14:54:17,911 - INTERNAL EVENT: Logical clock: 69
2025-03-03 14:54:17,911 - RECEIVED: Message from VM 1 with logical time 69 | Added to queue (now size: 1)
2025-03-03 14:54:18,162 - PROCESSED: Message from VM 1 | Remaining queue size: 0 | Updated logical clock: 70
2025-03-03 14:54:18,399 - RECEIVED: Message from VM 0 with logical time 69 | Added to queue (now size: 1)
2025-03-03 14:54:18,413 - PROCESSED: Message from VM 0 | Remaining queue size: 0 | Updated logical clock: 71
2025-03-03 14:54:18,681 - SENT: Message to VM 1 at logical time 72
2025-03-03 14:54:18,932 - SENT: Message to VM 0 at logical time 73
2025-03-03 14:54:19,183 - SENT: Message to VM 0 at logical time 74
2025-03-03 14:54:19,183 - SENT: Message to VM 1 at logical time 74
2025-03-03 14:54:19,434 - SENT: Message to VM 0 at logical time 75
2025-03-03 14:54:19,434 - SENT: Message to VM 1 at logical time 75
2025-03-03 14:54:19,685 - INTERNAL EVENT: Logical clock: 76
2025-03-03 14:54:19,937 - SENT: Message to VM 0 at logical time 77
2025-03-03 14:54:19,937 - RECEIVED: Message from VM 1 with logical time 77 | Added to queue (now size: 1)
2025-03-03 14:54:20,188 - PROCESSED: Message from VM 1 | Remaining queue size: 0 | Updated logical clock: 78
2025-03-03 14:54:20,188 - RECEIVED: Message from VM 1 with logical time 78 | Added to queue (now size: 1)
2025-03-03 14:54:20,439 - PROCESSED: Message from VM 1 | Remaining queue size: 0 | Updated logical clock: 79
2025-03-03 14:54:20,439 - RECEIVED: Message from VM 1 with logical time 79 | Added to queue (now size: 1)
2025-03-03 14:54:20,691 - PROCESSED: Message from VM 1 | Remaining queue size: 0 | Updated logical clock: 80
2025-03-03 14:54:20,691 - RECEIVED: Message from VM 1 with logical time 80 | Added to queue (now size: 1)
2025-03-03 14:54:20,942 - PROCESSED: Message from VM 1 | Remaining queue size: 0 | Updated logical clock: 81
2025-03-03 14:54:20,942 - RECEIVED: Message from VM 1 with logical time 81 | Added to queue (now size: 1)
2025-03-03 14:54:21,193 - PROCESSED: Message from VM 1 | Remaining queue size: 0 | Updated logical clock: 82
2025-03-03 14:54:21,193 - RECEIVED: Message from VM 1 with logical time 82 | Added to queue (now size: 1)
2025-03-03 14:54:21,444 - PROCESSED: Message from VM 1 | Remaining queue size: 0 | Updated logical clock: 83
2025-03-03 14:54:21,444 - RECEIVED: Message from VM 1 with logical time 83 | Added to queue (now size: 1)
2025-03-03 14:54:21,695 - PROCESSED: Message from VM 1 | Remaining queue size: 0 | Updated logical clock: 84
2025-03-03 14:54:21,696 - RECEIVED: Message from VM 1 with logical time 84 | Added to queue (now size: 1)
2025-03-03 14:54:21,947 - PROCESSED: Message from VM 1 | Remaining queue size: 0 | Updated logical clock: 85
2025-03-03 14:54:22,198 - INTERNAL EVENT: Logical clock: 86
2025-03-03 14:54:22,198 - RECEIVED: Message from VM 1 with logical time 86 | Added to queue (now size: 1)
2025-03-03 14:54:22,412 - RECEIVED: Message from VM 0 with logical time 86 | Added to queue (now size: 2)
2025-03-03 14:54:22,449 - PROCESSED: Message from VM 1 | Remaining queue size: 1 | Updated logical clock: 87
2025-03-03 14:54:22,700 - PROCESSED: Message from VM 0 | Remaining queue size: 0 | Updated logical clock: 88
2025-03-03 14:54:22,701 - RECEIVED: Message from VM 1 with logical time 88 | Added to queue (now size: 1)
2025-03-03 14:54:22,951 - PROCESSED: Message from VM 1 | Remaining queue size: 0 | Updated logical clock: 89
2025-03-03 14:54:23,082 - RECEIVED: Message from VM 0 with logical time 90 | Added to queue (now size: 1)
2025-03-03 14:54:23,203 - PROCESSED: Message from VM 0 | Remaining queue size: 0 | Updated logical clock: 91
2025-03-03 14:54:23,454 - SENT: Message to VM 0 at logical time 92
2025-03-03 14:54:23,454 - SENT: Message to VM 1 at logical time 92
2025-03-03 14:54:23,454 - RECEIVED: Message from VM 1 with logical time 92 | Added to queue (now size: 1)
2025-03-03 14:54:23,705 - PROCESSED: Message from VM 1 | Remaining queue size: 0 | Updated logical clock: 93
2025-03-03 14:54:23,957 - INTERNAL EVENT: Logical clock: 94
2025-03-03 14:54:23,957 - RECEIVED: Message from VM 1 with logical time 94 | Added to queue (now size: 1)
2025-03-03 14:54:24,208 - PROCESSED: Message from VM 1 | Remaining queue size: 0 | Updated logical clock: 95
2025-03-03 14:54:24,459 - SENT: Message to VM 1 at logical time 96
2025-03-03 14:54:24,459 - RECEIVED: Message from VM 1 with logical time 96 | Added to queue (now size: 1)
2025-03-03 14:54:24,709 - PROCESSED: Message from VM 1 | Remaining queue size: 0 | Updated logical clock: 97
2025-03-03 14:54:24,961 - SENT: Message to VM 1 at logical time 98
2025-03-03 14:54:25,212 - INTERNAL EVENT: Logical clock: 99
2025-03-03 14:54:25,423 - RECEIVED: Message from VM 0 with logical time 100 | Added to queue (now size: 1)
2025-03-03 14:54:25,463 - PROCESSED: Message from VM 0 | Remaining queue size: 0 | Updated logical clock: 101
2025-03-03 14:54:25,715 - SENT: Message to VM 1 at logical time 102
2025-03-03 14:54:25,715 - RECEIVED: Message from VM 1 with logical time 102 | Added to queue (now size: 1)
2025-03-03 14:54:25,966 - PROCESSED: Message from VM 1 | Remaining queue size: 0 | Updated logical clock: 103
2025-03-03 14:54:26,217 - SENT: Message to VM 1 at logical time 104
2025-03-03 14:54:26,217 - RECEIVED: Message from VM 1 with logical time 104 | Added to queue (now size: 1)
2025-03-03 14:54:26,468 - PROCESSED: Message from VM 1 | Remaining queue size: 0 | Updated logical clock: 105
2025-03-03 14:54:26,719 - INTERNAL EVENT: Logical clock: 106
2025-03-03 14:54:26,971 - INTERNAL EVENT: Logical clock: 107
2025-03-03 14:54:26,971 - RECEIVED: Message from VM 1 with logical time 107 | Added to queue (now size: 1)
2025-03-03 14:54:27,222 - PROCESSED: Message from VM 1 | Remaining queue size: 0 | Updated logical clock: 108
2025-03-03 14:54:27,473 - SENT: Message to VM 1 at logical time 109
2025-03-03 14:54:27,724 - INTERNAL EVENT: Logical clock: 110
2025-03-03 14:54:27,975 - SENT: Message to VM 0 at logical time 111
2025-03-03 14:54:27,975 - SENT: Message to VM 1 at logical time 111
2025-03-03 14:54:27,976 - RECEIVED: Message from VM 1 with logical time 111 | Added to queue (now size: 1)
2025-03-03 14:54:28,227 - PROCESSED: Message from VM 1 | Remaining queue size: 0 | Updated logical clock: 112
2025-03-03 14:54:28,472 - RECEIVED: Message from VM 0 with logical time 113 | Added to queue (now size: 1)
2025-03-03 14:54:28,477 - PROCESSED: Message from VM 0 | Remaining queue size: 0 | Updated logical clock: 114
2025-03-03 14:54:28,728 - SENT: Message to VM 0 at logical time 115
2025-03-03 14:54:28,978 - SENT: Message to VM 1 at logical time 116
2025-03-03 14:54:29,144 - RECEIVED: Message from VM 0 with logical time 117 | Added to queue (now size: 1)
2025-03-03 14:54:29,229 - PROCESSED: Message from VM 0 | Remaining queue size: 0 | Updated logical clock: 118
2025-03-03 14:54:29,478 - RECEIVED: Message from VM 0 with logical time 118 | Added to queue (now size: 1)
2025-03-03 14:54:29,479 - PROCESSED: Message from VM 0 | Remaining queue size: 0 | Updated logical clock: 119
2025-03-03 14:54:29,731 - INTERNAL EVENT: Logical clock: 120
2025-03-03 14:54:29,731 - RECEIVED: Message from VM 1 with logical time 120 | Added to queue (now size: 1)
2025-03-03 14:54:29,982 - PROCESSED: Message from VM 1 | Remaining queue size: 0 | Updated logical clock: 121
2025-03-03 14:54:30,233 - SENT: Message to VM 0 at logical time 122
2025-03-03 14:54:30,483 - SENT: Message to VM 0 at logical time 123
2025-03-03 14:54:30,483 - SENT: Message to VM 1 at logical time 123
2025-03-03 14:54:30,735 - SENT: Message to VM 1 at logical time 124
2025-03-03 14:54:30,986 - INTERNAL EVENT: Logical clock: 125
2025-03-03 14:54:31,237 - SENT: Message to VM 0 at logical time 126
2025-03-03 14:54:31,237 - RECEIVED: Message from VM 1 with logical time 126 | Added to queue (now size: 1)
2025-03-03 14:54:31,487 - PROCESSED: Message from VM 1 | Remaining queue size: 0 | Updated logical clock: 127
2025-03-03 14:54:31,488 - RECEIVED: Message from VM 1 with logical time 127 | Added to queue (now size: 1)
2025-03-03 14:54:31,739 - PROCESSED: Message from VM 1 | Remaining queue size: 0 | Updated logical clock: 128
2025-03-03 14:54:31,739 - RECEIVED: Message from VM 1 with logical time 128 | Added to queue (now size: 1)
2025-03-03 14:54:31,990 - PROCESSED: Message from VM 1 | Remaining queue size: 0 | Updated logical clock: 129
2025-03-03 14:54:31,990 - RECEIVED: Message from VM 1 with logical time 129 | Added to queue (now size: 1)
2025-03-03 14:54:32,240 - PROCESSED: Message from VM 1 | Remaining queue size: 0 | Updated logical clock: 130
2025-03-03 14:54:32,241 - RECEIVED: Message from VM 1 with logical time 130 | Added to queue (now size: 1)
2025-03-03 14:54:32,491 - PROCESSED: Message from VM 1 | Remaining queue size: 0 | Updated logical clock: 131
2025-03-03 14:54:32,742 - SENT: Message to VM 0 at logical time 132
2025-03-03 14:54:32,742 - RECEIVED: Message from VM 1 with logical time 132 | Added to queue (now size: 1)
2025-03-03 14:54:32,993 - PROCESSED: Message from VM 1 | Remaining queue size: 0 | Updated logical clock: 133
2025-03-03 14:54:32,994 - RECEIVED: Message from VM 1 with logical time 133 | Added to queue (now size: 1)
2025-03-03 14:54:33,157 - RECEIVED: Message from VM 0 with logical time 134 | Added to queue (now size: 2)
2025-03-03 14:54:33,245 - PROCESSED: Message from VM 1 | Remaining queue size: 1 | Updated logical clock: 134
2025-03-03 14:54:33,495 - PROCESSED: Message from VM 0 | Remaining queue size: 0 | Updated logical clock: 135
2025-03-03 14:54:33,746 - INTERNAL EVENT: Logical clock: 136
2025-03-03 14:54:33,998 - SENT: Message to VM 0 at logical time 137
2025-03-03 14:54:33,998 - SENT: Message to VM 1 at logical time 137
2025-03-03 14:54:34,249 - SENT: Message to VM 0 at logical time 138
2025-03-03 14:54:34,499 - SENT: Message to VM 0 at logical time 139
2025-03-03 14:54:34,499 - RECEIVED: Message from VM 1 with logical time 140 | Added to queue (now size: 1)
2025-03-03 14:54:34,751 - PROCESSED: Message from VM 1 | Remaining queue size: 0 | Updated logical clock: 141
2025-03-03 14:54:34,751 - RECEIVED: Message from VM 1 with logical time 141 | Added to queue (now size: 1)
2025-03-03 14:54:35,002 - PROCESSED: Message from VM 1 | Remaining queue size: 0 | Updated logical clock: 142
2025-03-03 14:54:35,253 - SENT: Message to VM 0 at logical time 143
2025-03-03 14:54:35,253 - SENT: Message to VM 1 at logical time 143
2025-03-03 14:54:35,503 - SENT: Message to VM 0 at logical time 144
2025-03-03 14:54:35,503 - SENT: Message to VM 1 at logical time 144
2025-03-03 14:54:35,755 - SENT: Message to VM 0 at logical time 145
2025-03-03 14:54:36,006 - INTERNAL EVENT: Logical clock: 146
2025-03-03 14:54:36,006 - RECEIVED: Message from VM 1 with logical time 146 | Added to queue (now size: 1)
2025-03-03 14:54:36,256 - PROCESSED: Message from VM 1 | Remaining queue size: 0 | Updated logical clock: 147
2025-03-03 14:54:36,257 - RECEIVED: Message from VM 1 with logical time 147 | Added to queue (now size: 1)
2025-03-03 14:54:36,507 - PROCESSED: Message from VM 1 | Remaining queue size: 0 | Updated logical clock: 148
2025-03-03 14:54:36,508 - RECEIVED: Message from VM 1 with logical time 148 | Added to queue (now size: 1)
2025-03-03 14:54:36,759 - PROCESSED: Message from VM 1 | Remaining queue size: 0 | Updated logical clock: 149
2025-03-03 14:54:36,759 - RECEIVED: Message from VM 1 with logical time 149 | Added to queue (now size: 1)
2025-03-03 14:54:37,009 - PROCESSED: Message from VM 1 | Remaining queue size: 0 | Updated logical clock: 150
2025-03-03 14:54:37,260 - SENT: Message to VM 1 at logical time 151
2025-03-03 14:54:37,511 - INTERNAL EVENT: Logical clock: 152
2025-03-03 14:54:37,762 - INTERNAL EVENT: Logical clock: 153
2025-03-03 14:54:37,762 - RECEIVED: Message from VM 1 with logical time 153 | Added to queue (now size: 1)
2025-03-03 14:54:38,013 - PROCESSED: Message from VM 1 | Remaining queue size: 0 | Updated logical clock: 154
2025-03-03 14:54:38,013 - RECEIVED: Message from VM 1 with logical time 154 | Added to queue (now size: 1)
2025-03-03 14:54:38,264 - PROCESSED: Message from VM 1 | Remaining queue size: 0 | Updated logical clock: 155
2025-03-03 14:54:38,265 - RECEIVED: Message from VM 1 with logical time 155 | Added to queue (now size: 1)
2025-03-03 14:54:38,516 - PROCESSED: Message from VM 1 | Remaining queue size: 0 | Updated logical clock: 156
2025-03-03 14:54:38,516 - RECEIVED: Message from VM 1 with logical time 156 | Added to queue (now size: 1)
2025-03-03 14:54:38,767 - PROCESSED: Message from VM 1 | Remaining queue size: 0 | Updated logical clock: 157
2025-03-03 14:54:38,767 - RECEIVED: Message from VM 1 with logical time 157 | Added to queue (now size: 1)
2025-03-03 14:54:39,017 - PROCESSED: Message from VM 1 | Remaining queue size: 0 | Updated logical clock: 158
2025-03-03 14:54:39,268 - SENT: Message to VM 0 at logical time 159
2025-03-03 14:54:39,268 - RECEIVED: Message from VM 1 with logical time 159 | Added to queue (now size: 1)
2025-03-03 14:54:39,519 - PROCESSED: Message from VM 1 | Remaining queue size: 0 | Updated logical clock: 160
2025-03-03 14:54:39,770 - INTERNAL EVENT: Logical clock: 161
2025-03-03 14:54:40,021 - SENT: Message to VM 1 at logical time 162
2025-03-03 14:54:40,021 - RECEIVED: Message from VM 1 with logical time 162 | Added to queue (now size: 1)
2025-03-03 14:54:40,272 - PROCESSED: Message from VM 1 | Remaining queue size: 0 | Updated logical clock: 163
2025-03-03 14:54:40,515 - RECEIVED: Message from VM 0 with logical time 164 | Added to queue (now size: 1)
2025-03-03 14:54:40,523 - PROCESSED: Message from VM 0 | Remaining queue size: 0 | Updated logical clock: 165
2025-03-03 14:54:40,774 - INTERNAL EVENT: Logical clock: 166
2025-03-03 14:54:41,026 - INTERNAL EVENT: Logical clock: 167
2025-03-03 14:54:41,277 - SENT: Message to VM 0 at logical time 168
2025-03-03 14:54:41,277 - SENT: Message to VM 1 at logical time 168
2025-03-03 14:54:41,528 - SENT: Message to VM 0 at logical time 169
2025-03-03 14:54:41,528 - SENT: Message to VM 1 at logical time 169
2025-03-03 14:54:41,779 - SENT: Message to VM 0 at logical time 170
2025-03-03 14:54:41,779 - SENT: Message to VM 1 at logical time 170
2025-03-03 14:54:42,030 - INTERNAL EVENT: Logical clock: 171
2025-03-03 14:54:42,281 - SENT: Message to VM 0 at logical time 172
2025-03-03 14:54:42,281 - SENT: Message to VM 1 at logical time 172
2025-03-03 14:54:42,532 - INTERNAL EVENT: Logical clock: 173
2025-03-03 14:54:42,784 - SENT: Message to VM 0 at logical time 174
2025-03-03 14:54:42,784 - RECEIVED: Message from VM 1 with logical time 174 | Added to queue (now size: 1)
2025-03-03 14:54:43,035 - PROCESSED: Message from VM 1 | Remaining queue size: 0 | Updated logical clock: 175
2025-03-03 14:54:43,286 - SENT: Message to VM 1 at logical time 176
2025-03-03 14:54:43,537 - SENT: Message to VM 0 at logical time 177
2025-03-03 14:54:43,537 - SENT: Message to VM 1 at logical time 177
2025-03-03 14:54:43,788 - SENT: Message to VM 1 at logical time 178
2025-03-03 14:54:44,040 - SENT: Message to VM 1 at logical time 179
2025-03-03 14:54:44,290 - SENT: Message to VM 1 at logical time 180
2025-03-03 14:54:44,542 - SENT: Message to VM 0 at logical time 181
2025-03-03 14:54:44,542 - SENT: Message to VM 1 at logical time 181
2025-03-03 14:54:44,793 - SENT: Message to VM 0 at logical time 182
2025-03-03 14:54:44,793 - SENT: Message to VM 1 at logical time 182
2025-03-03 14:54:45,043 - SENT: Message to VM 0 at logical time 183
2025-03-03 14:54:45,043 - SENT: Message to VM 1 at logical time 183
2025-03-03 14:54:45,294 - SENT: Message to VM 0 at logical time 184
2025-03-03 14:54:45,294 - SENT: Message to VM 1 at logical time 184
2025-03-03 14:54:45,545 - INTERNAL EVENT: Logical clock: 185
2025-03-03 14:54:45,797 - SENT: Message to VM 0 at logical time 186
2025-03-03 14:54:45,797 - RECEIVED: Message from VM 1 with logical time 186 | Added to queue (now size: 1)
2025-03-03 14:54:46,048 - PROCESSED: Message from VM 1 | Remaining queue size: 0 | Updated logical clock: 187
2025-03-03 14:54:46,299 - SENT: Message to VM 0 at logical time 188
2025-03-03 14:54:46,551 - INTERNAL EVENT: Logical clock: 189
2025-03-03 14:54:46,551 - RECEIVED: Message from VM 1 with logical time 189 | Added to queue (now size: 1)
2025-03-03 14:54:46,802 - PROCESSED: Message from VM 1 | Remaining queue size: 0 | Updated logical clock: 190
2025-03-03 14:54:46,802 - RECEIVED: Message from VM 1 with logical time 190 | Added to queue (now size: 1)
2025-03-03 14:54:47,053 - PROCESSED: Message from VM 1 | Remaining queue size: 0 | Updated logical clock: 191
2025-03-03 14:54:47,305 - SENT: Message to VM 0 at logical time 192
2025-03-03 14:54:47,305 - SENT: Message to VM 1 at logical time 192
2025-03-03 14:54:47,305 - RECEIVED: Message from VM 1 with logical time 192 | Added to queue (now size: 1)
2025-03-03 14:54:47,556 - PROCESSED: Message from VM 1 | Remaining queue size: 0 | Updated logical clock: 193
2025-03-03 14:54:47,806 - INTERNAL EVENT: Logical clock: 194
2025-03-03 14:54:47,807 - RECEIVED: Message from VM 1 with logical time 194 | Added to queue (now size: 1)
2025-03-03 14:54:48,058 - PROCESSED: Message from VM 1 | Remaining queue size: 0 | Updated logical clock: 195
2025-03-03 14:54:48,309 - SENT: Message to VM 1 at logical time 196
2025-03-03 14:54:48,560 - SENT: Message to VM 0 at logical time 197
2025-03-03 14:54:48,560 - SENT: Message to VM 1 at logical time 197
2025-03-03 14:54:48,811 - INTERNAL EVENT: Logical clock: 198
2025-03-03 14:54:49,062 - INTERNAL EVENT: Logical clock: 199
2025-03-03 14:54:49,062 - RECEIVED: Message from VM 1 with logical time 199 | Added to queue (now size: 1)
2025-03-03 14:54:49,313 - PROCESSED: Message from VM 1 | Remaining queue size: 0 | Updated logical clock: 200
2025-03-03 14:54:49,564 - INTERNAL EVENT: Logical clock: 201
2025-03-03 14:54:49,815 - SENT: Message to VM 1 at logical time 202
2025-03-03 14:54:50,066 - INTERNAL EVENT: Logical clock: 203
2025-03-03 14:54:50,213 - RECEIVED: Message from VM 0 with logical time 202 | Added to queue (now size: 1)
2025-03-03 14:54:50,317 - PROCESSED: Message from VM 0 | Remaining queue size: 0 | Updated logical clock: 204
2025-03-03 14:54:50,568 - SENT: Message to VM 1 at logical time 205
2025-03-03 14:54:50,568 - RECEIVED: Message from VM 1 with logical time 205 | Added to queue (now size: 1)
2025-03-03 14:54:50,819 - PROCESSED: Message from VM 1 | Remaining queue size: 0 | Updated logical clock: 206
2025-03-03 14:54:51,070 - INTERNAL EVENT: Logical clock: 207
2025-03-03 14:54:51,070 - RECEIVED: Message from VM 1 with logical time 207 | Added to queue (now size: 1)
2025-03-03 14:54:51,321 - PROCESSED: Message from VM 1 | Remaining queue size: 0 | Updated logical clock: 208
2025-03-03 14:54:51,321 - RECEIVED: Message from VM 1 with logical time 208 | Added to queue (now size: 1)
2025-03-03 14:54:51,572 - PROCESSED: Message from VM 1 | Remaining queue size: 0 | Updated logical clock: 209
2025-03-03 14:54:51,572 - RECEIVED: Message from VM 1 with logical time 209 | Added to queue (now size: 1)
2025-03-03 14:54:51,823 - PROCESSED: Message from VM 1 | Remaining queue size: 0 | Updated logical clock: 210
2025-03-03 14:54:52,075 - SENT: Message to VM 0 at logical time 211
2025-03-03 14:54:52,075 - SENT: Message to VM 1 at logical time 211
2025-03-03 14:54:52,075 - RECEIVED: Message from VM 1 with logical time 211 | Added to queue (now size: 1)
2025-03-03 14:54:52,326 - PROCESSED: Message from VM 1 | Remaining queue size: 0 | Updated logical clock: 212
2025-03-03 14:54:52,577 - SENT: Message to VM 0 at logical time 213
2025-03-03 14:54:52,578 - SENT: Message to VM 1 at logical time 213
2025-03-03 14:54:52,578 - RECEIVED: Message from VM 1 with logical time 213 | Added to queue (now size: 1)
2025-03-03 14:54:52,828 - PROCESSED: Message from VM 1 | Remaining queue size: 0 | Updated logical clock: 214
2025-03-03 14:54:53,080 - SENT: Message to VM 0 at logical time 215
2025-03-03 14:54:53,080 - SENT: Message to VM 1 at logical time 215
2025-03-03 14:54:53,331 - SENT: Message to VM 0 at logical time 216
2025-03-03 14:54:53,331 - SENT: Message to VM 1 at logical time 216
2025-03-03 14:54:53,582 - INTERNAL EVENT: Logical clock: 217
2025-03-03 14:54:53,833 - SENT: Message to VM 1 at logical time 218
2025-03-03 14:54:54,083 - INTERNAL EVENT: Logical clock: 219
2025-03-03 14:54:54,334 - INTERNAL EVENT: Logical clock: 220
2025-03-03 14:54:54,585 - SENT: Message to VM 1 at logical time 221
2025-03-03 14:54:54,836 - SENT: Message to VM 0 at logical time 222
2025-03-03 14:54:55,087 - SENT: Message to VM 0 at logical time 223
2025-03-03 14:54:55,087 - SENT: Message to VM 1 at logical time 223
2025-03-03 14:54:55,088 - RECEIVED: Message from VM 1 with logical time 223 | Added to queue (now size: 1)
2025-03-03 14:54:55,339 - PROCESSED: Message from VM 1 | Remaining queue size: 0 | Updated logical clock: 224
2025-03-03 14:54:55,590 - SENT: Message to VM 0 at logical time 225
2025-03-03 14:54:55,841 - SENT: Message to VM 0 at logical time 226
2025-03-03 14:54:55,841 - RECEIVED: Message from VM 1 with logical time 226 | Added to queue (now size: 1)
2025-03-03 14:54:56,091 - PROCESSED: Message from VM 1 | Remaining queue size: 0 | Updated logical clock: 227
2025-03-03 14:54:56,343 - INTERNAL EVENT: Logical clock: 228
2025-03-03 14:54:56,343 - RECEIVED: Message from VM 1 with logical time 228 | Added to queue (now size: 1)
2025-03-03 14:54:56,593 - PROCESSED: Message from VM 1 | Remaining queue size: 0 | Updated logical clock: 229
2025-03-03 14:54:56,844 - SENT: Message to VM 1 at logical time 230
2025-03-03 14:54:57,095 - INTERNAL EVENT: Logical clock: 231
2025-03-03 14:54:57,238 - RECEIVED: Message from VM 0 with logical time 230 | Added to queue (now size: 1)
2025-03-03 14:54:57,346 - PROCESSED: Message from VM 0 | Remaining queue size: 0 | Updated logical clock: 232
2025-03-03 14:54:57,573 - RECEIVED: Message from VM 0 with logical time 231 | Added to queue (now size: 1)
2025-03-03 14:54:57,597 - PROCESSED: Message from VM 0 | Remaining queue size: 0 | Updated logical clock: 233
2025-03-03 14:54:57,848 - SENT: Message to VM 0 at logical time 234
2025-03-03 14:54:57,849 - RECEIVED: Message from VM 1 with logical time 234 | Added to queue (now size: 1)
2025-03-03 14:54:58,100 - PROCESSED: Message from VM 1 | Remaining queue size: 0 | Updated logical clock: 235
2025-03-03 14:54:58,241 - RECEIVED: Message from VM 0 with logical time 236 | Added to queue (now size: 1)
2025-03-03 14:54:58,351 - PROCESSED: Message from VM 0 | Remaining queue size: 0 | Updated logical clock: 237
2025-03-03 14:54:58,351 - RECEIVED: Message from VM 1 with logical time 236 | Added to queue (now size: 1)
2025-03-03 14:54:58,602 - PROCESSED: Message from VM 1 | Remaining queue size: 0 | Updated logical clock: 238
2025-03-03 14:54:58,853 - SENT: Message to VM 1 at logical time 239
2025-03-03 14:54:59,104 - INTERNAL EVENT: Logical clock: 240
2025-03-03 14:54:59,244 - RECEIVED: Message from VM 0 with logical time 241 | Added to queue (now size: 1)
2025-03-03 14:54:59,355 - PROCESSED: Message from VM 0 | Remaining queue size: 0 | Updated logical clock: 242
2025-03-03 14:54:59,607 - SENT: Message to VM 0 at logical time 243
2025-03-03 14:54:59,858 - INTERNAL EVENT: Logical clock: 244
2025-03-03 14:55:00,109 - INTERNAL EVENT: Logical clock: 245
