2025-03-03 14:54:00,341 - Initialized VM 1 with clock rate 4 ticks/second
2025-03-03 14:54:00,342 - Server started on 127.0.0.1:5001
2025-03-03 14:54:01,343 - Connected to VM 0
2025-03-03 14:54:01,344 - Connected to VM 2
2025-03-03 14:54:01,595 - SENT: Message to VM 2 at logical time 1
2025-03-03 14:54:01,596 - RECEIVED: Message from VM 2 with logical time 1 | Added to queue (now size: 1)
2025-03-03 14:54:01,847 - PROCESSED: Message from VM 2 | Remaining queue size: 0 | Updated logical clock: 2
2025-03-03 14:54:02,098 - INTERNAL EVENT: Logical clock: 3
2025-03-03 14:54:02,347 - RECEIVED: Message from VM 0 with logical time 4 | Added to queue (now size: 1)
2025-03-03 14:54:02,348 - PROCESSED: Message from VM 0 | Remaining queue size: 0 | Updated logical clock: 5
2025-03-03 14:54:02,599 - SENT: Message to VM 2 at logical time 6
2025-03-03 14:54:02,681 - RECEIVED: Message from VM 0 with logical time 5 | Added to queue (now size: 1)
2025-03-03 14:54:02,850 - PROCESSED: Message from VM 0 | Remaining queue size: 0 | Updated logical clock: 7
2025-03-03 14:54:03,016 - RECEIVED: Message from VM 0 with logical time 6 | Added to queue (now size: 1)
2025-03-03 14:54:03,101 - PROCESSED: Message from VM 0 | Remaining queue size: 0 | Updated logical clock: 8
2025-03-03 14:54:03,351 - SENT: Message to VM 0 at logical time 9
2025-03-03 14:54:03,351 - SENT: Message to VM 2 at logical time 9
2025-03-03 14:54:03,603 - SENT: Message to VM 0 at logical time 10
2025-03-03 14:54:03,854 - SENT: Message to VM 2 at logical time 11
2025-03-03 14:54:04,105 - SENT: Message to VM 0 at logical time 12
2025-03-03 14:54:04,105 - SENT: Message to VM 2 at logical time 12
2025-03-03 14:54:04,355 - INTERNAL EVENT: Logical clock: 13
2025-03-03 14:54:04,607 - SENT: Message to VM 2 at logical time 14
2025-03-03 14:54:04,688 - RECEIVED: Message from VM 0 with logical time 14 | Added to queue (now size: 1)
2025-03-03 14:54:04,858 - PROCESSED: Message from VM 0 | Remaining queue size: 0 | Updated logical clock: 15
2025-03-03 14:54:05,023 - RECEIVED: Message from VM 0 with logical time 15 | Added to queue (now size: 1)
2025-03-03 14:54:05,109 - PROCESSED: Message from VM 0 | Remaining queue size: 0 | Updated logical clock: 16
2025-03-03 14:54:05,358 - RECEIVED: Message from VM 0 with logical time 16 | Added to queue (now size: 1)
2025-03-03 14:54:05,359 - PROCESSED: Message from VM 0 | Remaining queue size: 0 | Updated logical clock: 17
2025-03-03 14:54:05,611 - INTERNAL EVENT: Logical clock: 18
2025-03-03 14:54:05,862 - INTERNAL EVENT: Logical clock: 19
2025-03-03 14:54:06,027 - RECEIVED: Message from VM 0 with logical time 18 | Added to queue (now size: 1)
2025-03-03 14:54:06,113 - PROCESSED: Message from VM 0 | Remaining queue size: 0 | Updated logical clock: 20
2025-03-03 14:54:06,363 - INTERNAL EVENT: Logical clock: 21
2025-03-03 14:54:06,614 - INTERNAL EVENT: Logical clock: 22
2025-03-03 14:54:06,866 - INTERNAL EVENT: Logical clock: 23
2025-03-03 14:54:07,116 - SENT: Message to VM 0 at logical time 24
2025-03-03 14:54:07,366 - INTERNAL EVENT: Logical clock: 25
2025-03-03 14:54:07,618 - SENT: Message to VM 0 at logical time 26
2025-03-03 14:54:07,618 - RECEIVED: Message from VM 2 with logical time 26 | Added to queue (now size: 1)
2025-03-03 14:54:07,869 - PROCESSED: Message from VM 2 | Remaining queue size: 0 | Updated logical clock: 27
2025-03-03 14:54:08,120 - SENT: Message to VM 0 at logical time 28
2025-03-03 14:54:08,120 - SENT: Message to VM 2 at logical time 28
2025-03-03 14:54:08,120 - RECEIVED: Message from VM 2 with logical time 28 | Added to queue (now size: 1)
2025-03-03 14:54:08,370 - PROCESSED: Message from VM 2 | Remaining queue size: 0 | Updated logical clock: 29
2025-03-03 14:54:08,622 - INTERNAL EVENT: Logical clock: 30
2025-03-03 14:54:08,873 - INTERNAL EVENT: Logical clock: 31
2025-03-03 14:54:09,124 - SENT: Message to VM 2 at logical time 32
2025-03-03 14:54:09,375 - SENT: Message to VM 0 at logical time 33
2025-03-03 14:54:09,375 - SENT: Message to VM 2 at logical time 33
2025-03-03 14:54:09,625 - SENT: Message to VM 0 at logical time 34
2025-03-03 14:54:09,876 - SENT: Message to VM 2 at logical time 35
2025-03-03 14:54:09,877 - RECEIVED: Message from VM 2 with logical time 35 | Added to queue (now size: 1)
2025-03-03 14:54:10,128 - PROCESSED: Message from VM 2 | Remaining queue size: 0 | Updated logical clock: 36
2025-03-03 14:54:10,375 - RECEIVED: Message from VM 0 with logical time 36 | Added to queue (now size: 1)
2025-03-03 14:54:10,378 - PROCESSED: Message from VM 0 | Remaining queue size: 0 | Updated logical clock: 37
2025-03-03 14:54:10,629 - SENT: Message to VM 0 at logical time 38
2025-03-03 14:54:10,629 - SENT: Message to VM 2 at logical time 38
2025-03-03 14:54:10,880 - SENT: Message to VM 0 at logical time 39
2025-03-03 14:54:10,880 - SENT: Message to VM 2 at logical time 39
2025-03-03 14:54:11,131 - SENT: Message to VM 0 at logical time 40
2025-03-03 14:54:11,132 - SENT: Message to VM 2 at logical time 40
2025-03-03 14:54:11,382 - SENT: Message to VM 0 at logical time 41
2025-03-03 14:54:11,382 - SENT: Message to VM 2 at logical time 41
2025-03-03 14:54:11,633 - INTERNAL EVENT: Logical clock: 42
2025-03-03 14:54:11,885 - SENT: Message to VM 0 at logical time 43
2025-03-03 14:54:11,885 - SENT: Message to VM 2 at logical time 43
2025-03-03 14:54:11,885 - RECEIVED: Message from VM 2 with logical time 43 | Added to queue (now size: 1)
2025-03-03 14:54:12,136 - PROCESSED: Message from VM 2 | Remaining queue size: 0 | Updated logical clock: 44
2025-03-03 14:54:12,382 - RECEIVED: Message from VM 0 with logical time 45 | Added to queue (now size: 1)
2025-03-03 14:54:12,387 - PROCESSED: Message from VM 0 | Remaining queue size: 0 | Updated logical clock: 46
2025-03-03 14:54:12,638 - SENT: Message to VM 0 at logical time 47
2025-03-03 14:54:12,638 - SENT: Message to VM 2 at logical time 47
2025-03-03 14:54:12,638 - RECEIVED: Message from VM 2 with logical time 47 | Added to queue (now size: 1)
2025-03-03 14:54:12,889 - PROCESSED: Message from VM 2 | Remaining queue size: 0 | Updated logical clock: 48
2025-03-03 14:54:13,051 - RECEIVED: Message from VM 0 with logical time 49 | Added to queue (now size: 1)
2025-03-03 14:54:13,140 - PROCESSED: Message from VM 0 | Remaining queue size: 0 | Updated logical clock: 50
2025-03-03 14:54:13,390 - SENT: Message to VM 0 at logical time 51
2025-03-03 14:54:13,390 - SENT: Message to VM 2 at logical time 51
2025-03-03 14:54:13,391 - RECEIVED: Message from VM 2 with logical time 50 | Added to queue (now size: 1)
2025-03-03 14:54:13,641 - PROCESSED: Message from VM 2 | Remaining queue size: 0 | Updated logical clock: 52
2025-03-03 14:54:13,893 - SENT: Message to VM 0 at logical time 53
2025-03-03 14:54:13,893 - SENT: Message to VM 2 at logical time 53
2025-03-03 14:54:14,144 - SENT: Message to VM 0 at logical time 54
2025-03-03 14:54:14,395 - SENT: Message to VM 0 at logical time 55
2025-03-03 14:54:14,646 - INTERNAL EVENT: Logical clock: 56
2025-03-03 14:54:14,897 - SENT: Message to VM 0 at logical time 57
2025-03-03 14:54:14,897 - SENT: Message to VM 2 at logical time 57
2025-03-03 14:54:14,898 - RECEIVED: Message from VM 2 with logical time 57 | Added to queue (now size: 1)
2025-03-03 14:54:15,149 - PROCESSED: Message from VM 2 | Remaining queue size: 0 | Updated logical clock: 58
2025-03-03 14:54:15,400 - SENT: Message to VM 0 at logical time 59
2025-03-03 14:54:15,400 - SENT: Message to VM 2 at logical time 59
2025-03-03 14:54:15,400 - RECEIVED: Message from VM 2 with logical time 59 | Added to queue (now size: 1)
2025-03-03 14:54:15,651 - PROCESSED: Message from VM 2 | Remaining queue size: 0 | Updated logical clock: 60
2025-03-03 14:54:15,902 - SENT: Message to VM 0 at logical time 61
2025-03-03 14:54:15,903 - RECEIVED: Message from VM 2 with logical time 61 | Added to queue (now size: 1)
2025-03-03 14:54:16,154 - PROCESSED: Message from VM 2 | Remaining queue size: 0 | Updated logical clock: 62
2025-03-03 14:54:16,405 - SENT: Message to VM 2 at logical time 63
2025-03-03 14:54:16,406 - RECEIVED: Message from VM 2 with logical time 63 | Added to queue (now size: 1)
2025-03-03 14:54:16,656 - PROCESSED: Message from VM 2 | Remaining queue size: 0 | Updated logical clock: 64
2025-03-03 14:54:16,907 - SENT: Message to VM 0 at logical time 65
2025-03-03 14:54:16,907 - SENT: Message to VM 2 at logical time 65
2025-03-03 14:54:17,159 - SENT: Message to VM 2 at logical time 66
2025-03-03 14:54:17,409 - SENT: Message to VM 0 at logical time 67
2025-03-03 14:54:17,409 - SENT: Message to VM 2 at logical time 67
2025-03-03 14:54:17,660 - INTERNAL EVENT: Logical clock: 68
2025-03-03 14:54:17,911 - SENT: Message to VM 2 at logical time 69
2025-03-03 14:54:18,162 - INTERNAL EVENT: Logical clock: 70
2025-03-03 14:54:18,399 - RECEIVED: Message from VM 0 with logical time 69 | Added to queue (now size: 1)
2025-03-03 14:54:18,413 - PROCESSED: Message from VM 0 | Remaining queue size: 0 | Updated logical clock: 71
2025-03-03 14:54:18,681 - INTERNAL EVENT: Logical clock: 72
2025-03-03 14:54:18,681 - RECEIVED: Message from VM 2 with logical time 72 | Added to queue (now size: 1)
2025-03-03 14:54:18,932 - PROCESSED: Message from VM 2 | Remaining queue size: 0 | Updated logical clock: 73
2025-03-03 14:54:19,183 - INTERNAL EVENT: Logical clock: 74
2025-03-03 14:54:19,183 - RECEIVED: Message from VM 2 with logical time 74 | Added to queue (now size: 1)
2025-03-03 14:54:19,434 - PROCESSED: Message from VM 2 | Remaining queue size: 0 | Updated logical clock: 75
2025-03-03 14:54:19,434 - RECEIVED: Message from VM 2 with logical time 75 | Added to queue (now size: 1)
2025-03-03 14:54:19,685 - PROCESSED: Message from VM 2 | Remaining queue size: 0 | Updated logical clock: 76
2025-03-03 14:54:19,937 - SENT: Message to VM 0 at logical time 77
2025-03-03 14:54:19,937 - SENT: Message to VM 2 at logical time 77
2025-03-03 14:54:20,188 - SENT: Message to VM 0 at logical time 78
2025-03-03 14:54:20,188 - SENT: Message to VM 2 at logical time 78
2025-03-03 14:54:20,439 - SENT: Message to VM 0 at logical time 79
2025-03-03 14:54:20,439 - SENT: Message to VM 2 at logical time 79
2025-03-03 14:54:20,690 - SENT: Message to VM 2 at logical time 80
2025-03-03 14:54:20,942 - SENT: Message to VM 0 at logical time 81
2025-03-03 14:54:20,942 - SENT: Message to VM 2 at logical time 81
2025-03-03 14:54:21,193 - SENT: Message to VM 2 at logical time 82
2025-03-03 14:54:21,444 - SENT: Message to VM 0 at logical time 83
2025-03-03 14:54:21,444 - SENT: Message to VM 2 at logical time 83
2025-03-03 14:54:21,695 - SENT: Message to VM 0 at logical time 84
2025-03-03 14:54:21,695 - SENT: Message to VM 2 at logical time 84
2025-03-03 14:54:21,946 - INTERNAL EVENT: Logical clock: 85
2025-03-03 14:54:22,198 - SENT: Message to VM 2 at logical time 86
2025-03-03 14:54:22,412 - RECEIVED: Message from VM 0 with logical time 86 | Added to queue (now size: 1)
2025-03-03 14:54:22,449 - PROCESSED: Message from VM 0 | Remaining queue size: 0 | Updated logical clock: 87
2025-03-03 14:54:22,700 - SENT: Message to VM 0 at logical time 88
2025-03-03 14:54:22,700 - SENT: Message to VM 2 at logical time 88
2025-03-03 14:54:22,951 - INTERNAL EVENT: Logical clock: 89
2025-03-03 14:54:23,082 - RECEIVED: Message from VM 0 with logical time 90 | Added to queue (now size: 1)
2025-03-03 14:54:23,203 - PROCESSED: Message from VM 0 | Remaining queue size: 0 | Updated logical clock: 91
2025-03-03 14:54:23,454 - SENT: Message to VM 2 at logical time 92
2025-03-03 14:54:23,454 - RECEIVED: Message from VM 2 with logical time 92 | Added to queue (now size: 1)
2025-03-03 14:54:23,705 - PROCESSED: Message from VM 2 | Remaining queue size: 0 | Updated logical clock: 93
2025-03-03 14:54:23,956 - SENT: Message to VM 0 at logical time 94
2025-03-03 14:54:23,957 - SENT: Message to VM 2 at logical time 94
2025-03-03 14:54:24,208 - SENT: Message to VM 0 at logical time 95
2025-03-03 14:54:24,459 - SENT: Message to VM 0 at logical time 96
2025-03-03 14:54:24,459 - SENT: Message to VM 2 at logical time 96
2025-03-03 14:54:24,459 - RECEIVED: Message from VM 2 with logical time 96 | Added to queue (now size: 1)
2025-03-03 14:54:24,709 - PROCESSED: Message from VM 2 | Remaining queue size: 0 | Updated logical clock: 97
2025-03-03 14:54:24,961 - SENT: Message to VM 0 at logical time 98
2025-03-03 14:54:24,961 - RECEIVED: Message from VM 2 with logical time 98 | Added to queue (now size: 1)
2025-03-03 14:54:25,212 - PROCESSED: Message from VM 2 | Remaining queue size: 0 | Updated logical clock: 99
2025-03-03 14:54:25,423 - RECEIVED: Message from VM 0 with logical time 100 | Added to queue (now size: 1)
2025-03-03 14:54:25,463 - PROCESSED: Message from VM 0 | Remaining queue size: 0 | Updated logical clock: 101
2025-03-03 14:54:25,714 - SENT: Message to VM 0 at logical time 102
2025-03-03 14:54:25,715 - SENT: Message to VM 2 at logical time 102
2025-03-03 14:54:25,715 - RECEIVED: Message from VM 2 with logical time 102 | Added to queue (now size: 1)
2025-03-03 14:54:25,966 - PROCESSED: Message from VM 2 | Remaining queue size: 0 | Updated logical clock: 103
2025-03-03 14:54:26,216 - SENT: Message to VM 0 at logical time 104
2025-03-03 14:54:26,217 - SENT: Message to VM 2 at logical time 104
2025-03-03 14:54:26,217 - RECEIVED: Message from VM 2 with logical time 104 | Added to queue (now size: 1)
2025-03-03 14:54:26,468 - PROCESSED: Message from VM 2 | Remaining queue size: 0 | Updated logical clock: 105
2025-03-03 14:54:26,719 - SENT: Message to VM 0 at logical time 106
2025-03-03 14:54:26,970 - SENT: Message to VM 0 at logical time 107
2025-03-03 14:54:26,970 - SENT: Message to VM 2 at logical time 107
2025-03-03 14:54:27,222 - SENT: Message to VM 0 at logical time 108
2025-03-03 14:54:27,473 - SENT: Message to VM 0 at logical time 109
2025-03-03 14:54:27,473 - RECEIVED: Message from VM 2 with logical time 109 | Added to queue (now size: 1)
2025-03-03 14:54:27,724 - PROCESSED: Message from VM 2 | Remaining queue size: 0 | Updated logical clock: 110
2025-03-03 14:54:27,975 - SENT: Message to VM 2 at logical time 111
2025-03-03 14:54:27,976 - RECEIVED: Message from VM 2 with logical time 111 | Added to queue (now size: 1)
2025-03-03 14:54:28,226 - PROCESSED: Message from VM 2 | Remaining queue size: 0 | Updated logical clock: 112
2025-03-03 14:54:28,477 - INTERNAL EVENT: Logical clock: 113
2025-03-03 14:54:28,728 - INTERNAL EVENT: Logical clock: 114
2025-03-03 14:54:28,978 - INTERNAL EVENT: Logical clock: 115
2025-03-03 14:54:28,978 - RECEIVED: Message from VM 2 with logical time 116 | Added to queue (now size: 1)
2025-03-03 14:54:29,229 - PROCESSED: Message from VM 2 | Remaining queue size: 0 | Updated logical clock: 117
2025-03-03 14:54:29,478 - RECEIVED: Message from VM 0 with logical time 118 | Added to queue (now size: 1)
2025-03-03 14:54:29,479 - PROCESSED: Message from VM 0 | Remaining queue size: 0 | Updated logical clock: 119
2025-03-03 14:54:29,730 - SENT: Message to VM 2 at logical time 120
2025-03-03 14:54:29,812 - RECEIVED: Message from VM 0 with logical time 119 | Added to queue (now size: 1)
2025-03-03 14:54:29,982 - PROCESSED: Message from VM 0 | Remaining queue size: 0 | Updated logical clock: 121
2025-03-03 14:54:30,233 - SENT: Message to VM 0 at logical time 122
2025-03-03 14:54:30,483 - INTERNAL EVENT: Logical clock: 123
2025-03-03 14:54:30,484 - RECEIVED: Message from VM 2 with logical time 123 | Added to queue (now size: 1)
2025-03-03 14:54:30,734 - PROCESSED: Message from VM 2 | Remaining queue size: 0 | Updated logical clock: 124
2025-03-03 14:54:30,735 - RECEIVED: Message from VM 2 with logical time 124 | Added to queue (now size: 1)
2025-03-03 14:54:30,986 - PROCESSED: Message from VM 2 | Remaining queue size: 0 | Updated logical clock: 125
2025-03-03 14:54:31,237 - SENT: Message to VM 2 at logical time 126
2025-03-03 14:54:31,487 - SENT: Message to VM 2 at logical time 127
2025-03-03 14:54:31,739 - SENT: Message to VM 0 at logical time 128
2025-03-03 14:54:31,739 - SENT: Message to VM 2 at logical time 128
2025-03-03 14:54:31,989 - SENT: Message to VM 0 at logical time 129
2025-03-03 14:54:31,990 - SENT: Message to VM 2 at logical time 129
2025-03-03 14:54:32,240 - SENT: Message to VM 0 at logical time 130
2025-03-03 14:54:32,240 - SENT: Message to VM 2 at logical time 130
2025-03-03 14:54:32,491 - INTERNAL EVENT: Logical clock: 131
2025-03-03 14:54:32,742 - SENT: Message to VM 2 at logical time 132
2025-03-03 14:54:32,993 - SENT: Message to VM 2 at logical time 133
2025-03-03 14:54:33,244 - INTERNAL EVENT: Logical clock: 134
2025-03-03 14:54:33,492 - RECEIVED: Message from VM 0 with logical time 135 | Added to queue (now size: 1)
2025-03-03 14:54:33,495 - PROCESSED: Message from VM 0 | Remaining queue size: 0 | Updated logical clock: 136
2025-03-03 14:54:33,746 - SENT: Message to VM 0 at logical time 137
2025-03-03 14:54:33,997 - SENT: Message to VM 0 at logical time 138
2025-03-03 14:54:33,998 - RECEIVED: Message from VM 2 with logical time 137 | Added to queue (now size: 1)
2025-03-03 14:54:34,249 - PROCESSED: Message from VM 2 | Remaining queue size: 0 | Updated logical clock: 139
2025-03-03 14:54:34,499 - SENT: Message to VM 2 at logical time 140
2025-03-03 14:54:34,750 - SENT: Message to VM 2 at logical time 141
2025-03-03 14:54:35,001 - SENT: Message to VM 0 at logical time 142
2025-03-03 14:54:35,253 - INTERNAL EVENT: Logical clock: 143
2025-03-03 14:54:35,253 - RECEIVED: Message from VM 2 with logical time 143 | Added to queue (now size: 1)
2025-03-03 14:54:35,503 - PROCESSED: Message from VM 2 | Remaining queue size: 0 | Updated logical clock: 144
2025-03-03 14:54:35,504 - RECEIVED: Message from VM 2 with logical time 144 | Added to queue (now size: 1)
2025-03-03 14:54:35,754 - PROCESSED: Message from VM 2 | Remaining queue size: 0 | Updated logical clock: 145
2025-03-03 14:54:36,006 - SENT: Message to VM 2 at logical time 146
2025-03-03 14:54:36,256 - SENT: Message to VM 0 at logical time 147
2025-03-03 14:54:36,256 - SENT: Message to VM 2 at logical time 147
2025-03-03 14:54:36,507 - SENT: Message to VM 0 at logical time 148
2025-03-03 14:54:36,507 - SENT: Message to VM 2 at logical time 148
2025-03-03 14:54:36,758 - SENT: Message to VM 0 at logical time 149
2025-03-03 14:54:36,759 - SENT: Message to VM 2 at logical time 149
2025-03-03 14:54:37,009 - SENT: Message to VM 0 at logical time 150
2025-03-03 14:54:37,260 - INTERNAL EVENT: Logical clock: 151
2025-03-03 14:54:37,260 - RECEIVED: Message from VM 2 with logical time 151 | Added to queue (now size: 1)
2025-03-03 14:54:37,511 - PROCESSED: Message from VM 2 | Remaining queue size: 0 | Updated logical clock: 152
2025-03-03 14:54:37,762 - SENT: Message to VM 2 at logical time 153
2025-03-03 14:54:38,013 - SENT: Message to VM 0 at logical time 154
2025-03-03 14:54:38,013 - SENT: Message to VM 2 at logical time 154
2025-03-03 14:54:38,264 - SENT: Message to VM 0 at logical time 155
2025-03-03 14:54:38,264 - SENT: Message to VM 2 at logical time 155
2025-03-03 14:54:38,515 - SENT: Message to VM 2 at logical time 156
2025-03-03 14:54:38,766 - SENT: Message to VM 2 at logical time 157
2025-03-03 14:54:39,017 - SENT: Message to VM 0 at logical time 158
2025-03-03 14:54:39,268 - SENT: Message to VM 2 at logical time 159
2025-03-03 14:54:39,519 - INTERNAL EVENT: Logical clock: 160
2025-03-03 14:54:39,769 - SENT: Message to VM 0 at logical time 161
2025-03-03 14:54:40,021 - SENT: Message to VM 0 at logical time 162
2025-03-03 14:54:40,021 - SENT: Message to VM 2 at logical time 162
2025-03-03 14:54:40,021 - RECEIVED: Message from VM 2 with logical time 162 | Added to queue (now size: 1)
2025-03-03 14:54:40,272 - PROCESSED: Message from VM 2 | Remaining queue size: 0 | Updated logical clock: 163
2025-03-03 14:54:40,515 - RECEIVED: Message from VM 0 with logical time 164 | Added to queue (now size: 1)
2025-03-03 14:54:40,523 - PROCESSED: Message from VM 0 | Remaining queue size: 0 | Updated logical clock: 165
2025-03-03 14:54:40,774 - SENT: Message to VM 0 at logical time 166
2025-03-03 14:54:41,026 - SENT: Message to VM 0 at logical time 167
2025-03-03 14:54:41,277 - SENT: Message to VM 0 at logical time 168
2025-03-03 14:54:41,277 - RECEIVED: Message from VM 2 with logical time 168 | Added to queue (now size: 1)
2025-03-03 14:54:41,528 - PROCESSED: Message from VM 2 | Remaining queue size: 0 | Updated logical clock: 169
2025-03-03 14:54:41,528 - RECEIVED: Message from VM 2 with logical time 169 | Added to queue (now size: 1)
2025-03-03 14:54:41,778 - PROCESSED: Message from VM 2 | Remaining queue size: 0 | Updated logical clock: 170
2025-03-03 14:54:41,779 - RECEIVED: Message from VM 2 with logical time 170 | Added to queue (now size: 1)
2025-03-03 14:54:42,030 - PROCESSED: Message from VM 2 | Remaining queue size: 0 | Updated logical clock: 171
2025-03-03 14:54:42,281 - SENT: Message to VM 0 at logical time 172
2025-03-03 14:54:42,281 - RECEIVED: Message from VM 2 with logical time 172 | Added to queue (now size: 1)
2025-03-03 14:54:42,532 - PROCESSED: Message from VM 2 | Remaining queue size: 0 | Updated logical clock: 173
2025-03-03 14:54:42,783 - SENT: Message to VM 0 at logical time 174
2025-03-03 14:54:42,783 - SENT: Message to VM 2 at logical time 174
2025-03-03 14:54:43,035 - SENT: Message to VM 0 at logical time 175
2025-03-03 14:54:43,286 - SENT: Message to VM 0 at logical time 176
2025-03-03 14:54:43,286 - RECEIVED: Message from VM 2 with logical time 176 | Added to queue (now size: 1)
2025-03-03 14:54:43,537 - PROCESSED: Message from VM 2 | Remaining queue size: 0 | Updated logical clock: 177
2025-03-03 14:54:43,538 - RECEIVED: Message from VM 2 with logical time 177 | Added to queue (now size: 1)
2025-03-03 14:54:43,788 - PROCESSED: Message from VM 2 | Remaining queue size: 0 | Updated logical clock: 178
2025-03-03 14:54:43,788 - RECEIVED: Message from VM 2 with logical time 178 | Added to queue (now size: 1)
2025-03-03 14:54:44,039 - PROCESSED: Message from VM 2 | Remaining queue size: 0 | Updated logical clock: 179
2025-03-03 14:54:44,040 - RECEIVED: Message from VM 2 with logical time 179 | Added to queue (now size: 1)
2025-03-03 14:54:44,290 - PROCESSED: Message from VM 2 | Remaining queue size: 0 | Updated logical clock: 180
2025-03-03 14:54:44,291 - RECEIVED: Message from VM 2 with logical time 180 | Added to queue (now size: 1)
2025-03-03 14:54:44,541 - PROCESSED: Message from VM 2 | Remaining queue size: 0 | Updated logical clock: 181
2025-03-03 14:54:44,542 - RECEIVED: Message from VM 2 with logical time 181 | Added to queue (now size: 1)
2025-03-03 14:54:44,793 - PROCESSED: Message from VM 2 | Remaining queue size: 0 | Updated logical clock: 182
2025-03-03 14:54:44,793 - RECEIVED: Message from VM 2 with logical time 182 | Added to queue (now size: 1)
2025-03-03 14:54:45,043 - PROCESSED: Message from VM 2 | Remaining queue size: 0 | Updated logical clock: 183
2025-03-03 14:54:45,043 - RECEIVED: Message from VM 2 with logical time 183 | Added to queue (now size: 1)
2025-03-03 14:54:45,294 - PROCESSED: Message from VM 2 | Remaining queue size: 0 | Updated logical clock: 184
2025-03-03 14:54:45,295 - RECEIVED: Message from VM 2 with logical time 184 | Added to queue (now size: 1)
2025-03-03 14:54:45,545 - PROCESSED: Message from VM 2 | Remaining queue size: 0 | Updated logical clock: 185
2025-03-03 14:54:45,797 - SENT: Message to VM 0 at logical time 186
2025-03-03 14:54:45,797 - SENT: Message to VM 2 at logical time 186
2025-03-03 14:54:46,048 - INTERNAL EVENT: Logical clock: 187
2025-03-03 14:54:46,299 - INTERNAL EVENT: Logical clock: 188
2025-03-03 14:54:46,550 - SENT: Message to VM 0 at logical time 189
2025-03-03 14:54:46,550 - SENT: Message to VM 2 at logical time 189
2025-03-03 14:54:46,802 - SENT: Message to VM 2 at logical time 190
2025-03-03 14:54:47,053 - SENT: Message to VM 0 at logical time 191
2025-03-03 14:54:47,304 - SENT: Message to VM 2 at logical time 192
2025-03-03 14:54:47,305 - RECEIVED: Message from VM 2 with logical time 192 | Added to queue (now size: 1)
2025-03-03 14:54:47,556 - PROCESSED: Message from VM 2 | Remaining queue size: 0 | Updated logical clock: 193
2025-03-03 14:54:47,806 - SENT: Message to VM 0 at logical time 194
2025-03-03 14:54:47,806 - SENT: Message to VM 2 at logical time 194
2025-03-03 14:54:48,058 - SENT: Message to VM 0 at logical time 195
2025-03-03 14:54:48,309 - INTERNAL EVENT: Logical clock: 196
2025-03-03 14:54:48,309 - RECEIVED: Message from VM 2 with logical time 196 | Added to queue (now size: 1)
2025-03-03 14:54:48,559 - PROCESSED: Message from VM 2 | Remaining queue size: 0 | Updated logical clock: 197
2025-03-03 14:54:48,560 - RECEIVED: Message from VM 2 with logical time 197 | Added to queue (now size: 1)
2025-03-03 14:54:48,811 - PROCESSED: Message from VM 2 | Remaining queue size: 0 | Updated logical clock: 198
2025-03-03 14:54:49,062 - SENT: Message to VM 0 at logical time 199
2025-03-03 14:54:49,062 - SENT: Message to VM 2 at logical time 199
2025-03-03 14:54:49,313 - INTERNAL EVENT: Logical clock: 200
2025-03-03 14:54:49,564 - INTERNAL EVENT: Logical clock: 201
2025-03-03 14:54:49,815 - INTERNAL EVENT: Logical clock: 202
2025-03-03 14:54:49,815 - RECEIVED: Message from VM 2 with logical time 202 | Added to queue (now size: 1)
2025-03-03 14:54:49,878 - RECEIVED: Message from VM 0 with logical time 201 | Added to queue (now size: 2)
2025-03-03 14:54:50,066 - PROCESSED: Message from VM 2 | Remaining queue size: 1 | Updated logical clock: 203
2025-03-03 14:54:50,317 - PROCESSED: Message from VM 0 | Remaining queue size: 0 | Updated logical clock: 204
2025-03-03 14:54:50,568 - SENT: Message to VM 0 at logical time 205
2025-03-03 14:54:50,568 - SENT: Message to VM 2 at logical time 205
2025-03-03 14:54:50,568 - RECEIVED: Message from VM 2 with logical time 205 | Added to queue (now size: 1)
2025-03-03 14:54:50,819 - PROCESSED: Message from VM 2 | Remaining queue size: 0 | Updated logical clock: 206
2025-03-03 14:54:51,069 - SENT: Message to VM 0 at logical time 207
2025-03-03 14:54:51,070 - SENT: Message to VM 2 at logical time 207
2025-03-03 14:54:51,321 - SENT: Message to VM 2 at logical time 208
2025-03-03 14:54:51,572 - SENT: Message to VM 0 at logical time 209
2025-03-03 14:54:51,572 - SENT: Message to VM 2 at logical time 209
2025-03-03 14:54:51,823 - INTERNAL EVENT: Logical clock: 210
2025-03-03 14:54:52,075 - SENT: Message to VM 0 at logical time 211
2025-03-03 14:54:52,075 - SENT: Message to VM 2 at logical time 211
2025-03-03 14:54:52,075 - RECEIVED: Message from VM 2 with logical time 211 | Added to queue (now size: 1)
2025-03-03 14:54:52,326 - PROCESSED: Message from VM 2 | Remaining queue size: 0 | Updated logical clock: 212
2025-03-03 14:54:52,577 - SENT: Message to VM 0 at logical time 213
2025-03-03 14:54:52,577 - SENT: Message to VM 2 at logical time 213
2025-03-03 14:54:52,578 - RECEIVED: Message from VM 2 with logical time 213 | Added to queue (now size: 1)
2025-03-03 14:54:52,828 - PROCESSED: Message from VM 2 | Remaining queue size: 0 | Updated logical clock: 214
2025-03-03 14:54:53,079 - SENT: Message to VM 0 at logical time 215
2025-03-03 14:54:53,081 - RECEIVED: Message from VM 2 with logical time 215 | Added to queue (now size: 1)
2025-03-03 14:54:53,330 - PROCESSED: Message from VM 2 | Remaining queue size: 0 | Updated logical clock: 216
2025-03-03 14:54:53,331 - RECEIVED: Message from VM 2 with logical time 216 | Added to queue (now size: 1)
2025-03-03 14:54:53,582 - PROCESSED: Message from VM 2 | Remaining queue size: 0 | Updated logical clock: 217
2025-03-03 14:54:53,833 - INTERNAL EVENT: Logical clock: 218
2025-03-03 14:54:53,833 - RECEIVED: Message from VM 2 with logical time 218 | Added to queue (now size: 1)
2025-03-03 14:54:54,083 - PROCESSED: Message from VM 2 | Remaining queue size: 0 | Updated logical clock: 219
2025-03-03 14:54:54,334 - INTERNAL EVENT: Logical clock: 220
2025-03-03 14:54:54,562 - RECEIVED: Message from VM 0 with logical time 219 | Added to queue (now size: 1)
2025-03-03 14:54:54,585 - PROCESSED: Message from VM 0 | Remaining queue size: 0 | Updated logical clock: 221
2025-03-03 14:54:54,585 - RECEIVED: Message from VM 2 with logical time 221 | Added to queue (now size: 1)
2025-03-03 14:54:54,836 - PROCESSED: Message from VM 2 | Remaining queue size: 0 | Updated logical clock: 222
2025-03-03 14:54:55,087 - SENT: Message to VM 0 at logical time 223
2025-03-03 14:54:55,087 - SENT: Message to VM 2 at logical time 223
2025-03-03 14:54:55,088 - RECEIVED: Message from VM 2 with logical time 223 | Added to queue (now size: 1)
2025-03-03 14:54:55,338 - PROCESSED: Message from VM 2 | Remaining queue size: 0 | Updated logical clock: 224
2025-03-03 14:54:55,590 - SENT: Message to VM 0 at logical time 225
2025-03-03 14:54:55,840 - SENT: Message to VM 0 at logical time 226
2025-03-03 14:54:55,841 - SENT: Message to VM 2 at logical time 226
2025-03-03 14:54:56,091 - INTERNAL EVENT: Logical clock: 227
2025-03-03 14:54:56,343 - SENT: Message to VM 2 at logical time 228
2025-03-03 14:54:56,593 - INTERNAL EVENT: Logical clock: 229
2025-03-03 14:54:56,843 - INTERNAL EVENT: Logical clock: 230
2025-03-03 14:54:56,844 - RECEIVED: Message from VM 2 with logical time 230 | Added to queue (now size: 1)
2025-03-03 14:54:57,095 - PROCESSED: Message from VM 2 | Remaining queue size: 0 | Updated logical clock: 231
2025-03-03 14:54:57,346 - INTERNAL EVENT: Logical clock: 232
2025-03-03 14:54:57,572 - RECEIVED: Message from VM 0 with logical time 231 | Added to queue (now size: 1)
2025-03-03 14:54:57,597 - PROCESSED: Message from VM 0 | Remaining queue size: 0 | Updated logical clock: 233
2025-03-03 14:54:57,848 - SENT: Message to VM 2 at logical time 234
2025-03-03 14:54:58,099 - INTERNAL EVENT: Logical clock: 235
2025-03-03 14:54:58,351 - SENT: Message to VM 2 at logical time 236
2025-03-03 14:54:58,575 - RECEIVED: Message from VM 0 with logical time 237 | Added to queue (now size: 1)
2025-03-03 14:54:58,602 - PROCESSED: Message from VM 0 | Remaining queue size: 0 | Updated logical clock: 238
2025-03-03 14:54:58,853 - SENT: Message to VM 0 at logical time 239
2025-03-03 14:54:58,853 - RECEIVED: Message from VM 2 with logical time 239 | Added to queue (now size: 1)
2025-03-03 14:54:59,104 - PROCESSED: Message from VM 2 | Remaining queue size: 0 | Updated logical clock: 240
2025-03-03 14:54:59,355 - SENT: Message to VM 0 at logical time 241
2025-03-03 14:54:59,606 - SENT: Message to VM 0 at logical time 242
2025-03-03 14:54:59,858 - INTERNAL EVENT: Logical clock: 243
2025-03-03 14:55:00,109 - INTERNAL EVENT: Logical clock: 244
